[dataset]
  dataset = fsq
  csv = data/tky_clean.csv
  cat_col = category
  categories = ['Dining and Drinking', 'Retail', 'Nightlife Spot', 'Community and Government', 'Travel and Transportation', 'Business and Professional Services', 'Landmarks and Outdoors', 'Arts and Entertainment', 'Health and Medicine', 'Sports and Recreation']
  half_width = 50.0
  cell = 15
  center_step = 100
  min_poi = 10
  crs = EPSG:6677

[hparams]
  LATENT_DIM = 2
  EPOCHS = 4000
  BATCH = 256
  LR = 0.001
  WEIGHT_DECAY = 1e-06
  VAL_FRAC = 0.1
  SEED = 0
  N_NEIGHBORS = 15
  GRAPH_METRIC = euclidean
  EDGE_BATCH = 256
  LAMBDA_FSCE = 0.01
  WARMUP_EPOCHS = 200
  NOISE_P = 0.3
  NOISE_MODE = thinning

1233 個 patch，device=mps，噪聲 thinning p=0.3
FSCE graph：24900 條邊，a=1.5769 b=0.8951
epoch    1 | train_nll 0.46900 | train_fsce 1.91913 | val_dev 2.79181 | expl_dev -0.88777 | branch 1.030
epoch    5 | train_nll -0.77753 | train_fsce 0.68756 | val_dev 1.43237 | expl_dev 0.03146 | branch 1.030
epoch   10 | train_nll -1.01571 | train_fsce 0.67102 | val_dev 1.02200 | expl_dev 0.30895 | branch 1.026
epoch   15 | train_nll -1.11301 | train_fsce 0.68459 | val_dev 0.88925 | expl_dev 0.39871 | branch 1.022
epoch   20 | train_nll -1.20216 | train_fsce 0.60610 | val_dev 0.80803 | expl_dev 0.45363 | branch 1.015
epoch   25 | train_nll -1.17870 | train_fsce 0.69084 | val_dev 0.87311 | expl_dev 0.40962 | branch 1.010
epoch   30 | train_nll -1.22396 | train_fsce 0.61492 | val_dev 0.77734 | expl_dev 0.47438 | branch 1.007
epoch   35 | train_nll -1.23761 | train_fsce 0.67109 | val_dev 0.78208 | expl_dev 0.47118 | branch 1.007
epoch   40 | train_nll -1.24992 | train_fsce 0.55529 | val_dev 0.76417 | expl_dev 0.48329 | branch 1.001
epoch   45 | train_nll -1.24312 | train_fsce 0.63388 | val_dev 0.76529 | expl_dev 0.48253 | branch 0.997
epoch   50 | train_nll -1.24471 | train_fsce 0.65271 | val_dev 0.79466 | expl_dev 0.46267 | branch 0.995
epoch   55 | train_nll -1.20726 | train_fsce 0.70234 | val_dev 0.84940 | expl_dev 0.42566 | branch 0.988
epoch   60 | train_nll -1.20750 | train_fsce 0.68663 | val_dev 0.82503 | expl_dev 0.44213 | branch 0.986
epoch   65 | train_nll -1.22707 | train_fsce 0.63770 | val_dev 0.81610 | expl_dev 0.44817 | branch 0.977
epoch   70 | train_nll -1.23939 | train_fsce 0.61294 | val_dev 0.82738 | expl_dev 0.44054 | branch 0.973
epoch   75 | train_nll -1.24783 | train_fsce 0.64483 | val_dev 0.80122 | expl_dev 0.45823 | branch 0.971
epoch   80 | train_nll -1.25091 | train_fsce 0.60241 | val_dev 0.79933 | expl_dev 0.45951 | branch 0.971
epoch   85 | train_nll -1.25179 | train_fsce 0.60381 | val_dev 0.78738 | expl_dev 0.46759 | branch 0.968
epoch   90 | train_nll -1.25462 | train_fsce 0.57948 | val_dev 0.79819 | expl_dev 0.46028 | branch 0.966
epoch   95 | train_nll -1.25543 | train_fsce 0.60208 | val_dev 0.79740 | expl_dev 0.46082 | branch 0.966
epoch  100 | train_nll -1.25574 | train_fsce 0.58214 | val_dev 0.80321 | expl_dev 0.45688 | branch 0.962
epoch  105 | train_nll -1.26732 | train_fsce 0.56332 | val_dev 0.75503 | expl_dev 0.48946 | branch 0.960
epoch  110 | train_nll -1.26929 | train_fsce 0.56790 | val_dev 0.75787 | expl_dev 0.48754 | branch 0.959
epoch  115 | train_nll -1.26367 | train_fsce 0.56778 | val_dev 0.76411 | expl_dev 0.48332 | branch 0.958
epoch  120 | train_nll -1.27246 | train_fsce 0.54516 | val_dev 0.74261 | expl_dev 0.49786 | branch 0.960
epoch  125 | train_nll -1.26853 | train_fsce 0.56404 | val_dev 0.74942 | expl_dev 0.49325 | branch 0.960
epoch  130 | train_nll -1.27392 | train_fsce 0.54473 | val_dev 0.72353 | expl_dev 0.51076 | branch 0.959
epoch  135 | train_nll -1.27654 | train_fsce 0.55513 | val_dev 0.72159 | expl_dev 0.51208 | branch 0.960
epoch  140 | train_nll -1.27298 | train_fsce 0.53479 | val_dev 0.74306 | expl_dev 0.49756 | branch 0.957
epoch  145 | train_nll -1.27497 | train_fsce 0.53049 | val_dev 0.74035 | expl_dev 0.49939 | branch 0.958
epoch  150 | train_nll -1.28277 | train_fsce 0.52195 | val_dev 0.72435 | expl_dev 0.51021 | branch 0.957
epoch  155 | train_nll -1.28082 | train_fsce 0.51737 | val_dev 0.74148 | expl_dev 0.49863 | branch 0.953
epoch  160 | train_nll -1.28622 | train_fsce 0.54571 | val_dev 0.73029 | expl_dev 0.50619 | branch 0.949
epoch  165 | train_nll -1.28512 | train_fsce 0.53601 | val_dev 0.71798 | expl_dev 0.51451 | branch 0.951
epoch  170 | train_nll -1.28751 | train_fsce 0.52111 | val_dev 0.71368 | expl_dev 0.51742 | branch 0.947
epoch  175 | train_nll -1.28589 | train_fsce 0.52679 | val_dev 0.70817 | expl_dev 0.52115 | branch 0.943
epoch  180 | train_nll -1.27391 | train_fsce 0.50668 | val_dev 0.74995 | expl_dev 0.49290 | branch 0.944
epoch  185 | train_nll -1.28641 | train_fsce 0.51483 | val_dev 0.72089 | expl_dev 0.51255 | branch 0.937
epoch  190 | train_nll -1.28476 | train_fsce 0.50485 | val_dev 0.74979 | expl_dev 0.49301 | branch 0.935
epoch  195 | train_nll -1.29513 | train_fsce 0.50582 | val_dev 0.72721 | expl_dev 0.50828 | branch 0.935
epoch  200 | train_nll -1.29653 | train_fsce 0.51122 | val_dev 0.73972 | expl_dev 0.49982 | branch 0.933
epoch  205 | train_nll -1.30178 | train_fsce 0.50073 | val_dev 0.71807 | expl_dev 0.51446 | branch 0.930
epoch  210 | train_nll -1.29648 | train_fsce 0.50373 | val_dev 0.72076 | expl_dev 0.51264 | branch 0.926
epoch  215 | train_nll -1.29856 | train_fsce 0.51781 | val_dev 0.70043 | expl_dev 0.52638 | branch 0.924
epoch  220 | train_nll -1.29663 | train_fsce 0.50180 | val_dev 0.72731 | expl_dev 0.50821 | branch 0.924
epoch  225 | train_nll -1.29825 | train_fsce 0.51218 | val_dev 0.71948 | expl_dev 0.51350 | branch 0.925
epoch  230 | train_nll -1.30175 | train_fsce 0.53993 | val_dev 0.72784 | expl_dev 0.50785 | branch 0.920
epoch  235 | train_nll -1.30330 | train_fsce 0.49859 | val_dev 0.70718 | expl_dev 0.52182 | branch 0.923
epoch  240 | train_nll -1.29294 | train_fsce 0.49471 | val_dev 0.71494 | expl_dev 0.51657 | branch 0.924
epoch  245 | train_nll -1.30078 | train_fsce 0.49652 | val_dev 0.73315 | expl_dev 0.50426 | branch 0.922
epoch  250 | train_nll -1.31613 | train_fsce 0.50775 | val_dev 0.70272 | expl_dev 0.52483 | branch 0.919
epoch  255 | train_nll -1.31095 | train_fsce 0.51262 | val_dev 0.72064 | expl_dev 0.51272 | branch 0.914
epoch  260 | train_nll -1.29969 | train_fsce 0.51265 | val_dev 0.71551 | expl_dev 0.51619 | branch 0.909
epoch  265 | train_nll -1.31266 | train_fsce 0.50639 | val_dev 0.69026 | expl_dev 0.53326 | branch 0.913
epoch  270 | train_nll -1.32324 | train_fsce 0.49410 | val_dev 0.69083 | expl_dev 0.53287 | branch 0.913
epoch  275 | train_nll -1.31307 | train_fsce 0.50722 | val_dev 0.68950 | expl_dev 0.53378 | branch 0.910
epoch  280 | train_nll -1.31446 | train_fsce 0.50196 | val_dev 0.68804 | expl_dev 0.53476 | branch 0.911
epoch  285 | train_nll -1.30936 | train_fsce 0.49661 | val_dev 0.69750 | expl_dev 0.52836 | branch 0.917
epoch  290 | train_nll -1.30170 | train_fsce 0.49608 | val_dev 0.73383 | expl_dev 0.50380 | branch 0.919
epoch  295 | train_nll -1.30802 | train_fsce 0.51819 | val_dev 0.68783 | expl_dev 0.53490 | branch 0.908
epoch  300 | train_nll -1.31828 | train_fsce 0.49915 | val_dev 0.67293 | expl_dev 0.54498 | branch 0.909
epoch  305 | train_nll -1.31559 | train_fsce 0.51476 | val_dev 0.67218 | expl_dev 0.54549 | branch 0.912
epoch  310 | train_nll -1.32203 | train_fsce 0.50586 | val_dev 0.67260 | expl_dev 0.54520 | branch 0.912
epoch  315 | train_nll -1.32264 | train_fsce 0.52218 | val_dev 0.69297 | expl_dev 0.53143 | branch 0.916
epoch  320 | train_nll -1.30748 | train_fsce 0.50713 | val_dev 0.70204 | expl_dev 0.52530 | branch 0.921
epoch  325 | train_nll -1.32379 | train_fsce 0.49386 | val_dev 0.69271 | expl_dev 0.53160 | branch 0.915
epoch  330 | train_nll -1.32733 | train_fsce 0.50462 | val_dev 0.70950 | expl_dev 0.52025 | branch 0.920
epoch  335 | train_nll -1.31328 | train_fsce 0.51584 | val_dev 0.67633 | expl_dev 0.54268 | branch 0.926
epoch  340 | train_nll -1.32851 | train_fsce 0.50449 | val_dev 0.66560 | expl_dev 0.54993 | branch 0.924
epoch  345 | train_nll -1.30724 | train_fsce 0.51197 | val_dev 0.67802 | expl_dev 0.54154 | branch 0.917
epoch  350 | train_nll -1.31861 | train_fsce 0.51944 | val_dev 0.67581 | expl_dev 0.54303 | branch 0.922
epoch  355 | train_nll -1.31592 | train_fsce 0.48615 | val_dev 0.68175 | expl_dev 0.53901 | branch 0.917
epoch  360 | train_nll -1.32270 | train_fsce 0.51098 | val_dev 0.64946 | expl_dev 0.56085 | branch 0.919
epoch  365 | train_nll -1.32486 | train_fsce 0.51186 | val_dev 0.67840 | expl_dev 0.54128 | branch 0.916
epoch  370 | train_nll -1.31503 | train_fsce 0.51510 | val_dev 0.66129 | expl_dev 0.55285 | branch 0.917
epoch  375 | train_nll -1.33000 | train_fsce 0.52354 | val_dev 0.66934 | expl_dev 0.54741 | branch 0.917
epoch  380 | train_nll -1.31524 | train_fsce 0.49563 | val_dev 0.69037 | expl_dev 0.53318 | branch 0.919
epoch  385 | train_nll -1.31994 | train_fsce 0.51960 | val_dev 0.67443 | expl_dev 0.54397 | branch 0.919
epoch  390 | train_nll -1.32993 | train_fsce 0.50243 | val_dev 0.65303 | expl_dev 0.55844 | branch 0.918
epoch  395 | train_nll -1.32540 | train_fsce 0.51842 | val_dev 0.66540 | expl_dev 0.55007 | branch 0.913
epoch  400 | train_nll -1.32509 | train_fsce 0.51222 | val_dev 0.66446 | expl_dev 0.55071 | branch 0.915
epoch  405 | train_nll -1.32983 | train_fsce 0.52592 | val_dev 0.66799 | expl_dev 0.54832 | branch 0.915
epoch  410 | train_nll -1.32359 | train_fsce 0.50159 | val_dev 0.65673 | expl_dev 0.55593 | branch 0.914
epoch  415 | train_nll -1.31201 | train_fsce 0.49766 | val_dev 0.71886 | expl_dev 0.51392 | branch 0.905
epoch  420 | train_nll -1.31061 | train_fsce 0.49993 | val_dev 0.70132 | expl_dev 0.52578 | branch 0.925
epoch  425 | train_nll -1.32856 | train_fsce 0.49567 | val_dev 0.66900 | expl_dev 0.54763 | branch 0.918
epoch  430 | train_nll -1.30801 | train_fsce 0.50469 | val_dev 0.71830 | expl_dev 0.51430 | branch 0.921
epoch  435 | train_nll -1.31427 | train_fsce 0.52943 | val_dev 0.66396 | expl_dev 0.55104 | branch 0.925
epoch  440 | train_nll -1.32901 | train_fsce 0.51274 | val_dev 0.67836 | expl_dev 0.54131 | branch 0.922
epoch  445 | train_nll -1.32579 | train_fsce 0.51849 | val_dev 0.65960 | expl_dev 0.55399 | branch 0.922
epoch  450 | train_nll -1.33523 | train_fsce 0.50826 | val_dev 0.67524 | expl_dev 0.54342 | branch 0.922
epoch  455 | train_nll -1.33660 | train_fsce 0.49854 | val_dev 0.68819 | expl_dev 0.53466 | branch 0.921
epoch  460 | train_nll -1.32073 | train_fsce 0.51937 | val_dev 0.63787 | expl_dev 0.56869 | branch 0.924
epoch  465 | train_nll -1.33479 | train_fsce 0.50519 | val_dev 0.66440 | expl_dev 0.55075 | branch 0.923
epoch  470 | train_nll -1.33058 | train_fsce 0.51811 | val_dev 0.65887 | expl_dev 0.55449 | branch 0.917
epoch  475 | train_nll -1.34402 | train_fsce 0.50256 | val_dev 0.63212 | expl_dev 0.57258 | branch 0.919
epoch  480 | train_nll -1.33669 | train_fsce 0.51895 | val_dev 0.65282 | expl_dev 0.55858 | branch 0.920
epoch  485 | train_nll -1.33101 | train_fsce 0.53219 | val_dev 0.65175 | expl_dev 0.55930 | branch 0.914
epoch  490 | train_nll -1.33402 | train_fsce 0.53572 | val_dev 0.65967 | expl_dev 0.55395 | branch 0.909
epoch  495 | train_nll -1.33892 | train_fsce 0.52792 | val_dev 0.65985 | expl_dev 0.55382 | branch 0.911
epoch  500 | train_nll -1.34828 | train_fsce 0.52688 | val_dev 0.65604 | expl_dev 0.55640 | branch 0.917
epoch  505 | train_nll -1.33472 | train_fsce 0.52902 | val_dev 0.66304 | expl_dev 0.55167 | branch 0.913
epoch  510 | train_nll -1.32778 | train_fsce 0.52014 | val_dev 0.65303 | expl_dev 0.55844 | branch 0.912
epoch  515 | train_nll -1.33232 | train_fsce 0.54104 | val_dev 0.67629 | expl_dev 0.54270 | branch 0.916
epoch  520 | train_nll -1.32791 | train_fsce 0.51192 | val_dev 0.64439 | expl_dev 0.56428 | branch 0.919
epoch  525 | train_nll -1.33764 | train_fsce 0.49258 | val_dev 0.62977 | expl_dev 0.57416 | branch 0.920
epoch  530 | train_nll -1.31818 | train_fsce 0.53337 | val_dev 0.63236 | expl_dev 0.57241 | branch 0.918
epoch  535 | train_nll -1.33789 | train_fsce 0.52707 | val_dev 0.64379 | expl_dev 0.56468 | branch 0.927
epoch  540 | train_nll -1.32944 | train_fsce 0.52107 | val_dev 0.62743 | expl_dev 0.57575 | branch 0.921
epoch  545 | train_nll -1.33656 | train_fsce 0.49595 | val_dev 0.65936 | expl_dev 0.55415 | branch 0.924
epoch  550 | train_nll -1.33463 | train_fsce 0.48976 | val_dev 0.62927 | expl_dev 0.57450 | branch 0.930
epoch  555 | train_nll -1.32485 | train_fsce 0.51911 | val_dev 0.66168 | expl_dev 0.55259 | branch 0.923
epoch  560 | train_nll -1.32965 | train_fsce 0.49176 | val_dev 0.61704 | expl_dev 0.58277 | branch 0.916
epoch  565 | train_nll -1.34252 | train_fsce 0.50770 | val_dev 0.65243 | expl_dev 0.55884 | branch 0.919
epoch  570 | train_nll -1.32212 | train_fsce 0.51316 | val_dev 0.65215 | expl_dev 0.55903 | branch 0.922
epoch  575 | train_nll -1.33030 | train_fsce 0.52547 | val_dev 0.69688 | expl_dev 0.52879 | branch 0.915
epoch  580 | train_nll -1.33499 | train_fsce 0.51571 | val_dev 0.62450 | expl_dev 0.57773 | branch 0.913
epoch  585 | train_nll -1.32174 | train_fsce 0.51724 | val_dev 0.68237 | expl_dev 0.53859 | branch 0.894
epoch  590 | train_nll -1.31662 | train_fsce 0.54073 | val_dev 0.72316 | expl_dev 0.51101 | branch 0.890
epoch  595 | train_nll -1.32439 | train_fsce 0.50272 | val_dev 0.67017 | expl_dev 0.54685 | branch 0.883
epoch  600 | train_nll -1.33767 | train_fsce 0.48429 | val_dev 0.65410 | expl_dev 0.55771 | branch 0.878
epoch  605 | train_nll -1.33651 | train_fsce 0.50505 | val_dev 0.64367 | expl_dev 0.56476 | branch 0.877
epoch  610 | train_nll -1.34072 | train_fsce 0.50117 | val_dev 0.62006 | expl_dev 0.58073 | branch 0.878
epoch  615 | train_nll -1.34142 | train_fsce 0.50938 | val_dev 0.61942 | expl_dev 0.58116 | branch 0.879
epoch  620 | train_nll -1.34384 | train_fsce 0.51372 | val_dev 0.63424 | expl_dev 0.57114 | branch 0.876
epoch  625 | train_nll -1.34801 | train_fsce 0.51639 | val_dev 0.62430 | expl_dev 0.57786 | branch 0.880
epoch  630 | train_nll -1.34596 | train_fsce 0.50239 | val_dev 0.62623 | expl_dev 0.57656 | branch 0.875
epoch  635 | train_nll -1.35254 | train_fsce 0.51936 | val_dev 0.61282 | expl_dev 0.58562 | branch 0.881
epoch  640 | train_nll -1.35279 | train_fsce 0.50950 | val_dev 0.61287 | expl_dev 0.58559 | branch 0.884
epoch  645 | train_nll -1.34719 | train_fsce 0.49859 | val_dev 0.65576 | expl_dev 0.55659 | branch 0.887
epoch  650 | train_nll -1.34827 | train_fsce 0.51903 | val_dev 0.62684 | expl_dev 0.57615 | branch 0.885
epoch  655 | train_nll -1.34536 | train_fsce 0.50456 | val_dev 0.62569 | expl_dev 0.57692 | branch 0.875
epoch  660 | train_nll -1.33050 | train_fsce 0.54173 | val_dev 0.65732 | expl_dev 0.55554 | branch 0.876
epoch  665 | train_nll -1.34277 | train_fsce 0.51921 | val_dev 0.64698 | expl_dev 0.56253 | branch 0.866
epoch  670 | train_nll -1.34476 | train_fsce 0.52302 | val_dev 0.64124 | expl_dev 0.56641 | branch 0.864
epoch  675 | train_nll -1.34329 | train_fsce 0.51517 | val_dev 0.63976 | expl_dev 0.56741 | branch 0.864
epoch  680 | train_nll -1.35252 | train_fsce 0.50528 | val_dev 0.62202 | expl_dev 0.57940 | branch 0.867
epoch  685 | train_nll -1.35889 | train_fsce 0.50021 | val_dev 0.65421 | expl_dev 0.55764 | branch 0.872
epoch  690 | train_nll -1.34278 | train_fsce 0.53294 | val_dev 0.62497 | expl_dev 0.57741 | branch 0.873
epoch  695 | train_nll -1.34676 | train_fsce 0.51688 | val_dev 0.64351 | expl_dev 0.56487 | branch 0.877
epoch  700 | train_nll -1.32140 | train_fsce 0.50955 | val_dev 0.65746 | expl_dev 0.55544 | branch 0.865
epoch  705 | train_nll -1.34747 | train_fsce 0.52593 | val_dev 0.63430 | expl_dev 0.57110 | branch 0.877
epoch  710 | train_nll -1.34804 | train_fsce 0.50163 | val_dev 0.63192 | expl_dev 0.57271 | branch 0.874
epoch  715 | train_nll -1.35202 | train_fsce 0.52583 | val_dev 0.67380 | expl_dev 0.54439 | branch 0.882
epoch  720 | train_nll -1.35697 | train_fsce 0.50380 | val_dev 0.62266 | expl_dev 0.57897 | branch 0.887
epoch  725 | train_nll -1.35401 | train_fsce 0.50926 | val_dev 0.60371 | expl_dev 0.59179 | branch 0.878
epoch  730 | train_nll -1.34421 | train_fsce 0.52172 | val_dev 0.61829 | expl_dev 0.58193 | branch 0.871
epoch  735 | train_nll -1.35215 | train_fsce 0.51789 | val_dev 0.61670 | expl_dev 0.58300 | branch 0.872
epoch  740 | train_nll -1.35934 | train_fsce 0.50557 | val_dev 0.60020 | expl_dev 0.59416 | branch 0.874
epoch  745 | train_nll -1.34541 | train_fsce 0.51322 | val_dev 0.61313 | expl_dev 0.58541 | branch 0.871
epoch  750 | train_nll -1.35358 | train_fsce 0.49552 | val_dev 0.59646 | expl_dev 0.59668 | branch 0.874
epoch  755 | train_nll -1.35616 | train_fsce 0.54006 | val_dev 0.60466 | expl_dev 0.59114 | branch 0.879
epoch  760 | train_nll -1.34970 | train_fsce 0.50414 | val_dev 0.62651 | expl_dev 0.57636 | branch 0.878
epoch  765 | train_nll -1.35990 | train_fsce 0.50226 | val_dev 0.62844 | expl_dev 0.57506 | branch 0.885
epoch  770 | train_nll -1.35457 | train_fsce 0.51167 | val_dev 0.63497 | expl_dev 0.57065 | branch 0.881
epoch  775 | train_nll -1.35400 | train_fsce 0.50635 | val_dev 0.62828 | expl_dev 0.57517 | branch 0.879
epoch  780 | train_nll -1.36089 | train_fsce 0.53221 | val_dev 0.62939 | expl_dev 0.57442 | branch 0.882
epoch  785 | train_nll -1.35635 | train_fsce 0.54288 | val_dev 0.61818 | expl_dev 0.58200 | branch 0.874
epoch  790 | train_nll -1.33383 | train_fsce 0.54039 | val_dev 0.64420 | expl_dev 0.56441 | branch 0.874
epoch  795 | train_nll -1.34885 | train_fsce 0.49922 | val_dev 0.62446 | expl_dev 0.57776 | branch 0.880
epoch  800 | train_nll -1.35666 | train_fsce 0.52360 | val_dev 0.60995 | expl_dev 0.58757 | branch 0.886
epoch  805 | train_nll -1.35111 | train_fsce 0.50129 | val_dev 0.60311 | expl_dev 0.59219 | branch 0.879
epoch  810 | train_nll -1.35006 | train_fsce 0.53224 | val_dev 0.61830 | expl_dev 0.58192 | branch 0.878
epoch  815 | train_nll -1.35563 | train_fsce 0.52131 | val_dev 0.59030 | expl_dev 0.60085 | branch 0.875
epoch  820 | train_nll -1.34597 | train_fsce 0.53360 | val_dev 0.62045 | expl_dev 0.58047 | branch 0.881
epoch  825 | train_nll -1.35354 | train_fsce 0.51492 | val_dev 0.61796 | expl_dev 0.58215 | branch 0.873
epoch  830 | train_nll -1.36232 | train_fsce 0.51352 | val_dev 0.62639 | expl_dev 0.57645 | branch 0.872
epoch  835 | train_nll -1.34003 | train_fsce 0.51376 | val_dev 0.64288 | expl_dev 0.56530 | branch 0.861
epoch  840 | train_nll -1.34988 | train_fsce 0.52969 | val_dev 0.65242 | expl_dev 0.55884 | branch 0.864
epoch  845 | train_nll -1.35404 | train_fsce 0.51382 | val_dev 0.61567 | expl_dev 0.58370 | branch 0.873
epoch  850 | train_nll -1.35392 | train_fsce 0.51642 | val_dev 0.62042 | expl_dev 0.58048 | branch 0.868
epoch  855 | train_nll -1.35719 | train_fsce 0.52018 | val_dev 0.65031 | expl_dev 0.56027 | branch 0.869
epoch  860 | train_nll -1.35412 | train_fsce 0.50515 | val_dev 0.65599 | expl_dev 0.55643 | branch 0.868
epoch  865 | train_nll -1.35348 | train_fsce 0.52917 | val_dev 0.64800 | expl_dev 0.56184 | branch 0.877
epoch  870 | train_nll -1.35531 | train_fsce 0.53961 | val_dev 0.65148 | expl_dev 0.55948 | branch 0.871
epoch  875 | train_nll -1.35384 | train_fsce 0.51205 | val_dev 0.61665 | expl_dev 0.58303 | branch 0.875
epoch  880 | train_nll -1.34223 | train_fsce 0.50335 | val_dev 0.66835 | expl_dev 0.54807 | branch 0.870
epoch  885 | train_nll -1.35664 | train_fsce 0.52102 | val_dev 0.60826 | expl_dev 0.58871 | branch 0.873
epoch  890 | train_nll -1.35733 | train_fsce 0.51531 | val_dev 0.65809 | expl_dev 0.55502 | branch 0.874
epoch  895 | train_nll -1.35011 | train_fsce 0.53293 | val_dev 0.65165 | expl_dev 0.55937 | branch 0.865
epoch  900 | train_nll -1.35452 | train_fsce 0.53261 | val_dev 0.68068 | expl_dev 0.53974 | branch 0.867
epoch  905 | train_nll -1.35302 | train_fsce 0.52077 | val_dev 0.61246 | expl_dev 0.58587 | branch 0.875
epoch  910 | train_nll -1.34902 | train_fsce 0.52383 | val_dev 0.61931 | expl_dev 0.58123 | branch 0.870
epoch  915 | train_nll -1.35312 | train_fsce 0.51569 | val_dev 0.59176 | expl_dev 0.59986 | branch 0.858
epoch  920 | train_nll -1.35490 | train_fsce 0.51775 | val_dev 0.58870 | expl_dev 0.60193 | branch 0.862
epoch  925 | train_nll -1.34216 | train_fsce 0.53236 | val_dev 0.66783 | expl_dev 0.54843 | branch 0.869
epoch  930 | train_nll -1.34635 | train_fsce 0.51346 | val_dev 0.61124 | expl_dev 0.58669 | branch 0.872
epoch  935 | train_nll -1.36332 | train_fsce 0.52155 | val_dev 0.63561 | expl_dev 0.57021 | branch 0.866
epoch  940 | train_nll -1.35334 | train_fsce 0.52600 | val_dev 0.59319 | expl_dev 0.59890 | branch 0.859
epoch  945 | train_nll -1.35692 | train_fsce 0.49945 | val_dev 0.61394 | expl_dev 0.58487 | branch 0.864
epoch  950 | train_nll -1.35654 | train_fsce 0.52801 | val_dev 0.58120 | expl_dev 0.60700 | branch 0.856
epoch  955 | train_nll -1.33697 | train_fsce 0.51876 | val_dev 0.66544 | expl_dev 0.55004 | branch 0.873
epoch  960 | train_nll -1.35552 | train_fsce 0.52555 | val_dev 0.59389 | expl_dev 0.59843 | branch 0.865
epoch  965 | train_nll -1.36681 | train_fsce 0.52748 | val_dev 0.58437 | expl_dev 0.60486 | branch 0.866
epoch  970 | train_nll -1.35799 | train_fsce 0.53553 | val_dev 0.64346 | expl_dev 0.56490 | branch 0.862
epoch  975 | train_nll -1.36487 | train_fsce 0.51091 | val_dev 0.64871 | expl_dev 0.56136 | branch 0.863
epoch  980 | train_nll -1.36203 | train_fsce 0.53327 | val_dev 0.61741 | expl_dev 0.58252 | branch 0.862
epoch  985 | train_nll -1.35690 | train_fsce 0.53937 | val_dev 0.59408 | expl_dev 0.59829 | branch 0.853
epoch  990 | train_nll -1.35496 | train_fsce 0.52813 | val_dev 0.62664 | expl_dev 0.57628 | branch 0.868
epoch  995 | train_nll -1.36741 | train_fsce 0.50548 | val_dev 0.60726 | expl_dev 0.58938 | branch 0.876
epoch 1000 | train_nll -1.36277 | train_fsce 0.51798 | val_dev 0.59767 | expl_dev 0.59587 | branch 0.875
epoch 1005 | train_nll -1.35787 | train_fsce 0.52203 | val_dev 0.62784 | expl_dev 0.57547 | branch 0.876
epoch 1010 | train_nll -1.37039 | train_fsce 0.50110 | val_dev 0.65968 | expl_dev 0.55394 | branch 0.868
epoch 1015 | train_nll -1.35938 | train_fsce 0.54891 | val_dev 0.59629 | expl_dev 0.59680 | branch 0.870
epoch 1020 | train_nll -1.37362 | train_fsce 0.50472 | val_dev 0.61720 | expl_dev 0.58266 | branch 0.866
epoch 1025 | train_nll -1.36410 | train_fsce 0.50660 | val_dev 0.62675 | expl_dev 0.57620 | branch 0.866
epoch 1030 | train_nll -1.36443 | train_fsce 0.51550 | val_dev 0.64129 | expl_dev 0.56637 | branch 0.869
epoch 1035 | train_nll -1.37062 | train_fsce 0.53130 | val_dev 0.63048 | expl_dev 0.57368 | branch 0.869
epoch 1040 | train_nll -1.36574 | train_fsce 0.51687 | val_dev 0.60940 | expl_dev 0.58793 | branch 0.868
epoch 1045 | train_nll -1.36320 | train_fsce 0.53182 | val_dev 0.63611 | expl_dev 0.56987 | branch 0.879
epoch 1050 | train_nll -1.36708 | train_fsce 0.52077 | val_dev 0.60959 | expl_dev 0.58781 | branch 0.867
epoch 1055 | train_nll -1.37050 | train_fsce 0.51776 | val_dev 0.60667 | expl_dev 0.58978 | branch 0.869
epoch 1060 | train_nll -1.36858 | train_fsce 0.53624 | val_dev 0.62415 | expl_dev 0.57796 | branch 0.868
epoch 1065 | train_nll -1.36603 | train_fsce 0.53229 | val_dev 0.59451 | expl_dev 0.59801 | branch 0.862
epoch 1070 | train_nll -1.37769 | train_fsce 0.50918 | val_dev 0.60426 | expl_dev 0.59141 | branch 0.864
epoch 1075 | train_nll -1.37299 | train_fsce 0.51374 | val_dev 0.59171 | expl_dev 0.59990 | branch 0.874
epoch 1080 | train_nll -1.37011 | train_fsce 0.52332 | val_dev 0.60713 | expl_dev 0.58947 | branch 0.867
epoch 1085 | train_nll -1.36739 | train_fsce 0.51911 | val_dev 0.60155 | expl_dev 0.59325 | branch 0.864
epoch 1090 | train_nll -1.36652 | train_fsce 0.52282 | val_dev 0.62876 | expl_dev 0.57485 | branch 0.853
epoch 1095 | train_nll -1.36076 | train_fsce 0.51087 | val_dev 0.62766 | expl_dev 0.57559 | branch 0.860
epoch 1100 | train_nll -1.36791 | train_fsce 0.52031 | val_dev 0.65455 | expl_dev 0.55741 | branch 0.851
epoch 1105 | train_nll -1.36043 | train_fsce 0.53389 | val_dev 0.64157 | expl_dev 0.56619 | branch 0.854
epoch 1110 | train_nll -1.34840 | train_fsce 0.53955 | val_dev 0.66598 | expl_dev 0.54968 | branch 0.847
epoch 1115 | train_nll -1.35976 | train_fsce 0.52628 | val_dev 0.60342 | expl_dev 0.59198 | branch 0.858
epoch 1120 | train_nll -1.36456 | train_fsce 0.53270 | val_dev 0.59684 | expl_dev 0.59643 | branch 0.839
epoch 1125 | train_nll -1.37189 | train_fsce 0.53731 | val_dev 0.60564 | expl_dev 0.59048 | branch 0.846
epoch 1130 | train_nll -1.37097 | train_fsce 0.51501 | val_dev 0.60088 | expl_dev 0.59370 | branch 0.849
epoch 1135 | train_nll -1.36782 | train_fsce 0.52049 | val_dev 0.61813 | expl_dev 0.58203 | branch 0.854
epoch 1140 | train_nll -1.36970 | train_fsce 0.52179 | val_dev 0.61084 | expl_dev 0.58696 | branch 0.841
epoch 1145 | train_nll -1.36622 | train_fsce 0.53277 | val_dev 0.59945 | expl_dev 0.59467 | branch 0.832
epoch 1150 | train_nll -1.35947 | train_fsce 0.52665 | val_dev 0.62868 | expl_dev 0.57490 | branch 0.825
epoch 1155 | train_nll -1.34730 | train_fsce 0.55700 | val_dev 0.66181 | expl_dev 0.55250 | branch 0.819
epoch 1160 | train_nll -1.36892 | train_fsce 0.52135 | val_dev 0.59016 | expl_dev 0.60095 | branch 0.838
epoch 1165 | train_nll -1.36923 | train_fsce 0.51692 | val_dev 0.61740 | expl_dev 0.58253 | branch 0.831
epoch 1170 | train_nll -1.37422 | train_fsce 0.52463 | val_dev 0.64778 | expl_dev 0.56198 | branch 0.825
epoch 1175 | train_nll -1.36620 | train_fsce 0.55553 | val_dev 0.65061 | expl_dev 0.56007 | branch 0.827
epoch 1180 | train_nll -1.37258 | train_fsce 0.52112 | val_dev 0.60931 | expl_dev 0.58799 | branch 0.830
epoch 1185 | train_nll -1.35728 | train_fsce 0.52219 | val_dev 0.66088 | expl_dev 0.55313 | branch 0.840
epoch 1190 | train_nll -1.37459 | train_fsce 0.53982 | val_dev 0.62021 | expl_dev 0.58062 | branch 0.834
epoch 1195 | train_nll -1.37283 | train_fsce 0.50898 | val_dev 0.60841 | expl_dev 0.58860 | branch 0.831
epoch 1200 | train_nll -1.36960 | train_fsce 0.50607 | val_dev 0.59345 | expl_dev 0.59872 | branch 0.833
epoch 1205 | train_nll -1.38440 | train_fsce 0.49943 | val_dev 0.60826 | expl_dev 0.58871 | branch 0.833
epoch 1210 | train_nll -1.37827 | train_fsce 0.52425 | val_dev 0.56934 | expl_dev 0.61503 | branch 0.828
epoch 1215 | train_nll -1.37758 | train_fsce 0.51546 | val_dev 0.61290 | expl_dev 0.58557 | branch 0.835
epoch 1220 | train_nll -1.36900 | train_fsce 0.51193 | val_dev 0.62740 | expl_dev 0.57577 | branch 0.831
epoch 1225 | train_nll -1.37827 | train_fsce 0.50452 | val_dev 0.59149 | expl_dev 0.60005 | branch 0.826
epoch 1230 | train_nll -1.34762 | train_fsce 0.53004 | val_dev 0.66517 | expl_dev 0.55022 | branch 0.810
epoch 1235 | train_nll -1.36658 | train_fsce 0.52322 | val_dev 0.62670 | expl_dev 0.57624 | branch 0.811
epoch 1240 | train_nll -1.35786 | train_fsce 0.54864 | val_dev 0.63401 | expl_dev 0.57130 | branch 0.815
epoch 1245 | train_nll -1.37059 | train_fsce 0.51589 | val_dev 0.58800 | expl_dev 0.60241 | branch 0.817
epoch 1250 | train_nll -1.37548 | train_fsce 0.51974 | val_dev 0.62418 | expl_dev 0.57794 | branch 0.815
epoch 1255 | train_nll -1.34793 | train_fsce 0.53991 | val_dev 0.66366 | expl_dev 0.55124 | branch 0.802
epoch 1260 | train_nll -1.37069 | train_fsce 0.49533 | val_dev 0.62685 | expl_dev 0.57614 | branch 0.816
epoch 1265 | train_nll -1.37935 | train_fsce 0.51617 | val_dev 0.60498 | expl_dev 0.59092 | branch 0.819
epoch 1270 | train_nll -1.37209 | train_fsce 0.54994 | val_dev 0.61450 | expl_dev 0.58449 | branch 0.812
epoch 1275 | train_nll -1.37928 | train_fsce 0.56201 | val_dev 0.59528 | expl_dev 0.59748 | branch 0.812
epoch 1280 | train_nll -1.37173 | train_fsce 0.54835 | val_dev 0.59044 | expl_dev 0.60075 | branch 0.819
epoch 1285 | train_nll -1.38155 | train_fsce 0.53901 | val_dev 0.64385 | expl_dev 0.56464 | branch 0.815
epoch 1290 | train_nll -1.37833 | train_fsce 0.51623 | val_dev 0.64801 | expl_dev 0.56183 | branch 0.817
epoch 1295 | train_nll -1.37453 | train_fsce 0.52791 | val_dev 0.62682 | expl_dev 0.57616 | branch 0.817
epoch 1300 | train_nll -1.37586 | train_fsce 0.55933 | val_dev 0.60354 | expl_dev 0.59190 | branch 0.802
epoch 1305 | train_nll -1.37742 | train_fsce 0.51964 | val_dev 0.58598 | expl_dev 0.60377 | branch 0.795
epoch 1310 | train_nll -1.35847 | train_fsce 0.51503 | val_dev 0.66879 | expl_dev 0.54778 | branch 0.799
epoch 1315 | train_nll -1.35589 | train_fsce 0.52767 | val_dev 0.64796 | expl_dev 0.56186 | branch 0.796
epoch 1320 | train_nll -1.37346 | train_fsce 0.53756 | val_dev 0.60423 | expl_dev 0.59143 | branch 0.796
epoch 1325 | train_nll -1.37511 | train_fsce 0.52194 | val_dev 0.57991 | expl_dev 0.60788 | branch 0.794
epoch 1330 | train_nll -1.37863 | train_fsce 0.51843 | val_dev 0.57920 | expl_dev 0.60836 | branch 0.797
epoch 1335 | train_nll -1.37694 | train_fsce 0.53748 | val_dev 0.59417 | expl_dev 0.59824 | branch 0.791
epoch 1340 | train_nll -1.37188 | train_fsce 0.52473 | val_dev 0.61846 | expl_dev 0.58181 | branch 0.796
epoch 1345 | train_nll -1.37587 | train_fsce 0.52945 | val_dev 0.58082 | expl_dev 0.60726 | branch 0.799
epoch 1350 | train_nll -1.37968 | train_fsce 0.53302 | val_dev 0.58427 | expl_dev 0.60493 | branch 0.809
epoch 1355 | train_nll -1.37791 | train_fsce 0.51599 | val_dev 0.61236 | expl_dev 0.58594 | branch 0.816
epoch 1360 | train_nll -1.38502 | train_fsce 0.51703 | val_dev 0.62815 | expl_dev 0.57526 | branch 0.798
epoch 1365 | train_nll -1.37349 | train_fsce 0.52603 | val_dev 0.62661 | expl_dev 0.57630 | branch 0.818
epoch 1370 | train_nll -1.38193 | train_fsce 0.51419 | val_dev 0.61711 | expl_dev 0.58272 | branch 0.811
epoch 1375 | train_nll -1.38404 | train_fsce 0.55189 | val_dev 0.60478 | expl_dev 0.59106 | branch 0.808
epoch 1380 | train_nll -1.37373 | train_fsce 0.54433 | val_dev 0.60990 | expl_dev 0.58760 | branch 0.812
epoch 1385 | train_nll -1.36830 | train_fsce 0.49920 | val_dev 0.61611 | expl_dev 0.58340 | branch 0.806
epoch 1390 | train_nll -1.37523 | train_fsce 0.54426 | val_dev 0.64119 | expl_dev 0.56644 | branch 0.805
epoch 1395 | train_nll -1.37989 | train_fsce 0.50824 | val_dev 0.60615 | expl_dev 0.59013 | branch 0.807
epoch 1400 | train_nll -1.36666 | train_fsce 0.52848 | val_dev 0.67404 | expl_dev 0.54423 | branch 0.806
epoch 1405 | train_nll -1.37799 | train_fsce 0.52107 | val_dev 0.59596 | expl_dev 0.59702 | branch 0.785
epoch 1410 | train_nll -1.38798 | train_fsce 0.52529 | val_dev 0.59470 | expl_dev 0.59788 | branch 0.785
epoch 1415 | train_nll -1.38572 | train_fsce 0.52866 | val_dev 0.57387 | expl_dev 0.61196 | branch 0.784
epoch 1420 | train_nll -1.38333 | train_fsce 0.51765 | val_dev 0.59490 | expl_dev 0.59774 | branch 0.790
epoch 1425 | train_nll -1.37538 | train_fsce 0.49834 | val_dev 0.65929 | expl_dev 0.55420 | branch 0.781
epoch 1430 | train_nll -1.38588 | train_fsce 0.53133 | val_dev 0.56928 | expl_dev 0.61507 | branch 0.775
epoch 1435 | train_nll -1.38278 | train_fsce 0.53289 | val_dev 0.55039 | expl_dev 0.62784 | branch 0.767
epoch 1440 | train_nll -1.37989 | train_fsce 0.51737 | val_dev 0.58564 | expl_dev 0.60400 | branch 0.774
epoch 1445 | train_nll -1.38165 | train_fsce 0.53345 | val_dev 0.57956 | expl_dev 0.60811 | branch 0.765
epoch 1450 | train_nll -1.39223 | train_fsce 0.52816 | val_dev 0.61542 | expl_dev 0.58387 | branch 0.777
epoch 1455 | train_nll -1.39108 | train_fsce 0.51497 | val_dev 0.62244 | expl_dev 0.57912 | branch 0.769
epoch 1460 | train_nll -1.38291 | train_fsce 0.50724 | val_dev 0.59211 | expl_dev 0.59963 | branch 0.772
epoch 1465 | train_nll -1.34801 | train_fsce 0.54392 | val_dev 0.65160 | expl_dev 0.55940 | branch 0.744
epoch 1470 | train_nll -1.37623 | train_fsce 0.52775 | val_dev 0.65558 | expl_dev 0.55671 | branch 0.762
epoch 1475 | train_nll -1.37004 | train_fsce 0.53178 | val_dev 0.63630 | expl_dev 0.56975 | branch 0.763
epoch 1480 | train_nll -1.38406 | train_fsce 0.52831 | val_dev 0.56128 | expl_dev 0.62048 | branch 0.771
epoch 1485 | train_nll -1.37742 | train_fsce 0.52785 | val_dev 0.57330 | expl_dev 0.61234 | branch 0.772
epoch 1490 | train_nll -1.38602 | train_fsce 0.53294 | val_dev 0.60024 | expl_dev 0.59413 | branch 0.767
epoch 1495 | train_nll -1.37420 | train_fsce 0.54391 | val_dev 0.64423 | expl_dev 0.56438 | branch 0.772
epoch 1500 | train_nll -1.38597 | train_fsce 0.50341 | val_dev 0.61761 | expl_dev 0.58238 | branch 0.761
epoch 1505 | train_nll -1.38419 | train_fsce 0.56409 | val_dev 0.61493 | expl_dev 0.58420 | branch 0.750
epoch 1510 | train_nll -1.38576 | train_fsce 0.52262 | val_dev 0.59091 | expl_dev 0.60044 | branch 0.761
epoch 1515 | train_nll -1.37160 | train_fsce 0.55173 | val_dev 0.57474 | expl_dev 0.61137 | branch 0.762
epoch 1520 | train_nll -1.38523 | train_fsce 0.49957 | val_dev 0.65844 | expl_dev 0.55478 | branch 0.763
epoch 1525 | train_nll -1.39021 | train_fsce 0.51617 | val_dev 0.63852 | expl_dev 0.56824 | branch 0.762
epoch 1530 | train_nll -1.40129 | train_fsce 0.51050 | val_dev 0.59526 | expl_dev 0.59750 | branch 0.746
epoch 1535 | train_nll -1.39516 | train_fsce 0.52640 | val_dev 0.57332 | expl_dev 0.61233 | branch 0.760
epoch 1540 | train_nll -1.38899 | train_fsce 0.53753 | val_dev 0.66227 | expl_dev 0.55219 | branch 0.746
epoch 1545 | train_nll -1.37768 | train_fsce 0.54924 | val_dev 0.60960 | expl_dev 0.58780 | branch 0.746
epoch 1550 | train_nll -1.38023 | train_fsce 0.54366 | val_dev 0.59889 | expl_dev 0.59504 | branch 0.750
epoch 1555 | train_nll -1.39247 | train_fsce 0.51987 | val_dev 0.61981 | expl_dev 0.58090 | branch 0.766
epoch 1560 | train_nll -1.38342 | train_fsce 0.52289 | val_dev 0.62990 | expl_dev 0.57408 | branch 0.750
epoch 1565 | train_nll -1.37779 | train_fsce 0.53504 | val_dev 0.65722 | expl_dev 0.55560 | branch 0.738
epoch 1570 | train_nll -1.38284 | train_fsce 0.50885 | val_dev 0.67167 | expl_dev 0.54583 | branch 0.744
epoch 1575 | train_nll -1.38690 | train_fsce 0.52640 | val_dev 0.73524 | expl_dev 0.50285 | branch 0.749
epoch 1580 | train_nll -1.38377 | train_fsce 0.52268 | val_dev 0.60800 | expl_dev 0.58888 | branch 0.743
epoch 1585 | train_nll -1.38957 | train_fsce 0.50833 | val_dev 0.61942 | expl_dev 0.58116 | branch 0.748
epoch 1590 | train_nll -1.39249 | train_fsce 0.52399 | val_dev 0.66183 | expl_dev 0.55248 | branch 0.742
epoch 1595 | train_nll -1.38328 | train_fsce 0.54624 | val_dev 0.67577 | expl_dev 0.54306 | branch 0.736
epoch 1600 | train_nll -1.38442 | train_fsce 0.51708 | val_dev 0.58775 | expl_dev 0.60257 | branch 0.745
epoch 1605 | train_nll -1.38684 | train_fsce 0.52585 | val_dev 0.64938 | expl_dev 0.56090 | branch 0.754
epoch 1610 | train_nll -1.38573 | train_fsce 0.51418 | val_dev 0.57364 | expl_dev 0.61211 | branch 0.740
epoch 1615 | train_nll -1.38504 | train_fsce 0.52992 | val_dev 0.65587 | expl_dev 0.55652 | branch 0.750
epoch 1620 | train_nll -1.39122 | train_fsce 0.53765 | val_dev 0.62171 | expl_dev 0.57961 | branch 0.738
epoch 1625 | train_nll -1.38772 | train_fsce 0.53425 | val_dev 0.58518 | expl_dev 0.60431 | branch 0.740
epoch 1630 | train_nll -1.38983 | train_fsce 0.51891 | val_dev 0.61149 | expl_dev 0.58653 | branch 0.745
epoch 1635 | train_nll -1.36705 | train_fsce 0.53658 | val_dev 0.67666 | expl_dev 0.54245 | branch 0.723
epoch 1640 | train_nll -1.37358 | train_fsce 0.53973 | val_dev 0.63244 | expl_dev 0.57236 | branch 0.712
epoch 1645 | train_nll -1.35275 | train_fsce 0.57342 | val_dev 0.72715 | expl_dev 0.50832 | branch 0.701
epoch 1650 | train_nll -1.33487 | train_fsce 0.56225 | val_dev 0.64823 | expl_dev 0.56168 | branch 0.679
epoch 1655 | train_nll -1.37055 | train_fsce 0.52407 | val_dev 0.57255 | expl_dev 0.61285 | branch 0.702
epoch 1660 | train_nll -1.37334 | train_fsce 0.53735 | val_dev 0.60852 | expl_dev 0.58853 | branch 0.692
epoch 1665 | train_nll -1.35012 | train_fsce 0.55752 | val_dev 0.67317 | expl_dev 0.54482 | branch 0.687
epoch 1670 | train_nll -1.36731 | train_fsce 0.53832 | val_dev 0.61943 | expl_dev 0.58115 | branch 0.689
epoch 1675 | train_nll -1.38570 | train_fsce 0.51029 | val_dev 0.58316 | expl_dev 0.60568 | branch 0.709
epoch 1680 | train_nll -1.39179 | train_fsce 0.53633 | val_dev 0.60204 | expl_dev 0.59291 | branch 0.704
epoch 1685 | train_nll -1.39077 | train_fsce 0.53888 | val_dev 0.59073 | expl_dev 0.60056 | branch 0.707
epoch 1690 | train_nll -1.39307 | train_fsce 0.53907 | val_dev 0.56026 | expl_dev 0.62116 | branch 0.709
epoch 1695 | train_nll -1.38897 | train_fsce 0.53107 | val_dev 0.61519 | expl_dev 0.58402 | branch 0.706
epoch 1700 | train_nll -1.39123 | train_fsce 0.54725 | val_dev 0.61340 | expl_dev 0.58523 | branch 0.698
epoch 1705 | train_nll -1.39033 | train_fsce 0.50925 | val_dev 0.57197 | expl_dev 0.61325 | branch 0.695
epoch 1710 | train_nll -1.38792 | train_fsce 0.51125 | val_dev 0.59985 | expl_dev 0.59439 | branch 0.703
epoch 1715 | train_nll -1.39579 | train_fsce 0.54715 | val_dev 0.58616 | expl_dev 0.60365 | branch 0.703
epoch 1720 | train_nll -1.39525 | train_fsce 0.53410 | val_dev 0.61755 | expl_dev 0.58243 | branch 0.698
epoch 1725 | train_nll -1.38397 | train_fsce 0.52925 | val_dev 0.64388 | expl_dev 0.56462 | branch 0.698
epoch 1730 | train_nll -1.39450 | train_fsce 0.53716 | val_dev 0.61682 | expl_dev 0.58292 | branch 0.695
epoch 1735 | train_nll -1.39219 | train_fsce 0.54664 | val_dev 0.66499 | expl_dev 0.55035 | branch 0.699
epoch 1740 | train_nll -1.38401 | train_fsce 0.50578 | val_dev 0.63457 | expl_dev 0.57092 | branch 0.693
epoch 1745 | train_nll -1.39049 | train_fsce 0.53413 | val_dev 0.65863 | expl_dev 0.55465 | branch 0.694
epoch 1750 | train_nll -1.39297 | train_fsce 0.52958 | val_dev 0.61949 | expl_dev 0.58111 | branch 0.700
epoch 1755 | train_nll -1.39349 | train_fsce 0.50599 | val_dev 0.59832 | expl_dev 0.59543 | branch 0.692
epoch 1760 | train_nll -1.39180 | train_fsce 0.51095 | val_dev 0.57956 | expl_dev 0.60812 | branch 0.708
epoch 1765 | train_nll -1.39707 | train_fsce 0.51367 | val_dev 0.59089 | expl_dev 0.60045 | branch 0.718
epoch 1770 | train_nll -1.38088 | train_fsce 0.54188 | val_dev 0.67336 | expl_dev 0.54469 | branch 0.698
epoch 1775 | train_nll -1.38730 | train_fsce 0.52892 | val_dev 0.63461 | expl_dev 0.57089 | branch 0.694
epoch 1780 | train_nll -1.38130 | train_fsce 0.49323 | val_dev 0.61457 | expl_dev 0.58444 | branch 0.696
epoch 1785 | train_nll -1.40362 | train_fsce 0.51862 | val_dev 0.64536 | expl_dev 0.56362 | branch 0.695
epoch 1790 | train_nll -1.38513 | train_fsce 0.53942 | val_dev 0.60564 | expl_dev 0.59048 | branch 0.684
epoch 1795 | train_nll -1.40428 | train_fsce 0.53480 | val_dev 0.65065 | expl_dev 0.56004 | branch 0.683
epoch 1800 | train_nll -1.39012 | train_fsce 0.51727 | val_dev 0.57640 | expl_dev 0.61025 | branch 0.678
epoch 1805 | train_nll -1.39470 | train_fsce 0.53138 | val_dev 0.61939 | expl_dev 0.58118 | branch 0.674
epoch 1810 | train_nll -1.39455 | train_fsce 0.54249 | val_dev 0.63510 | expl_dev 0.57056 | branch 0.677
epoch 1815 | train_nll -1.38813 | train_fsce 0.52155 | val_dev 0.64353 | expl_dev 0.56486 | branch 0.681
epoch 1820 | train_nll -1.40123 | train_fsce 0.51308 | val_dev 0.63761 | expl_dev 0.56886 | branch 0.671
epoch 1825 | train_nll -1.38750 | train_fsce 0.53320 | val_dev 0.61428 | expl_dev 0.58464 | branch 0.664
epoch 1830 | train_nll -1.38716 | train_fsce 0.54195 | val_dev 0.59385 | expl_dev 0.59845 | branch 0.668
epoch 1835 | train_nll -1.39541 | train_fsce 0.55382 | val_dev 0.71016 | expl_dev 0.51981 | branch 0.676
epoch 1840 | train_nll -1.39578 | train_fsce 0.53355 | val_dev 0.61900 | expl_dev 0.58144 | branch 0.664
epoch 1845 | train_nll -1.39942 | train_fsce 0.50923 | val_dev 0.64992 | expl_dev 0.56054 | branch 0.658
epoch 1850 | train_nll -1.38398 | train_fsce 0.52269 | val_dev 0.63875 | expl_dev 0.56809 | branch 0.664
epoch 1855 | train_nll -1.36249 | train_fsce 0.53683 | val_dev 0.69174 | expl_dev 0.53226 | branch 0.658
epoch 1860 | train_nll -1.38521 | train_fsce 0.52897 | val_dev 0.65946 | expl_dev 0.55409 | branch 0.671
epoch 1865 | train_nll -1.38617 | train_fsce 0.52515 | val_dev 0.66535 | expl_dev 0.55010 | branch 0.660
epoch 1870 | train_nll -1.39619 | train_fsce 0.51045 | val_dev 0.63343 | expl_dev 0.57169 | branch 0.659
epoch 1875 | train_nll -1.37831 | train_fsce 0.49523 | val_dev 0.60670 | expl_dev 0.58976 | branch 0.655
epoch 1880 | train_nll -1.38216 | train_fsce 0.53522 | val_dev 0.65207 | expl_dev 0.55908 | branch 0.657
epoch 1885 | train_nll -1.39104 | train_fsce 0.52680 | val_dev 0.66137 | expl_dev 0.55279 | branch 0.651
epoch 1890 | train_nll -1.38938 | train_fsce 0.51877 | val_dev 0.60167 | expl_dev 0.59317 | branch 0.644
epoch 1895 | train_nll -1.36630 | train_fsce 0.53085 | val_dev 0.64662 | expl_dev 0.56277 | branch 0.639
epoch 1900 | train_nll -1.38232 | train_fsce 0.52854 | val_dev 0.61639 | expl_dev 0.58321 | branch 0.646
epoch 1905 | train_nll -1.38620 | train_fsce 0.54009 | val_dev 0.61516 | expl_dev 0.58404 | branch 0.639
epoch 1910 | train_nll -1.38952 | train_fsce 0.54251 | val_dev 0.63365 | expl_dev 0.57154 | branch 0.635
epoch 1915 | train_nll -1.39137 | train_fsce 0.53697 | val_dev 0.60377 | expl_dev 0.59174 | branch 0.650
epoch 1920 | train_nll -1.39455 | train_fsce 0.53720 | val_dev 0.63542 | expl_dev 0.57034 | branch 0.645
epoch 1925 | train_nll -1.39934 | train_fsce 0.54871 | val_dev 0.60755 | expl_dev 0.58919 | branch 0.633
epoch 1930 | train_nll -1.39487 | train_fsce 0.54938 | val_dev 0.62384 | expl_dev 0.57817 | branch 0.638
epoch 1935 | train_nll -1.38944 | train_fsce 0.51672 | val_dev 0.60080 | expl_dev 0.59375 | branch 0.639
epoch 1940 | train_nll -1.40472 | train_fsce 0.52481 | val_dev 0.60802 | expl_dev 0.58887 | branch 0.649
epoch 1945 | train_nll -1.37700 | train_fsce 0.51034 | val_dev 0.61323 | expl_dev 0.58535 | branch 0.654
epoch 1950 | train_nll -1.39158 | train_fsce 0.52636 | val_dev 0.56721 | expl_dev 0.61646 | branch 0.653
epoch 1955 | train_nll -1.39897 | train_fsce 0.50883 | val_dev 0.59590 | expl_dev 0.59707 | branch 0.655
epoch 1960 | train_nll -1.39821 | train_fsce 0.53370 | val_dev 0.62615 | expl_dev 0.57661 | branch 0.652
epoch 1965 | train_nll -1.40192 | train_fsce 0.50406 | val_dev 0.63281 | expl_dev 0.57211 | branch 0.649
epoch 1970 | train_nll -1.39751 | train_fsce 0.50705 | val_dev 0.62245 | expl_dev 0.57911 | branch 0.669
epoch 1975 | train_nll -1.40162 | train_fsce 0.51387 | val_dev 0.66388 | expl_dev 0.55110 | branch 0.667
epoch 1980 | train_nll -1.39578 | train_fsce 0.52736 | val_dev 0.63535 | expl_dev 0.57039 | branch 0.661
epoch 1985 | train_nll -1.39031 | train_fsce 0.53709 | val_dev 0.63642 | expl_dev 0.56966 | branch 0.648
epoch 1990 | train_nll -1.39361 | train_fsce 0.52052 | val_dev 0.62690 | expl_dev 0.57610 | branch 0.655
epoch 1995 | train_nll -1.39019 | train_fsce 0.51478 | val_dev 0.65914 | expl_dev 0.55430 | branch 0.653
epoch 2000 | train_nll -1.39350 | train_fsce 0.51371 | val_dev 0.66052 | expl_dev 0.55337 | branch 0.644
epoch 2005 | train_nll -1.39251 | train_fsce 0.53147 | val_dev 0.62732 | expl_dev 0.57582 | branch 0.636
epoch 2010 | train_nll -1.39481 | train_fsce 0.52069 | val_dev 0.63348 | expl_dev 0.57165 | branch 0.646
epoch 2015 | train_nll -1.39299 | train_fsce 0.54395 | val_dev 0.62251 | expl_dev 0.57907 | branch 0.634
epoch 2020 | train_nll -1.39471 | train_fsce 0.50199 | val_dev 0.63935 | expl_dev 0.56768 | branch 0.631
epoch 2025 | train_nll -1.39199 | train_fsce 0.53233 | val_dev 0.61739 | expl_dev 0.58254 | branch 0.615
epoch 2030 | train_nll -1.39207 | train_fsce 0.53250 | val_dev 0.68024 | expl_dev 0.54004 | branch 0.620
epoch 2035 | train_nll -1.39793 | train_fsce 0.50845 | val_dev 0.61735 | expl_dev 0.58256 | branch 0.628
epoch 2040 | train_nll -1.38876 | train_fsce 0.51511 | val_dev 0.69291 | expl_dev 0.53147 | branch 0.630
epoch 2045 | train_nll -1.40347 | train_fsce 0.51537 | val_dev 0.65758 | expl_dev 0.55536 | branch 0.623
epoch 2050 | train_nll -1.38641 | train_fsce 0.52724 | val_dev 0.63178 | expl_dev 0.57280 | branch 0.613
epoch 2055 | train_nll -1.36368 | train_fsce 0.55584 | val_dev 0.67541 | expl_dev 0.54330 | branch 0.590
epoch 2060 | train_nll -1.38773 | train_fsce 0.52955 | val_dev 0.70140 | expl_dev 0.52573 | branch 0.590
epoch 2065 | train_nll -1.38926 | train_fsce 0.54002 | val_dev 0.70196 | expl_dev 0.52535 | branch 0.590
epoch 2070 | train_nll -1.39582 | train_fsce 0.53112 | val_dev 0.64802 | expl_dev 0.56182 | branch 0.614
epoch 2075 | train_nll -1.37622 | train_fsce 0.54041 | val_dev 0.66195 | expl_dev 0.55240 | branch 0.592
epoch 2080 | train_nll -1.38969 | train_fsce 0.54335 | val_dev 0.65241 | expl_dev 0.55885 | branch 0.608
epoch 2085 | train_nll -1.38659 | train_fsce 0.55996 | val_dev 0.61360 | expl_dev 0.58510 | branch 0.614
epoch 2090 | train_nll -1.39400 | train_fsce 0.50950 | val_dev 0.59287 | expl_dev 0.59911 | branch 0.613
epoch 2095 | train_nll -1.39933 | train_fsce 0.52087 | val_dev 0.66699 | expl_dev 0.54900 | branch 0.612
epoch 2100 | train_nll -1.39928 | train_fsce 0.56012 | val_dev 0.63638 | expl_dev 0.56969 | branch 0.618
epoch 2105 | train_nll -1.39554 | train_fsce 0.52210 | val_dev 0.66986 | expl_dev 0.54706 | branch 0.611
epoch 2110 | train_nll -1.40102 | train_fsce 0.52136 | val_dev 0.68234 | expl_dev 0.53861 | branch 0.605
epoch 2115 | train_nll -1.40707 | train_fsce 0.53221 | val_dev 0.59789 | expl_dev 0.59572 | branch 0.602
epoch 2120 | train_nll -1.40112 | train_fsce 0.52063 | val_dev 0.63069 | expl_dev 0.57354 | branch 0.606
epoch 2125 | train_nll -1.38710 | train_fsce 0.50521 | val_dev 0.64190 | expl_dev 0.56596 | branch 0.618
epoch 2130 | train_nll -1.39569 | train_fsce 0.52833 | val_dev 0.61847 | expl_dev 0.58180 | branch 0.620
epoch 2135 | train_nll -1.39999 | train_fsce 0.52858 | val_dev 0.64367 | expl_dev 0.56476 | branch 0.627
epoch 2140 | train_nll -1.39899 | train_fsce 0.54742 | val_dev 0.60025 | expl_dev 0.59413 | branch 0.618
epoch 2145 | train_nll -1.40140 | train_fsce 0.54330 | val_dev 0.59382 | expl_dev 0.59847 | branch 0.618
epoch 2150 | train_nll -1.40561 | train_fsce 0.53760 | val_dev 0.58609 | expl_dev 0.60370 | branch 0.632
epoch 2155 | train_nll -1.40259 | train_fsce 0.51776 | val_dev 0.61009 | expl_dev 0.58747 | branch 0.626
epoch 2160 | train_nll -1.40862 | train_fsce 0.49508 | val_dev 0.62958 | expl_dev 0.57429 | branch 0.612
epoch 2165 | train_nll -1.39827 | train_fsce 0.54225 | val_dev 0.61139 | expl_dev 0.58659 | branch 0.598
epoch 2170 | train_nll -1.38518 | train_fsce 0.52816 | val_dev 0.59450 | expl_dev 0.59801 | branch 0.610
epoch 2175 | train_nll -1.39845 | train_fsce 0.52833 | val_dev 0.62728 | expl_dev 0.57585 | branch 0.610
epoch 2180 | train_nll -1.39933 | train_fsce 0.51244 | val_dev 0.59829 | expl_dev 0.59545 | branch 0.621
epoch 2185 | train_nll -1.39880 | train_fsce 0.50938 | val_dev 0.64717 | expl_dev 0.56240 | branch 0.616
epoch 2190 | train_nll -1.40439 | train_fsce 0.51865 | val_dev 0.66705 | expl_dev 0.54896 | branch 0.600
epoch 2195 | train_nll -1.40272 | train_fsce 0.53104 | val_dev 0.65214 | expl_dev 0.55904 | branch 0.599
epoch 2200 | train_nll -1.39896 | train_fsce 0.53803 | val_dev 0.61881 | expl_dev 0.58158 | branch 0.592
epoch 2205 | train_nll -1.40147 | train_fsce 0.51571 | val_dev 0.59257 | expl_dev 0.59932 | branch 0.606
epoch 2210 | train_nll -1.40147 | train_fsce 0.53048 | val_dev 0.65450 | expl_dev 0.55744 | branch 0.608
epoch 2215 | train_nll -1.40995 | train_fsce 0.49915 | val_dev 0.65668 | expl_dev 0.55596 | branch 0.607
epoch 2220 | train_nll -1.40814 | train_fsce 0.53142 | val_dev 0.60072 | expl_dev 0.59381 | branch 0.606
epoch 2225 | train_nll -1.40756 | train_fsce 0.51467 | val_dev 0.62001 | expl_dev 0.58076 | branch 0.599
epoch 2230 | train_nll -1.39631 | train_fsce 0.55834 | val_dev 0.61698 | expl_dev 0.58281 | branch 0.599
epoch 2235 | train_nll -1.40298 | train_fsce 0.50889 | val_dev 0.64993 | expl_dev 0.56053 | branch 0.594
epoch 2240 | train_nll -1.40444 | train_fsce 0.50704 | val_dev 0.60212 | expl_dev 0.59286 | branch 0.604
epoch 2245 | train_nll -1.39615 | train_fsce 0.51412 | val_dev 0.62503 | expl_dev 0.57736 | branch 0.621
epoch 2250 | train_nll -1.40276 | train_fsce 0.51483 | val_dev 0.65319 | expl_dev 0.55833 | branch 0.614
epoch 2255 | train_nll -1.40268 | train_fsce 0.51787 | val_dev 0.63674 | expl_dev 0.56945 | branch 0.609
epoch 2260 | train_nll -1.40388 | train_fsce 0.52259 | val_dev 0.63814 | expl_dev 0.56851 | branch 0.614
epoch 2265 | train_nll -1.41011 | train_fsce 0.53531 | val_dev 0.64218 | expl_dev 0.56577 | branch 0.621
epoch 2270 | train_nll -1.41391 | train_fsce 0.51387 | val_dev 0.66419 | expl_dev 0.55089 | branch 0.618
epoch 2275 | train_nll -1.40197 | train_fsce 0.54427 | val_dev 0.59099 | expl_dev 0.60038 | branch 0.605
epoch 2280 | train_nll -1.39549 | train_fsce 0.54181 | val_dev 0.58960 | expl_dev 0.60133 | branch 0.590
epoch 2285 | train_nll -1.40345 | train_fsce 0.52942 | val_dev 0.65898 | expl_dev 0.55441 | branch 0.617
epoch 2290 | train_nll -1.40697 | train_fsce 0.52677 | val_dev 0.66912 | expl_dev 0.54756 | branch 0.601
epoch 2295 | train_nll -1.40567 | train_fsce 0.51994 | val_dev 0.64838 | expl_dev 0.56158 | branch 0.592
epoch 2300 | train_nll -1.40336 | train_fsce 0.53397 | val_dev 0.58695 | expl_dev 0.60311 | branch 0.611
epoch 2305 | train_nll -1.40292 | train_fsce 0.53484 | val_dev 0.59163 | expl_dev 0.59995 | branch 0.594
epoch 2310 | train_nll -1.40739 | train_fsce 0.54297 | val_dev 0.65351 | expl_dev 0.55811 | branch 0.590
epoch 2315 | train_nll -1.40509 | train_fsce 0.51921 | val_dev 0.61595 | expl_dev 0.58350 | branch 0.593
epoch 2320 | train_nll -1.41039 | train_fsce 0.52880 | val_dev 0.63824 | expl_dev 0.56843 | branch 0.604
epoch 2325 | train_nll -1.40254 | train_fsce 0.55550 | val_dev 0.59960 | expl_dev 0.59457 | branch 0.590
epoch 2330 | train_nll -1.39829 | train_fsce 0.53323 | val_dev 0.69427 | expl_dev 0.53055 | branch 0.595
epoch 2335 | train_nll -1.41036 | train_fsce 0.51657 | val_dev 0.70787 | expl_dev 0.52135 | branch 0.583
epoch 2340 | train_nll -1.40024 | train_fsce 0.52015 | val_dev 0.62165 | expl_dev 0.57965 | branch 0.597
epoch 2345 | train_nll -1.38987 | train_fsce 0.50467 | val_dev 0.65982 | expl_dev 0.55384 | branch 0.609
epoch 2350 | train_nll -1.40650 | train_fsce 0.52427 | val_dev 0.63824 | expl_dev 0.56844 | branch 0.600
epoch 2355 | train_nll -1.39389 | train_fsce 0.50546 | val_dev 0.67414 | expl_dev 0.54416 | branch 0.596
epoch 2360 | train_nll -1.39513 | train_fsce 0.53591 | val_dev 0.64294 | expl_dev 0.56526 | branch 0.579
epoch 2365 | train_nll -1.40975 | train_fsce 0.51845 | val_dev 0.65430 | expl_dev 0.55758 | branch 0.578
epoch 2370 | train_nll -1.41548 | train_fsce 0.51730 | val_dev 0.62659 | expl_dev 0.57631 | branch 0.581
epoch 2375 | train_nll -1.42075 | train_fsce 0.52376 | val_dev 0.65586 | expl_dev 0.55652 | branch 0.589
epoch 2380 | train_nll -1.41053 | train_fsce 0.51329 | val_dev 0.65014 | expl_dev 0.56039 | branch 0.585
epoch 2385 | train_nll -1.40447 | train_fsce 0.52063 | val_dev 0.66939 | expl_dev 0.54737 | branch 0.576
epoch 2390 | train_nll -1.40881 | train_fsce 0.53647 | val_dev 0.64584 | expl_dev 0.56329 | branch 0.570
epoch 2395 | train_nll -1.40807 | train_fsce 0.53253 | val_dev 0.65633 | expl_dev 0.55621 | branch 0.570
epoch 2400 | train_nll -1.38500 | train_fsce 0.51823 | val_dev 0.61141 | expl_dev 0.58658 | branch 0.580
epoch 2405 | train_nll -1.38632 | train_fsce 0.51985 | val_dev 0.65549 | expl_dev 0.55677 | branch 0.591
epoch 2410 | train_nll -1.40185 | train_fsce 0.52065 | val_dev 0.62376 | expl_dev 0.57822 | branch 0.601
epoch 2415 | train_nll -1.40719 | train_fsce 0.52344 | val_dev 0.61138 | expl_dev 0.58660 | branch 0.577
epoch 2420 | train_nll -1.41075 | train_fsce 0.53262 | val_dev 0.61950 | expl_dev 0.58111 | branch 0.581
epoch 2425 | train_nll -1.40857 | train_fsce 0.52454 | val_dev 0.64885 | expl_dev 0.56126 | branch 0.581
epoch 2430 | train_nll -1.40289 | train_fsce 0.51954 | val_dev 0.67798 | expl_dev 0.54157 | branch 0.571
epoch 2435 | train_nll -1.40235 | train_fsce 0.52982 | val_dev 0.62344 | expl_dev 0.57844 | branch 0.564
epoch 2440 | train_nll -1.39754 | train_fsce 0.54656 | val_dev 0.67436 | expl_dev 0.54401 | branch 0.559
epoch 2445 | train_nll -1.40483 | train_fsce 0.54098 | val_dev 0.73006 | expl_dev 0.50635 | branch 0.567
epoch 2450 | train_nll -1.41557 | train_fsce 0.53534 | val_dev 0.67821 | expl_dev 0.54141 | branch 0.572
epoch 2455 | train_nll -1.41903 | train_fsce 0.51581 | val_dev 0.60346 | expl_dev 0.59195 | branch 0.557
epoch 2460 | train_nll -1.41267 | train_fsce 0.54316 | val_dev 0.58561 | expl_dev 0.60402 | branch 0.553
epoch 2465 | train_nll -1.41284 | train_fsce 0.54038 | val_dev 0.69587 | expl_dev 0.52946 | branch 0.561
epoch 2470 | train_nll -1.41253 | train_fsce 0.53307 | val_dev 0.67317 | expl_dev 0.54482 | branch 0.564
epoch 2475 | train_nll -1.40541 | train_fsce 0.52297 | val_dev 0.68793 | expl_dev 0.53483 | branch 0.547
epoch 2480 | train_nll -1.41266 | train_fsce 0.53868 | val_dev 0.63780 | expl_dev 0.56873 | branch 0.561
epoch 2485 | train_nll -1.40228 | train_fsce 0.54313 | val_dev 0.60274 | expl_dev 0.59244 | branch 0.549
epoch 2490 | train_nll -1.39819 | train_fsce 0.56114 | val_dev 0.63458 | expl_dev 0.57091 | branch 0.545
epoch 2495 | train_nll -1.40362 | train_fsce 0.52090 | val_dev 0.68134 | expl_dev 0.53929 | branch 0.547
epoch 2500 | train_nll -1.40041 | train_fsce 0.53975 | val_dev 0.60692 | expl_dev 0.58961 | branch 0.541
epoch 2505 | train_nll -1.39748 | train_fsce 0.51904 | val_dev 0.62531 | expl_dev 0.57718 | branch 0.549
epoch 2510 | train_nll -1.40067 | train_fsce 0.53149 | val_dev 0.66168 | expl_dev 0.55259 | branch 0.557
epoch 2515 | train_nll -1.40983 | train_fsce 0.51239 | val_dev 0.59246 | expl_dev 0.59939 | branch 0.551
epoch 2520 | train_nll -1.41754 | train_fsce 0.55312 | val_dev 0.66392 | expl_dev 0.55107 | branch 0.530
epoch 2525 | train_nll -1.41321 | train_fsce 0.51711 | val_dev 0.69406 | expl_dev 0.53069 | branch 0.523
epoch 2530 | train_nll -1.40795 | train_fsce 0.52501 | val_dev 0.61708 | expl_dev 0.58274 | branch 0.532
epoch 2535 | train_nll -1.41039 | train_fsce 0.50468 | val_dev 0.64357 | expl_dev 0.56483 | branch 0.543
epoch 2540 | train_nll -1.40646 | train_fsce 0.53498 | val_dev 0.58975 | expl_dev 0.60123 | branch 0.528
epoch 2545 | train_nll -1.40187 | train_fsce 0.53807 | val_dev 0.58339 | expl_dev 0.60552 | branch 0.523
epoch 2550 | train_nll -1.39825 | train_fsce 0.51422 | val_dev 0.59942 | expl_dev 0.59468 | branch 0.534
epoch 2555 | train_nll -1.39786 | train_fsce 0.53233 | val_dev 0.58058 | expl_dev 0.60742 | branch 0.535
epoch 2560 | train_nll -1.39875 | train_fsce 0.53676 | val_dev 0.63764 | expl_dev 0.56884 | branch 0.525
epoch 2565 | train_nll -1.41019 | train_fsce 0.55662 | val_dev 0.62191 | expl_dev 0.57948 | branch 0.525
epoch 2570 | train_nll -1.40938 | train_fsce 0.53527 | val_dev 0.60331 | expl_dev 0.59206 | branch 0.527
epoch 2575 | train_nll -1.41312 | train_fsce 0.53482 | val_dev 0.63859 | expl_dev 0.56820 | branch 0.523
epoch 2580 | train_nll -1.41225 | train_fsce 0.50827 | val_dev 0.61933 | expl_dev 0.58122 | branch 0.527
epoch 2585 | train_nll -1.42122 | train_fsce 0.54046 | val_dev 0.61054 | expl_dev 0.58716 | branch 0.528
epoch 2590 | train_nll -1.41259 | train_fsce 0.52668 | val_dev 0.63186 | expl_dev 0.57275 | branch 0.522
epoch 2595 | train_nll -1.41179 | train_fsce 0.51845 | val_dev 0.67035 | expl_dev 0.54672 | branch 0.522
epoch 2600 | train_nll -1.41796 | train_fsce 0.52994 | val_dev 0.59880 | expl_dev 0.59511 | branch 0.511
epoch 2605 | train_nll -1.41780 | train_fsce 0.53123 | val_dev 0.65003 | expl_dev 0.56046 | branch 0.514
epoch 2610 | train_nll -1.40479 | train_fsce 0.52853 | val_dev 0.65367 | expl_dev 0.55800 | branch 0.514
epoch 2615 | train_nll -1.40958 | train_fsce 0.52529 | val_dev 0.65015 | expl_dev 0.56038 | branch 0.515
epoch 2620 | train_nll -1.40696 | train_fsce 0.52182 | val_dev 0.66550 | expl_dev 0.55000 | branch 0.518
epoch 2625 | train_nll -1.41610 | train_fsce 0.53122 | val_dev 0.61620 | expl_dev 0.58334 | branch 0.522
epoch 2630 | train_nll -1.41470 | train_fsce 0.51952 | val_dev 0.63087 | expl_dev 0.57342 | branch 0.523
epoch 2635 | train_nll -1.41419 | train_fsce 0.52043 | val_dev 0.62117 | expl_dev 0.57998 | branch 0.527
epoch 2640 | train_nll -1.40857 | train_fsce 0.52068 | val_dev 0.67241 | expl_dev 0.54533 | branch 0.532
epoch 2645 | train_nll -1.41257 | train_fsce 0.51308 | val_dev 0.64784 | expl_dev 0.56195 | branch 0.527
epoch 2650 | train_nll -1.41111 | train_fsce 0.52267 | val_dev 0.64055 | expl_dev 0.56688 | branch 0.522
epoch 2655 | train_nll -1.41227 | train_fsce 0.48980 | val_dev 0.63544 | expl_dev 0.57033 | branch 0.518
epoch 2660 | train_nll -1.41858 | train_fsce 0.51996 | val_dev 0.62108 | expl_dev 0.58004 | branch 0.522
epoch 2665 | train_nll -1.41669 | train_fsce 0.54527 | val_dev 0.61522 | expl_dev 0.58400 | branch 0.524
epoch 2670 | train_nll -1.41912 | train_fsce 0.50852 | val_dev 0.59928 | expl_dev 0.59478 | branch 0.521
epoch 2675 | train_nll -1.42286 | train_fsce 0.52953 | val_dev 0.57048 | expl_dev 0.61425 | branch 0.520
epoch 2680 | train_nll -1.40635 | train_fsce 0.53130 | val_dev 0.56866 | expl_dev 0.61548 | branch 0.527
epoch 2685 | train_nll -1.41483 | train_fsce 0.53587 | val_dev 0.63885 | expl_dev 0.56802 | branch 0.518
epoch 2690 | train_nll -1.41742 | train_fsce 0.51263 | val_dev 0.59568 | expl_dev 0.59721 | branch 0.511
epoch 2695 | train_nll -1.41794 | train_fsce 0.52694 | val_dev 0.60512 | expl_dev 0.59083 | branch 0.519
epoch 2700 | train_nll -1.40738 | train_fsce 0.52515 | val_dev 0.61767 | expl_dev 0.58234 | branch 0.516
epoch 2705 | train_nll -1.41646 | train_fsce 0.53061 | val_dev 0.55227 | expl_dev 0.62657 | branch 0.517
epoch 2710 | train_nll -1.42462 | train_fsce 0.52636 | val_dev 0.61010 | expl_dev 0.58746 | branch 0.521
epoch 2715 | train_nll -1.40463 | train_fsce 0.51743 | val_dev 0.64059 | expl_dev 0.56685 | branch 0.521
epoch 2720 | train_nll -1.41209 | train_fsce 0.51163 | val_dev 0.62849 | expl_dev 0.57503 | branch 0.516
epoch 2725 | train_nll -1.41711 | train_fsce 0.49448 | val_dev 0.57146 | expl_dev 0.61359 | branch 0.495
epoch 2730 | train_nll -1.40994 | train_fsce 0.52410 | val_dev 0.57869 | expl_dev 0.60870 | branch 0.492
epoch 2735 | train_nll -1.42131 | train_fsce 0.50913 | val_dev 0.59769 | expl_dev 0.59585 | branch 0.498
epoch 2740 | train_nll -1.41497 | train_fsce 0.52107 | val_dev 0.58556 | expl_dev 0.60405 | branch 0.495
epoch 2745 | train_nll -1.41348 | train_fsce 0.51195 | val_dev 0.56235 | expl_dev 0.61975 | branch 0.512
epoch 2750 | train_nll -1.41313 | train_fsce 0.53534 | val_dev 0.58338 | expl_dev 0.60553 | branch 0.515
epoch 2755 | train_nll -1.41720 | train_fsce 0.48883 | val_dev 0.59992 | expl_dev 0.59434 | branch 0.514
epoch 2760 | train_nll -1.41617 | train_fsce 0.49267 | val_dev 0.60456 | expl_dev 0.59121 | branch 0.514
epoch 2765 | train_nll -1.41113 | train_fsce 0.52526 | val_dev 0.60250 | expl_dev 0.59260 | branch 0.511
epoch 2770 | train_nll -1.40644 | train_fsce 0.50375 | val_dev 0.59874 | expl_dev 0.59514 | branch 0.505
epoch 2775 | train_nll -1.41044 | train_fsce 0.51002 | val_dev 0.58261 | expl_dev 0.60605 | branch 0.501
epoch 2780 | train_nll -1.42285 | train_fsce 0.50794 | val_dev 0.58504 | expl_dev 0.60441 | branch 0.501
epoch 2785 | train_nll -1.40767 | train_fsce 0.54167 | val_dev 0.62295 | expl_dev 0.57877 | branch 0.521
epoch 2790 | train_nll -1.40622 | train_fsce 0.53536 | val_dev 0.60242 | expl_dev 0.59265 | branch 0.526
epoch 2795 | train_nll -1.40754 | train_fsce 0.51439 | val_dev 0.60360 | expl_dev 0.59186 | branch 0.520
epoch 2800 | train_nll -1.40221 | train_fsce 0.50232 | val_dev 0.59462 | expl_dev 0.59793 | branch 0.525
epoch 2805 | train_nll -1.41257 | train_fsce 0.51236 | val_dev 0.64721 | expl_dev 0.56237 | branch 0.514
epoch 2810 | train_nll -1.42448 | train_fsce 0.52909 | val_dev 0.61789 | expl_dev 0.58219 | branch 0.519
epoch 2815 | train_nll -1.41468 | train_fsce 0.51503 | val_dev 0.60769 | expl_dev 0.58909 | branch 0.520
epoch 2820 | train_nll -1.41646 | train_fsce 0.53667 | val_dev 0.62573 | expl_dev 0.57689 | branch 0.511
epoch 2825 | train_nll -1.39884 | train_fsce 0.52653 | val_dev 0.60292 | expl_dev 0.59232 | branch 0.525
epoch 2830 | train_nll -1.41432 | train_fsce 0.50828 | val_dev 0.62389 | expl_dev 0.57814 | branch 0.521
epoch 2835 | train_nll -1.41440 | train_fsce 0.48682 | val_dev 0.60448 | expl_dev 0.59126 | branch 0.513
epoch 2840 | train_nll -1.42546 | train_fsce 0.53543 | val_dev 0.62564 | expl_dev 0.57696 | branch 0.505
epoch 2845 | train_nll -1.42303 | train_fsce 0.52896 | val_dev 0.63047 | expl_dev 0.57369 | branch 0.496
epoch 2850 | train_nll -1.41995 | train_fsce 0.52329 | val_dev 0.64920 | expl_dev 0.56103 | branch 0.504
epoch 2855 | train_nll -1.41108 | train_fsce 0.51268 | val_dev 0.61429 | expl_dev 0.58463 | branch 0.508
epoch 2860 | train_nll -1.41645 | train_fsce 0.50358 | val_dev 0.65381 | expl_dev 0.55790 | branch 0.502
epoch 2865 | train_nll -1.42413 | train_fsce 0.51871 | val_dev 0.61798 | expl_dev 0.58213 | branch 0.503
epoch 2870 | train_nll -1.41924 | train_fsce 0.50128 | val_dev 0.61695 | expl_dev 0.58283 | branch 0.504
epoch 2875 | train_nll -1.40469 | train_fsce 0.51223 | val_dev 0.63410 | expl_dev 0.57124 | branch 0.493
epoch 2880 | train_nll -1.40103 | train_fsce 0.54195 | val_dev 0.58274 | expl_dev 0.60596 | branch 0.485
epoch 2885 | train_nll -1.40474 | train_fsce 0.52653 | val_dev 0.60755 | expl_dev 0.58918 | branch 0.486
epoch 2890 | train_nll -1.41916 | train_fsce 0.53341 | val_dev 0.60718 | expl_dev 0.58944 | branch 0.485
epoch 2895 | train_nll -1.42011 | train_fsce 0.51570 | val_dev 0.60185 | expl_dev 0.59304 | branch 0.503
epoch 2900 | train_nll -1.41099 | train_fsce 0.49753 | val_dev 0.59142 | expl_dev 0.60009 | branch 0.501
epoch 2905 | train_nll -1.41984 | train_fsce 0.53674 | val_dev 0.63061 | expl_dev 0.57359 | branch 0.500
epoch 2910 | train_nll -1.41456 | train_fsce 0.51345 | val_dev 0.63692 | expl_dev 0.56933 | branch 0.501
epoch 2915 | train_nll -1.42101 | train_fsce 0.53616 | val_dev 0.62980 | expl_dev 0.57414 | branch 0.485
epoch 2920 | train_nll -1.41989 | train_fsce 0.51464 | val_dev 0.62620 | expl_dev 0.57658 | branch 0.480
epoch 2925 | train_nll -1.40933 | train_fsce 0.54468 | val_dev 0.63265 | expl_dev 0.57222 | branch 0.483
epoch 2930 | train_nll -1.41470 | train_fsce 0.52479 | val_dev 0.61634 | expl_dev 0.58324 | branch 0.484
epoch 2935 | train_nll -1.42401 | train_fsce 0.51925 | val_dev 0.61044 | expl_dev 0.58724 | branch 0.477
epoch 2940 | train_nll -1.40854 | train_fsce 0.52534 | val_dev 0.61716 | expl_dev 0.58269 | branch 0.473
epoch 2945 | train_nll -1.39964 | train_fsce 0.54134 | val_dev 0.56998 | expl_dev 0.61459 | branch 0.479
epoch 2950 | train_nll -1.40884 | train_fsce 0.51351 | val_dev 0.60731 | expl_dev 0.58935 | branch 0.471
epoch 2955 | train_nll -1.41537 | train_fsce 0.50594 | val_dev 0.58793 | expl_dev 0.60245 | branch 0.475
epoch 2960 | train_nll -1.42483 | train_fsce 0.52257 | val_dev 0.59260 | expl_dev 0.59930 | branch 0.472
epoch 2965 | train_nll -1.41911 | train_fsce 0.53106 | val_dev 0.62629 | expl_dev 0.57652 | branch 0.471
epoch 2970 | train_nll -1.42303 | train_fsce 0.53155 | val_dev 0.56066 | expl_dev 0.62089 | branch 0.477
epoch 2975 | train_nll -1.41500 | train_fsce 0.53999 | val_dev 0.54960 | expl_dev 0.62837 | branch 0.470
epoch 2980 | train_nll -1.41654 | train_fsce 0.52323 | val_dev 0.56528 | expl_dev 0.61777 | branch 0.489
epoch 2985 | train_nll -1.41757 | train_fsce 0.53006 | val_dev 0.55039 | expl_dev 0.62784 | branch 0.472
epoch 2990 | train_nll -1.41145 | train_fsce 0.52398 | val_dev 0.55758 | expl_dev 0.62298 | branch 0.477
epoch 2995 | train_nll -1.41533 | train_fsce 0.53175 | val_dev 0.61321 | expl_dev 0.58536 | branch 0.477
epoch 3000 | train_nll -1.42074 | train_fsce 0.50780 | val_dev 0.63858 | expl_dev 0.56821 | branch 0.486
epoch 3005 | train_nll -1.42561 | train_fsce 0.48929 | val_dev 0.59914 | expl_dev 0.59487 | branch 0.479
epoch 3010 | train_nll -1.42096 | train_fsce 0.54758 | val_dev 0.59414 | expl_dev 0.59825 | branch 0.465
epoch 3015 | train_nll -1.42605 | train_fsce 0.51047 | val_dev 0.61060 | expl_dev 0.58712 | branch 0.466
epoch 3020 | train_nll -1.43121 | train_fsce 0.51982 | val_dev 0.56247 | expl_dev 0.61967 | branch 0.459
epoch 3025 | train_nll -1.41366 | train_fsce 0.50649 | val_dev 0.55214 | expl_dev 0.62666 | branch 0.460
epoch 3030 | train_nll -1.41870 | train_fsce 0.51596 | val_dev 0.56384 | expl_dev 0.61874 | branch 0.462
epoch 3035 | train_nll -1.42025 | train_fsce 0.50997 | val_dev 0.57025 | expl_dev 0.61441 | branch 0.460
epoch 3040 | train_nll -1.42253 | train_fsce 0.52590 | val_dev 0.59372 | expl_dev 0.59854 | branch 0.449
epoch 3045 | train_nll -1.42863 | train_fsce 0.51734 | val_dev 0.60590 | expl_dev 0.59030 | branch 0.442
epoch 3050 | train_nll -1.42619 | train_fsce 0.50511 | val_dev 0.61387 | expl_dev 0.58491 | branch 0.454
epoch 3055 | train_nll -1.41782 | train_fsce 0.49899 | val_dev 0.61313 | expl_dev 0.58541 | branch 0.446
epoch 3060 | train_nll -1.42340 | train_fsce 0.50783 | val_dev 0.62319 | expl_dev 0.57861 | branch 0.455
epoch 3065 | train_nll -1.42140 | train_fsce 0.53916 | val_dev 0.61114 | expl_dev 0.58676 | branch 0.429
epoch 3070 | train_nll -1.42011 | train_fsce 0.52646 | val_dev 0.58738 | expl_dev 0.60283 | branch 0.443
epoch 3075 | train_nll -1.41251 | train_fsce 0.52723 | val_dev 0.59347 | expl_dev 0.59871 | branch 0.436
epoch 3080 | train_nll -1.41874 | train_fsce 0.51263 | val_dev 0.58909 | expl_dev 0.60167 | branch 0.435
epoch 3085 | train_nll -1.42437 | train_fsce 0.52016 | val_dev 0.60045 | expl_dev 0.59399 | branch 0.433
epoch 3090 | train_nll -1.43024 | train_fsce 0.50885 | val_dev 0.59407 | expl_dev 0.59830 | branch 0.446
epoch 3095 | train_nll -1.42132 | train_fsce 0.52006 | val_dev 0.68157 | expl_dev 0.53914 | branch 0.438
epoch 3100 | train_nll -1.40803 | train_fsce 0.52234 | val_dev 0.62864 | expl_dev 0.57493 | branch 0.445
epoch 3105 | train_nll -1.41258 | train_fsce 0.52483 | val_dev 0.64529 | expl_dev 0.56367 | branch 0.446
epoch 3110 | train_nll -1.42010 | train_fsce 0.52570 | val_dev 0.65351 | expl_dev 0.55811 | branch 0.438
epoch 3115 | train_nll -1.41418 | train_fsce 0.54024 | val_dev 0.62822 | expl_dev 0.57521 | branch 0.439
epoch 3120 | train_nll -1.39876 | train_fsce 0.54911 | val_dev 0.64354 | expl_dev 0.56485 | branch 0.454
epoch 3125 | train_nll -1.41445 | train_fsce 0.53756 | val_dev 0.60900 | expl_dev 0.58821 | branch 0.456
epoch 3130 | train_nll -1.42004 | train_fsce 0.52268 | val_dev 0.61318 | expl_dev 0.58538 | branch 0.442
epoch 3135 | train_nll -1.41239 | train_fsce 0.54032 | val_dev 0.65996 | expl_dev 0.55375 | branch 0.439
epoch 3140 | train_nll -1.38788 | train_fsce 0.56704 | val_dev 0.62181 | expl_dev 0.57955 | branch 0.424
epoch 3145 | train_nll -1.40418 | train_fsce 0.52940 | val_dev 0.61527 | expl_dev 0.58397 | branch 0.415
epoch 3150 | train_nll -1.40942 | train_fsce 0.54208 | val_dev 0.61409 | expl_dev 0.58477 | branch 0.422
epoch 3155 | train_nll -1.41798 | train_fsce 0.54807 | val_dev 0.64745 | expl_dev 0.56221 | branch 0.422
epoch 3160 | train_nll -1.41588 | train_fsce 0.51645 | val_dev 0.57304 | expl_dev 0.61253 | branch 0.435
epoch 3165 | train_nll -1.41241 | train_fsce 0.52403 | val_dev 0.60147 | expl_dev 0.59330 | branch 0.434
epoch 3170 | train_nll -1.40843 | train_fsce 0.53647 | val_dev 0.57736 | expl_dev 0.60960 | branch 0.440
epoch 3175 | train_nll -1.40410 | train_fsce 0.51497 | val_dev 0.57547 | expl_dev 0.61088 | branch 0.451
epoch 3180 | train_nll -1.40217 | train_fsce 0.53565 | val_dev 0.54938 | expl_dev 0.62852 | branch 0.459
epoch 3185 | train_nll -1.42873 | train_fsce 0.51404 | val_dev 0.55157 | expl_dev 0.62704 | branch 0.450
epoch 3190 | train_nll -1.43289 | train_fsce 0.51316 | val_dev 0.61772 | expl_dev 0.58231 | branch 0.439
epoch 3195 | train_nll -1.42264 | train_fsce 0.52371 | val_dev 0.56301 | expl_dev 0.61930 | branch 0.451
epoch 3200 | train_nll -1.42245 | train_fsce 0.52644 | val_dev 0.60347 | expl_dev 0.59195 | branch 0.457
epoch 3205 | train_nll -1.41787 | train_fsce 0.52680 | val_dev 0.61552 | expl_dev 0.58380 | branch 0.446
epoch 3210 | train_nll -1.41485 | train_fsce 0.52401 | val_dev 0.56686 | expl_dev 0.61670 | branch 0.440
epoch 3215 | train_nll -1.40579 | train_fsce 0.52784 | val_dev 0.62250 | expl_dev 0.57908 | branch 0.435
epoch 3220 | train_nll -1.42707 | train_fsce 0.54173 | val_dev 0.61677 | expl_dev 0.58295 | branch 0.443
epoch 3225 | train_nll -1.41636 | train_fsce 0.51817 | val_dev 0.66403 | expl_dev 0.55099 | branch 0.432
epoch 3230 | train_nll -1.41548 | train_fsce 0.52552 | val_dev 0.55671 | expl_dev 0.62356 | branch 0.453
epoch 3235 | train_nll -1.41049 | train_fsce 0.52576 | val_dev 0.57408 | expl_dev 0.61182 | branch 0.459
epoch 3240 | train_nll -1.41679 | train_fsce 0.53919 | val_dev 0.62816 | expl_dev 0.57525 | branch 0.465
epoch 3245 | train_nll -1.42456 | train_fsce 0.50032 | val_dev 0.57986 | expl_dev 0.60791 | branch 0.471
epoch 3250 | train_nll -1.41662 | train_fsce 0.51941 | val_dev 0.61081 | expl_dev 0.58698 | branch 0.463
epoch 3255 | train_nll -1.42381 | train_fsce 0.51024 | val_dev 0.61882 | expl_dev 0.58156 | branch 0.473
epoch 3260 | train_nll -1.41710 | train_fsce 0.52951 | val_dev 0.58730 | expl_dev 0.60288 | branch 0.477
epoch 3265 | train_nll -1.40994 | train_fsce 0.54474 | val_dev 0.54919 | expl_dev 0.62865 | branch 0.481
epoch 3270 | train_nll -1.41243 | train_fsce 0.50696 | val_dev 0.59209 | expl_dev 0.59964 | branch 0.475
epoch 3275 | train_nll -1.41987 | train_fsce 0.52399 | val_dev 0.58979 | expl_dev 0.60119 | branch 0.460
epoch 3280 | train_nll -1.41788 | train_fsce 0.55062 | val_dev 0.60990 | expl_dev 0.58760 | branch 0.455
epoch 3285 | train_nll -1.41322 | train_fsce 0.51544 | val_dev 0.58476 | expl_dev 0.60460 | branch 0.448
epoch 3290 | train_nll -1.42228 | train_fsce 0.52430 | val_dev 0.57993 | expl_dev 0.60786 | branch 0.445
epoch 3295 | train_nll -1.42057 | train_fsce 0.54496 | val_dev 0.57736 | expl_dev 0.60960 | branch 0.449
epoch 3300 | train_nll -1.41895 | train_fsce 0.55162 | val_dev 0.58797 | expl_dev 0.60242 | branch 0.468
epoch 3305 | train_nll -1.41199 | train_fsce 0.51562 | val_dev 0.56390 | expl_dev 0.61870 | branch 0.469
epoch 3310 | train_nll -1.42864 | train_fsce 0.53479 | val_dev 0.57224 | expl_dev 0.61306 | branch 0.458
epoch 3315 | train_nll -1.42357 | train_fsce 0.51748 | val_dev 0.56882 | expl_dev 0.61537 | branch 0.446
epoch 3320 | train_nll -1.41560 | train_fsce 0.53226 | val_dev 0.56693 | expl_dev 0.61665 | branch 0.455
epoch 3325 | train_nll -1.42443 | train_fsce 0.50803 | val_dev 0.54717 | expl_dev 0.63001 | branch 0.463
epoch 3330 | train_nll -1.43209 | train_fsce 0.52277 | val_dev 0.55933 | expl_dev 0.62179 | branch 0.460
epoch 3335 | train_nll -1.41748 | train_fsce 0.51530 | val_dev 0.58925 | expl_dev 0.60156 | branch 0.460
epoch 3340 | train_nll -1.42003 | train_fsce 0.52400 | val_dev 0.57719 | expl_dev 0.60971 | branch 0.473
epoch 3345 | train_nll -1.43111 | train_fsce 0.52115 | val_dev 0.56997 | expl_dev 0.61460 | branch 0.464
epoch 3350 | train_nll -1.42665 | train_fsce 0.53887 | val_dev 0.58062 | expl_dev 0.60739 | branch 0.470
epoch 3355 | train_nll -1.42247 | train_fsce 0.51851 | val_dev 0.57765 | expl_dev 0.60941 | branch 0.476
epoch 3360 | train_nll -1.42163 | train_fsce 0.53707 | val_dev 0.56055 | expl_dev 0.62097 | branch 0.481
epoch 3365 | train_nll -1.42606 | train_fsce 0.53264 | val_dev 0.54534 | expl_dev 0.63125 | branch 0.494
epoch 3370 | train_nll -1.42447 | train_fsce 0.50757 | val_dev 0.56428 | expl_dev 0.61845 | branch 0.492
epoch 3375 | train_nll -1.41210 | train_fsce 0.54972 | val_dev 0.58938 | expl_dev 0.60148 | branch 0.482
epoch 3380 | train_nll -1.41314 | train_fsce 0.55387 | val_dev 0.59239 | expl_dev 0.59944 | branch 0.468
epoch 3385 | train_nll -1.42525 | train_fsce 0.52322 | val_dev 0.55930 | expl_dev 0.62181 | branch 0.475
epoch 3390 | train_nll -1.42681 | train_fsce 0.52898 | val_dev 0.56724 | expl_dev 0.61644 | branch 0.462
epoch 3395 | train_nll -1.42374 | train_fsce 0.54150 | val_dev 0.56880 | expl_dev 0.61539 | branch 0.462
epoch 3400 | train_nll -1.42330 | train_fsce 0.52343 | val_dev 0.57957 | expl_dev 0.60811 | branch 0.468
epoch 3405 | train_nll -1.42828 | train_fsce 0.51623 | val_dev 0.57761 | expl_dev 0.60943 | branch 0.455
epoch 3410 | train_nll -1.42400 | train_fsce 0.55201 | val_dev 0.59089 | expl_dev 0.60045 | branch 0.453
epoch 3415 | train_nll -1.42404 | train_fsce 0.52183 | val_dev 0.64937 | expl_dev 0.56091 | branch 0.462
epoch 3420 | train_nll -1.41304 | train_fsce 0.54634 | val_dev 0.67433 | expl_dev 0.54403 | branch 0.438
epoch 3425 | train_nll -1.42059 | train_fsce 0.53310 | val_dev 0.62798 | expl_dev 0.57537 | branch 0.454
epoch 3430 | train_nll -1.42357 | train_fsce 0.53603 | val_dev 0.55677 | expl_dev 0.62353 | branch 0.455
epoch 3435 | train_nll -1.42605 | train_fsce 0.54067 | val_dev 0.57046 | expl_dev 0.61427 | branch 0.465
epoch 3440 | train_nll -1.43467 | train_fsce 0.52444 | val_dev 0.56029 | expl_dev 0.62114 | branch 0.451
epoch 3445 | train_nll -1.43067 | train_fsce 0.55773 | val_dev 0.57024 | expl_dev 0.61442 | branch 0.457
epoch 3450 | train_nll -1.41918 | train_fsce 0.51775 | val_dev 0.58193 | expl_dev 0.60651 | branch 0.471
epoch 3455 | train_nll -1.42223 | train_fsce 0.52074 | val_dev 0.55821 | expl_dev 0.62255 | branch 0.465
epoch 3460 | train_nll -1.42282 | train_fsce 0.51763 | val_dev 0.55210 | expl_dev 0.62668 | branch 0.452
epoch 3465 | train_nll -1.43298 | train_fsce 0.50660 | val_dev 0.55108 | expl_dev 0.62737 | branch 0.455
epoch 3470 | train_nll -1.42126 | train_fsce 0.52534 | val_dev 0.56716 | expl_dev 0.61650 | branch 0.460
epoch 3475 | train_nll -1.41915 | train_fsce 0.49974 | val_dev 0.56252 | expl_dev 0.61963 | branch 0.453
epoch 3480 | train_nll -1.42020 | train_fsce 0.53177 | val_dev 0.55190 | expl_dev 0.62682 | branch 0.453
epoch 3485 | train_nll -1.43507 | train_fsce 0.51574 | val_dev 0.56222 | expl_dev 0.61984 | branch 0.455
epoch 3490 | train_nll -1.42889 | train_fsce 0.53144 | val_dev 0.56397 | expl_dev 0.61866 | branch 0.459
epoch 3495 | train_nll -1.42386 | train_fsce 0.55016 | val_dev 0.57128 | expl_dev 0.61371 | branch 0.454
epoch 3500 | train_nll -1.42005 | train_fsce 0.55143 | val_dev 0.59511 | expl_dev 0.59760 | branch 0.458
epoch 3505 | train_nll -1.41721 | train_fsce 0.53809 | val_dev 0.59760 | expl_dev 0.59591 | branch 0.449
epoch 3510 | train_nll -1.41403 | train_fsce 0.55227 | val_dev 0.56049 | expl_dev 0.62101 | branch 0.446
epoch 3515 | train_nll -1.42708 | train_fsce 0.51623 | val_dev 0.57604 | expl_dev 0.61049 | branch 0.438
epoch 3520 | train_nll -1.42227 | train_fsce 0.54006 | val_dev 0.58728 | expl_dev 0.60290 | branch 0.453
epoch 3525 | train_nll -1.42032 | train_fsce 0.51200 | val_dev 0.59079 | expl_dev 0.60052 | branch 0.463
epoch 3530 | train_nll -1.42315 | train_fsce 0.51549 | val_dev 0.59692 | expl_dev 0.59637 | branch 0.456
epoch 3535 | train_nll -1.42477 | train_fsce 0.53220 | val_dev 0.63822 | expl_dev 0.56845 | branch 0.453
epoch 3540 | train_nll -1.42777 | train_fsce 0.49755 | val_dev 0.61438 | expl_dev 0.58457 | branch 0.460
epoch 3545 | train_nll -1.42478 | train_fsce 0.50880 | val_dev 0.55964 | expl_dev 0.62158 | branch 0.453
epoch 3550 | train_nll -1.42533 | train_fsce 0.51807 | val_dev 0.61637 | expl_dev 0.58322 | branch 0.461
epoch 3555 | train_nll -1.43304 | train_fsce 0.51546 | val_dev 0.60902 | expl_dev 0.58820 | branch 0.467
epoch 3560 | train_nll -1.43456 | train_fsce 0.52491 | val_dev 0.60295 | expl_dev 0.59230 | branch 0.459
epoch 3565 | train_nll -1.42162 | train_fsce 0.50264 | val_dev 0.57669 | expl_dev 0.61005 | branch 0.458
epoch 3570 | train_nll -1.41881 | train_fsce 0.53960 | val_dev 0.68100 | expl_dev 0.53952 | branch 0.450
epoch 3575 | train_nll -1.41164 | train_fsce 0.52112 | val_dev 0.64556 | expl_dev 0.56348 | branch 0.450
epoch 3580 | train_nll -1.41577 | train_fsce 0.55596 | val_dev 0.60597 | expl_dev 0.59026 | branch 0.451
epoch 3585 | train_nll -1.42419 | train_fsce 0.52903 | val_dev 0.60996 | expl_dev 0.58755 | branch 0.458
epoch 3590 | train_nll -1.42278 | train_fsce 0.52301 | val_dev 0.59859 | expl_dev 0.59524 | branch 0.450
epoch 3595 | train_nll -1.41547 | train_fsce 0.54390 | val_dev 0.61999 | expl_dev 0.58078 | branch 0.462
epoch 3600 | train_nll -1.40551 | train_fsce 0.54928 | val_dev 0.61414 | expl_dev 0.58473 | branch 0.463
epoch 3605 | train_nll -1.40299 | train_fsce 0.52832 | val_dev 0.63427 | expl_dev 0.57112 | branch 0.457
epoch 3610 | train_nll -1.40817 | train_fsce 0.56947 | val_dev 0.62216 | expl_dev 0.57931 | branch 0.462
epoch 3615 | train_nll -1.42173 | train_fsce 0.54632 | val_dev 0.56417 | expl_dev 0.61852 | branch 0.453
epoch 3620 | train_nll -1.41669 | train_fsce 0.53055 | val_dev 0.58984 | expl_dev 0.60116 | branch 0.454
epoch 3625 | train_nll -1.41999 | train_fsce 0.52840 | val_dev 0.59017 | expl_dev 0.60094 | branch 0.456
epoch 3630 | train_nll -1.41642 | train_fsce 0.54264 | val_dev 0.57560 | expl_dev 0.61079 | branch 0.459
epoch 3635 | train_nll -1.41816 | train_fsce 0.53476 | val_dev 0.57603 | expl_dev 0.61050 | branch 0.445
epoch 3640 | train_nll -1.42480 | train_fsce 0.52991 | val_dev 0.59185 | expl_dev 0.59980 | branch 0.444
epoch 3645 | train_nll -1.42568 | train_fsce 0.54011 | val_dev 0.58619 | expl_dev 0.60363 | branch 0.468
epoch 3650 | train_nll -1.43176 | train_fsce 0.52929 | val_dev 0.59430 | expl_dev 0.59815 | branch 0.470
epoch 3655 | train_nll -1.42154 | train_fsce 0.51544 | val_dev 0.56850 | expl_dev 0.61560 | branch 0.469
epoch 3660 | train_nll -1.43557 | train_fsce 0.51144 | val_dev 0.57356 | expl_dev 0.61217 | branch 0.480
epoch 3665 | train_nll -1.42425 | train_fsce 0.53843 | val_dev 0.56646 | expl_dev 0.61697 | branch 0.497
epoch 3670 | train_nll -1.42471 | train_fsce 0.52265 | val_dev 0.57188 | expl_dev 0.61331 | branch 0.487
epoch 3675 | train_nll -1.42881 | train_fsce 0.53184 | val_dev 0.56039 | expl_dev 0.62107 | branch 0.479
epoch 3680 | train_nll -1.43740 | train_fsce 0.52994 | val_dev 0.57344 | expl_dev 0.61225 | branch 0.469
epoch 3685 | train_nll -1.42432 | train_fsce 0.54067 | val_dev 0.56537 | expl_dev 0.61771 | branch 0.467
epoch 3690 | train_nll -1.39335 | train_fsce 0.51760 | val_dev 0.59125 | expl_dev 0.60021 | branch 0.457
epoch 3695 | train_nll -1.40854 | train_fsce 0.54325 | val_dev 0.63077 | expl_dev 0.57349 | branch 0.518
epoch 3700 | train_nll -1.41848 | train_fsce 0.52418 | val_dev 0.61485 | expl_dev 0.58425 | branch 0.532
epoch 3705 | train_nll -1.42181 | train_fsce 0.54135 | val_dev 0.58646 | expl_dev 0.60345 | branch 0.520
epoch 3710 | train_nll -1.42659 | train_fsce 0.50733 | val_dev 0.59304 | expl_dev 0.59900 | branch 0.515
epoch 3715 | train_nll -1.42045 | train_fsce 0.51860 | val_dev 0.56114 | expl_dev 0.62057 | branch 0.516
epoch 3720 | train_nll -1.42442 | train_fsce 0.53833 | val_dev 0.59934 | expl_dev 0.59474 | branch 0.515
epoch 3725 | train_nll -1.42477 | train_fsce 0.52883 | val_dev 0.54695 | expl_dev 0.63016 | branch 0.518
