[dataset]
  dataset = fsq
  csv = data/tky_clean.csv
  cat_col = category
  categories = ['Dining and Drinking', 'Retail', 'Nightlife Spot', 'Community and Government', 'Travel and Transportation', 'Business and Professional Services', 'Landmarks and Outdoors', 'Arts and Entertainment', 'Health and Medicine', 'Sports and Recreation']
  half_width = 50.0
  cell = 15
  center_step = 100
  min_poi = 10
  crs = EPSG:6677

[hparams]
  LATENT_DIM = 2
  EPOCHS = 200
  BATCH = 256
  LR = 0.001
  WEIGHT_DECAY = 0.0001
  VAL_FRAC = 0.1
  SEED = 0
  N_NEIGHBORS = 15
  GRAPH_METRIC = euclidean
  EDGE_BATCH = 256
  LAMBDA_FSCE = 0
  WARMUP_EPOCHS = 100
  NOISE_P = 0.3
  NOISE_MODE = thinning

1233 個 patch，device=mps，噪聲 thinning p=0.3
FSCE graph：24900 條邊，a=1.5769 b=0.8951
epoch    1 | train_nll 1.08631 | train_fsce 4.41328 | val_dev 4.85942 | expl_dev -2.28584
epoch    5 | train_nll -0.02647 | train_fsce 5.45318 | val_dev 2.01506 | expl_dev -0.36254
epoch   10 | train_nll -0.76533 | train_fsce 6.07412 | val_dev 1.52710 | expl_dev -0.03259
epoch   15 | train_nll -0.93278 | train_fsce 2.05357 | val_dev 1.19825 | expl_dev 0.18977
epoch   20 | train_nll -0.97245 | train_fsce 2.38470 | val_dev 1.18102 | expl_dev 0.20142
epoch   25 | train_nll -0.98810 | train_fsce 2.36366 | val_dev 1.15823 | expl_dev 0.21683
epoch   30 | train_nll -1.00291 | train_fsce 2.29403 | val_dev 1.14765 | expl_dev 0.22398
epoch   35 | train_nll -1.01692 | train_fsce 2.34207 | val_dev 1.13797 | expl_dev 0.23053
epoch   40 | train_nll -1.02638 | train_fsce 2.26236 | val_dev 1.12865 | expl_dev 0.23683
epoch   45 | train_nll -1.02865 | train_fsce 2.14650 | val_dev 1.12935 | expl_dev 0.23636
epoch   50 | train_nll -1.03682 | train_fsce 1.92323 | val_dev 1.11384 | expl_dev 0.24684
epoch   55 | train_nll -1.06300 | train_fsce 1.36725 | val_dev 1.05519 | expl_dev 0.28650
epoch   60 | train_nll -1.09430 | train_fsce 1.20880 | val_dev 0.99210 | expl_dev 0.32916
epoch   65 | train_nll -1.12393 | train_fsce 1.36804 | val_dev 0.94157 | expl_dev 0.36333
epoch   70 | train_nll -1.16227 | train_fsce 1.46054 | val_dev 0.88131 | expl_dev 0.40408
epoch   75 | train_nll -1.18686 | train_fsce 1.58769 | val_dev 0.84588 | expl_dev 0.42803
epoch   80 | train_nll -1.20760 | train_fsce 1.63149 | val_dev 0.82827 | expl_dev 0.43994
epoch   85 | train_nll -1.21673 | train_fsce 1.67712 | val_dev 0.82606 | expl_dev 0.44144
epoch   90 | train_nll -1.22196 | train_fsce 1.68053 | val_dev 0.81143 | expl_dev 0.45133
epoch   95 | train_nll -1.22625 | train_fsce 1.71810 | val_dev 0.81717 | expl_dev 0.44745
epoch  100 | train_nll -1.23263 | train_fsce 1.71378 | val_dev 0.80717 | expl_dev 0.45421
epoch  105 | train_nll -1.23691 | train_fsce 1.70144 | val_dev 0.80472 | expl_dev 0.45586
epoch  110 | train_nll -1.24171 | train_fsce 1.67245 | val_dev 0.81070 | expl_dev 0.45182
epoch  115 | train_nll -1.24349 | train_fsce 1.64421 | val_dev 0.80005 | expl_dev 0.45903
epoch  120 | train_nll -1.24318 | train_fsce 1.63972 | val_dev 0.80260 | expl_dev 0.45730
epoch  125 | train_nll -1.24653 | train_fsce 1.61706 | val_dev 0.79654 | expl_dev 0.46140
epoch  130 | train_nll -1.24750 | train_fsce 1.59072 | val_dev 0.80158 | expl_dev 0.45799
epoch  135 | train_nll -1.24888 | train_fsce 1.67428 | val_dev 0.79477 | expl_dev 0.46260
epoch  140 | train_nll -1.24728 | train_fsce 1.54934 | val_dev 0.79794 | expl_dev 0.46045
epoch  145 | train_nll -1.25679 | train_fsce 1.51229 | val_dev 0.79742 | expl_dev 0.46080
epoch  150 | train_nll -1.25383 | train_fsce 1.54411 | val_dev 0.79323 | expl_dev 0.46363
epoch  155 | train_nll -1.25656 | train_fsce 1.56578 | val_dev 0.79830 | expl_dev 0.46020
epoch  160 | train_nll -1.25321 | train_fsce 1.50926 | val_dev 0.79479 | expl_dev 0.46258
epoch  165 | train_nll -1.25714 | train_fsce 1.54134 | val_dev 0.78246 | expl_dev 0.47092
epoch  170 | train_nll -1.26001 | train_fsce 1.54770 | val_dev 0.78488 | expl_dev 0.46928
epoch  175 | train_nll -1.25775 | train_fsce 1.51028 | val_dev 0.78659 | expl_dev 0.46812
epoch  180 | train_nll -1.25716 | train_fsce 1.47292 | val_dev 0.78332 | expl_dev 0.47034
epoch  185 | train_nll -1.26003 | train_fsce 1.50353 | val_dev 0.76794 | expl_dev 0.48074
epoch  190 | train_nll -1.26093 | train_fsce 1.55488 | val_dev 0.78099 | expl_dev 0.47191
epoch  195 | train_nll -1.26365 | train_fsce 1.46728 | val_dev 0.77890 | expl_dev 0.47332
epoch  200 | train_nll -1.26799 | train_fsce 1.46011 | val_dev 0.76885 | expl_dev 0.48012
已存 /Users/yentso/developer/StartOver/model/v2_ddae_tanh_fsce/result/latents.npz
