23700 個 patch，device=mps
每 patch 佔用格數 中位數 53  （POI 數中位數 60，重疊而被丟掉 23.1%）
  epoch   1  train 0.09081  val 0.07399
  epoch   5  train 0.04424  val 0.04041
  epoch  10  train 0.01952  val 0.01789
  epoch  15  train 0.00939  val 0.00858
  epoch  20  train 0.00413  val 0.00373
  epoch  25  train 0.00164  val 0.00149
  epoch  30  train 0.00063  val 0.00057

類別 embedding 兩兩 cosine：平均 +0.988  最小 +0.922  最大 +1.000
          餐飲    零售    夜生    社區    交通    商業    地標    藝文    醫療    運動
    餐飲  1.00  1.00  0.97  1.00  1.00  1.00  1.00  0.99  0.98  1.00
    零售  1.00  1.00  0.97  1.00  1.00  1.00  1.00  0.99  0.98  1.00
    夜生  0.97  0.97  1.00  0.97  0.97  0.96  0.97  0.95  0.92  0.96
    社區  1.00  1.00  0.97  1.00  1.00  1.00  1.00  0.99  0.98  1.00
    交通  1.00  1.00  0.97  1.00  1.00  1.00  1.00  0.99  0.98  1.00
    商業  1.00  1.00  0.96  1.00  1.00  1.00  1.00  0.99  0.98  1.00
    地標  1.00  1.00  0.97  1.00  1.00  1.00  1.00  1.00  0.98  1.00
    藝文  0.99  0.99  0.95  0.99  0.99  0.99  1.00  1.00  0.99  1.00
    醫療  0.98  0.98  0.92  0.98  0.98  0.98  0.98  0.99  1.00  0.98
    運動  1.00  1.00  0.96  1.00  1.00  1.00  1.00  1.00  0.98  1.00

已存 /Users/yentso/developer/StartOver/model/v1_masked/result/latents.npz
