v5_refine noise floor 測量：split=val（123 個 patch），device=mps，精修 T=5，bootstrap 100 次
真實資料：refined 0.5966／oracle 0.5399（|∇_z NLL| = 4.52e-05）
  rep  1/100  A(λ已知) 0.8401  B(整個模型) 0.6025  C(oracle) 0.5203
  rep  2/100  A(λ已知) 0.8221  B(整個模型) 0.5968  C(oracle) 0.5507
  rep  3/100  A(λ已知) 0.8021  B(整個模型) 0.5699  C(oracle) 0.5190
  rep  4/100  A(λ已知) 0.8380  B(整個模型) 0.6096  C(oracle) 0.5355
  rep  5/100  A(λ已知) 0.8316  B(整個模型) 0.5779  C(oracle) 0.5091
  rep  6/100  A(λ已知) 0.8626  B(整個模型) 0.5726  C(oracle) 0.5210
  rep  7/100  A(λ已知) 0.8527  B(整個模型) 0.6047  C(oracle) 0.5559
  rep  8/100  A(λ已知) 0.8173  B(整個模型) 0.5941  C(oracle) 0.5310
  rep  9/100  A(λ已知) 0.8783  B(整個模型) 0.5844  C(oracle) 0.5278
  rep 10/100  A(λ已知) 0.7829  B(整個模型) 0.5808  C(oracle) 0.5101
  rep 11/100  A(λ已知) 0.7895  B(整個模型) 0.5614  C(oracle) 0.5068
  rep 12/100  A(λ已知) 0.8141  B(整個模型) 0.5635  C(oracle) 0.5223
  rep 13/100  A(λ已知) 0.8742  B(整個模型) 0.5955  C(oracle) 0.5199
  rep 14/100  A(λ已知) 0.8433  B(整個模型) 0.5850  C(oracle) 0.5015
  rep 15/100  A(λ已知) 0.7775  B(整個模型) 0.5312  C(oracle) 0.4756
  rep 16/100  A(λ已知) 0.7865  B(整個模型) 0.5879  C(oracle) 0.5400
  rep 17/100  A(λ已知) 0.8922  B(整個模型) 0.6328  C(oracle) 0.5794
  rep 18/100  A(λ已知) 0.8267  B(整個模型) 0.5997  C(oracle) 0.5341
  rep 19/100  A(λ已知) 0.8142  B(整個模型) 0.5667  C(oracle) 0.5207
  rep 20/100  A(λ已知) 0.7782  B(整個模型) 0.5578  C(oracle) 0.5079
  rep 21/100  A(λ已知) 0.8009  B(整個模型) 0.5676  C(oracle) 0.5156
  rep 22/100  A(λ已知) 0.8120  B(整個模型) 0.5901  C(oracle) 0.5414
  rep 23/100  A(λ已知) 0.8225  B(整個模型) 0.5703  C(oracle) 0.5205
  rep 24/100  A(λ已知) 0.7903  B(整個模型) 0.5321  C(oracle) 0.4863
  rep 25/100  A(λ已知) 0.8223  B(整個模型) 0.5603  C(oracle) 0.5090
  rep 26/100  A(λ已知) 0.8332  B(整個模型) 0.6002  C(oracle) 0.5404
  rep 27/100  A(λ已知) 0.7952  B(整個模型) 0.5741  C(oracle) 0.5173
  rep 28/100  A(λ已知) 0.8416  B(整個模型) 0.6022  C(oracle) 0.5453
  rep 29/100  A(λ已知) 0.7895  B(整個模型) 0.5243  C(oracle) 0.4892
  rep 30/100  A(λ已知) 0.8280  B(整個模型) 0.5276  C(oracle) 0.4858
  rep 31/100  A(λ已知) 0.8106  B(整個模型) 0.5692  C(oracle) 0.5198
  rep 32/100  A(λ已知) 0.7917  B(整個模型) 0.5585  C(oracle) 0.5083
  rep 33/100  A(λ已知) 0.8345  B(整個模型) 0.6026  C(oracle) 0.5407
  rep 34/100  A(λ已知) 0.8277  B(整個模型) 0.6373  C(oracle) 0.5698
  rep 35/100  A(λ已知) 0.7843  B(整個模型) 0.5678  C(oracle) 0.5173
  rep 36/100  A(λ已知) 0.7738  B(整個模型) 0.5461  C(oracle) 0.4977
  rep 37/100  A(λ已知) 0.8460  B(整個模型) 0.5926  C(oracle) 0.5243
  rep 38/100  A(λ已知) 0.7985  B(整個模型) 0.5391  C(oracle) 0.5037
  rep 39/100  A(λ已知) 0.7635  B(整個模型) 0.5269  C(oracle) 0.4853
  rep 40/100  A(λ已知) 0.8301  B(整個模型) 0.6032  C(oracle) 0.5323
  rep 41/100  A(λ已知) 0.8361  B(整個模型) 0.6164  C(oracle) 0.5472
  rep 42/100  A(λ已知) 0.8459  B(整個模型) 0.5842  C(oracle) 0.5199
  rep 43/100  A(λ已知) 0.8707  B(整個模型) 0.5838  C(oracle) 0.5438
  rep 44/100  A(λ已知) 0.8226  B(整個模型) 0.5282  C(oracle) 0.4733
  rep 45/100  A(λ已知) 0.7734  B(整個模型) 0.5764  C(oracle) 0.5283
  rep 46/100  A(λ已知) 0.8217  B(整個模型) 0.5543  C(oracle) 0.5151
  rep 47/100  A(λ已知) 0.7639  B(整個模型) 0.5224  C(oracle) 0.4932
  rep 48/100  A(λ已知) 0.8340  B(整個模型) 0.5699  C(oracle) 0.5208
  rep 49/100  A(λ已知) 0.8452  B(整個模型) 0.5949  C(oracle) 0.5495
  rep 50/100  A(λ已知) 0.8184  B(整個模型) 0.5675  C(oracle) 0.5145
  rep 51/100  A(λ已知) 0.8122  B(整個模型) 0.5906  C(oracle) 0.5170
  rep 52/100  A(λ已知) 0.8366  B(整個模型) 0.6245  C(oracle) 0.5434
  rep 53/100  A(λ已知) 0.7624  B(整個模型) 0.5529  C(oracle) 0.5088
  rep 54/100  A(λ已知) 0.7635  B(整個模型) 0.5481  C(oracle) 0.4933
  rep 55/100  A(λ已知) 0.7778  B(整個模型) 0.5417  C(oracle) 0.5027
  rep 56/100  A(λ已知) 0.7751  B(整個模型) 0.5508  C(oracle) 0.4803
  rep 57/100  A(λ已知) 0.8340  B(整個模型) 0.6180  C(oracle) 0.5331
  rep 58/100  A(λ已知) 0.8249  B(整個模型) 0.5977  C(oracle) 0.5466
  rep 59/100  A(λ已知) 0.8132  B(整個模型) 0.5660  C(oracle) 0.5065
  rep 60/100  A(λ已知) 0.7674  B(整個模型) 0.5592  C(oracle) 0.5113
  rep 61/100  A(λ已知) 0.7519  B(整個模型) 0.5364  C(oracle) 0.4874
  rep 62/100  A(λ已知) 0.7723  B(整個模型) 0.5720  C(oracle) 0.4981
  rep 63/100  A(λ已知) 0.8679  B(整個模型) 0.6000  C(oracle) 0.5466
  rep 64/100  A(λ已知) 0.8212  B(整個模型) 0.6065  C(oracle) 0.5358
  rep 65/100  A(λ已知) 0.7448  B(整個模型) 0.5372  C(oracle) 0.4870
  rep 66/100  A(λ已知) 0.8270  B(整個模型) 0.6044  C(oracle) 0.5379
  rep 67/100  A(λ已知) 0.7829  B(整個模型) 0.5771  C(oracle) 0.5258
  rep 68/100  A(λ已知) 0.8198  B(整個模型) 0.5945  C(oracle) 0.5187
  rep 69/100  A(λ已知) 0.8178  B(整個模型) 0.5795  C(oracle) 0.5337
  rep 70/100  A(λ已知) 0.8231  B(整個模型) 0.6044  C(oracle) 0.5716
  rep 71/100  A(λ已知) 0.8239  B(整個模型) 0.6111  C(oracle) 0.5510
  rep 72/100  A(λ已知) 0.8203  B(整個模型) 0.5944  C(oracle) 0.5454
  rep 73/100  A(λ已知) 0.8298  B(整個模型) 0.6120  C(oracle) 0.5327
  rep 74/100  A(λ已知) 0.8437  B(整個模型) 0.5417  C(oracle) 0.4933
  rep 75/100  A(λ已知) 0.7761  B(整個模型) 0.5579  C(oracle) 0.4983
  rep 76/100  A(λ已知) 0.8481  B(整個模型) 0.5509  C(oracle) 0.4775
  rep 77/100  A(λ已知) 0.8261  B(整個模型) 0.5698  C(oracle) 0.5310
  rep 78/100  A(λ已知) 0.8912  B(整個模型) 0.6351  C(oracle) 0.5700
  rep 79/100  A(λ已知) 0.8494  B(整個模型) 0.5647  C(oracle) 0.5250
  rep 80/100  A(λ已知) 0.8121  B(整個模型) 0.5455  C(oracle) 0.4962
  rep 81/100  A(λ已知) 0.8377  B(整個模型) 0.5918  C(oracle) 0.5279
  rep 82/100  A(λ已知) 0.8320  B(整個模型) 0.5764  C(oracle) 0.5365
  rep 83/100  A(λ已知) 0.8314  B(整個模型) 0.5774  C(oracle) 0.5253
  rep 84/100  A(λ已知) 0.7960  B(整個模型) 0.5865  C(oracle) 0.5207
  rep 85/100  A(λ已知) 0.7714  B(整個模型) 0.4949  C(oracle) 0.4604
  rep 86/100  A(λ已知) 0.8958  B(整個模型) 0.6690  C(oracle) 0.5840
  rep 87/100  A(λ已知) 0.7713  B(整個模型) 0.5516  C(oracle) 0.4919
  rep 88/100  A(λ已知) 0.8412  B(整個模型) 0.6002  C(oracle) 0.5242
  rep 89/100  A(λ已知) 0.7265  B(整個模型) 0.5193  C(oracle) 0.4768
  rep 90/100  A(λ已知) 0.7975  B(整個模型) 0.5552  C(oracle) 0.5028
  rep 91/100  A(λ已知) 0.7609  B(整個模型) 0.5494  C(oracle) 0.5085
  rep 92/100  A(λ已知) 0.8557  B(整個模型) 0.5726  C(oracle) 0.5222
  rep 93/100  A(λ已知) 0.8020  B(整個模型) 0.5047  C(oracle) 0.4624
  rep 94/100  A(λ已知) 0.7908  B(整個模型) 0.5556  C(oracle) 0.4911
  rep 95/100  A(λ已知) 0.7890  B(整個模型) 0.5406  C(oracle) 0.4944
  rep 96/100  A(λ已知) 0.8419  B(整個模型) 0.5873  C(oracle) 0.5263
  rep 97/100  A(λ已知) 0.8193  B(整個模型) 0.6024  C(oracle) 0.5223
  rep 98/100  A(λ已知) 0.7870  B(整個模型) 0.5283  C(oracle) 0.4829
  rep 99/100  A(λ已知) 0.8268  B(整個模型) 0.5581  C(oracle) 0.4978
  rep 100/100  A(λ已知) 0.8635  B(整個模型) 0.6283  C(oracle) 0.5729

[地板]（合成資料，λ 在建構上完全正確）
  A  λ 已知、z 已知      0.8151 ± 0.0340
  B  整個模型跑一遍      0.5746 ± 0.0312   ← 對應 val_dev
  C  凍 decoder 自由解 z 0.5188 ± 0.0255   ← 對應 oracle

[誤差棒]
  合成地板 B 的 Monte-Carlo 標準誤（100 次 bootstrap）±0.0031
  逐 patch 配對差 real - floor = +0.0220 ± 0.0360（123 個 patch 的標準誤）
  → 0.6 倍標準誤；小於 2 就是連「這個差存在」都證不了

[可挖空間]
  refined  0.5966 - 地板 0.5746 = +0.0220
  oracle   0.5399 - 地板 0.5188 = +0.0211
  第一列是「換更好的架構最多還能拿回多少」的總預算；第二列是其中「decoder 的 2 維流形本身沒穿過資料」的那一份。
  兩列相減就是找 z 那一路還欠的量，應該跟 oracle.py 量到的剩餘 gap 對得上。
  總預算已經很薄：0.57 基本上是貼著 Poisson 噪聲地板，再堆架構的邊際報酬很低，該換題目而不是換模型。
