[dataset]
  dataset = overture
  csv = data/overture/overture_clean.csv
  cat_col = category
  categories = ['food_and_drink', 'services_and_business', 'shopping', 'lifestyle_services', 'health_care', 'arts_and_entertainment', 'education', 'sports_and_recreation', 'travel_and_transportation', 'community_and_government', 'cultural_and_historic', 'lodging', 'geographic_entities']
  half_width = 200.0
  cell = 15
  center_step = 400
  min_poi = 15
  crs = EPSG:6677

[hparams]
  LATENT_DIM = 2
  EPOCHS = 1000
  BATCH = 256
  LR = 0.001
  WEIGHT_DECAY = 1e-06
  VAL_FRAC = 0.1
  SEED = 0
  N_NEIGHBORS = 15
  GRAPH_METRIC = euclidean
  EDGE_BATCH = 256
  LAMBDA_FSCE = 0.01
  WARMUP_EPOCHS = 200
  NOISE_P = 0.3
  NOISE_MODE = thinning

5043 個 patch，device=mps，噪聲 thinning p=0.3
FSCE graph：103150 條邊，a=1.5769 b=0.8951
