[dataset]
  dataset = fsq
  csv = data/tky_clean.csv
  cat_col = category
  categories = ['Dining and Drinking', 'Retail', 'Nightlife Spot', 'Community and Government', 'Travel and Transportation', 'Business and Professional Services', 'Landmarks and Outdoors', 'Arts and Entertainment', 'Health and Medicine', 'Sports and Recreation']
  half_width = 50.0
  cell = 15
  center_step = 100
  min_poi = 10
  crs = EPSG:6677

[hparams]
  EPOCHS = 3000
  SEED = 0
  NOISE_P = 0.3
  NOISE_MODE = thinning
  LAMBDA_FSCE = 0.01
  WARMUP_EPOCHS = 200

split：train 962 / val 147 / test 124

epoch    1 | train_nll 0.63841 | train_fsce 2.98081 | val_dev 3.12488
epoch    5 | train_nll -0.74369 | train_fsce 2.67883 | val_dev 1.58237
epoch   10 | train_nll -0.91830 | train_fsce 1.43822 | val_dev 1.29270
epoch   15 | train_nll -1.04600 | train_fsce 1.16560 | val_dev 1.09676
epoch   20 | train_nll -1.12574 | train_fsce 1.29936 | val_dev 0.97285
epoch   25 | train_nll -1.17280 | train_fsce 1.33924 | val_dev 0.89365
epoch   30 | train_nll -1.19520 | train_fsce 1.36104 | val_dev 0.84534
epoch   35 | train_nll -1.22175 | train_fsce 1.38361 | val_dev 0.83423
epoch   40 | train_nll -1.21469 | train_fsce 1.40098 | val_dev 0.81882
epoch   45 | train_nll -1.23443 | train_fsce 1.29036 | val_dev 0.79461
epoch   50 | train_nll -1.23076 | train_fsce 1.28561 | val_dev 0.79006
epoch   55 | train_nll -1.23934 | train_fsce 1.26966 | val_dev 0.79054
epoch   60 | train_nll -1.24575 | train_fsce 1.23221 | val_dev 0.77956
epoch   65 | train_nll -1.24580 | train_fsce 1.18403 | val_dev 0.79313
epoch   70 | train_nll -1.24263 | train_fsce 1.17204 | val_dev 0.76859
epoch   75 | train_nll -1.25595 | train_fsce 1.14022 | val_dev 0.75949
epoch   80 | train_nll -1.25706 | train_fsce 1.13739 | val_dev 0.75482
epoch   85 | train_nll -1.26112 | train_fsce 1.13827 | val_dev 0.75684
epoch   90 | train_nll -1.25956 | train_fsce 1.12601 | val_dev 0.76731
epoch   95 | train_nll -1.26681 | train_fsce 1.08302 | val_dev 0.75951
epoch  100 | train_nll -1.26362 | train_fsce 1.04187 | val_dev 0.74917
epoch  105 | train_nll -1.26675 | train_fsce 1.07810 | val_dev 0.75711
epoch  110 | train_nll -1.26786 | train_fsce 0.97591 | val_dev 0.74261
epoch  115 | train_nll -1.27475 | train_fsce 1.01810 | val_dev 0.74715
epoch  120 | train_nll -1.27484 | train_fsce 1.01051 | val_dev 0.73518
epoch  125 | train_nll -1.27787 | train_fsce 0.96691 | val_dev 0.72785
epoch  130 | train_nll -1.27621 | train_fsce 0.95094 | val_dev 0.73263
epoch  135 | train_nll -1.28125 | train_fsce 0.95357 | val_dev 0.72905
epoch  140 | train_nll -1.27779 | train_fsce 0.92637 | val_dev 0.76041
epoch  145 | train_nll -1.27951 | train_fsce 0.92311 | val_dev 0.73707
epoch  150 | train_nll -1.28005 | train_fsce 0.87033 | val_dev 0.71691
epoch  155 | train_nll -1.28185 | train_fsce 0.88141 | val_dev 0.71608
epoch  160 | train_nll -1.28833 | train_fsce 0.86179 | val_dev 0.71869
epoch  165 | train_nll -1.29257 | train_fsce 0.86719 | val_dev 0.71408
epoch  170 | train_nll -1.28279 | train_fsce 0.83646 | val_dev 0.73227
epoch  175 | train_nll -1.28923 | train_fsce 0.84244 | val_dev 0.72136
epoch  180 | train_nll -1.28888 | train_fsce 0.85251 | val_dev 0.72969
epoch  185 | train_nll -1.29333 | train_fsce 0.87552 | val_dev 0.72644
epoch  190 | train_nll -1.29725 | train_fsce 0.82351 | val_dev 0.69659
epoch  195 | train_nll -1.28910 | train_fsce 0.83011 | val_dev 0.72357
epoch  200 | train_nll -1.29855 | train_fsce 0.78686 | val_dev 0.71160
epoch  205 | train_nll -1.29581 | train_fsce 0.79747 | val_dev 0.71939
epoch  210 | train_nll -1.29874 | train_fsce 0.79819 | val_dev 0.71567
epoch  215 | train_nll -1.29823 | train_fsce 0.81160 | val_dev 0.70637
epoch  220 | train_nll -1.30613 | train_fsce 0.78866 | val_dev 0.72982
epoch  225 | train_nll -1.29927 | train_fsce 0.79479 | val_dev 0.70918
epoch  230 | train_nll -1.30987 | train_fsce 0.84112 | val_dev 0.70732
epoch  235 | train_nll -1.29942 | train_fsce 0.76369 | val_dev 0.70731
epoch  240 | train_nll -1.30391 | train_fsce 0.78816 | val_dev 0.71447
epoch  245 | train_nll -1.30205 | train_fsce 0.74871 | val_dev 0.72056
epoch  250 | train_nll -1.30172 | train_fsce 0.76246 | val_dev 0.71325
epoch  255 | train_nll -1.30014 | train_fsce 0.75558 | val_dev 0.70812
epoch  260 | train_nll -1.30533 | train_fsce 0.73350 | val_dev 0.69750
epoch  265 | train_nll -1.30747 | train_fsce 0.73653 | val_dev 0.71071
epoch  270 | train_nll -1.30464 | train_fsce 0.77768 | val_dev 0.70806
epoch  275 | train_nll -1.31563 | train_fsce 0.73341 | val_dev 0.69707
epoch  280 | train_nll -1.31844 | train_fsce 0.71139 | val_dev 0.68985
epoch  285 | train_nll -1.30159 | train_fsce 0.73693 | val_dev 0.70240
epoch  290 | train_nll -1.31062 | train_fsce 0.74655 | val_dev 0.71832
epoch  295 | train_nll -1.31802 | train_fsce 0.72911 | val_dev 0.71988
epoch  300 | train_nll -1.31179 | train_fsce 0.70504 | val_dev 0.71088
epoch  305 | train_nll -1.31277 | train_fsce 0.73611 | val_dev 0.71861
epoch  310 | train_nll -1.31227 | train_fsce 0.68971 | val_dev 0.70831
epoch  315 | train_nll -1.31110 | train_fsce 0.68637 | val_dev 0.70064
epoch  320 | train_nll -1.31470 | train_fsce 0.72053 | val_dev 0.68930
epoch  325 | train_nll -1.32795 | train_fsce 0.76391 | val_dev 0.69899
epoch  330 | train_nll -1.31558 | train_fsce 0.72053 | val_dev 0.73389
epoch  335 | train_nll -1.31777 | train_fsce 0.72314 | val_dev 0.71340
epoch  340 | train_nll -1.32070 | train_fsce 0.75242 | val_dev 0.70514
epoch  345 | train_nll -1.31926 | train_fsce 0.71932 | val_dev 0.70112
epoch  350 | train_nll -1.31961 | train_fsce 0.76768 | val_dev 0.70188
epoch  355 | train_nll -1.32066 | train_fsce 0.72803 | val_dev 0.70763
epoch  360 | train_nll -1.31324 | train_fsce 0.71761 | val_dev 0.72866
epoch  365 | train_nll -1.31529 | train_fsce 0.72401 | val_dev 0.72357
epoch  370 | train_nll -1.32182 | train_fsce 0.68699 | val_dev 0.70841
epoch  375 | train_nll -1.32405 | train_fsce 0.69037 | val_dev 0.72124
epoch  380 | train_nll -1.31484 | train_fsce 0.73648 | val_dev 0.73010
epoch  385 | train_nll -1.32572 | train_fsce 0.69818 | val_dev 0.72275
epoch  390 | train_nll -1.32129 | train_fsce 0.70035 | val_dev 0.73027
epoch  395 | train_nll -1.31578 | train_fsce 0.66804 | val_dev 0.72897
epoch  400 | train_nll -1.31907 | train_fsce 0.71583 | val_dev 0.72836
epoch  405 | train_nll -1.32679 | train_fsce 0.73048 | val_dev 0.69287
epoch  410 | train_nll -1.32972 | train_fsce 0.67485 | val_dev 0.70249
epoch  415 | train_nll -1.32124 | train_fsce 0.68017 | val_dev 0.70703
epoch  420 | train_nll -1.32589 | train_fsce 0.71896 | val_dev 0.70252
epoch  425 | train_nll -1.33404 | train_fsce 0.67413 | val_dev 0.69647
epoch  430 | train_nll -1.32850 | train_fsce 0.73412 | val_dev 0.70989
epoch  435 | train_nll -1.32834 | train_fsce 0.68989 | val_dev 0.71093
epoch  440 | train_nll -1.32655 | train_fsce 0.64446 | val_dev 0.71219
epoch  445 | train_nll -1.32930 | train_fsce 0.69374 | val_dev 0.70218
epoch  450 | train_nll -1.31340 | train_fsce 0.68103 | val_dev 0.70818
epoch  455 | train_nll -1.32794 | train_fsce 0.68608 | val_dev 0.71950
epoch  460 | train_nll -1.33303 | train_fsce 0.67580 | val_dev 0.69438
epoch  465 | train_nll -1.33039 | train_fsce 0.68635 | val_dev 0.70581
epoch  470 | train_nll -1.32980 | train_fsce 0.65863 | val_dev 0.71487
epoch  475 | train_nll -1.33397 | train_fsce 0.66473 | val_dev 0.71573
epoch  480 | train_nll -1.33114 | train_fsce 0.66087 | val_dev 0.69469
epoch  485 | train_nll -1.33502 | train_fsce 0.67612 | val_dev 0.69183
epoch  490 | train_nll -1.33830 | train_fsce 0.69008 | val_dev 0.71679
epoch  495 | train_nll -1.32833 | train_fsce 0.68947 | val_dev 0.72512
epoch  500 | train_nll -1.33612 | train_fsce 0.68610 | val_dev 0.71355
epoch  505 | train_nll -1.33055 | train_fsce 0.65746 | val_dev 0.70065
epoch  510 | train_nll -1.33917 | train_fsce 0.71269 | val_dev 0.70706
epoch  515 | train_nll -1.33753 | train_fsce 0.68247 | val_dev 0.68751
epoch  520 | train_nll -1.33010 | train_fsce 0.63186 | val_dev 0.71042
epoch  525 | train_nll -1.33251 | train_fsce 0.67745 | val_dev 0.70478
epoch  530 | train_nll -1.33573 | train_fsce 0.65225 | val_dev 0.72946
epoch  535 | train_nll -1.33080 | train_fsce 0.64488 | val_dev 0.72187
epoch  540 | train_nll -1.32928 | train_fsce 0.69689 | val_dev 0.72601
epoch  545 | train_nll -1.32636 | train_fsce 0.66463 | val_dev 0.72347
epoch  550 | train_nll -1.33521 | train_fsce 0.65204 | val_dev 0.71440
epoch  555 | train_nll -1.33314 | train_fsce 0.62656 | val_dev 0.70178
epoch  560 | train_nll -1.33633 | train_fsce 0.64073 | val_dev 0.71180
epoch  565 | train_nll -1.32850 | train_fsce 0.65266 | val_dev 0.72289
epoch  570 | train_nll -1.33208 | train_fsce 0.68436 | val_dev 0.72604
epoch  575 | train_nll -1.33009 | train_fsce 0.64206 | val_dev 0.72596
epoch  580 | train_nll -1.31931 | train_fsce 0.65278 | val_dev 0.70546
epoch  585 | train_nll -1.32307 | train_fsce 0.63152 | val_dev 0.75310
epoch  590 | train_nll -1.34284 | train_fsce 0.69582 | val_dev 0.74789
epoch  595 | train_nll -1.34130 | train_fsce 0.65758 | val_dev 0.70060
epoch  600 | train_nll -1.34190 | train_fsce 0.65578 | val_dev 0.71110
epoch  605 | train_nll -1.35027 | train_fsce 0.63327 | val_dev 0.71507
epoch  610 | train_nll -1.33789 | train_fsce 0.66693 | val_dev 0.69188
epoch  615 | train_nll -1.34162 | train_fsce 0.65620 | val_dev 0.70840
epoch  620 | train_nll -1.33980 | train_fsce 0.65226 | val_dev 0.71332
epoch  625 | train_nll -1.33805 | train_fsce 0.63802 | val_dev 0.71425
epoch  630 | train_nll -1.33235 | train_fsce 0.62542 | val_dev 0.71303
epoch  635 | train_nll -1.33662 | train_fsce 0.61814 | val_dev 0.70729
epoch  640 | train_nll -1.34680 | train_fsce 0.62587 | val_dev 0.70426
epoch  645 | train_nll -1.33888 | train_fsce 0.65884 | val_dev 0.69590
epoch  650 | train_nll -1.34353 | train_fsce 0.65830 | val_dev 0.71549
epoch  655 | train_nll -1.34880 | train_fsce 0.64638 | val_dev 0.73712
epoch  660 | train_nll -1.33308 | train_fsce 0.62471 | val_dev 0.77520
epoch  665 | train_nll -1.33121 | train_fsce 0.64902 | val_dev 0.72062
epoch  670 | train_nll -1.33358 | train_fsce 0.64073 | val_dev 0.71081
epoch  675 | train_nll -1.33974 | train_fsce 0.64752 | val_dev 0.73090
epoch  680 | train_nll -1.33906 | train_fsce 0.66487 | val_dev 0.71595
epoch  685 | train_nll -1.33770 | train_fsce 0.62450 | val_dev 0.71250
epoch  690 | train_nll -1.33562 | train_fsce 0.64585 | val_dev 0.69426
epoch  695 | train_nll -1.34578 | train_fsce 0.66803 | val_dev 0.71025
epoch  700 | train_nll -1.34245 | train_fsce 0.63467 | val_dev 0.70034
epoch  705 | train_nll -1.35116 | train_fsce 0.65884 | val_dev 0.69601
epoch  710 | train_nll -1.34043 | train_fsce 0.63433 | val_dev 0.73283
epoch  715 | train_nll -1.32884 | train_fsce 0.64790 | val_dev 0.74862
epoch  720 | train_nll -1.32922 | train_fsce 0.61890 | val_dev 0.73142
epoch  725 | train_nll -1.34521 | train_fsce 0.65510 | val_dev 0.69696
epoch  730 | train_nll -1.35162 | train_fsce 0.63576 | val_dev 0.69562
epoch  735 | train_nll -1.34664 | train_fsce 0.64263 | val_dev 0.66974
epoch  740 | train_nll -1.34642 | train_fsce 0.67356 | val_dev 0.71548
epoch  745 | train_nll -1.33938 | train_fsce 0.64274 | val_dev 0.71067
epoch  750 | train_nll -1.33340 | train_fsce 0.64363 | val_dev 0.72516
epoch  755 | train_nll -1.34545 | train_fsce 0.65765 | val_dev 0.70399
epoch  760 | train_nll -1.35063 | train_fsce 0.66642 | val_dev 0.70041
epoch  765 | train_nll -1.33882 | train_fsce 0.62415 | val_dev 0.72075
epoch  770 | train_nll -1.33357 | train_fsce 0.64973 | val_dev 0.69896
epoch  775 | train_nll -1.34399 | train_fsce 0.60600 | val_dev 0.70135
epoch  780 | train_nll -1.35038 | train_fsce 0.63437 | val_dev 0.71707
epoch  785 | train_nll -1.33284 | train_fsce 0.62930 | val_dev 0.72139
epoch  790 | train_nll -1.32487 | train_fsce 0.64002 | val_dev 0.71938
epoch  795 | train_nll -1.33931 | train_fsce 0.63085 | val_dev 0.73185
epoch  800 | train_nll -1.34027 | train_fsce 0.63161 | val_dev 0.71516
epoch  805 | train_nll -1.35661 | train_fsce 0.64832 | val_dev 0.69401
epoch  810 | train_nll -1.34754 | train_fsce 0.66457 | val_dev 0.73052
epoch  815 | train_nll -1.34303 | train_fsce 0.63057 | val_dev 0.70439
epoch  820 | train_nll -1.35447 | train_fsce 0.63687 | val_dev 0.70414
epoch  825 | train_nll -1.34762 | train_fsce 0.69021 | val_dev 0.71486
epoch  830 | train_nll -1.34056 | train_fsce 0.65565 | val_dev 0.74408
epoch  835 | train_nll -1.34757 | train_fsce 0.62216 | val_dev 0.74956
epoch  840 | train_nll -1.35363 | train_fsce 0.62825 | val_dev 0.73060
epoch  845 | train_nll -1.34445 | train_fsce 0.63736 | val_dev 0.71780
epoch  850 | train_nll -1.34277 | train_fsce 0.61959 | val_dev 0.70838
epoch  855 | train_nll -1.32367 | train_fsce 0.61690 | val_dev 0.73137
epoch  860 | train_nll -1.32622 | train_fsce 0.64076 | val_dev 0.73498
epoch  865 | train_nll -1.33863 | train_fsce 0.63881 | val_dev 0.72271
epoch  870 | train_nll -1.34442 | train_fsce 0.62958 | val_dev 0.71727
epoch  875 | train_nll -1.33258 | train_fsce 0.61661 | val_dev 0.72309
epoch  880 | train_nll -1.34585 | train_fsce 0.66558 | val_dev 0.71537
epoch  885 | train_nll -1.34243 | train_fsce 0.61945 | val_dev 0.72188
epoch  890 | train_nll -1.34510 | train_fsce 0.60666 | val_dev 0.69161
epoch  895 | train_nll -1.35373 | train_fsce 0.61802 | val_dev 0.68949
epoch  900 | train_nll -1.34915 | train_fsce 0.62345 | val_dev 0.70087
epoch  905 | train_nll -1.34863 | train_fsce 0.62122 | val_dev 0.70754
epoch  910 | train_nll -1.34801 | train_fsce 0.59822 | val_dev 0.70556
epoch  915 | train_nll -1.35744 | train_fsce 0.59915 | val_dev 0.68931
epoch  920 | train_nll -1.35909 | train_fsce 0.62878 | val_dev 0.69960
epoch  925 | train_nll -1.34942 | train_fsce 0.59784 | val_dev 0.70724
epoch  930 | train_nll -1.34968 | train_fsce 0.64010 | val_dev 0.70591
epoch  935 | train_nll -1.35577 | train_fsce 0.62319 | val_dev 0.69340
epoch  940 | train_nll -1.35506 | train_fsce 0.61027 | val_dev 0.70876
epoch  945 | train_nll -1.34910 | train_fsce 0.60977 | val_dev 0.71565
epoch  950 | train_nll -1.35495 | train_fsce 0.63780 | val_dev 0.69270
epoch  955 | train_nll -1.35223 | train_fsce 0.61373 | val_dev 0.70757
epoch  960 | train_nll -1.34112 | train_fsce 0.63287 | val_dev 0.73559
epoch  965 | train_nll -1.35093 | train_fsce 0.62145 | val_dev 0.71402
epoch  970 | train_nll -1.35600 | train_fsce 0.64952 | val_dev 0.70147
epoch  975 | train_nll -1.35195 | train_fsce 0.63542 | val_dev 0.70293
epoch  980 | train_nll -1.35467 | train_fsce 0.60726 | val_dev 0.68249
epoch  985 | train_nll -1.35210 | train_fsce 0.61603 | val_dev 0.68427
epoch  990 | train_nll -1.35095 | train_fsce 0.60924 | val_dev 0.70545
epoch  995 | train_nll -1.35317 | train_fsce 0.63008 | val_dev 0.71535
epoch 1000 | train_nll -1.35484 | train_fsce 0.59640 | val_dev 0.71034
epoch 1005 | train_nll -1.35882 | train_fsce 0.61782 | val_dev 0.70102
epoch 1010 | train_nll -1.34887 | train_fsce 0.63221 | val_dev 0.71706
epoch 1015 | train_nll -1.35536 | train_fsce 0.63116 | val_dev 0.71063
epoch 1020 | train_nll -1.35370 | train_fsce 0.60917 | val_dev 0.70326
epoch 1025 | train_nll -1.35610 | train_fsce 0.62223 | val_dev 0.69291
epoch 1030 | train_nll -1.36019 | train_fsce 0.61777 | val_dev 0.70414
epoch 1035 | train_nll -1.36801 | train_fsce 0.61244 | val_dev 0.70027
epoch 1040 | train_nll -1.32925 | train_fsce 0.61468 | val_dev 0.72648
epoch 1045 | train_nll -1.35134 | train_fsce 0.63131 | val_dev 0.70506
epoch 1050 | train_nll -1.36228 | train_fsce 0.62096 | val_dev 0.69307
epoch 1055 | train_nll -1.34441 | train_fsce 0.60045 | val_dev 0.71537
epoch 1060 | train_nll -1.35428 | train_fsce 0.62055 | val_dev 0.68574
epoch 1065 | train_nll -1.35820 | train_fsce 0.63997 | val_dev 0.66524
epoch 1070 | train_nll -1.35915 | train_fsce 0.61021 | val_dev 0.69871
epoch 1075 | train_nll -1.35063 | train_fsce 0.61928 | val_dev 0.68926
epoch 1080 | train_nll -1.36090 | train_fsce 0.62277 | val_dev 0.69037
epoch 1085 | train_nll -1.36030 | train_fsce 0.63387 | val_dev 0.69021
epoch 1090 | train_nll -1.36383 | train_fsce 0.60156 | val_dev 0.69438
epoch 1095 | train_nll -1.35512 | train_fsce 0.63469 | val_dev 0.69470
epoch 1100 | train_nll -1.36258 | train_fsce 0.63169 | val_dev 0.70539
epoch 1105 | train_nll -1.35981 | train_fsce 0.58026 | val_dev 0.71285
epoch 1110 | train_nll -1.36016 | train_fsce 0.62485 | val_dev 0.69816
epoch 1115 | train_nll -1.35493 | train_fsce 0.58872 | val_dev 0.69416
epoch 1120 | train_nll -1.36332 | train_fsce 0.62601 | val_dev 0.68799
epoch 1125 | train_nll -1.35840 | train_fsce 0.61061 | val_dev 0.70050
epoch 1130 | train_nll -1.35566 | train_fsce 0.61289 | val_dev 0.70205
epoch 1135 | train_nll -1.36072 | train_fsce 0.61028 | val_dev 0.69702
epoch 1140 | train_nll -1.35483 | train_fsce 0.61667 | val_dev 0.70086
epoch 1145 | train_nll -1.35824 | train_fsce 0.59580 | val_dev 0.67327
epoch 1150 | train_nll -1.35454 | train_fsce 0.60191 | val_dev 0.70536
epoch 1155 | train_nll -1.36725 | train_fsce 0.59992 | val_dev 0.67330
epoch 1160 | train_nll -1.36557 | train_fsce 0.60633 | val_dev 0.66650
epoch 1165 | train_nll -1.36619 | train_fsce 0.58901 | val_dev 0.67335
epoch 1170 | train_nll -1.35482 | train_fsce 0.64609 | val_dev 0.67910
epoch 1175 | train_nll -1.36712 | train_fsce 0.61481 | val_dev 0.68942
epoch 1180 | train_nll -1.36252 | train_fsce 0.59450 | val_dev 0.68183
epoch 1185 | train_nll -1.36160 | train_fsce 0.59930 | val_dev 0.68326
epoch 1190 | train_nll -1.36586 | train_fsce 0.61981 | val_dev 0.70026
epoch 1195 | train_nll -1.36157 | train_fsce 0.60093 | val_dev 0.67959
epoch 1200 | train_nll -1.36507 | train_fsce 0.60021 | val_dev 0.67660
epoch 1205 | train_nll -1.35817 | train_fsce 0.59181 | val_dev 0.67988
epoch 1210 | train_nll -1.36782 | train_fsce 0.60665 | val_dev 0.69078
epoch 1215 | train_nll -1.36168 | train_fsce 0.58543 | val_dev 0.70450
epoch 1220 | train_nll -1.36252 | train_fsce 0.58310 | val_dev 0.68778
epoch 1225 | train_nll -1.34420 | train_fsce 0.60573 | val_dev 0.71297
epoch 1230 | train_nll -1.36602 | train_fsce 0.58157 | val_dev 0.66978
epoch 1235 | train_nll -1.36439 | train_fsce 0.57654 | val_dev 0.67045
epoch 1240 | train_nll -1.37248 | train_fsce 0.57795 | val_dev 0.66065
epoch 1245 | train_nll -1.35219 | train_fsce 0.56755 | val_dev 0.71743
epoch 1250 | train_nll -1.36126 | train_fsce 0.62343 | val_dev 0.72749
epoch 1255 | train_nll -1.36869 | train_fsce 0.60981 | val_dev 0.72531
epoch 1260 | train_nll -1.36078 | train_fsce 0.60650 | val_dev 0.71782
epoch 1265 | train_nll -1.35534 | train_fsce 0.58352 | val_dev 0.70126
epoch 1270 | train_nll -1.37057 | train_fsce 0.58722 | val_dev 0.68377
epoch 1275 | train_nll -1.37511 | train_fsce 0.59004 | val_dev 0.71484
epoch 1280 | train_nll -1.35911 | train_fsce 0.60419 | val_dev 0.68194
epoch 1285 | train_nll -1.36696 | train_fsce 0.62729 | val_dev 0.69495
epoch 1290 | train_nll -1.36075 | train_fsce 0.61514 | val_dev 0.68502
epoch 1295 | train_nll -1.36757 | train_fsce 0.61423 | val_dev 0.67406
epoch 1300 | train_nll -1.37294 | train_fsce 0.58857 | val_dev 0.65576
epoch 1305 | train_nll -1.36832 | train_fsce 0.59213 | val_dev 0.66873
epoch 1310 | train_nll -1.36911 | train_fsce 0.60492 | val_dev 0.66926
epoch 1315 | train_nll -1.37207 | train_fsce 0.60624 | val_dev 0.66867
epoch 1320 | train_nll -1.37558 | train_fsce 0.65060 | val_dev 0.67606
epoch 1325 | train_nll -1.37408 | train_fsce 0.59703 | val_dev 0.66904
epoch 1330 | train_nll -1.36872 | train_fsce 0.59649 | val_dev 0.66655
epoch 1335 | train_nll -1.37394 | train_fsce 0.60940 | val_dev 0.69131
epoch 1340 | train_nll -1.36549 | train_fsce 0.60035 | val_dev 0.67231
epoch 1345 | train_nll -1.37326 | train_fsce 0.60533 | val_dev 0.66598
epoch 1350 | train_nll -1.37009 | train_fsce 0.59887 | val_dev 0.67885
epoch 1355 | train_nll -1.36963 | train_fsce 0.57861 | val_dev 0.67728
epoch 1360 | train_nll -1.36330 | train_fsce 0.56758 | val_dev 0.69565
epoch 1365 | train_nll -1.36146 | train_fsce 0.60566 | val_dev 0.69719
epoch 1370 | train_nll -1.35231 | train_fsce 0.56255 | val_dev 0.69664
epoch 1375 | train_nll -1.36375 | train_fsce 0.56932 | val_dev 0.70386
epoch 1380 | train_nll -1.36824 | train_fsce 0.60308 | val_dev 0.69409
epoch 1385 | train_nll -1.36871 | train_fsce 0.60371 | val_dev 0.68897
epoch 1390 | train_nll -1.35961 | train_fsce 0.61235 | val_dev 0.68685
epoch 1395 | train_nll -1.36528 | train_fsce 0.62994 | val_dev 0.70436
epoch 1400 | train_nll -1.36624 | train_fsce 0.58764 | val_dev 0.69020
epoch 1405 | train_nll -1.36385 | train_fsce 0.58722 | val_dev 0.67266
epoch 1410 | train_nll -1.35143 | train_fsce 0.60473 | val_dev 0.71140
epoch 1415 | train_nll -1.36267 | train_fsce 0.57853 | val_dev 0.69406
epoch 1420 | train_nll -1.36932 | train_fsce 0.57377 | val_dev 0.67448
epoch 1425 | train_nll -1.37446 | train_fsce 0.60213 | val_dev 0.69210
epoch 1430 | train_nll -1.37819 | train_fsce 0.61442 | val_dev 0.67599
epoch 1435 | train_nll -1.38023 | train_fsce 0.57694 | val_dev 0.66752
epoch 1440 | train_nll -1.37066 | train_fsce 0.60350 | val_dev 0.70658
epoch 1445 | train_nll -1.37468 | train_fsce 0.58778 | val_dev 0.71028
epoch 1450 | train_nll -1.38430 | train_fsce 0.57002 | val_dev 0.66699
epoch 1455 | train_nll -1.37143 | train_fsce 0.56716 | val_dev 0.70576
epoch 1460 | train_nll -1.36954 | train_fsce 0.60135 | val_dev 0.68645
epoch 1465 | train_nll -1.37216 | train_fsce 0.58979 | val_dev 0.68866
epoch 1470 | train_nll -1.37635 | train_fsce 0.56615 | val_dev 0.68168
epoch 1475 | train_nll -1.36484 | train_fsce 0.59715 | val_dev 0.66697
epoch 1480 | train_nll -1.37748 | train_fsce 0.57715 | val_dev 0.68196
epoch 1485 | train_nll -1.37316 | train_fsce 0.60564 | val_dev 0.67895
epoch 1490 | train_nll -1.37314 | train_fsce 0.58102 | val_dev 0.68348
epoch 1495 | train_nll -1.36185 | train_fsce 0.61031 | val_dev 0.69903
epoch 1500 | train_nll -1.36728 | train_fsce 0.56524 | val_dev 0.69894
epoch 1505 | train_nll -1.37544 | train_fsce 0.55665 | val_dev 0.65614
epoch 1510 | train_nll -1.37795 | train_fsce 0.54953 | val_dev 0.66637
epoch 1515 | train_nll -1.37191 | train_fsce 0.58182 | val_dev 0.65343
epoch 1520 | train_nll -1.37305 | train_fsce 0.55592 | val_dev 0.68042
epoch 1525 | train_nll -1.37772 | train_fsce 0.59494 | val_dev 0.69396
epoch 1530 | train_nll -1.37054 | train_fsce 0.58923 | val_dev 0.67072
epoch 1535 | train_nll -1.36462 | train_fsce 0.59606 | val_dev 0.69146
epoch 1540 | train_nll -1.37697 | train_fsce 0.59685 | val_dev 0.65819
epoch 1545 | train_nll -1.37887 | train_fsce 0.57199 | val_dev 0.65913
epoch 1550 | train_nll -1.36736 | train_fsce 0.59858 | val_dev 0.68756
epoch 1555 | train_nll -1.37465 | train_fsce 0.58455 | val_dev 0.70436
epoch 1560 | train_nll -1.36383 | train_fsce 0.57775 | val_dev 0.66401
epoch 1565 | train_nll -1.35600 | train_fsce 0.62559 | val_dev 0.68353
epoch 1570 | train_nll -1.36489 | train_fsce 0.62164 | val_dev 0.68444
epoch 1575 | train_nll -1.37072 | train_fsce 0.59707 | val_dev 0.67010
epoch 1580 | train_nll -1.37477 | train_fsce 0.58437 | val_dev 0.67086
epoch 1585 | train_nll -1.36759 | train_fsce 0.56713 | val_dev 0.67154
epoch 1590 | train_nll -1.37964 | train_fsce 0.58401 | val_dev 0.67954
epoch 1595 | train_nll -1.37480 | train_fsce 0.59673 | val_dev 0.67814
epoch 1600 | train_nll -1.37857 | train_fsce 0.59142 | val_dev 0.66653
epoch 1605 | train_nll -1.38094 | train_fsce 0.58268 | val_dev 0.69326
epoch 1610 | train_nll -1.37785 | train_fsce 0.59708 | val_dev 0.67970
epoch 1615 | train_nll -1.37891 | train_fsce 0.55679 | val_dev 0.67128
epoch 1620 | train_nll -1.37427 | train_fsce 0.56907 | val_dev 0.70348
epoch 1625 | train_nll -1.37490 | train_fsce 0.58137 | val_dev 0.68978
epoch 1630 | train_nll -1.38009 | train_fsce 0.59817 | val_dev 0.69596
epoch 1635 | train_nll -1.38220 | train_fsce 0.56168 | val_dev 0.67312
epoch 1640 | train_nll -1.37405 | train_fsce 0.58358 | val_dev 0.67997
epoch 1645 | train_nll -1.37627 | train_fsce 0.55980 | val_dev 0.65011
epoch 1650 | train_nll -1.38502 | train_fsce 0.58534 | val_dev 0.67123
epoch 1655 | train_nll -1.37460 | train_fsce 0.59837 | val_dev 0.65976
epoch 1660 | train_nll -1.38580 | train_fsce 0.57382 | val_dev 0.67491
epoch 1665 | train_nll -1.37677 | train_fsce 0.56573 | val_dev 0.66939
epoch 1670 | train_nll -1.37274 | train_fsce 0.56270 | val_dev 0.66697
epoch 1675 | train_nll -1.37481 | train_fsce 0.60932 | val_dev 0.68369
epoch 1680 | train_nll -1.37785 | train_fsce 0.57485 | val_dev 0.66097
epoch 1685 | train_nll -1.37871 | train_fsce 0.56972 | val_dev 0.66353
epoch 1690 | train_nll -1.39127 | train_fsce 0.56899 | val_dev 0.69753
epoch 1695 | train_nll -1.38990 | train_fsce 0.56251 | val_dev 0.66847
epoch 1700 | train_nll -1.38586 | train_fsce 0.56487 | val_dev 0.65529
epoch 1705 | train_nll -1.38224 | train_fsce 0.57395 | val_dev 0.67472
epoch 1710 | train_nll -1.36823 | train_fsce 0.59172 | val_dev 0.68158
epoch 1715 | train_nll -1.37072 | train_fsce 0.59546 | val_dev 0.69291
epoch 1720 | train_nll -1.37337 | train_fsce 0.56350 | val_dev 0.67570
epoch 1725 | train_nll -1.37742 | train_fsce 0.59887 | val_dev 0.65937
epoch 1730 | train_nll -1.38203 | train_fsce 0.60311 | val_dev 0.65547
epoch 1735 | train_nll -1.37478 | train_fsce 0.61402 | val_dev 0.67033
epoch 1740 | train_nll -1.38363 | train_fsce 0.60874 | val_dev 0.66621
epoch 1745 | train_nll -1.37950 | train_fsce 0.59660 | val_dev 0.67371
epoch 1750 | train_nll -1.38205 | train_fsce 0.59160 | val_dev 0.66340
epoch 1755 | train_nll -1.37969 | train_fsce 0.56901 | val_dev 0.66217
epoch 1760 | train_nll -1.38216 | train_fsce 0.58131 | val_dev 0.65805
epoch 1765 | train_nll -1.38533 | train_fsce 0.59589 | val_dev 0.65646
epoch 1770 | train_nll -1.37700 | train_fsce 0.59238 | val_dev 0.71478
epoch 1775 | train_nll -1.38556 | train_fsce 0.57142 | val_dev 0.64581
epoch 1780 | train_nll -1.37840 | train_fsce 0.60949 | val_dev 0.67810
epoch 1785 | train_nll -1.38896 | train_fsce 0.58662 | val_dev 0.64843
epoch 1790 | train_nll -1.36700 | train_fsce 0.59477 | val_dev 0.66126
epoch 1795 | train_nll -1.38517 | train_fsce 0.60754 | val_dev 0.68379
epoch 1800 | train_nll -1.38228 | train_fsce 0.58782 | val_dev 0.65741
epoch 1805 | train_nll -1.37877 | train_fsce 0.56921 | val_dev 0.64493
epoch 1810 | train_nll -1.37869 | train_fsce 0.57318 | val_dev 0.65855
epoch 1815 | train_nll -1.37621 | train_fsce 0.57593 | val_dev 0.71793
epoch 1820 | train_nll -1.37240 | train_fsce 0.59619 | val_dev 0.65566
epoch 1825 | train_nll -1.38105 | train_fsce 0.59398 | val_dev 0.65120
epoch 1830 | train_nll -1.38411 | train_fsce 0.57937 | val_dev 0.64474
epoch 1835 | train_nll -1.39034 | train_fsce 0.58173 | val_dev 0.67417
epoch 1840 | train_nll -1.38518 | train_fsce 0.57870 | val_dev 0.65619
epoch 1845 | train_nll -1.38196 | train_fsce 0.60305 | val_dev 0.68663
epoch 1850 | train_nll -1.37347 | train_fsce 0.57552 | val_dev 0.64062
epoch 1855 | train_nll -1.38426 | train_fsce 0.57898 | val_dev 0.66507
epoch 1860 | train_nll -1.38178 | train_fsce 0.59399 | val_dev 0.66321
epoch 1865 | train_nll -1.38791 | train_fsce 0.57704 | val_dev 0.66105
epoch 1870 | train_nll -1.38478 | train_fsce 0.57049 | val_dev 0.65884
epoch 1875 | train_nll -1.38330 | train_fsce 0.58629 | val_dev 0.69372
epoch 1880 | train_nll -1.38309 | train_fsce 0.58143 | val_dev 0.63159
epoch 1885 | train_nll -1.38420 | train_fsce 0.57674 | val_dev 0.63785
epoch 1890 | train_nll -1.38014 | train_fsce 0.57350 | val_dev 0.64106
epoch 1895 | train_nll -1.38277 | train_fsce 0.58346 | val_dev 0.65660
epoch 1900 | train_nll -1.38462 | train_fsce 0.57052 | val_dev 0.67080
epoch 1905 | train_nll -1.38481 | train_fsce 0.57380 | val_dev 0.66353
epoch 1910 | train_nll -1.38806 | train_fsce 0.57873 | val_dev 0.65711
epoch 1915 | train_nll -1.38250 | train_fsce 0.58424 | val_dev 0.64938
epoch 1920 | train_nll -1.38777 | train_fsce 0.56943 | val_dev 0.66392
epoch 1925 | train_nll -1.37944 | train_fsce 0.59737 | val_dev 0.66950
epoch 1930 | train_nll -1.36546 | train_fsce 0.57430 | val_dev 0.67523
epoch 1935 | train_nll -1.37623 | train_fsce 0.56207 | val_dev 0.65843
epoch 1940 | train_nll -1.38052 | train_fsce 0.56936 | val_dev 0.64050
epoch 1945 | train_nll -1.39014 | train_fsce 0.60633 | val_dev 0.65882
epoch 1950 | train_nll -1.37956 | train_fsce 0.54855 | val_dev 0.67728
epoch 1955 | train_nll -1.38002 | train_fsce 0.58902 | val_dev 0.67546
epoch 1960 | train_nll -1.38416 | train_fsce 0.56884 | val_dev 0.66812
epoch 1965 | train_nll -1.38896 | train_fsce 0.58712 | val_dev 0.63959
epoch 1970 | train_nll -1.39259 | train_fsce 0.56466 | val_dev 0.63446
epoch 1975 | train_nll -1.39111 | train_fsce 0.60284 | val_dev 0.62202
epoch 1980 | train_nll -1.39171 | train_fsce 0.61316 | val_dev 0.63984
epoch 1985 | train_nll -1.39196 | train_fsce 0.57681 | val_dev 0.64777
epoch 1990 | train_nll -1.38695 | train_fsce 0.57127 | val_dev 0.64443
epoch 1995 | train_nll -1.37195 | train_fsce 0.55118 | val_dev 0.66101
epoch 2000 | train_nll -1.37784 | train_fsce 0.56345 | val_dev 0.66533
epoch 2005 | train_nll -1.37887 | train_fsce 0.58154 | val_dev 0.66890
epoch 2010 | train_nll -1.38789 | train_fsce 0.55929 | val_dev 0.62698
epoch 2015 | train_nll -1.38300 | train_fsce 0.60390 | val_dev 0.62922
epoch 2020 | train_nll -1.38450 | train_fsce 0.54828 | val_dev 0.65002
epoch 2025 | train_nll -1.39729 | train_fsce 0.55818 | val_dev 0.65553
epoch 2030 | train_nll -1.38336 | train_fsce 0.56330 | val_dev 0.66458
epoch 2035 | train_nll -1.38954 | train_fsce 0.56350 | val_dev 0.63318
epoch 2040 | train_nll -1.38851 | train_fsce 0.58049 | val_dev 0.62154
epoch 2045 | train_nll -1.39427 | train_fsce 0.59418 | val_dev 0.65226
epoch 2050 | train_nll -1.39218 | train_fsce 0.57447 | val_dev 0.66574
epoch 2055 | train_nll -1.38320 | train_fsce 0.54053 | val_dev 0.63967
epoch 2060 | train_nll -1.38687 | train_fsce 0.59053 | val_dev 0.66499
epoch 2065 | train_nll -1.39043 | train_fsce 0.57594 | val_dev 0.64565
epoch 2070 | train_nll -1.39138 | train_fsce 0.61001 | val_dev 0.64973
epoch 2075 | train_nll -1.38043 | train_fsce 0.55380 | val_dev 0.63532
epoch 2080 | train_nll -1.38902 | train_fsce 0.57197 | val_dev 0.63919
epoch 2085 | train_nll -1.39496 | train_fsce 0.57052 | val_dev 0.62480
epoch 2090 | train_nll -1.38745 | train_fsce 0.60449 | val_dev 0.60919
epoch 2095 | train_nll -1.38419 | train_fsce 0.56089 | val_dev 0.63973
epoch 2100 | train_nll -1.38635 | train_fsce 0.57991 | val_dev 0.62095
epoch 2105 | train_nll -1.38864 | train_fsce 0.58549 | val_dev 0.62341
epoch 2110 | train_nll -1.38588 | train_fsce 0.59960 | val_dev 0.65075
epoch 2115 | train_nll -1.38913 | train_fsce 0.56698 | val_dev 0.63963
epoch 2120 | train_nll -1.37332 | train_fsce 0.55752 | val_dev 0.63578
epoch 2125 | train_nll -1.38471 | train_fsce 0.57004 | val_dev 0.63463
epoch 2130 | train_nll -1.38814 | train_fsce 0.57824 | val_dev 0.65450
epoch 2135 | train_nll -1.38765 | train_fsce 0.58142 | val_dev 0.63541
epoch 2140 | train_nll -1.38666 | train_fsce 0.56963 | val_dev 0.64376
epoch 2145 | train_nll -1.37580 | train_fsce 0.55701 | val_dev 0.68210
epoch 2150 | train_nll -1.39243 | train_fsce 0.56160 | val_dev 0.64766
epoch 2155 | train_nll -1.39017 | train_fsce 0.56824 | val_dev 0.62824
epoch 2160 | train_nll -1.38805 | train_fsce 0.56286 | val_dev 0.63651
epoch 2165 | train_nll -1.39579 | train_fsce 0.55518 | val_dev 0.64014
epoch 2170 | train_nll -1.39896 | train_fsce 0.56722 | val_dev 0.65298
epoch 2175 | train_nll -1.38971 | train_fsce 0.56963 | val_dev 0.64087
epoch 2180 | train_nll -1.39927 | train_fsce 0.56809 | val_dev 0.64036
epoch 2185 | train_nll -1.38399 | train_fsce 0.54768 | val_dev 0.64368
epoch 2190 | train_nll -1.39188 | train_fsce 0.52553 | val_dev 0.66124
epoch 2195 | train_nll -1.40068 | train_fsce 0.57004 | val_dev 0.62834
epoch 2200 | train_nll -1.39122 | train_fsce 0.54520 | val_dev 0.62985
epoch 2205 | train_nll -1.37559 | train_fsce 0.58710 | val_dev 0.63035
epoch 2210 | train_nll -1.37583 | train_fsce 0.58663 | val_dev 0.65725
epoch 2215 | train_nll -1.37879 | train_fsce 0.58443 | val_dev 0.64994
epoch 2220 | train_nll -1.39719 | train_fsce 0.58854 | val_dev 0.63537
epoch 2225 | train_nll -1.39782 | train_fsce 0.55178 | val_dev 0.62684
epoch 2230 | train_nll -1.39106 | train_fsce 0.55446 | val_dev 0.64424
epoch 2235 | train_nll -1.38136 | train_fsce 0.55515 | val_dev 0.64957
epoch 2240 | train_nll -1.39255 | train_fsce 0.55932 | val_dev 0.64025
epoch 2245 | train_nll -1.38041 | train_fsce 0.56565 | val_dev 0.64542
epoch 2250 | train_nll -1.37505 | train_fsce 0.58288 | val_dev 0.63009
epoch 2255 | train_nll -1.38551 | train_fsce 0.58742 | val_dev 0.64476
epoch 2260 | train_nll -1.39612 | train_fsce 0.56608 | val_dev 0.64905
epoch 2265 | train_nll -1.38349 | train_fsce 0.56928 | val_dev 0.66521
epoch 2270 | train_nll -1.38838 | train_fsce 0.59983 | val_dev 0.64801
epoch 2275 | train_nll -1.39637 | train_fsce 0.58822 | val_dev 0.66280
epoch 2280 | train_nll -1.37768 | train_fsce 0.57139 | val_dev 0.66674
epoch 2285 | train_nll -1.38978 | train_fsce 0.57521 | val_dev 0.64390
epoch 2290 | train_nll -1.39405 | train_fsce 0.57463 | val_dev 0.63669
epoch 2295 | train_nll -1.38562 | train_fsce 0.57766 | val_dev 0.66540
epoch 2300 | train_nll -1.39125 | train_fsce 0.56100 | val_dev 0.65922
epoch 2305 | train_nll -1.39165 | train_fsce 0.55937 | val_dev 0.65540
epoch 2310 | train_nll -1.39110 | train_fsce 0.57527 | val_dev 0.65630
epoch 2315 | train_nll -1.38948 | train_fsce 0.56117 | val_dev 0.65823
epoch 2320 | train_nll -1.39038 | train_fsce 0.57718 | val_dev 0.62822
epoch 2325 | train_nll -1.39578 | train_fsce 0.53899 | val_dev 0.63769
epoch 2330 | train_nll -1.39334 | train_fsce 0.55750 | val_dev 0.65198
epoch 2335 | train_nll -1.39734 | train_fsce 0.56453 | val_dev 0.65150
epoch 2340 | train_nll -1.38976 | train_fsce 0.58109 | val_dev 0.63630
epoch 2345 | train_nll -1.39682 | train_fsce 0.54241 | val_dev 0.62876
epoch 2350 | train_nll -1.37693 | train_fsce 0.56754 | val_dev 0.64216
epoch 2355 | train_nll -1.39697 | train_fsce 0.57310 | val_dev 0.62841
epoch 2360 | train_nll -1.38575 | train_fsce 0.58757 | val_dev 0.63735
epoch 2365 | train_nll -1.39127 | train_fsce 0.56133 | val_dev 0.65066
epoch 2370 | train_nll -1.39233 | train_fsce 0.54726 | val_dev 0.68037
epoch 2375 | train_nll -1.39047 | train_fsce 0.56487 | val_dev 0.64103
epoch 2380 | train_nll -1.39603 | train_fsce 0.57207 | val_dev 0.63327
epoch 2385 | train_nll -1.39326 | train_fsce 0.58451 | val_dev 0.64545
epoch 2390 | train_nll -1.39407 | train_fsce 0.57559 | val_dev 0.62867
epoch 2395 | train_nll -1.39615 | train_fsce 0.57391 | val_dev 0.63412
epoch 2400 | train_nll -1.39494 | train_fsce 0.58083 | val_dev 0.62437
epoch 2405 | train_nll -1.39255 | train_fsce 0.56725 | val_dev 0.61762
epoch 2410 | train_nll -1.38933 | train_fsce 0.57438 | val_dev 0.65941
epoch 2415 | train_nll -1.38423 | train_fsce 0.57527 | val_dev 0.66223
epoch 2420 | train_nll -1.39385 | train_fsce 0.59940 | val_dev 0.67690
epoch 2425 | train_nll -1.39573 | train_fsce 0.59252 | val_dev 0.65578
epoch 2430 | train_nll -1.38997 | train_fsce 0.57166 | val_dev 0.68594
epoch 2435 | train_nll -1.40433 | train_fsce 0.57005 | val_dev 0.64371
epoch 2440 | train_nll -1.39743 | train_fsce 0.59947 | val_dev 0.67906
epoch 2445 | train_nll -1.40049 | train_fsce 0.56950 | val_dev 0.64549
epoch 2450 | train_nll -1.39593 | train_fsce 0.55765 | val_dev 0.64101
epoch 2455 | train_nll -1.40179 | train_fsce 0.54478 | val_dev 0.63379
epoch 2460 | train_nll -1.38535 | train_fsce 0.56442 | val_dev 0.63352
epoch 2465 | train_nll -1.39676 | train_fsce 0.56865 | val_dev 0.64294
epoch 2470 | train_nll -1.37772 | train_fsce 0.57954 | val_dev 0.69621
epoch 2475 | train_nll -1.38752 | train_fsce 0.56987 | val_dev 0.66938
epoch 2480 | train_nll -1.39092 | train_fsce 0.57680 | val_dev 0.64836
epoch 2485 | train_nll -1.40196 | train_fsce 0.56632 | val_dev 0.64935
epoch 2490 | train_nll -1.38902 | train_fsce 0.55545 | val_dev 0.64422
epoch 2495 | train_nll -1.39047 | train_fsce 0.55959 | val_dev 0.64930
epoch 2500 | train_nll -1.38748 | train_fsce 0.53363 | val_dev 0.70373
epoch 2505 | train_nll -1.38788 | train_fsce 0.54284 | val_dev 0.64957
epoch 2510 | train_nll -1.38743 | train_fsce 0.54739 | val_dev 0.65145
epoch 2515 | train_nll -1.39792 | train_fsce 0.55155 | val_dev 0.65392
epoch 2520 | train_nll -1.39253 | train_fsce 0.56122 | val_dev 0.64525
epoch 2525 | train_nll -1.39939 | train_fsce 0.53780 | val_dev 0.64632
epoch 2530 | train_nll -1.39297 | train_fsce 0.54882 | val_dev 0.65565
epoch 2535 | train_nll -1.39611 | train_fsce 0.56651 | val_dev 0.65233
epoch 2540 | train_nll -1.38721 | train_fsce 0.56933 | val_dev 0.64742
epoch 2545 | train_nll -1.38680 | train_fsce 0.51245 | val_dev 0.67924
epoch 2550 | train_nll -1.40078 | train_fsce 0.57162 | val_dev 0.64919
epoch 2555 | train_nll -1.39020 | train_fsce 0.56945 | val_dev 0.65484
epoch 2560 | train_nll -1.39223 | train_fsce 0.56375 | val_dev 0.64122
epoch 2565 | train_nll -1.39593 | train_fsce 0.53572 | val_dev 0.64095
epoch 2570 | train_nll -1.40571 | train_fsce 0.57029 | val_dev 0.64145
epoch 2575 | train_nll -1.40090 | train_fsce 0.53878 | val_dev 0.64053
epoch 2580 | train_nll -1.41034 | train_fsce 0.56556 | val_dev 0.64152
epoch 2585 | train_nll -1.39751 | train_fsce 0.56892 | val_dev 0.64400
epoch 2590 | train_nll -1.40080 | train_fsce 0.57621 | val_dev 0.65973
epoch 2595 | train_nll -1.39310 | train_fsce 0.56938 | val_dev 0.61798
epoch 2600 | train_nll -1.40368 | train_fsce 0.57663 | val_dev 0.62925
epoch 2605 | train_nll -1.39832 | train_fsce 0.52081 | val_dev 0.63098
epoch 2610 | train_nll -1.38114 | train_fsce 0.53528 | val_dev 0.64591
epoch 2615 | train_nll -1.39241 | train_fsce 0.55873 | val_dev 0.62859
epoch 2620 | train_nll -1.40373 | train_fsce 0.56299 | val_dev 0.64094
epoch 2625 | train_nll -1.39001 | train_fsce 0.58506 | val_dev 0.66822
epoch 2630 | train_nll -1.39055 | train_fsce 0.55197 | val_dev 0.64761
epoch 2635 | train_nll -1.40108 | train_fsce 0.55180 | val_dev 0.64199
epoch 2640 | train_nll -1.40132 | train_fsce 0.54971 | val_dev 0.66376
epoch 2645 | train_nll -1.40003 | train_fsce 0.55910 | val_dev 0.64639
epoch 2650 | train_nll -1.39067 | train_fsce 0.54539 | val_dev 0.63098
epoch 2655 | train_nll -1.39034 | train_fsce 0.57860 | val_dev 0.67622
epoch 2660 | train_nll -1.39212 | train_fsce 0.56228 | val_dev 0.67999
epoch 2665 | train_nll -1.39972 | train_fsce 0.55052 | val_dev 0.64563
epoch 2670 | train_nll -1.39740 | train_fsce 0.57151 | val_dev 0.62930
epoch 2675 | train_nll -1.40310 | train_fsce 0.56746 | val_dev 0.65228
epoch 2680 | train_nll -1.38606 | train_fsce 0.55518 | val_dev 0.62574
epoch 2685 | train_nll -1.38787 | train_fsce 0.54613 | val_dev 0.64184
epoch 2690 | train_nll -1.39176 | train_fsce 0.54789 | val_dev 0.62580
epoch 2695 | train_nll -1.39876 | train_fsce 0.56188 | val_dev 0.62429
epoch 2700 | train_nll -1.39705 | train_fsce 0.55585 | val_dev 0.61412
epoch 2705 | train_nll -1.39649 | train_fsce 0.57048 | val_dev 0.63850
epoch 2710 | train_nll -1.40521 | train_fsce 0.56547 | val_dev 0.63020
epoch 2715 | train_nll -1.40042 | train_fsce 0.59390 | val_dev 0.62487
epoch 2720 | train_nll -1.39142 | train_fsce 0.58780 | val_dev 0.62037
epoch 2725 | train_nll -1.38903 | train_fsce 0.57316 | val_dev 0.64359
epoch 2730 | train_nll -1.39418 | train_fsce 0.57056 | val_dev 0.61886
epoch 2735 | train_nll -1.39415 | train_fsce 0.56596 | val_dev 0.60727
epoch 2740 | train_nll -1.39754 | train_fsce 0.57234 | val_dev 0.62377
epoch 2745 | train_nll -1.39623 | train_fsce 0.57170 | val_dev 0.62359
epoch 2750 | train_nll -1.39946 | train_fsce 0.59455 | val_dev 0.63357
epoch 2755 | train_nll -1.38705 | train_fsce 0.58884 | val_dev 0.63683
epoch 2760 | train_nll -1.39656 | train_fsce 0.58299 | val_dev 0.66736
epoch 2765 | train_nll -1.39270 | train_fsce 0.55871 | val_dev 0.63897
epoch 2770 | train_nll -1.39959 | train_fsce 0.54647 | val_dev 0.68074
epoch 2775 | train_nll -1.40081 | train_fsce 0.57349 | val_dev 0.64187
epoch 2780 | train_nll -1.40338 | train_fsce 0.57879 | val_dev 0.67458
epoch 2785 | train_nll -1.39267 | train_fsce 0.55092 | val_dev 0.67976
epoch 2790 | train_nll -1.39918 | train_fsce 0.54120 | val_dev 0.68708
epoch 2795 | train_nll -1.40314 | train_fsce 0.55792 | val_dev 0.66785
epoch 2800 | train_nll -1.40561 | train_fsce 0.57699 | val_dev 0.65284
epoch 2805 | train_nll -1.39296 | train_fsce 0.54233 | val_dev 0.65308
epoch 2810 | train_nll -1.39493 | train_fsce 0.54699 | val_dev 0.63865
epoch 2815 | train_nll -1.39890 | train_fsce 0.57215 | val_dev 0.64514
epoch 2820 | train_nll -1.40212 | train_fsce 0.55211 | val_dev 0.63733
epoch 2825 | train_nll -1.40592 | train_fsce 0.57519 | val_dev 0.63546
epoch 2830 | train_nll -1.40970 | train_fsce 0.54250 | val_dev 0.62991
epoch 2835 | train_nll -1.40075 | train_fsce 0.55599 | val_dev 0.63649
epoch 2840 | train_nll -1.41172 | train_fsce 0.57019 | val_dev 0.61239
epoch 2845 | train_nll -1.40341 | train_fsce 0.55203 | val_dev 0.61595
epoch 2850 | train_nll -1.38994 | train_fsce 0.56418 | val_dev 0.61763
epoch 2855 | train_nll -1.40150 | train_fsce 0.56805 | val_dev 0.59915
epoch 2860 | train_nll -1.40624 | train_fsce 0.54913 | val_dev 0.60032
epoch 2865 | train_nll -1.39821 | train_fsce 0.55973 | val_dev 0.63361
epoch 2870 | train_nll -1.40154 | train_fsce 0.55015 | val_dev 0.63452
epoch 2875 | train_nll -1.40163 | train_fsce 0.56274 | val_dev 0.62802
epoch 2880 | train_nll -1.38903 | train_fsce 0.54497 | val_dev 0.67521
epoch 2885 | train_nll -1.39963 | train_fsce 0.54835 | val_dev 0.62849
epoch 2890 | train_nll -1.40870 | train_fsce 0.57416 | val_dev 0.63315
epoch 2895 | train_nll -1.40407 | train_fsce 0.57848 | val_dev 0.61100
epoch 2900 | train_nll -1.40399 | train_fsce 0.56674 | val_dev 0.61413
epoch 2905 | train_nll -1.39339 | train_fsce 0.56482 | val_dev 0.63069
epoch 2910 | train_nll -1.39478 | train_fsce 0.58996 | val_dev 0.62285
epoch 2915 | train_nll -1.40345 | train_fsce 0.54323 | val_dev 0.65515
epoch 2920 | train_nll -1.40690 | train_fsce 0.59380 | val_dev 0.61421
epoch 2925 | train_nll -1.40230 | train_fsce 0.53801 | val_dev 0.61354
epoch 2930 | train_nll -1.39714 | train_fsce 0.55768 | val_dev 0.62472
epoch 2935 | train_nll -1.39672 | train_fsce 0.55340 | val_dev 0.63200
epoch 2940 | train_nll -1.39823 | train_fsce 0.55554 | val_dev 0.61237
epoch 2945 | train_nll -1.38783 | train_fsce 0.58964 | val_dev 0.62438
epoch 2950 | train_nll -1.39964 | train_fsce 0.55638 | val_dev 0.61784
epoch 2955 | train_nll -1.39725 | train_fsce 0.55345 | val_dev 0.61961
epoch 2960 | train_nll -1.41331 | train_fsce 0.57437 | val_dev 0.61461
epoch 2965 | train_nll -1.40217 | train_fsce 0.56245 | val_dev 0.66446
epoch 2970 | train_nll -1.39469 | train_fsce 0.59130 | val_dev 0.65232
epoch 2975 | train_nll -1.38508 | train_fsce 0.57981 | val_dev 0.65638
epoch 2980 | train_nll -1.39318 | train_fsce 0.57630 | val_dev 0.65334
epoch 2985 | train_nll -1.39322 | train_fsce 0.58116 | val_dev 0.64384
epoch 2990 | train_nll -1.40073 | train_fsce 0.55035 | val_dev 0.60973
epoch 2995 | train_nll -1.40461 | train_fsce 0.57222 | val_dev 0.61763
epoch 3000 | train_nll -1.39803 | train_fsce 0.58107 | val_dev 0.62226

最佳 checkpoint：epoch 2855，val_dev 0.59915
test_dev 0.76815（124 個 patch，全程未參與訓練與選 checkpoint）
done
