[dataset]
  dataset = fsq
  csv = data/tky_clean.csv
  cat_col = category
  categories = ['Dining and Drinking', 'Retail', 'Nightlife Spot', 'Community and Government', 'Travel and Transportation', 'Business and Professional Services', 'Landmarks and Outdoors', 'Arts and Entertainment', 'Health and Medicine', 'Sports and Recreation']
  half_width = 50.0
  cell = 15
  center_step = 100
  min_poi = 10
  crs = EPSG:6677

[hparams]
  LATENT_DIM = 2
  EPOCHS = 3000
  BATCH = 256
  LR = 0.001
  WEIGHT_DECAY = 1e-06
  SEED = 0
  N_NEIGHBORS = 15
  GRAPH_METRIC = euclidean
  EDGE_BATCH = 256
  LAMBDA_FSCE = 0.01
  WARMUP_EPOCHS = 200
  NOISE_P = 0.3
  NOISE_MODE = thinning

1233 個 patch，device=mps，噪聲 thinning p=0.3
split：train 987 / val 123 / test 123
FSCE graph：19916 條邊，a=1.5769 b=0.8951
epoch    1 | train_nll 0.62758 | train_fsce 3.07058 | val_dev 3.42874 | expl_dev -0.90381
epoch    5 | train_nll -0.74324 | train_fsce 2.72991 | val_dev 1.81018 | expl_dev -0.00510
epoch   10 | train_nll -0.90707 | train_fsce 1.37405 | val_dev 1.45583 | expl_dev 0.19165
epoch   15 | train_nll -1.03182 | train_fsce 1.13418 | val_dev 1.18657 | expl_dev 0.34116
epoch   20 | train_nll -1.11657 | train_fsce 1.34242 | val_dev 1.00993 | expl_dev 0.43923
epoch   25 | train_nll -1.15749 | train_fsce 1.37610 | val_dev 0.93370 | expl_dev 0.48156
epoch   30 | train_nll -1.18831 | train_fsce 1.33010 | val_dev 0.91619 | expl_dev 0.49128
epoch   35 | train_nll -1.21176 | train_fsce 1.33074 | val_dev 0.88877 | expl_dev 0.50651
epoch   40 | train_nll -1.21798 | train_fsce 1.35274 | val_dev 0.86882 | expl_dev 0.51759
epoch   45 | train_nll -1.22205 | train_fsce 1.30600 | val_dev 0.87874 | expl_dev 0.51208
epoch   50 | train_nll -1.22846 | train_fsce 1.26831 | val_dev 0.86956 | expl_dev 0.51718
epoch   55 | train_nll -1.23194 | train_fsce 1.26258 | val_dev 0.85021 | expl_dev 0.52792
epoch   60 | train_nll -1.23429 | train_fsce 1.21189 | val_dev 0.85013 | expl_dev 0.52796
epoch   65 | train_nll -1.24337 | train_fsce 1.20348 | val_dev 0.84752 | expl_dev 0.52941
epoch   70 | train_nll -1.24264 | train_fsce 1.19867 | val_dev 0.84360 | expl_dev 0.53159
epoch   75 | train_nll -1.24794 | train_fsce 1.14241 | val_dev 0.83473 | expl_dev 0.53652
epoch   80 | train_nll -1.24235 | train_fsce 1.15382 | val_dev 0.83708 | expl_dev 0.53521
epoch   85 | train_nll -1.25167 | train_fsce 1.10309 | val_dev 0.83023 | expl_dev 0.53901
epoch   90 | train_nll -1.24956 | train_fsce 1.13637 | val_dev 0.83446 | expl_dev 0.53667
epoch   95 | train_nll -1.25770 | train_fsce 1.07414 | val_dev 0.82316 | expl_dev 0.54294
epoch  100 | train_nll -1.26105 | train_fsce 1.03329 | val_dev 0.81765 | expl_dev 0.54600
epoch  105 | train_nll -1.26439 | train_fsce 1.04358 | val_dev 0.81153 | expl_dev 0.54940
epoch  110 | train_nll -1.25468 | train_fsce 1.04104 | val_dev 0.81637 | expl_dev 0.54671
epoch  115 | train_nll -1.26818 | train_fsce 1.01067 | val_dev 0.80753 | expl_dev 0.55162
epoch  120 | train_nll -1.26618 | train_fsce 0.96815 | val_dev 0.80160 | expl_dev 0.55491
epoch  125 | train_nll -1.26556 | train_fsce 0.98085 | val_dev 0.78661 | expl_dev 0.56323
epoch  130 | train_nll -1.26663 | train_fsce 0.98809 | val_dev 0.79061 | expl_dev 0.56101
epoch  135 | train_nll -1.27635 | train_fsce 0.95591 | val_dev 0.79327 | expl_dev 0.55954
epoch  140 | train_nll -1.27401 | train_fsce 0.91254 | val_dev 0.78417 | expl_dev 0.56459
epoch  145 | train_nll -1.27180 | train_fsce 0.94220 | val_dev 0.80128 | expl_dev 0.55509
epoch  150 | train_nll -1.27005 | train_fsce 0.87408 | val_dev 0.80200 | expl_dev 0.55469
epoch  155 | train_nll -1.28303 | train_fsce 0.84679 | val_dev 0.79661 | expl_dev 0.55768
epoch  160 | train_nll -1.26584 | train_fsce 0.92783 | val_dev 0.80362 | expl_dev 0.55379
epoch  165 | train_nll -1.28179 | train_fsce 0.86090 | val_dev 0.76895 | expl_dev 0.57304
epoch  170 | train_nll -1.27803 | train_fsce 0.87560 | val_dev 0.77402 | expl_dev 0.57023
epoch  175 | train_nll -1.28113 | train_fsce 0.84819 | val_dev 0.77372 | expl_dev 0.57039
epoch  180 | train_nll -1.28171 | train_fsce 0.84112 | val_dev 0.76486 | expl_dev 0.57531
epoch  185 | train_nll -1.29609 | train_fsce 0.80040 | val_dev 0.76933 | expl_dev 0.57283
epoch  190 | train_nll -1.29250 | train_fsce 0.81009 | val_dev 0.76267 | expl_dev 0.57653
epoch  195 | train_nll -1.29124 | train_fsce 0.81834 | val_dev 0.75687 | expl_dev 0.57975
epoch  200 | train_nll -1.28591 | train_fsce 0.82535 | val_dev 0.77994 | expl_dev 0.56694
epoch  205 | train_nll -1.29273 | train_fsce 0.81944 | val_dev 0.76491 | expl_dev 0.57528
epoch  210 | train_nll -1.29047 | train_fsce 0.83592 | val_dev 0.77004 | expl_dev 0.57244
epoch  215 | train_nll -1.28692 | train_fsce 0.77399 | val_dev 0.77277 | expl_dev 0.57092
epoch  220 | train_nll -1.29566 | train_fsce 0.77637 | val_dev 0.75943 | expl_dev 0.57832
epoch  225 | train_nll -1.29850 | train_fsce 0.76488 | val_dev 0.75539 | expl_dev 0.58057
epoch  230 | train_nll -1.29478 | train_fsce 0.78225 | val_dev 0.76904 | expl_dev 0.57299
epoch  235 | train_nll -1.29323 | train_fsce 0.73033 | val_dev 0.75924 | expl_dev 0.57843
epoch  240 | train_nll -1.29789 | train_fsce 0.76083 | val_dev 0.75521 | expl_dev 0.58067
epoch  245 | train_nll -1.29942 | train_fsce 0.72224 | val_dev 0.74692 | expl_dev 0.58527
epoch  250 | train_nll -1.29017 | train_fsce 0.76057 | val_dev 0.75730 | expl_dev 0.57951
epoch  255 | train_nll -1.30005 | train_fsce 0.73707 | val_dev 0.75490 | expl_dev 0.58084
epoch  260 | train_nll -1.30682 | train_fsce 0.72398 | val_dev 0.74602 | expl_dev 0.58577
epoch  265 | train_nll -1.30174 | train_fsce 0.74642 | val_dev 0.77630 | expl_dev 0.56896
epoch  270 | train_nll -1.30554 | train_fsce 0.74728 | val_dev 0.74378 | expl_dev 0.58702
epoch  275 | train_nll -1.29782 | train_fsce 0.73814 | val_dev 0.75267 | expl_dev 0.58208
epoch  280 | train_nll -1.30846 | train_fsce 0.72729 | val_dev 0.74300 | expl_dev 0.58745
epoch  285 | train_nll -1.30520 | train_fsce 0.70943 | val_dev 0.76624 | expl_dev 0.57454
epoch  290 | train_nll -1.31101 | train_fsce 0.74491 | val_dev 0.74556 | expl_dev 0.58603
epoch  295 | train_nll -1.29192 | train_fsce 0.73873 | val_dev 0.74527 | expl_dev 0.58619
epoch  300 | train_nll -1.29439 | train_fsce 0.72255 | val_dev 0.73393 | expl_dev 0.59248
epoch  305 | train_nll -1.30744 | train_fsce 0.74116 | val_dev 0.78735 | expl_dev 0.56282
epoch  310 | train_nll -1.30396 | train_fsce 0.69578 | val_dev 0.76017 | expl_dev 0.57791
epoch  315 | train_nll -1.30545 | train_fsce 0.72801 | val_dev 0.74334 | expl_dev 0.58726
epoch  320 | train_nll -1.31049 | train_fsce 0.70115 | val_dev 0.73164 | expl_dev 0.59375
epoch  325 | train_nll -1.30561 | train_fsce 0.70992 | val_dev 0.73541 | expl_dev 0.59166
epoch  330 | train_nll -1.31326 | train_fsce 0.72321 | val_dev 0.74419 | expl_dev 0.58679
epoch  335 | train_nll -1.31259 | train_fsce 0.72256 | val_dev 0.73631 | expl_dev 0.59117
epoch  340 | train_nll -1.30186 | train_fsce 0.68883 | val_dev 0.76170 | expl_dev 0.57707
epoch  345 | train_nll -1.31464 | train_fsce 0.69743 | val_dev 0.74613 | expl_dev 0.58571
epoch  350 | train_nll -1.30784 | train_fsce 0.72683 | val_dev 0.74669 | expl_dev 0.58540
epoch  355 | train_nll -1.31148 | train_fsce 0.69232 | val_dev 0.76600 | expl_dev 0.57468
epoch  360 | train_nll -1.31253 | train_fsce 0.69163 | val_dev 0.75659 | expl_dev 0.57990
epoch  365 | train_nll -1.31480 | train_fsce 0.69908 | val_dev 0.74024 | expl_dev 0.58898
epoch  370 | train_nll -1.31939 | train_fsce 0.66439 | val_dev 0.72379 | expl_dev 0.59812
epoch  375 | train_nll -1.31206 | train_fsce 0.66785 | val_dev 0.73469 | expl_dev 0.59206
epoch  380 | train_nll -1.31518 | train_fsce 0.70425 | val_dev 0.76260 | expl_dev 0.57657
epoch  385 | train_nll -1.32016 | train_fsce 0.67305 | val_dev 0.73564 | expl_dev 0.59153
epoch  390 | train_nll -1.31694 | train_fsce 0.65883 | val_dev 0.72276 | expl_dev 0.59868
epoch  395 | train_nll -1.31944 | train_fsce 0.66813 | val_dev 0.72376 | expl_dev 0.59813
epoch  400 | train_nll -1.31275 | train_fsce 0.68816 | val_dev 0.75335 | expl_dev 0.58170
epoch  405 | train_nll -1.31831 | train_fsce 0.71068 | val_dev 0.73985 | expl_dev 0.58920
epoch  410 | train_nll -1.31258 | train_fsce 0.67452 | val_dev 0.73714 | expl_dev 0.59070
epoch  415 | train_nll -1.31886 | train_fsce 0.69246 | val_dev 0.73283 | expl_dev 0.59309
epoch  420 | train_nll -1.31972 | train_fsce 0.70511 | val_dev 0.73298 | expl_dev 0.59301
epoch  425 | train_nll -1.31572 | train_fsce 0.71797 | val_dev 0.75365 | expl_dev 0.58154
epoch  430 | train_nll -1.31720 | train_fsce 0.69033 | val_dev 0.73473 | expl_dev 0.59204
epoch  435 | train_nll -1.31502 | train_fsce 0.66671 | val_dev 0.74607 | expl_dev 0.58574
epoch  440 | train_nll -1.31530 | train_fsce 0.67374 | val_dev 0.73011 | expl_dev 0.59461
epoch  445 | train_nll -1.31981 | train_fsce 0.69191 | val_dev 0.73864 | expl_dev 0.58987
epoch  450 | train_nll -1.32070 | train_fsce 0.68446 | val_dev 0.72204 | expl_dev 0.59909
epoch  455 | train_nll -1.31731 | train_fsce 0.69996 | val_dev 0.73806 | expl_dev 0.59019
epoch  460 | train_nll -1.32963 | train_fsce 0.68686 | val_dev 0.72668 | expl_dev 0.59651
epoch  465 | train_nll -1.31678 | train_fsce 0.70405 | val_dev 0.72903 | expl_dev 0.59521
epoch  470 | train_nll -1.32689 | train_fsce 0.67142 | val_dev 0.72906 | expl_dev 0.59519
epoch  475 | train_nll -1.32752 | train_fsce 0.63671 | val_dev 0.75830 | expl_dev 0.57896
epoch  480 | train_nll -1.33008 | train_fsce 0.68134 | val_dev 0.73291 | expl_dev 0.59305
epoch  485 | train_nll -1.32108 | train_fsce 0.66866 | val_dev 0.74740 | expl_dev 0.58501
epoch  490 | train_nll -1.31705 | train_fsce 0.68613 | val_dev 0.73434 | expl_dev 0.59226
epoch  495 | train_nll -1.32785 | train_fsce 0.67966 | val_dev 0.71916 | expl_dev 0.60069
epoch  500 | train_nll -1.32311 | train_fsce 0.66506 | val_dev 0.73198 | expl_dev 0.59357
epoch  505 | train_nll -1.31910 | train_fsce 0.69391 | val_dev 0.74452 | expl_dev 0.58661
epoch  510 | train_nll -1.33137 | train_fsce 0.66812 | val_dev 0.72264 | expl_dev 0.59875
epoch  515 | train_nll -1.32464 | train_fsce 0.63307 | val_dev 0.75010 | expl_dev 0.58351
epoch  520 | train_nll -1.32249 | train_fsce 0.64771 | val_dev 0.74043 | expl_dev 0.58887
epoch  525 | train_nll -1.32100 | train_fsce 0.67291 | val_dev 0.71839 | expl_dev 0.60111
epoch  530 | train_nll -1.33532 | train_fsce 0.65622 | val_dev 0.70278 | expl_dev 0.60978
epoch  535 | train_nll -1.33496 | train_fsce 0.69657 | val_dev 0.69637 | expl_dev 0.61334
epoch  540 | train_nll -1.32897 | train_fsce 0.65889 | val_dev 0.72030 | expl_dev 0.60006
epoch  545 | train_nll -1.32824 | train_fsce 0.65426 | val_dev 0.72725 | expl_dev 0.59619
epoch  550 | train_nll -1.32484 | train_fsce 0.64100 | val_dev 0.70042 | expl_dev 0.61109
epoch  555 | train_nll -1.33657 | train_fsce 0.65481 | val_dev 0.70285 | expl_dev 0.60974
epoch  560 | train_nll -1.33715 | train_fsce 0.66667 | val_dev 0.72570 | expl_dev 0.59705
epoch  565 | train_nll -1.33931 | train_fsce 0.67778 | val_dev 0.71895 | expl_dev 0.60080
epoch  570 | train_nll -1.32758 | train_fsce 0.65830 | val_dev 0.72490 | expl_dev 0.59750
epoch  575 | train_nll -1.34255 | train_fsce 0.65390 | val_dev 0.72456 | expl_dev 0.59769
epoch  580 | train_nll -1.33609 | train_fsce 0.63290 | val_dev 0.69693 | expl_dev 0.61303
epoch  585 | train_nll -1.32996 | train_fsce 0.64148 | val_dev 0.70007 | expl_dev 0.61129
epoch  590 | train_nll -1.33349 | train_fsce 0.63116 | val_dev 0.72538 | expl_dev 0.59723
epoch  595 | train_nll -1.33150 | train_fsce 0.66041 | val_dev 0.75122 | expl_dev 0.58288
epoch  600 | train_nll -1.33293 | train_fsce 0.65578 | val_dev 0.73163 | expl_dev 0.59376
epoch  605 | train_nll -1.32462 | train_fsce 0.63432 | val_dev 0.75269 | expl_dev 0.58207
epoch  610 | train_nll -1.32314 | train_fsce 0.67496 | val_dev 0.75555 | expl_dev 0.58048
epoch  615 | train_nll -1.32770 | train_fsce 0.61960 | val_dev 0.74931 | expl_dev 0.58395
epoch  620 | train_nll -1.33106 | train_fsce 0.65530 | val_dev 0.75735 | expl_dev 0.57948
epoch  625 | train_nll -1.33206 | train_fsce 0.64065 | val_dev 0.70802 | expl_dev 0.60687
epoch  630 | train_nll -1.33905 | train_fsce 0.68724 | val_dev 0.72566 | expl_dev 0.59708
epoch  635 | train_nll -1.34366 | train_fsce 0.63307 | val_dev 0.70055 | expl_dev 0.61102
epoch  640 | train_nll -1.32722 | train_fsce 0.62330 | val_dev 0.71042 | expl_dev 0.60554
epoch  645 | train_nll -1.32945 | train_fsce 0.61041 | val_dev 0.71248 | expl_dev 0.60439
epoch  650 | train_nll -1.32619 | train_fsce 0.65869 | val_dev 0.73714 | expl_dev 0.59070
epoch  655 | train_nll -1.32350 | train_fsce 0.63377 | val_dev 0.75663 | expl_dev 0.57988
epoch  660 | train_nll -1.34211 | train_fsce 0.63709 | val_dev 0.73507 | expl_dev 0.59185
epoch  665 | train_nll -1.34156 | train_fsce 0.64984 | val_dev 0.71215 | expl_dev 0.60458
epoch  670 | train_nll -1.33289 | train_fsce 0.67247 | val_dev 0.75008 | expl_dev 0.58352
epoch  675 | train_nll -1.34101 | train_fsce 0.65375 | val_dev 0.73824 | expl_dev 0.59009
epoch  680 | train_nll -1.34773 | train_fsce 0.63898 | val_dev 0.70627 | expl_dev 0.60784
epoch  685 | train_nll -1.34313 | train_fsce 0.64612 | val_dev 0.71556 | expl_dev 0.60269
epoch  690 | train_nll -1.34554 | train_fsce 0.62481 | val_dev 0.72267 | expl_dev 0.59874
epoch  695 | train_nll -1.33765 | train_fsce 0.60660 | val_dev 0.74339 | expl_dev 0.58723
epoch  700 | train_nll -1.34076 | train_fsce 0.63637 | val_dev 0.73032 | expl_dev 0.59449
epoch  705 | train_nll -1.33266 | train_fsce 0.62229 | val_dev 0.74540 | expl_dev 0.58612
epoch  710 | train_nll -1.34324 | train_fsce 0.65650 | val_dev 0.70446 | expl_dev 0.60885
epoch  715 | train_nll -1.32707 | train_fsce 0.65126 | val_dev 0.75497 | expl_dev 0.58080
epoch  720 | train_nll -1.33160 | train_fsce 0.64602 | val_dev 0.75886 | expl_dev 0.57864
epoch  725 | train_nll -1.34557 | train_fsce 0.64816 | val_dev 0.71060 | expl_dev 0.60544
epoch  730 | train_nll -1.32336 | train_fsce 0.65151 | val_dev 0.78380 | expl_dev 0.56480
epoch  735 | train_nll -1.33414 | train_fsce 0.65090 | val_dev 0.74142 | expl_dev 0.58833
epoch  740 | train_nll -1.33085 | train_fsce 0.62753 | val_dev 0.74690 | expl_dev 0.58528
epoch  745 | train_nll -1.33910 | train_fsce 0.61453 | val_dev 0.75210 | expl_dev 0.58240
epoch  750 | train_nll -1.34093 | train_fsce 0.62242 | val_dev 0.72114 | expl_dev 0.59959
epoch  755 | train_nll -1.34812 | train_fsce 0.66129 | val_dev 0.71170 | expl_dev 0.60483
epoch  760 | train_nll -1.33124 | train_fsce 0.60296 | val_dev 0.71111 | expl_dev 0.60515
epoch  765 | train_nll -1.34206 | train_fsce 0.63724 | val_dev 0.73247 | expl_dev 0.59330
epoch  770 | train_nll -1.33253 | train_fsce 0.61512 | val_dev 0.70996 | expl_dev 0.60579
epoch  775 | train_nll -1.33545 | train_fsce 0.63794 | val_dev 0.73312 | expl_dev 0.59293
epoch  780 | train_nll -1.33735 | train_fsce 0.63161 | val_dev 0.72349 | expl_dev 0.59828
epoch  785 | train_nll -1.33465 | train_fsce 0.65990 | val_dev 0.72134 | expl_dev 0.59947
epoch  790 | train_nll -1.33733 | train_fsce 0.62975 | val_dev 0.72787 | expl_dev 0.59585
epoch  795 | train_nll -1.34438 | train_fsce 0.63602 | val_dev 0.74117 | expl_dev 0.58847
epoch  800 | train_nll -1.33993 | train_fsce 0.64141 | val_dev 0.70723 | expl_dev 0.60731
epoch  805 | train_nll -1.33376 | train_fsce 0.60641 | val_dev 0.73255 | expl_dev 0.59325
epoch  810 | train_nll -1.33792 | train_fsce 0.60042 | val_dev 0.74017 | expl_dev 0.58902
epoch  815 | train_nll -1.34007 | train_fsce 0.60798 | val_dev 0.72866 | expl_dev 0.59541
epoch  820 | train_nll -1.33799 | train_fsce 0.63224 | val_dev 0.74420 | expl_dev 0.58678
epoch  825 | train_nll -1.34009 | train_fsce 0.59964 | val_dev 0.71340 | expl_dev 0.60389
epoch  830 | train_nll -1.34594 | train_fsce 0.60518 | val_dev 0.70581 | expl_dev 0.60810
epoch  835 | train_nll -1.35607 | train_fsce 0.61758 | val_dev 0.69309 | expl_dev 0.61516
epoch  840 | train_nll -1.33482 | train_fsce 0.62629 | val_dev 0.72639 | expl_dev 0.59667
epoch  845 | train_nll -1.33824 | train_fsce 0.61507 | val_dev 0.73083 | expl_dev 0.59421
epoch  850 | train_nll -1.34884 | train_fsce 0.62597 | val_dev 0.72894 | expl_dev 0.59525
epoch  855 | train_nll -1.34436 | train_fsce 0.59089 | val_dev 0.69720 | expl_dev 0.61288
epoch  860 | train_nll -1.33854 | train_fsce 0.61577 | val_dev 0.71585 | expl_dev 0.60253
epoch  865 | train_nll -1.34654 | train_fsce 0.61357 | val_dev 0.72194 | expl_dev 0.59914
epoch  870 | train_nll -1.35842 | train_fsce 0.61614 | val_dev 0.71513 | expl_dev 0.60292
epoch  875 | train_nll -1.33995 | train_fsce 0.62630 | val_dev 0.72447 | expl_dev 0.59774
epoch  880 | train_nll -1.33970 | train_fsce 0.63941 | val_dev 0.73711 | expl_dev 0.59072
epoch  885 | train_nll -1.34097 | train_fsce 0.62799 | val_dev 0.71346 | expl_dev 0.60385
epoch  890 | train_nll -1.34186 | train_fsce 0.61312 | val_dev 0.71012 | expl_dev 0.60571
epoch  895 | train_nll -1.35098 | train_fsce 0.63156 | val_dev 0.69784 | expl_dev 0.61252
epoch  900 | train_nll -1.35121 | train_fsce 0.62496 | val_dev 0.72826 | expl_dev 0.59563
epoch  905 | train_nll -1.34945 | train_fsce 0.61158 | val_dev 0.73774 | expl_dev 0.59037
epoch  910 | train_nll -1.33410 | train_fsce 0.61477 | val_dev 0.69667 | expl_dev 0.61317
epoch  915 | train_nll -1.33949 | train_fsce 0.61175 | val_dev 0.70247 | expl_dev 0.60996
epoch  920 | train_nll -1.33226 | train_fsce 0.64040 | val_dev 0.76730 | expl_dev 0.57396
epoch  925 | train_nll -1.34469 | train_fsce 0.61784 | val_dev 0.72606 | expl_dev 0.59686
epoch  930 | train_nll -1.35068 | train_fsce 0.60567 | val_dev 0.71322 | expl_dev 0.60399
epoch  935 | train_nll -1.33778 | train_fsce 0.63064 | val_dev 0.71709 | expl_dev 0.60184
epoch  940 | train_nll -1.34496 | train_fsce 0.61823 | val_dev 0.70262 | expl_dev 0.60987
epoch  945 | train_nll -1.34758 | train_fsce 0.66061 | val_dev 0.74532 | expl_dev 0.58616
epoch  950 | train_nll -1.34576 | train_fsce 0.62341 | val_dev 0.72917 | expl_dev 0.59513
epoch  955 | train_nll -1.34499 | train_fsce 0.63268 | val_dev 0.70675 | expl_dev 0.60758
epoch  960 | train_nll -1.34983 | train_fsce 0.62647 | val_dev 0.71685 | expl_dev 0.60197
epoch  965 | train_nll -1.35734 | train_fsce 0.63846 | val_dev 0.71851 | expl_dev 0.60104
epoch  970 | train_nll -1.35734 | train_fsce 0.62456 | val_dev 0.71039 | expl_dev 0.60556
epoch  975 | train_nll -1.34210 | train_fsce 0.61148 | val_dev 0.71656 | expl_dev 0.60213
epoch  980 | train_nll -1.35239 | train_fsce 0.58528 | val_dev 0.69811 | expl_dev 0.61237
epoch  985 | train_nll -1.35441 | train_fsce 0.62798 | val_dev 0.70451 | expl_dev 0.60882
epoch  990 | train_nll -1.35383 | train_fsce 0.60790 | val_dev 0.70843 | expl_dev 0.60664
epoch  995 | train_nll -1.34753 | train_fsce 0.62338 | val_dev 0.72571 | expl_dev 0.59705
epoch 1000 | train_nll -1.34844 | train_fsce 0.62503 | val_dev 0.70551 | expl_dev 0.60827
epoch 1005 | train_nll -1.34473 | train_fsce 0.59691 | val_dev 0.71926 | expl_dev 0.60063
epoch 1010 | train_nll -1.35548 | train_fsce 0.61654 | val_dev 0.69704 | expl_dev 0.61297
epoch 1015 | train_nll -1.33878 | train_fsce 0.62106 | val_dev 0.70775 | expl_dev 0.60702
epoch 1020 | train_nll -1.34680 | train_fsce 0.60771 | val_dev 0.70629 | expl_dev 0.60783
epoch 1025 | train_nll -1.35017 | train_fsce 0.62947 | val_dev 0.70870 | expl_dev 0.60649
epoch 1030 | train_nll -1.35719 | train_fsce 0.63439 | val_dev 0.71615 | expl_dev 0.60236
epoch 1035 | train_nll -1.34831 | train_fsce 0.61659 | val_dev 0.69855 | expl_dev 0.61213
epoch 1040 | train_nll -1.35190 | train_fsce 0.62661 | val_dev 0.70706 | expl_dev 0.60740
epoch 1045 | train_nll -1.34381 | train_fsce 0.59285 | val_dev 0.71725 | expl_dev 0.60174
epoch 1050 | train_nll -1.35908 | train_fsce 0.60358 | val_dev 0.69738 | expl_dev 0.61278
epoch 1055 | train_nll -1.35721 | train_fsce 0.63664 | val_dev 0.71814 | expl_dev 0.60125
epoch 1060 | train_nll -1.35362 | train_fsce 0.59880 | val_dev 0.73231 | expl_dev 0.59338
epoch 1065 | train_nll -1.35493 | train_fsce 0.61557 | val_dev 0.71138 | expl_dev 0.60501
epoch 1070 | train_nll -1.35914 | train_fsce 0.60854 | val_dev 0.72483 | expl_dev 0.59754
epoch 1075 | train_nll -1.35668 | train_fsce 0.59477 | val_dev 0.71853 | expl_dev 0.60104
epoch 1080 | train_nll -1.34713 | train_fsce 0.64721 | val_dev 0.69485 | expl_dev 0.61419
epoch 1085 | train_nll -1.35808 | train_fsce 0.65659 | val_dev 0.73835 | expl_dev 0.59003
epoch 1090 | train_nll -1.35581 | train_fsce 0.61366 | val_dev 0.73737 | expl_dev 0.59057
epoch 1095 | train_nll -1.35445 | train_fsce 0.60137 | val_dev 0.70614 | expl_dev 0.60792
epoch 1100 | train_nll -1.35066 | train_fsce 0.61952 | val_dev 0.73331 | expl_dev 0.59283
epoch 1105 | train_nll -1.35281 | train_fsce 0.60353 | val_dev 0.73174 | expl_dev 0.59370
epoch 1110 | train_nll -1.35588 | train_fsce 0.63614 | val_dev 0.71404 | expl_dev 0.60353
epoch 1115 | train_nll -1.35086 | train_fsce 0.64977 | val_dev 0.71206 | expl_dev 0.60463
epoch 1120 | train_nll -1.34780 | train_fsce 0.62966 | val_dev 0.68714 | expl_dev 0.61846
epoch 1125 | train_nll -1.36438 | train_fsce 0.63431 | val_dev 0.70885 | expl_dev 0.60641
epoch 1130 | train_nll -1.36062 | train_fsce 0.61820 | val_dev 0.68106 | expl_dev 0.62184
epoch 1135 | train_nll -1.35592 | train_fsce 0.63157 | val_dev 0.73073 | expl_dev 0.59426
epoch 1140 | train_nll -1.35284 | train_fsce 0.59475 | val_dev 0.68686 | expl_dev 0.61862
epoch 1145 | train_nll -1.36704 | train_fsce 0.61620 | val_dev 0.69339 | expl_dev 0.61500
epoch 1150 | train_nll -1.35795 | train_fsce 0.62883 | val_dev 0.70385 | expl_dev 0.60919
epoch 1155 | train_nll -1.35708 | train_fsce 0.62999 | val_dev 0.72261 | expl_dev 0.59877
epoch 1160 | train_nll -1.36406 | train_fsce 0.62333 | val_dev 0.72871 | expl_dev 0.59538
epoch 1165 | train_nll -1.35996 | train_fsce 0.64157 | val_dev 0.70526 | expl_dev 0.60840
epoch 1170 | train_nll -1.34132 | train_fsce 0.60936 | val_dev 0.71286 | expl_dev 0.60418
epoch 1175 | train_nll -1.36308 | train_fsce 0.62846 | val_dev 0.67477 | expl_dev 0.62534
epoch 1180 | train_nll -1.35385 | train_fsce 0.58127 | val_dev 0.69882 | expl_dev 0.61198
epoch 1185 | train_nll -1.35241 | train_fsce 0.59805 | val_dev 0.71120 | expl_dev 0.60510
epoch 1190 | train_nll -1.36319 | train_fsce 0.59526 | val_dev 0.68269 | expl_dev 0.62093
epoch 1195 | train_nll -1.37060 | train_fsce 0.61285 | val_dev 0.71454 | expl_dev 0.60325
epoch 1200 | train_nll -1.35411 | train_fsce 0.59827 | val_dev 0.71772 | expl_dev 0.60148
epoch 1205 | train_nll -1.36327 | train_fsce 0.62191 | val_dev 0.73454 | expl_dev 0.59215
epoch 1210 | train_nll -1.36116 | train_fsce 0.58894 | val_dev 0.69058 | expl_dev 0.61656
epoch 1215 | train_nll -1.36792 | train_fsce 0.62328 | val_dev 0.69992 | expl_dev 0.61137
epoch 1220 | train_nll -1.36301 | train_fsce 0.63891 | val_dev 0.71587 | expl_dev 0.60251
epoch 1225 | train_nll -1.36176 | train_fsce 0.58851 | val_dev 0.72049 | expl_dev 0.59995
epoch 1230 | train_nll -1.36178 | train_fsce 0.60232 | val_dev 0.68081 | expl_dev 0.62198
epoch 1235 | train_nll -1.35713 | train_fsce 0.59484 | val_dev 0.69534 | expl_dev 0.61391
epoch 1240 | train_nll -1.36337 | train_fsce 0.59463 | val_dev 0.71221 | expl_dev 0.60455
epoch 1245 | train_nll -1.35430 | train_fsce 0.58246 | val_dev 0.69433 | expl_dev 0.61447
epoch 1250 | train_nll -1.35964 | train_fsce 0.59839 | val_dev 0.67898 | expl_dev 0.62300
epoch 1255 | train_nll -1.37254 | train_fsce 0.58775 | val_dev 0.69490 | expl_dev 0.61416
epoch 1260 | train_nll -1.36905 | train_fsce 0.63133 | val_dev 0.69483 | expl_dev 0.61419
epoch 1265 | train_nll -1.35963 | train_fsce 0.62552 | val_dev 0.73046 | expl_dev 0.59441
epoch 1270 | train_nll -1.35480 | train_fsce 0.61873 | val_dev 0.70992 | expl_dev 0.60582
epoch 1275 | train_nll -1.36856 | train_fsce 0.57805 | val_dev 0.68875 | expl_dev 0.61757
epoch 1280 | train_nll -1.35477 | train_fsce 0.58277 | val_dev 0.71454 | expl_dev 0.60325
epoch 1285 | train_nll -1.35876 | train_fsce 0.55551 | val_dev 0.69154 | expl_dev 0.61602
epoch 1290 | train_nll -1.36234 | train_fsce 0.62853 | val_dev 0.71386 | expl_dev 0.60363
epoch 1295 | train_nll -1.36354 | train_fsce 0.62764 | val_dev 0.72391 | expl_dev 0.59805
epoch 1300 | train_nll -1.36110 | train_fsce 0.62033 | val_dev 0.71907 | expl_dev 0.60074
epoch 1305 | train_nll -1.36940 | train_fsce 0.61190 | val_dev 0.69991 | expl_dev 0.61138
epoch 1310 | train_nll -1.35592 | train_fsce 0.61729 | val_dev 0.70835 | expl_dev 0.60669
epoch 1315 | train_nll -1.35247 | train_fsce 0.58304 | val_dev 0.71244 | expl_dev 0.60442
epoch 1320 | train_nll -1.36217 | train_fsce 0.64244 | val_dev 0.72800 | expl_dev 0.59578
epoch 1325 | train_nll -1.35988 | train_fsce 0.61458 | val_dev 0.67532 | expl_dev 0.62503
epoch 1330 | train_nll -1.36138 | train_fsce 0.63699 | val_dev 0.71936 | expl_dev 0.60058
epoch 1335 | train_nll -1.36109 | train_fsce 0.63548 | val_dev 0.69586 | expl_dev 0.61362
epoch 1340 | train_nll -1.36362 | train_fsce 0.60577 | val_dev 0.70982 | expl_dev 0.60587
epoch 1345 | train_nll -1.35996 | train_fsce 0.58786 | val_dev 0.69466 | expl_dev 0.61429
epoch 1350 | train_nll -1.37079 | train_fsce 0.59243 | val_dev 0.69105 | expl_dev 0.61629
epoch 1355 | train_nll -1.36627 | train_fsce 0.57529 | val_dev 0.68888 | expl_dev 0.61750
epoch 1360 | train_nll -1.35402 | train_fsce 0.64081 | val_dev 0.70839 | expl_dev 0.60667
epoch 1365 | train_nll -1.35294 | train_fsce 0.63632 | val_dev 0.67597 | expl_dev 0.62467
epoch 1370 | train_nll -1.34540 | train_fsce 0.57827 | val_dev 0.72842 | expl_dev 0.59554
epoch 1375 | train_nll -1.36477 | train_fsce 0.62186 | val_dev 0.71593 | expl_dev 0.60248
epoch 1380 | train_nll -1.35937 | train_fsce 0.61246 | val_dev 0.70107 | expl_dev 0.61073
epoch 1385 | train_nll -1.35716 | train_fsce 0.59242 | val_dev 0.69096 | expl_dev 0.61634
epoch 1390 | train_nll -1.37759 | train_fsce 0.58084 | val_dev 0.71392 | expl_dev 0.60360
epoch 1395 | train_nll -1.37237 | train_fsce 0.58387 | val_dev 0.69433 | expl_dev 0.61448
epoch 1400 | train_nll -1.37012 | train_fsce 0.59885 | val_dev 0.66961 | expl_dev 0.62820
epoch 1405 | train_nll -1.36817 | train_fsce 0.62779 | val_dev 0.71938 | expl_dev 0.60056
epoch 1410 | train_nll -1.35663 | train_fsce 0.65734 | val_dev 0.71246 | expl_dev 0.60440
epoch 1415 | train_nll -1.36777 | train_fsce 0.63069 | val_dev 0.70934 | expl_dev 0.60614
epoch 1420 | train_nll -1.36659 | train_fsce 0.60969 | val_dev 0.68677 | expl_dev 0.61867
epoch 1425 | train_nll -1.36837 | train_fsce 0.59322 | val_dev 0.71445 | expl_dev 0.60330
epoch 1430 | train_nll -1.36773 | train_fsce 0.63814 | val_dev 0.69072 | expl_dev 0.61648
epoch 1435 | train_nll -1.36688 | train_fsce 0.61842 | val_dev 0.68659 | expl_dev 0.61877
epoch 1440 | train_nll -1.37092 | train_fsce 0.57804 | val_dev 0.71202 | expl_dev 0.60465
epoch 1445 | train_nll -1.37269 | train_fsce 0.60058 | val_dev 0.69865 | expl_dev 0.61207
epoch 1450 | train_nll -1.36131 | train_fsce 0.65102 | val_dev 0.70529 | expl_dev 0.60838
epoch 1455 | train_nll -1.35769 | train_fsce 0.63512 | val_dev 0.71641 | expl_dev 0.60221
epoch 1460 | train_nll -1.36225 | train_fsce 0.59503 | val_dev 0.71832 | expl_dev 0.60115
epoch 1465 | train_nll -1.36489 | train_fsce 0.61271 | val_dev 0.72999 | expl_dev 0.59467
epoch 1470 | train_nll -1.35980 | train_fsce 0.61600 | val_dev 0.71854 | expl_dev 0.60103
epoch 1475 | train_nll -1.36605 | train_fsce 0.56923 | val_dev 0.69934 | expl_dev 0.61169
epoch 1480 | train_nll -1.36559 | train_fsce 0.56914 | val_dev 0.71092 | expl_dev 0.60526
epoch 1485 | train_nll -1.36357 | train_fsce 0.61478 | val_dev 0.71472 | expl_dev 0.60315
epoch 1490 | train_nll -1.35705 | train_fsce 0.60474 | val_dev 0.72704 | expl_dev 0.59631
epoch 1495 | train_nll -1.37626 | train_fsce 0.58539 | val_dev 0.69559 | expl_dev 0.61377
epoch 1500 | train_nll -1.36591 | train_fsce 0.58060 | val_dev 0.69987 | expl_dev 0.61140
epoch 1505 | train_nll -1.36225 | train_fsce 0.59595 | val_dev 0.73732 | expl_dev 0.59060
epoch 1510 | train_nll -1.36852 | train_fsce 0.61445 | val_dev 0.70333 | expl_dev 0.60947
epoch 1515 | train_nll -1.36916 | train_fsce 0.59910 | val_dev 0.72372 | expl_dev 0.59815
epoch 1520 | train_nll -1.36240 | train_fsce 0.59967 | val_dev 0.70163 | expl_dev 0.61042
epoch 1525 | train_nll -1.36808 | train_fsce 0.56575 | val_dev 0.72748 | expl_dev 0.59607
epoch 1530 | train_nll -1.36248 | train_fsce 0.58744 | val_dev 0.73359 | expl_dev 0.59268
epoch 1535 | train_nll -1.35138 | train_fsce 0.59275 | val_dev 0.71406 | expl_dev 0.60352
epoch 1540 | train_nll -1.37083 | train_fsce 0.59275 | val_dev 0.72273 | expl_dev 0.59870
epoch 1545 | train_nll -1.36794 | train_fsce 0.57535 | val_dev 0.70511 | expl_dev 0.60849
epoch 1550 | train_nll -1.36721 | train_fsce 0.56988 | val_dev 0.69352 | expl_dev 0.61493
epoch 1555 | train_nll -1.37001 | train_fsce 0.57228 | val_dev 0.67880 | expl_dev 0.62309
epoch 1560 | train_nll -1.36953 | train_fsce 0.62012 | val_dev 0.71136 | expl_dev 0.60502
epoch 1565 | train_nll -1.37438 | train_fsce 0.60228 | val_dev 0.71501 | expl_dev 0.60299
epoch 1570 | train_nll -1.36722 | train_fsce 0.57522 | val_dev 0.68091 | expl_dev 0.62192
epoch 1575 | train_nll -1.37626 | train_fsce 0.62927 | val_dev 0.69232 | expl_dev 0.61559
epoch 1580 | train_nll -1.37885 | train_fsce 0.58813 | val_dev 0.69730 | expl_dev 0.61283
epoch 1585 | train_nll -1.36990 | train_fsce 0.59978 | val_dev 0.71317 | expl_dev 0.60401
epoch 1590 | train_nll -1.37152 | train_fsce 0.59251 | val_dev 0.71133 | expl_dev 0.60504
epoch 1595 | train_nll -1.37320 | train_fsce 0.62030 | val_dev 0.72667 | expl_dev 0.59651
epoch 1600 | train_nll -1.36568 | train_fsce 0.61835 | val_dev 0.67587 | expl_dev 0.62472
epoch 1605 | train_nll -1.37844 | train_fsce 0.60140 | val_dev 0.67572 | expl_dev 0.62481
epoch 1610 | train_nll -1.36377 | train_fsce 0.56408 | val_dev 0.71131 | expl_dev 0.60505
epoch 1615 | train_nll -1.36491 | train_fsce 0.61094 | val_dev 0.68243 | expl_dev 0.62108
epoch 1620 | train_nll -1.38303 | train_fsce 0.61907 | val_dev 0.69048 | expl_dev 0.61661
epoch 1625 | train_nll -1.37379 | train_fsce 0.58841 | val_dev 0.68430 | expl_dev 0.62004
epoch 1630 | train_nll -1.36963 | train_fsce 0.59954 | val_dev 0.67299 | expl_dev 0.62632
epoch 1635 | train_nll -1.36359 | train_fsce 0.57583 | val_dev 0.68326 | expl_dev 0.62062
epoch 1640 | train_nll -1.38351 | train_fsce 0.58832 | val_dev 0.68802 | expl_dev 0.61798
epoch 1645 | train_nll -1.35310 | train_fsce 0.56818 | val_dev 0.68495 | expl_dev 0.61968
epoch 1650 | train_nll -1.37467 | train_fsce 0.59505 | val_dev 0.69456 | expl_dev 0.61434
epoch 1655 | train_nll -1.37404 | train_fsce 0.59898 | val_dev 0.67704 | expl_dev 0.62408
epoch 1660 | train_nll -1.38060 | train_fsce 0.60995 | val_dev 0.70596 | expl_dev 0.60801
epoch 1665 | train_nll -1.37249 | train_fsce 0.59124 | val_dev 0.71152 | expl_dev 0.60493
epoch 1670 | train_nll -1.37173 | train_fsce 0.62531 | val_dev 0.68932 | expl_dev 0.61725
epoch 1675 | train_nll -1.37749 | train_fsce 0.61952 | val_dev 0.68377 | expl_dev 0.62033
epoch 1680 | train_nll -1.37845 | train_fsce 0.58666 | val_dev 0.70029 | expl_dev 0.61116
epoch 1685 | train_nll -1.36856 | train_fsce 0.61517 | val_dev 0.69750 | expl_dev 0.61271
epoch 1690 | train_nll -1.37455 | train_fsce 0.60571 | val_dev 0.68357 | expl_dev 0.62045
epoch 1695 | train_nll -1.37988 | train_fsce 0.60696 | val_dev 0.67526 | expl_dev 0.62506
epoch 1700 | train_nll -1.37530 | train_fsce 0.57280 | val_dev 0.69798 | expl_dev 0.61245
epoch 1705 | train_nll -1.37376 | train_fsce 0.59146 | val_dev 0.72585 | expl_dev 0.59697
epoch 1710 | train_nll -1.37718 | train_fsce 0.56604 | val_dev 0.69443 | expl_dev 0.61442
epoch 1715 | train_nll -1.38639 | train_fsce 0.58680 | val_dev 0.70522 | expl_dev 0.60843
epoch 1720 | train_nll -1.37788 | train_fsce 0.61003 | val_dev 0.70331 | expl_dev 0.60949
epoch 1725 | train_nll -1.38569 | train_fsce 0.57139 | val_dev 0.69827 | expl_dev 0.61229
epoch 1730 | train_nll -1.37360 | train_fsce 0.60447 | val_dev 0.65762 | expl_dev 0.63486
epoch 1735 | train_nll -1.38223 | train_fsce 0.63688 | val_dev 0.66929 | expl_dev 0.62838
epoch 1740 | train_nll -1.37156 | train_fsce 0.60262 | val_dev 0.67786 | expl_dev 0.62362
epoch 1745 | train_nll -1.37712 | train_fsce 0.59837 | val_dev 0.66536 | expl_dev 0.63056
epoch 1750 | train_nll -1.36612 | train_fsce 0.58482 | val_dev 0.68857 | expl_dev 0.61767
epoch 1755 | train_nll -1.37857 | train_fsce 0.59826 | val_dev 0.68481 | expl_dev 0.61976
epoch 1760 | train_nll -1.37683 | train_fsce 0.56599 | val_dev 0.68006 | expl_dev 0.62240
epoch 1765 | train_nll -1.37110 | train_fsce 0.54579 | val_dev 0.65506 | expl_dev 0.63628
epoch 1770 | train_nll -1.38627 | train_fsce 0.59344 | val_dev 0.67604 | expl_dev 0.62463
epoch 1775 | train_nll -1.37962 | train_fsce 0.56797 | val_dev 0.71280 | expl_dev 0.60422
epoch 1780 | train_nll -1.38112 | train_fsce 0.56741 | val_dev 0.71319 | expl_dev 0.60400
epoch 1785 | train_nll -1.38566 | train_fsce 0.58227 | val_dev 0.69464 | expl_dev 0.61430
epoch 1790 | train_nll -1.37924 | train_fsce 0.56699 | val_dev 0.71180 | expl_dev 0.60477
epoch 1795 | train_nll -1.37934 | train_fsce 0.61412 | val_dev 0.72652 | expl_dev 0.59660
epoch 1800 | train_nll -1.38077 | train_fsce 0.55003 | val_dev 0.70997 | expl_dev 0.60579
epoch 1805 | train_nll -1.38001 | train_fsce 0.56521 | val_dev 0.69922 | expl_dev 0.61176
epoch 1810 | train_nll -1.37239 | train_fsce 0.60442 | val_dev 0.68694 | expl_dev 0.61858
epoch 1815 | train_nll -1.37647 | train_fsce 0.58302 | val_dev 0.70014 | expl_dev 0.61125
epoch 1820 | train_nll -1.38547 | train_fsce 0.55178 | val_dev 0.70398 | expl_dev 0.60912
epoch 1825 | train_nll -1.37530 | train_fsce 0.59098 | val_dev 0.71790 | expl_dev 0.60139
epoch 1830 | train_nll -1.36665 | train_fsce 0.60061 | val_dev 0.68275 | expl_dev 0.62090
epoch 1835 | train_nll -1.38462 | train_fsce 0.56576 | val_dev 0.72413 | expl_dev 0.59793
epoch 1840 | train_nll -1.38122 | train_fsce 0.60658 | val_dev 0.68245 | expl_dev 0.62107
epoch 1845 | train_nll -1.37948 | train_fsce 0.57957 | val_dev 0.67024 | expl_dev 0.62785
epoch 1850 | train_nll -1.37793 | train_fsce 0.59215 | val_dev 0.68692 | expl_dev 0.61859
epoch 1855 | train_nll -1.37184 | train_fsce 0.62445 | val_dev 0.68812 | expl_dev 0.61792
epoch 1860 | train_nll -1.38363 | train_fsce 0.59552 | val_dev 0.67404 | expl_dev 0.62574
epoch 1865 | train_nll -1.37002 | train_fsce 0.59780 | val_dev 0.66590 | expl_dev 0.63026
epoch 1870 | train_nll -1.37169 | train_fsce 0.60185 | val_dev 0.69433 | expl_dev 0.61447
epoch 1875 | train_nll -1.37211 | train_fsce 0.57523 | val_dev 0.67277 | expl_dev 0.62644
epoch 1880 | train_nll -1.37224 | train_fsce 0.61147 | val_dev 0.66491 | expl_dev 0.63081
epoch 1885 | train_nll -1.38507 | train_fsce 0.57573 | val_dev 0.67562 | expl_dev 0.62486
epoch 1890 | train_nll -1.38057 | train_fsce 0.59849 | val_dev 0.70193 | expl_dev 0.61025
epoch 1895 | train_nll -1.38023 | train_fsce 0.56546 | val_dev 0.67383 | expl_dev 0.62585
epoch 1900 | train_nll -1.37102 | train_fsce 0.57013 | val_dev 0.70308 | expl_dev 0.60962
epoch 1905 | train_nll -1.38242 | train_fsce 0.56982 | val_dev 0.69654 | expl_dev 0.61325
epoch 1910 | train_nll -1.37860 | train_fsce 0.58902 | val_dev 0.68357 | expl_dev 0.62045
epoch 1915 | train_nll -1.37453 | train_fsce 0.58848 | val_dev 0.69528 | expl_dev 0.61395
epoch 1920 | train_nll -1.38059 | train_fsce 0.61498 | val_dev 0.71073 | expl_dev 0.60537
epoch 1925 | train_nll -1.37125 | train_fsce 0.59241 | val_dev 0.70961 | expl_dev 0.60599
epoch 1930 | train_nll -1.36831 | train_fsce 0.61327 | val_dev 0.67290 | expl_dev 0.62637
epoch 1935 | train_nll -1.37867 | train_fsce 0.57349 | val_dev 0.70783 | expl_dev 0.60698
epoch 1940 | train_nll -1.37922 | train_fsce 0.58520 | val_dev 0.66319 | expl_dev 0.63176
epoch 1945 | train_nll -1.37725 | train_fsce 0.59830 | val_dev 0.71261 | expl_dev 0.60432
epoch 1950 | train_nll -1.38319 | train_fsce 0.62050 | val_dev 0.67594 | expl_dev 0.62468
epoch 1955 | train_nll -1.39277 | train_fsce 0.59034 | val_dev 0.71846 | expl_dev 0.60107
epoch 1960 | train_nll -1.36274 | train_fsce 0.61889 | val_dev 0.72202 | expl_dev 0.59910
epoch 1965 | train_nll -1.37655 | train_fsce 0.58025 | val_dev 0.70528 | expl_dev 0.60839
epoch 1970 | train_nll -1.37643 | train_fsce 0.58335 | val_dev 0.72286 | expl_dev 0.59863
epoch 1975 | train_nll -1.36950 | train_fsce 0.59272 | val_dev 0.65882 | expl_dev 0.63419
epoch 1980 | train_nll -1.38918 | train_fsce 0.59004 | val_dev 0.67180 | expl_dev 0.62699
epoch 1985 | train_nll -1.37174 | train_fsce 0.59820 | val_dev 0.71539 | expl_dev 0.60278
epoch 1990 | train_nll -1.38193 | train_fsce 0.58603 | val_dev 0.69593 | expl_dev 0.61359
epoch 1995 | train_nll -1.36372 | train_fsce 0.62731 | val_dev 0.70422 | expl_dev 0.60898
epoch 2000 | train_nll -1.37245 | train_fsce 0.60552 | val_dev 0.68460 | expl_dev 0.61988
epoch 2005 | train_nll -1.37306 | train_fsce 0.57457 | val_dev 0.70975 | expl_dev 0.60591
epoch 2010 | train_nll -1.37995 | train_fsce 0.55984 | val_dev 0.69658 | expl_dev 0.61323
epoch 2015 | train_nll -1.37113 | train_fsce 0.58307 | val_dev 0.73107 | expl_dev 0.59407
epoch 2020 | train_nll -1.37884 | train_fsce 0.59492 | val_dev 0.68449 | expl_dev 0.61994
epoch 2025 | train_nll -1.36850 | train_fsce 0.57820 | val_dev 0.67268 | expl_dev 0.62650
epoch 2030 | train_nll -1.36645 | train_fsce 0.58913 | val_dev 0.69710 | expl_dev 0.61294
epoch 2035 | train_nll -1.36309 | train_fsce 0.56316 | val_dev 0.65723 | expl_dev 0.63507
epoch 2040 | train_nll -1.38077 | train_fsce 0.58787 | val_dev 0.67317 | expl_dev 0.62622
epoch 2045 | train_nll -1.38329 | train_fsce 0.57317 | val_dev 0.68378 | expl_dev 0.62033
epoch 2050 | train_nll -1.37073 | train_fsce 0.61833 | val_dev 0.67801 | expl_dev 0.62354
epoch 2055 | train_nll -1.37874 | train_fsce 0.56959 | val_dev 0.64634 | expl_dev 0.64112
epoch 2060 | train_nll -1.38220 | train_fsce 0.59202 | val_dev 0.64670 | expl_dev 0.64092
epoch 2065 | train_nll -1.38343 | train_fsce 0.60718 | val_dev 0.67014 | expl_dev 0.62790
epoch 2070 | train_nll -1.38478 | train_fsce 0.60722 | val_dev 0.70110 | expl_dev 0.61072
epoch 2075 | train_nll -1.38088 | train_fsce 0.63603 | val_dev 0.73129 | expl_dev 0.59395
epoch 2080 | train_nll -1.37529 | train_fsce 0.61066 | val_dev 0.67833 | expl_dev 0.62336
epoch 2085 | train_nll -1.38176 | train_fsce 0.56997 | val_dev 0.67636 | expl_dev 0.62445
epoch 2090 | train_nll -1.37949 | train_fsce 0.57291 | val_dev 0.65908 | expl_dev 0.63405
epoch 2095 | train_nll -1.37269 | train_fsce 0.59646 | val_dev 0.66500 | expl_dev 0.63076
epoch 2100 | train_nll -1.38261 | train_fsce 0.57479 | val_dev 0.70069 | expl_dev 0.61094
epoch 2105 | train_nll -1.36775 | train_fsce 0.61392 | val_dev 0.67853 | expl_dev 0.62324
epoch 2110 | train_nll -1.39093 | train_fsce 0.60331 | val_dev 0.64285 | expl_dev 0.64306
epoch 2115 | train_nll -1.38645 | train_fsce 0.58249 | val_dev 0.68727 | expl_dev 0.61839
epoch 2120 | train_nll -1.38505 | train_fsce 0.56820 | val_dev 0.64882 | expl_dev 0.63974
epoch 2125 | train_nll -1.37308 | train_fsce 0.60068 | val_dev 0.66600 | expl_dev 0.63021
epoch 2130 | train_nll -1.38232 | train_fsce 0.58738 | val_dev 0.68978 | expl_dev 0.61700
epoch 2135 | train_nll -1.37482 | train_fsce 0.56926 | val_dev 0.68812 | expl_dev 0.61792
epoch 2140 | train_nll -1.39091 | train_fsce 0.55533 | val_dev 0.70288 | expl_dev 0.60972
epoch 2145 | train_nll -1.38503 | train_fsce 0.56836 | val_dev 0.70231 | expl_dev 0.61004
epoch 2150 | train_nll -1.37925 | train_fsce 0.57243 | val_dev 0.70566 | expl_dev 0.60818
epoch 2155 | train_nll -1.37501 | train_fsce 0.56303 | val_dev 0.68312 | expl_dev 0.62070
epoch 2160 | train_nll -1.37700 | train_fsce 0.59718 | val_dev 0.67171 | expl_dev 0.62704
epoch 2165 | train_nll -1.36626 | train_fsce 0.56288 | val_dev 0.70184 | expl_dev 0.61030
epoch 2170 | train_nll -1.38534 | train_fsce 0.61357 | val_dev 0.68577 | expl_dev 0.61923
epoch 2175 | train_nll -1.38073 | train_fsce 0.56850 | val_dev 0.68285 | expl_dev 0.62085
epoch 2180 | train_nll -1.38633 | train_fsce 0.56299 | val_dev 0.69898 | expl_dev 0.61189
epoch 2185 | train_nll -1.37570 | train_fsce 0.56225 | val_dev 0.69173 | expl_dev 0.61592
epoch 2190 | train_nll -1.37998 | train_fsce 0.54308 | val_dev 0.67028 | expl_dev 0.62783
epoch 2195 | train_nll -1.38619 | train_fsce 0.59925 | val_dev 0.65350 | expl_dev 0.63715
epoch 2200 | train_nll -1.38685 | train_fsce 0.61129 | val_dev 0.66138 | expl_dev 0.63277
epoch 2205 | train_nll -1.37651 | train_fsce 0.57612 | val_dev 0.69611 | expl_dev 0.61349
epoch 2210 | train_nll -1.38185 | train_fsce 0.60018 | val_dev 0.68867 | expl_dev 0.61762
epoch 2215 | train_nll -1.38152 | train_fsce 0.57182 | val_dev 0.68251 | expl_dev 0.62104
epoch 2220 | train_nll -1.38106 | train_fsce 0.57960 | val_dev 0.69088 | expl_dev 0.61639
epoch 2225 | train_nll -1.37999 | train_fsce 0.59769 | val_dev 0.72985 | expl_dev 0.59475
epoch 2230 | train_nll -1.38620 | train_fsce 0.56083 | val_dev 0.68767 | expl_dev 0.61817
epoch 2235 | train_nll -1.37746 | train_fsce 0.62701 | val_dev 0.70079 | expl_dev 0.61089
epoch 2240 | train_nll -1.37542 | train_fsce 0.59867 | val_dev 0.70128 | expl_dev 0.61062
epoch 2245 | train_nll -1.38369 | train_fsce 0.59801 | val_dev 0.68184 | expl_dev 0.62141
epoch 2250 | train_nll -1.39192 | train_fsce 0.57009 | val_dev 0.66687 | expl_dev 0.62972
epoch 2255 | train_nll -1.39089 | train_fsce 0.58264 | val_dev 0.65504 | expl_dev 0.63629
epoch 2260 | train_nll -1.38691 | train_fsce 0.60435 | val_dev 0.65534 | expl_dev 0.63612
epoch 2265 | train_nll -1.37831 | train_fsce 0.58715 | val_dev 0.66005 | expl_dev 0.63351
epoch 2270 | train_nll -1.38554 | train_fsce 0.56203 | val_dev 0.66614 | expl_dev 0.63013
epoch 2275 | train_nll -1.39933 | train_fsce 0.57253 | val_dev 0.67525 | expl_dev 0.62507
epoch 2280 | train_nll -1.38378 | train_fsce 0.58279 | val_dev 0.67713 | expl_dev 0.62402
epoch 2285 | train_nll -1.38290 | train_fsce 0.61289 | val_dev 0.73698 | expl_dev 0.59079
epoch 2290 | train_nll -1.38561 | train_fsce 0.60735 | val_dev 0.65819 | expl_dev 0.63454
epoch 2295 | train_nll -1.38886 | train_fsce 0.57128 | val_dev 0.66597 | expl_dev 0.63022
epoch 2300 | train_nll -1.39922 | train_fsce 0.56708 | val_dev 0.68973 | expl_dev 0.61703
epoch 2305 | train_nll -1.38352 | train_fsce 0.56257 | val_dev 0.67478 | expl_dev 0.62533
epoch 2310 | train_nll -1.38915 | train_fsce 0.59909 | val_dev 0.68800 | expl_dev 0.61799
epoch 2315 | train_nll -1.37151 | train_fsce 0.60089 | val_dev 0.71456 | expl_dev 0.60324
epoch 2320 | train_nll -1.37951 | train_fsce 0.57955 | val_dev 0.65787 | expl_dev 0.63472
epoch 2325 | train_nll -1.38504 | train_fsce 0.60497 | val_dev 0.68054 | expl_dev 0.62213
epoch 2330 | train_nll -1.38715 | train_fsce 0.58496 | val_dev 0.68033 | expl_dev 0.62225
epoch 2335 | train_nll -1.38404 | train_fsce 0.60165 | val_dev 0.67734 | expl_dev 0.62391
epoch 2340 | train_nll -1.38533 | train_fsce 0.59611 | val_dev 0.70846 | expl_dev 0.60663
epoch 2345 | train_nll -1.38412 | train_fsce 0.60634 | val_dev 0.68813 | expl_dev 0.61791
epoch 2350 | train_nll -1.39074 | train_fsce 0.60462 | val_dev 0.67927 | expl_dev 0.62283
epoch 2355 | train_nll -1.39481 | train_fsce 0.58407 | val_dev 0.66456 | expl_dev 0.63100
epoch 2360 | train_nll -1.39020 | train_fsce 0.56362 | val_dev 0.68893 | expl_dev 0.61747
epoch 2365 | train_nll -1.39095 | train_fsce 0.55712 | val_dev 0.68106 | expl_dev 0.62184
epoch 2370 | train_nll -1.38848 | train_fsce 0.56569 | val_dev 0.68572 | expl_dev 0.61926
epoch 2375 | train_nll -1.38821 | train_fsce 0.59126 | val_dev 0.67882 | expl_dev 0.62308
epoch 2380 | train_nll -1.39542 | train_fsce 0.56419 | val_dev 0.67745 | expl_dev 0.62384
epoch 2385 | train_nll -1.38790 | train_fsce 0.59689 | val_dev 0.69187 | expl_dev 0.61584
epoch 2390 | train_nll -1.39613 | train_fsce 0.56608 | val_dev 0.69647 | expl_dev 0.61328
epoch 2395 | train_nll -1.37775 | train_fsce 0.58091 | val_dev 0.65806 | expl_dev 0.63461
epoch 2400 | train_nll -1.38406 | train_fsce 0.59205 | val_dev 0.68910 | expl_dev 0.61738
epoch 2405 | train_nll -1.39161 | train_fsce 0.56181 | val_dev 0.67621 | expl_dev 0.62454
epoch 2410 | train_nll -1.38568 | train_fsce 0.58167 | val_dev 0.66754 | expl_dev 0.62935
epoch 2415 | train_nll -1.39227 | train_fsce 0.60841 | val_dev 0.68241 | expl_dev 0.62109
epoch 2420 | train_nll -1.38684 | train_fsce 0.60507 | val_dev 0.68971 | expl_dev 0.61704
epoch 2425 | train_nll -1.38840 | train_fsce 0.57153 | val_dev 0.67216 | expl_dev 0.62679
epoch 2430 | train_nll -1.38427 | train_fsce 0.55189 | val_dev 0.67843 | expl_dev 0.62330
epoch 2435 | train_nll -1.39111 | train_fsce 0.59532 | val_dev 0.69009 | expl_dev 0.61682
epoch 2440 | train_nll -1.39245 | train_fsce 0.60540 | val_dev 0.67283 | expl_dev 0.62641
epoch 2445 | train_nll -1.37872 | train_fsce 0.58962 | val_dev 0.69449 | expl_dev 0.61439
epoch 2450 | train_nll -1.38767 | train_fsce 0.57916 | val_dev 0.66977 | expl_dev 0.62811
epoch 2455 | train_nll -1.39109 | train_fsce 0.58349 | val_dev 0.65338 | expl_dev 0.63721
epoch 2460 | train_nll -1.39349 | train_fsce 0.59620 | val_dev 0.66193 | expl_dev 0.63246
epoch 2465 | train_nll -1.38844 | train_fsce 0.55948 | val_dev 0.67054 | expl_dev 0.62768
epoch 2470 | train_nll -1.38266 | train_fsce 0.55855 | val_dev 0.65886 | expl_dev 0.63417
epoch 2475 | train_nll -1.38119 | train_fsce 0.58106 | val_dev 0.69971 | expl_dev 0.61148
epoch 2480 | train_nll -1.38142 | train_fsce 0.60235 | val_dev 0.68700 | expl_dev 0.61854
epoch 2485 | train_nll -1.39274 | train_fsce 0.55942 | val_dev 0.68166 | expl_dev 0.62151
epoch 2490 | train_nll -1.37547 | train_fsce 0.61730 | val_dev 0.74472 | expl_dev 0.58649
epoch 2495 | train_nll -1.37843 | train_fsce 0.60822 | val_dev 0.71180 | expl_dev 0.60477
epoch 2500 | train_nll -1.37656 | train_fsce 0.59231 | val_dev 0.68883 | expl_dev 0.61753
epoch 2505 | train_nll -1.38722 | train_fsce 0.56793 | val_dev 0.66801 | expl_dev 0.62909
epoch 2510 | train_nll -1.38686 | train_fsce 0.59775 | val_dev 0.64800 | expl_dev 0.64020
epoch 2515 | train_nll -1.37869 | train_fsce 0.57260 | val_dev 0.68631 | expl_dev 0.61893
epoch 2520 | train_nll -1.39350 | train_fsce 0.58681 | val_dev 0.65844 | expl_dev 0.63440
epoch 2525 | train_nll -1.39385 | train_fsce 0.57540 | val_dev 0.66094 | expl_dev 0.63301
epoch 2530 | train_nll -1.39180 | train_fsce 0.55775 | val_dev 0.69285 | expl_dev 0.61530
epoch 2535 | train_nll -1.38831 | train_fsce 0.57390 | val_dev 0.67241 | expl_dev 0.62665
epoch 2540 | train_nll -1.39736 | train_fsce 0.57750 | val_dev 0.69223 | expl_dev 0.61564
epoch 2545 | train_nll -1.37914 | train_fsce 0.60905 | val_dev 0.68549 | expl_dev 0.61938
epoch 2550 | train_nll -1.38859 | train_fsce 0.59497 | val_dev 0.65896 | expl_dev 0.63411
epoch 2555 | train_nll -1.39912 | train_fsce 0.58420 | val_dev 0.66294 | expl_dev 0.63190
epoch 2560 | train_nll -1.39652 | train_fsce 0.61785 | val_dev 0.67214 | expl_dev 0.62679
epoch 2565 | train_nll -1.39039 | train_fsce 0.58174 | val_dev 0.67953 | expl_dev 0.62269
epoch 2570 | train_nll -1.39155 | train_fsce 0.58398 | val_dev 0.66842 | expl_dev 0.62886
epoch 2575 | train_nll -1.38823 | train_fsce 0.52544 | val_dev 0.65573 | expl_dev 0.63591
epoch 2580 | train_nll -1.39200 | train_fsce 0.58413 | val_dev 0.68641 | expl_dev 0.61887
epoch 2585 | train_nll -1.39064 | train_fsce 0.55439 | val_dev 0.68194 | expl_dev 0.62135
epoch 2590 | train_nll -1.39634 | train_fsce 0.57140 | val_dev 0.66547 | expl_dev 0.63050
epoch 2595 | train_nll -1.39728 | train_fsce 0.59262 | val_dev 0.66466 | expl_dev 0.63095
epoch 2600 | train_nll -1.39941 | train_fsce 0.56957 | val_dev 0.66146 | expl_dev 0.63272
epoch 2605 | train_nll -1.40473 | train_fsce 0.59553 | val_dev 0.66541 | expl_dev 0.63053
epoch 2610 | train_nll -1.40145 | train_fsce 0.57447 | val_dev 0.65061 | expl_dev 0.63875
epoch 2615 | train_nll -1.39619 | train_fsce 0.56792 | val_dev 0.64049 | expl_dev 0.64437
epoch 2620 | train_nll -1.39798 | train_fsce 0.57994 | val_dev 0.63945 | expl_dev 0.64495
epoch 2625 | train_nll -1.39706 | train_fsce 0.57167 | val_dev 0.63953 | expl_dev 0.64490
epoch 2630 | train_nll -1.39368 | train_fsce 0.56944 | val_dev 0.66989 | expl_dev 0.62804
epoch 2635 | train_nll -1.39470 | train_fsce 0.58207 | val_dev 0.68776 | expl_dev 0.61812
epoch 2640 | train_nll -1.38884 | train_fsce 0.58092 | val_dev 0.65602 | expl_dev 0.63575
epoch 2645 | train_nll -1.39604 | train_fsce 0.60408 | val_dev 0.68535 | expl_dev 0.61946
epoch 2650 | train_nll -1.39653 | train_fsce 0.57137 | val_dev 0.69816 | expl_dev 0.61235
epoch 2655 | train_nll -1.38158 | train_fsce 0.57562 | val_dev 0.67082 | expl_dev 0.62753
epoch 2660 | train_nll -1.39257 | train_fsce 0.61153 | val_dev 0.67149 | expl_dev 0.62716
epoch 2665 | train_nll -1.40582 | train_fsce 0.59456 | val_dev 0.65883 | expl_dev 0.63419
epoch 2670 | train_nll -1.38808 | train_fsce 0.58464 | val_dev 0.69458 | expl_dev 0.61433
epoch 2675 | train_nll -1.39088 | train_fsce 0.56754 | val_dev 0.64988 | expl_dev 0.63915
epoch 2680 | train_nll -1.39033 | train_fsce 0.57845 | val_dev 0.66816 | expl_dev 0.62900
epoch 2685 | train_nll -1.39318 | train_fsce 0.59280 | val_dev 0.68392 | expl_dev 0.62025
epoch 2690 | train_nll -1.39033 | train_fsce 0.55030 | val_dev 0.68065 | expl_dev 0.62207
epoch 2695 | train_nll -1.39456 | train_fsce 0.57778 | val_dev 0.66437 | expl_dev 0.63111
epoch 2700 | train_nll -1.38768 | train_fsce 0.59110 | val_dev 0.69108 | expl_dev 0.61628
epoch 2705 | train_nll -1.39570 | train_fsce 0.58041 | val_dev 0.65670 | expl_dev 0.63537
epoch 2710 | train_nll -1.38559 | train_fsce 0.54783 | val_dev 0.68852 | expl_dev 0.61770
epoch 2715 | train_nll -1.38784 | train_fsce 0.53729 | val_dev 0.68865 | expl_dev 0.61763
epoch 2720 | train_nll -1.39924 | train_fsce 0.55879 | val_dev 0.68220 | expl_dev 0.62121
epoch 2725 | train_nll -1.40162 | train_fsce 0.56451 | val_dev 0.71234 | expl_dev 0.60447
epoch 2730 | train_nll -1.39692 | train_fsce 0.57635 | val_dev 0.69848 | expl_dev 0.61217
epoch 2735 | train_nll -1.39792 | train_fsce 0.58693 | val_dev 0.69153 | expl_dev 0.61603
epoch 2740 | train_nll -1.39891 | train_fsce 0.60549 | val_dev 0.68939 | expl_dev 0.61721
epoch 2745 | train_nll -1.39383 | train_fsce 0.58862 | val_dev 0.69868 | expl_dev 0.61206
epoch 2750 | train_nll -1.40357 | train_fsce 0.58351 | val_dev 0.68052 | expl_dev 0.62214
epoch 2755 | train_nll -1.39062 | train_fsce 0.56619 | val_dev 0.69178 | expl_dev 0.61589
epoch 2760 | train_nll -1.38729 | train_fsce 0.57408 | val_dev 0.68585 | expl_dev 0.61918
epoch 2765 | train_nll -1.39547 | train_fsce 0.54896 | val_dev 0.67176 | expl_dev 0.62701
epoch 2770 | train_nll -1.40193 | train_fsce 0.57606 | val_dev 0.67145 | expl_dev 0.62718
epoch 2775 | train_nll -1.39810 | train_fsce 0.60328 | val_dev 0.69711 | expl_dev 0.61293
epoch 2780 | train_nll -1.39898 | train_fsce 0.58376 | val_dev 0.69122 | expl_dev 0.61620
epoch 2785 | train_nll -1.39530 | train_fsce 0.56061 | val_dev 0.69376 | expl_dev 0.61479
epoch 2790 | train_nll -1.39796 | train_fsce 0.58216 | val_dev 0.69221 | expl_dev 0.61565
epoch 2795 | train_nll -1.40482 | train_fsce 0.56452 | val_dev 0.69307 | expl_dev 0.61517
epoch 2800 | train_nll -1.40120 | train_fsce 0.57103 | val_dev 0.69016 | expl_dev 0.61679
epoch 2805 | train_nll -1.39992 | train_fsce 0.60008 | val_dev 0.68474 | expl_dev 0.61980
epoch 2810 | train_nll -1.39776 | train_fsce 0.55765 | val_dev 0.66737 | expl_dev 0.62944
epoch 2815 | train_nll -1.39871 | train_fsce 0.58441 | val_dev 0.68568 | expl_dev 0.61928
epoch 2820 | train_nll -1.40757 | train_fsce 0.55337 | val_dev 0.68058 | expl_dev 0.62211
epoch 2825 | train_nll -1.39305 | train_fsce 0.56177 | val_dev 0.65548 | expl_dev 0.63605
epoch 2830 | train_nll -1.40713 | train_fsce 0.59203 | val_dev 0.68206 | expl_dev 0.62128
epoch 2835 | train_nll -1.40155 | train_fsce 0.57514 | val_dev 0.67266 | expl_dev 0.62651
epoch 2840 | train_nll -1.39323 | train_fsce 0.58272 | val_dev 0.77424 | expl_dev 0.57011
epoch 2845 | train_nll -1.39419 | train_fsce 0.57907 | val_dev 0.70819 | expl_dev 0.60678
epoch 2850 | train_nll -1.39828 | train_fsce 0.59060 | val_dev 0.72204 | expl_dev 0.59908
epoch 2855 | train_nll -1.38632 | train_fsce 0.58806 | val_dev 0.73442 | expl_dev 0.59221
epoch 2860 | train_nll -1.38891 | train_fsce 0.56508 | val_dev 0.66538 | expl_dev 0.63055
epoch 2865 | train_nll -1.40378 | train_fsce 0.58438 | val_dev 0.69439 | expl_dev 0.61444
epoch 2870 | train_nll -1.39886 | train_fsce 0.55978 | val_dev 0.70896 | expl_dev 0.60635
epoch 2875 | train_nll -1.40316 | train_fsce 0.58691 | val_dev 0.70626 | expl_dev 0.60785
epoch 2880 | train_nll -1.39882 | train_fsce 0.57997 | val_dev 0.73790 | expl_dev 0.59028
epoch 2885 | train_nll -1.39417 | train_fsce 0.56796 | val_dev 0.69112 | expl_dev 0.61626
epoch 2890 | train_nll -1.39476 | train_fsce 0.54582 | val_dev 0.70779 | expl_dev 0.60700
epoch 2895 | train_nll -1.38461 | train_fsce 0.58333 | val_dev 0.72193 | expl_dev 0.59915
epoch 2900 | train_nll -1.39176 | train_fsce 0.55489 | val_dev 0.71293 | expl_dev 0.60414
epoch 2905 | train_nll -1.40064 | train_fsce 0.58738 | val_dev 0.68592 | expl_dev 0.61914
epoch 2910 | train_nll -1.39734 | train_fsce 0.57240 | val_dev 0.67123 | expl_dev 0.62730
epoch 2915 | train_nll -1.40320 | train_fsce 0.57725 | val_dev 0.69901 | expl_dev 0.61188
epoch 2920 | train_nll -1.38522 | train_fsce 0.56830 | val_dev 0.69796 | expl_dev 0.61246
epoch 2925 | train_nll -1.39577 | train_fsce 0.57437 | val_dev 0.68636 | expl_dev 0.61890
epoch 2930 | train_nll -1.38669 | train_fsce 0.59224 | val_dev 0.71667 | expl_dev 0.60207
epoch 2935 | train_nll -1.39333 | train_fsce 0.57930 | val_dev 0.65694 | expl_dev 0.63523
epoch 2940 | train_nll -1.40005 | train_fsce 0.56930 | val_dev 0.68392 | expl_dev 0.62025
epoch 2945 | train_nll -1.39944 | train_fsce 0.57566 | val_dev 0.65997 | expl_dev 0.63355
epoch 2950 | train_nll -1.39698 | train_fsce 0.55580 | val_dev 0.68619 | expl_dev 0.61899
epoch 2955 | train_nll -1.40040 | train_fsce 0.56190 | val_dev 0.66534 | expl_dev 0.63057
epoch 2960 | train_nll -1.39171 | train_fsce 0.56759 | val_dev 0.66839 | expl_dev 0.62888
epoch 2965 | train_nll -1.39716 | train_fsce 0.56784 | val_dev 0.71448 | expl_dev 0.60329
epoch 2970 | train_nll -1.39119 | train_fsce 0.56929 | val_dev 0.67937 | expl_dev 0.62278
epoch 2975 | train_nll -1.39790 | train_fsce 0.61050 | val_dev 0.67236 | expl_dev 0.62667
epoch 2980 | train_nll -1.40206 | train_fsce 0.56283 | val_dev 0.65540 | expl_dev 0.63609
epoch 2985 | train_nll -1.40190 | train_fsce 0.57306 | val_dev 0.67721 | expl_dev 0.62398
epoch 2990 | train_nll -1.40678 | train_fsce 0.58336 | val_dev 0.66653 | expl_dev 0.62991
epoch 2995 | train_nll -1.40069 | train_fsce 0.56914 | val_dev 0.70675 | expl_dev 0.60757
epoch 3000 | train_nll -1.38464 | train_fsce 0.57684 | val_dev 0.69606 | expl_dev 0.61351

最佳 checkpoint：epoch 2620，val_dev 0.63945
test_dev 0.65353（123 個 patch，全程未參與訓練與選 checkpoint）
已存 /Users/yentso/developer/StartOver/model/v2_ddae_fsce/result/latents.npz
