[dataset]
  dataset = fsq
  csv = data/tky_clean.csv
  cat_col = category
  categories = ['Dining and Drinking', 'Retail', 'Nightlife Spot', 'Community and Government', 'Travel and Transportation', 'Business and Professional Services', 'Landmarks and Outdoors', 'Arts and Entertainment', 'Health and Medicine', 'Sports and Recreation']
  half_width = 50.0
  cell = 15
  center_step = 100
  min_poi = 10
  crs = EPSG:6677

[hparams]
  LATENT_DIM = 2
  EPOCHS = 3000
  BATCH = 256
  LR = 0.001
  WEIGHT_DECAY = 1e-06
  SEED = 0
  N_NEIGHBORS = 15
  GRAPH_METRIC = euclidean
  EDGE_BATCH = 256
  LAMBDA_FSCE = 0.01
  WARMUP_EPOCHS = 200
  NOISE_P = 0.3
  N_EXPERTS = 4
  TOP_K = 2
  LAMBDA_MOE = 0.01

split：train 987 / val 123 / test 123

epoch    1 | train_nll 0.55853 | train_fsce 2.89045 | train_moe 1.02675 | val_dev 3.35828 | test_dev 3.12720
epoch    5 | train_nll -0.66065 | train_fsce 3.65422 | train_moe 1.01667 | val_dev 1.90983 | test_dev 1.76826
epoch   10 | train_nll -0.83593 | train_fsce 1.72253 | train_moe 1.01763 | val_dev 1.57892 | test_dev 1.46800
epoch   15 | train_nll -0.92608 | train_fsce 1.26717 | train_moe 1.03462 | val_dev 1.44743 | test_dev 1.31959
epoch   20 | train_nll -0.98843 | train_fsce 1.10031 | train_moe 1.04875 | val_dev 1.28242 | test_dev 1.19005
epoch   25 | train_nll -1.07778 | train_fsce 1.10390 | train_moe 1.06573 | val_dev 1.08981 | test_dev 1.01967
epoch   30 | train_nll -1.13631 | train_fsce 1.16019 | train_moe 1.07757 | val_dev 0.99153 | test_dev 0.91236
epoch   35 | train_nll -1.17658 | train_fsce 1.21889 | train_moe 1.08265 | val_dev 0.94361 | test_dev 0.86452
epoch   40 | train_nll -1.19205 | train_fsce 1.32496 | train_moe 1.08266 | val_dev 0.91539 | test_dev 0.84159
epoch   45 | train_nll -1.20042 | train_fsce 1.29007 | train_moe 1.08121 | val_dev 0.90628 | test_dev 0.83659
epoch   50 | train_nll -1.21321 | train_fsce 1.22091 | train_moe 1.07897 | val_dev 0.88231 | test_dev 0.83832
epoch   55 | train_nll -1.22197 | train_fsce 1.21804 | train_moe 1.08113 | val_dev 0.86439 | test_dev 0.79852
epoch   60 | train_nll -1.23053 | train_fsce 1.22232 | train_moe 1.08245 | val_dev 0.86540 | test_dev 0.79772
epoch   65 | train_nll -1.23129 | train_fsce 1.14860 | train_moe 1.07662 | val_dev 0.85849 | test_dev 0.79330
epoch   70 | train_nll -1.23268 | train_fsce 1.16114 | train_moe 1.07679 | val_dev 0.84863 | test_dev 0.79015
epoch   75 | train_nll -1.24233 | train_fsce 1.08423 | train_moe 1.07662 | val_dev 0.84963 | test_dev 0.78340
epoch   80 | train_nll -1.24261 | train_fsce 1.06400 | train_moe 1.07458 | val_dev 0.84525 | test_dev 0.78935
epoch   85 | train_nll -1.23957 | train_fsce 1.07937 | train_moe 1.07403 | val_dev 0.84081 | test_dev 0.77362
epoch   90 | train_nll -1.24122 | train_fsce 1.05363 | train_moe 1.07142 | val_dev 0.85385 | test_dev 0.78683
epoch   95 | train_nll -1.24813 | train_fsce 1.02181 | train_moe 1.07371 | val_dev 0.84849 | test_dev 0.78356
epoch  100 | train_nll -1.24488 | train_fsce 1.00050 | train_moe 1.07653 | val_dev 0.83843 | test_dev 0.77018
epoch  105 | train_nll -1.25117 | train_fsce 0.98977 | train_moe 1.07380 | val_dev 0.82692 | test_dev 0.76489
epoch  110 | train_nll -1.24647 | train_fsce 0.96936 | train_moe 1.07466 | val_dev 0.83552 | test_dev 0.77749
epoch  115 | train_nll -1.24822 | train_fsce 0.95766 | train_moe 1.07197 | val_dev 0.82814 | test_dev 0.76465
epoch  120 | train_nll -1.25698 | train_fsce 0.90782 | train_moe 1.07004 | val_dev 0.82839 | test_dev 0.77395
epoch  125 | train_nll -1.25074 | train_fsce 0.92460 | train_moe 1.07058 | val_dev 0.83379 | test_dev 0.76402
epoch  130 | train_nll -1.26055 | train_fsce 0.97538 | train_moe 1.07617 | val_dev 0.82618 | test_dev 0.76715
epoch  135 | train_nll -1.26196 | train_fsce 0.92518 | train_moe 1.07443 | val_dev 0.83064 | test_dev 0.75867
epoch  140 | train_nll -1.26527 | train_fsce 0.91200 | train_moe 1.07183 | val_dev 0.83520 | test_dev 0.76292
epoch  145 | train_nll -1.25676 | train_fsce 0.90354 | train_moe 1.06777 | val_dev 0.82327 | test_dev 0.76538
epoch  150 | train_nll -1.26687 | train_fsce 0.85670 | train_moe 1.06725 | val_dev 0.81878 | test_dev 0.76873
epoch  155 | train_nll -1.26932 | train_fsce 0.87114 | train_moe 1.06689 | val_dev 0.81506 | test_dev 0.75490
epoch  160 | train_nll -1.25500 | train_fsce 0.82765 | train_moe 1.07400 | val_dev 0.81933 | test_dev 0.75338
epoch  165 | train_nll -1.26806 | train_fsce 0.86041 | train_moe 1.07268 | val_dev 0.80015 | test_dev 0.75877
epoch  170 | train_nll -1.27275 | train_fsce 0.81951 | train_moe 1.07017 | val_dev 0.78642 | test_dev 0.74166
epoch  175 | train_nll -1.26751 | train_fsce 0.81937 | train_moe 1.06881 | val_dev 0.80530 | test_dev 0.76352
epoch  180 | train_nll -1.27061 | train_fsce 0.83582 | train_moe 1.06868 | val_dev 0.81104 | test_dev 0.73857
epoch  185 | train_nll -1.28052 | train_fsce 0.81139 | train_moe 1.06733 | val_dev 0.79879 | test_dev 0.74518
epoch  190 | train_nll -1.27775 | train_fsce 0.83381 | train_moe 1.07034 | val_dev 0.78082 | test_dev 0.73515
epoch  195 | train_nll -1.27925 | train_fsce 0.79911 | train_moe 1.06916 | val_dev 0.79661 | test_dev 0.72850
epoch  200 | train_nll -1.28169 | train_fsce 0.82901 | train_moe 1.07121 | val_dev 0.78227 | test_dev 0.73722
epoch  205 | train_nll -1.28096 | train_fsce 0.80870 | train_moe 1.07110 | val_dev 0.78399 | test_dev 0.73779
epoch  210 | train_nll -1.28164 | train_fsce 0.78938 | train_moe 1.07237 | val_dev 0.79944 | test_dev 0.71569
epoch  215 | train_nll -1.27693 | train_fsce 0.76787 | train_moe 1.07372 | val_dev 0.78854 | test_dev 0.71178
epoch  220 | train_nll -1.28611 | train_fsce 0.77767 | train_moe 1.07321 | val_dev 0.80463 | test_dev 0.70727
epoch  225 | train_nll -1.29165 | train_fsce 0.78160 | train_moe 1.07438 | val_dev 0.79295 | test_dev 0.71664
epoch  230 | train_nll -1.27676 | train_fsce 0.79373 | train_moe 1.07751 | val_dev 0.79945 | test_dev 0.71219
epoch  235 | train_nll -1.28811 | train_fsce 0.75169 | train_moe 1.07421 | val_dev 0.78597 | test_dev 0.72104
epoch  240 | train_nll -1.28782 | train_fsce 0.76230 | train_moe 1.07100 | val_dev 0.77247 | test_dev 0.73019
epoch  245 | train_nll -1.27895 | train_fsce 0.76653 | train_moe 1.08013 | val_dev 0.79871 | test_dev 0.69880
epoch  250 | train_nll -1.28279 | train_fsce 0.76344 | train_moe 1.07441 | val_dev 0.79842 | test_dev 0.70832
epoch  255 | train_nll -1.27923 | train_fsce 0.75300 | train_moe 1.07795 | val_dev 0.78850 | test_dev 0.73730
epoch  260 | train_nll -1.29581 | train_fsce 0.75865 | train_moe 1.08143 | val_dev 0.78679 | test_dev 0.71268
epoch  265 | train_nll -1.28013 | train_fsce 0.75189 | train_moe 1.08984 | val_dev 0.77342 | test_dev 0.70353
epoch  270 | train_nll -1.29306 | train_fsce 0.70031 | train_moe 1.08152 | val_dev 0.77989 | test_dev 0.71797
epoch  275 | train_nll -1.27775 | train_fsce 0.74303 | train_moe 1.08362 | val_dev 0.78529 | test_dev 0.73711
epoch  280 | train_nll -1.27158 | train_fsce 0.76128 | train_moe 1.08816 | val_dev 0.80386 | test_dev 0.73710
epoch  285 | train_nll -1.26333 | train_fsce 0.73425 | train_moe 1.09227 | val_dev 0.80994 | test_dev 0.75606
epoch  290 | train_nll -1.26997 | train_fsce 0.72961 | train_moe 1.10042 | val_dev 0.82532 | test_dev 0.72179
epoch  295 | train_nll -1.27152 | train_fsce 0.74016 | train_moe 1.09347 | val_dev 0.78202 | test_dev 0.73112
epoch  300 | train_nll -1.26867 | train_fsce 0.75014 | train_moe 1.10449 | val_dev 0.80230 | test_dev 0.74861
epoch  305 | train_nll -1.27757 | train_fsce 0.75297 | train_moe 1.09765 | val_dev 0.76706 | test_dev 0.70019
epoch  310 | train_nll -1.27126 | train_fsce 0.73245 | train_moe 1.10955 | val_dev 0.77501 | test_dev 0.71359
epoch  315 | train_nll -1.26746 | train_fsce 0.77411 | train_moe 1.10741 | val_dev 0.79498 | test_dev 0.74351
epoch  320 | train_nll -1.27683 | train_fsce 0.76458 | train_moe 1.10952 | val_dev 0.77408 | test_dev 0.72410
epoch  325 | train_nll -1.27709 | train_fsce 0.74635 | train_moe 1.10828 | val_dev 0.77732 | test_dev 0.71768
epoch  330 | train_nll -1.28060 | train_fsce 0.73832 | train_moe 1.09790 | val_dev 0.75640 | test_dev 0.71017
epoch  335 | train_nll -1.28015 | train_fsce 0.75409 | train_moe 1.10223 | val_dev 0.79472 | test_dev 0.73984
epoch  340 | train_nll -1.28062 | train_fsce 0.72052 | train_moe 1.09944 | val_dev 0.76444 | test_dev 0.71385
epoch  345 | train_nll -1.28374 | train_fsce 0.74026 | train_moe 1.09874 | val_dev 0.74207 | test_dev 0.70148
epoch  350 | train_nll -1.27110 | train_fsce 0.72839 | train_moe 1.10398 | val_dev 0.73209 | test_dev 0.72474
epoch  355 | train_nll -1.27374 | train_fsce 0.73153 | train_moe 1.10930 | val_dev 0.74325 | test_dev 0.72599
epoch  360 | train_nll -1.28804 | train_fsce 0.70169 | train_moe 1.10119 | val_dev 0.75857 | test_dev 0.69576
epoch  365 | train_nll -1.28113 | train_fsce 0.75927 | train_moe 1.10243 | val_dev 0.74327 | test_dev 0.69136
epoch  370 | train_nll -1.29741 | train_fsce 0.71063 | train_moe 1.09974 | val_dev 0.74287 | test_dev 0.70766
epoch  375 | train_nll -1.28489 | train_fsce 0.76000 | train_moe 1.11146 | val_dev 0.73867 | test_dev 0.77249
epoch  380 | train_nll -1.27737 | train_fsce 0.75337 | train_moe 1.10425 | val_dev 0.73875 | test_dev 0.73220
epoch  385 | train_nll -1.28257 | train_fsce 0.71532 | train_moe 1.09955 | val_dev 0.75356 | test_dev 0.74177
epoch  390 | train_nll -1.28461 | train_fsce 0.69184 | train_moe 1.09915 | val_dev 0.74047 | test_dev 0.72495
epoch  395 | train_nll -1.28083 | train_fsce 0.71829 | train_moe 1.09779 | val_dev 0.74317 | test_dev 0.71742
epoch  400 | train_nll -1.27773 | train_fsce 0.74102 | train_moe 1.10756 | val_dev 0.75573 | test_dev 0.74287
epoch  405 | train_nll -1.27913 | train_fsce 0.75075 | train_moe 1.11039 | val_dev 0.73786 | test_dev 0.70981
epoch  410 | train_nll -1.28911 | train_fsce 0.71677 | train_moe 1.10748 | val_dev 0.72723 | test_dev 0.68806
epoch  415 | train_nll -1.29477 | train_fsce 0.69974 | train_moe 1.10578 | val_dev 0.73360 | test_dev 0.71203
epoch  420 | train_nll -1.29437 | train_fsce 0.70449 | train_moe 1.10526 | val_dev 0.72878 | test_dev 0.72314
epoch  425 | train_nll -1.29808 | train_fsce 0.73156 | train_moe 1.10355 | val_dev 0.73286 | test_dev 0.70951
epoch  430 | train_nll -1.29092 | train_fsce 0.68505 | train_moe 1.11084 | val_dev 0.74104 | test_dev 0.72757
epoch  435 | train_nll -1.29009 | train_fsce 0.66677 | train_moe 1.10483 | val_dev 0.71426 | test_dev 0.73319
epoch  440 | train_nll -1.28926 | train_fsce 0.67023 | train_moe 1.10231 | val_dev 0.71389 | test_dev 0.71629
epoch  445 | train_nll -1.28024 | train_fsce 0.67086 | train_moe 1.10383 | val_dev 0.72328 | test_dev 0.70091
epoch  450 | train_nll -1.29049 | train_fsce 0.72624 | train_moe 1.11226 | val_dev 0.76322 | test_dev 0.71334
epoch  455 | train_nll -1.26761 | train_fsce 0.72273 | train_moe 1.12919 | val_dev 0.77313 | test_dev 0.71366
epoch  460 | train_nll -1.27725 | train_fsce 0.78355 | train_moe 1.12950 | val_dev 0.75606 | test_dev 0.71310
epoch  465 | train_nll -1.27535 | train_fsce 0.79725 | train_moe 1.13148 | val_dev 0.74959 | test_dev 0.71047
epoch  470 | train_nll -1.27301 | train_fsce 0.76801 | train_moe 1.14468 | val_dev 0.76596 | test_dev 0.73880
epoch  475 | train_nll -1.28503 | train_fsce 0.74449 | train_moe 1.13811 | val_dev 0.79044 | test_dev 0.71837
epoch  480 | train_nll -1.28425 | train_fsce 0.75213 | train_moe 1.13748 | val_dev 0.76788 | test_dev 0.70543
epoch  485 | train_nll -1.29245 | train_fsce 0.76734 | train_moe 1.13479 | val_dev 0.79229 | test_dev 0.73528
epoch  490 | train_nll -1.28447 | train_fsce 0.78467 | train_moe 1.14389 | val_dev 0.79264 | test_dev 0.71780
epoch  495 | train_nll -1.26392 | train_fsce 0.82864 | train_moe 1.15999 | val_dev 0.78882 | test_dev 0.76180
epoch  500 | train_nll -1.28603 | train_fsce 0.75330 | train_moe 1.14151 | val_dev 0.77642 | test_dev 0.71583
epoch  505 | train_nll -1.28151 | train_fsce 0.77795 | train_moe 1.14587 | val_dev 0.77076 | test_dev 0.74679
epoch  510 | train_nll -1.29350 | train_fsce 0.76630 | train_moe 1.14253 | val_dev 0.77569 | test_dev 0.71510
epoch  515 | train_nll -1.29159 | train_fsce 0.78359 | train_moe 1.14332 | val_dev 0.76834 | test_dev 0.73525
epoch  520 | train_nll -1.28800 | train_fsce 0.74126 | train_moe 1.13341 | val_dev 0.78976 | test_dev 0.71298
epoch  525 | train_nll -1.29190 | train_fsce 0.73417 | train_moe 1.13107 | val_dev 0.76139 | test_dev 0.70530
epoch  530 | train_nll -1.28478 | train_fsce 0.68847 | train_moe 1.13758 | val_dev 0.76366 | test_dev 0.73597
epoch  535 | train_nll -1.29086 | train_fsce 0.74353 | train_moe 1.13257 | val_dev 0.77543 | test_dev 0.70675
epoch  540 | train_nll -1.27526 | train_fsce 0.66790 | train_moe 1.11515 | val_dev 0.76874 | test_dev 0.73178
epoch  545 | train_nll -1.28647 | train_fsce 0.69782 | train_moe 1.12119 | val_dev 0.77490 | test_dev 0.71642
epoch  550 | train_nll -1.29837 | train_fsce 0.70273 | train_moe 1.13951 | val_dev 0.80329 | test_dev 0.69116
epoch  555 | train_nll -1.29436 | train_fsce 0.70481 | train_moe 1.14672 | val_dev 0.78295 | test_dev 0.68370
epoch  560 | train_nll -1.30054 | train_fsce 0.69947 | train_moe 1.14166 | val_dev 0.75194 | test_dev 0.69554
epoch  565 | train_nll -1.29444 | train_fsce 0.67923 | train_moe 1.13579 | val_dev 0.76715 | test_dev 0.68423
epoch  570 | train_nll -1.29242 | train_fsce 0.69935 | train_moe 1.14977 | val_dev 0.74849 | test_dev 0.70938
epoch  575 | train_nll -1.29310 | train_fsce 0.74321 | train_moe 1.15812 | val_dev 0.85967 | test_dev 0.71961
epoch  580 | train_nll -1.27781 | train_fsce 0.75513 | train_moe 1.18535 | val_dev 0.81125 | test_dev 0.76303
epoch  585 | train_nll -1.29057 | train_fsce 0.76012 | train_moe 1.15424 | val_dev 0.80769 | test_dev 0.70188
epoch  590 | train_nll -1.29462 | train_fsce 0.69111 | train_moe 1.14818 | val_dev 0.78253 | test_dev 0.71794
epoch  595 | train_nll -1.29970 | train_fsce 0.72637 | train_moe 1.15611 | val_dev 0.75811 | test_dev 0.70380
epoch  600 | train_nll -1.30045 | train_fsce 0.74231 | train_moe 1.14644 | val_dev 0.75133 | test_dev 0.66884
epoch  605 | train_nll -1.30405 | train_fsce 0.74662 | train_moe 1.15477 | val_dev 0.76040 | test_dev 0.68081
epoch  610 | train_nll -1.30607 | train_fsce 0.71926 | train_moe 1.15536 | val_dev 0.75439 | test_dev 0.68808
epoch  615 | train_nll -1.29605 | train_fsce 0.75545 | train_moe 1.16957 | val_dev 0.76137 | test_dev 0.69203
epoch  620 | train_nll -1.29993 | train_fsce 0.73199 | train_moe 1.15500 | val_dev 0.76761 | test_dev 0.66837
epoch  625 | train_nll -1.29981 | train_fsce 0.68920 | train_moe 1.14331 | val_dev 0.76195 | test_dev 0.69098
epoch  630 | train_nll -1.30026 | train_fsce 0.74324 | train_moe 1.15793 | val_dev 0.79636 | test_dev 0.68041
epoch  635 | train_nll -1.29866 | train_fsce 0.70595 | train_moe 1.14405 | val_dev 0.77620 | test_dev 0.72039
epoch  640 | train_nll -1.26921 | train_fsce 0.64629 | train_moe 1.12291 | val_dev 0.82323 | test_dev 0.80394
epoch  645 | train_nll -1.26805 | train_fsce 0.65105 | train_moe 1.12826 | val_dev 0.81844 | test_dev 0.74486
epoch  650 | train_nll -1.27428 | train_fsce 0.72421 | train_moe 1.13228 | val_dev 0.78805 | test_dev 0.80423
epoch  655 | train_nll -1.27338 | train_fsce 0.65447 | train_moe 1.13117 | val_dev 0.79626 | test_dev 0.79107
epoch  660 | train_nll -1.28706 | train_fsce 0.67251 | train_moe 1.12887 | val_dev 0.79944 | test_dev 0.84601
epoch  665 | train_nll -1.28848 | train_fsce 0.65081 | train_moe 1.12581 | val_dev 0.76126 | test_dev 0.74753
epoch  670 | train_nll -1.28771 | train_fsce 0.65236 | train_moe 1.12912 | val_dev 0.79167 | test_dev 0.73250
epoch  675 | train_nll -1.26152 | train_fsce 0.66814 | train_moe 1.13332 | val_dev 0.80175 | test_dev 0.75197
epoch  680 | train_nll -1.25610 | train_fsce 0.65033 | train_moe 1.14067 | val_dev 0.84532 | test_dev 0.75826
epoch  685 | train_nll -1.25999 | train_fsce 0.65313 | train_moe 1.14703 | val_dev 0.85609 | test_dev 0.78298
epoch  690 | train_nll -1.27139 | train_fsce 0.63683 | train_moe 1.15593 | val_dev 0.79890 | test_dev 0.72235
epoch  695 | train_nll -1.27863 | train_fsce 0.65739 | train_moe 1.14618 | val_dev 0.78975 | test_dev 0.75168
epoch  700 | train_nll -1.28366 | train_fsce 0.62882 | train_moe 1.13710 | val_dev 0.77830 | test_dev 0.72245
epoch  705 | train_nll -1.28668 | train_fsce 0.62534 | train_moe 1.14086 | val_dev 0.80651 | test_dev 0.70933
epoch  710 | train_nll -1.29375 | train_fsce 0.66857 | train_moe 1.14243 | val_dev 0.78629 | test_dev 0.72863
epoch  715 | train_nll -1.29201 | train_fsce 0.61347 | train_moe 1.13974 | val_dev 0.77894 | test_dev 0.69373
epoch  720 | train_nll -1.25366 | train_fsce 0.65680 | train_moe 1.17578 | val_dev 0.82413 | test_dev 0.74987
epoch  725 | train_nll -1.24561 | train_fsce 0.62904 | train_moe 1.15753 | val_dev 0.86295 | test_dev 0.76879
epoch  730 | train_nll -1.25561 | train_fsce 0.66198 | train_moe 1.15683 | val_dev 0.89480 | test_dev 0.83158
epoch  735 | train_nll -1.24210 | train_fsce 0.68328 | train_moe 1.14693 | val_dev 0.92635 | test_dev 0.81095
epoch  740 | train_nll -1.23750 | train_fsce 0.63357 | train_moe 1.17370 | val_dev 0.85097 | test_dev 0.84696
epoch  745 | train_nll -1.25435 | train_fsce 0.64819 | train_moe 1.20273 | val_dev 0.86920 | test_dev 0.77838
epoch  750 | train_nll -1.27321 | train_fsce 0.63679 | train_moe 1.19147 | val_dev 0.78285 | test_dev 0.74502
epoch  755 | train_nll -1.26524 | train_fsce 0.63690 | train_moe 1.19896 | val_dev 0.81867 | test_dev 0.78418
epoch  760 | train_nll -1.25555 | train_fsce 0.63448 | train_moe 1.20090 | val_dev 0.82272 | test_dev 0.77290
epoch  765 | train_nll -1.26627 | train_fsce 0.63655 | train_moe 1.19041 | val_dev 0.80759 | test_dev 0.75222
epoch  770 | train_nll -1.27600 | train_fsce 0.64219 | train_moe 1.19546 | val_dev 0.78685 | test_dev 0.75568
epoch  775 | train_nll -1.26263 | train_fsce 0.64327 | train_moe 1.24388 | val_dev 0.83912 | test_dev 0.83067
epoch  780 | train_nll -1.25674 | train_fsce 0.65157 | train_moe 1.24150 | val_dev 0.85179 | test_dev 0.82449
epoch  785 | train_nll -1.26567 | train_fsce 0.63161 | train_moe 1.21772 | val_dev 0.80404 | test_dev 0.75451
epoch  790 | train_nll -1.26221 | train_fsce 0.64113 | train_moe 1.18655 | val_dev 0.78242 | test_dev 0.73890
epoch  795 | train_nll -1.27310 | train_fsce 0.67195 | train_moe 1.18056 | val_dev 0.81708 | test_dev 0.74140
epoch  800 | train_nll -1.27494 | train_fsce 0.63231 | train_moe 1.19085 | val_dev 0.85640 | test_dev 0.74250
epoch  805 | train_nll -1.27513 | train_fsce 0.61504 | train_moe 1.20528 | val_dev 0.81532 | test_dev 0.78196
epoch  810 | train_nll -1.25915 | train_fsce 0.65804 | train_moe 1.21906 | val_dev 0.84128 | test_dev 0.84220
epoch  815 | train_nll -1.26431 | train_fsce 0.64802 | train_moe 1.22228 | val_dev 0.85048 | test_dev 0.77804
epoch  820 | train_nll -1.27761 | train_fsce 0.62369 | train_moe 1.21522 | val_dev 0.80762 | test_dev 0.78495
epoch  825 | train_nll -1.26998 | train_fsce 0.60069 | train_moe 1.21026 | val_dev 0.82721 | test_dev 0.77741
epoch  830 | train_nll -1.27730 | train_fsce 0.62886 | train_moe 1.21287 | val_dev 0.79936 | test_dev 0.73874
epoch  835 | train_nll -1.28106 | train_fsce 0.60114 | train_moe 1.21217 | val_dev 0.79006 | test_dev 0.79156
epoch  840 | train_nll -1.27478 | train_fsce 0.60764 | train_moe 1.22958 | val_dev 0.79169 | test_dev 0.79196
epoch  845 | train_nll -1.28329 | train_fsce 0.59664 | train_moe 1.23893 | val_dev 0.79033 | test_dev 0.76033
epoch  850 | train_nll -1.28223 | train_fsce 0.61483 | train_moe 1.23701 | val_dev 0.77828 | test_dev 0.73801
epoch  855 | train_nll -1.27829 | train_fsce 0.59411 | train_moe 1.23657 | val_dev 0.79239 | test_dev 0.75697
epoch  860 | train_nll -1.27643 | train_fsce 0.61913 | train_moe 1.25968 | val_dev 0.78684 | test_dev 0.76085
epoch  865 | train_nll -1.27306 | train_fsce 0.60764 | train_moe 1.24786 | val_dev 0.76417 | test_dev 0.77042
epoch  870 | train_nll -1.27872 | train_fsce 0.59696 | train_moe 1.24995 | val_dev 0.79529 | test_dev 0.81542
epoch  875 | train_nll -1.25303 | train_fsce 0.58146 | train_moe 1.25952 | val_dev 0.89080 | test_dev 0.83069
epoch  880 | train_nll -1.25743 | train_fsce 0.58612 | train_moe 1.26680 | val_dev 0.84478 | test_dev 0.84600
epoch  885 | train_nll -1.25132 | train_fsce 0.61818 | train_moe 1.26638 | val_dev 0.83071 | test_dev 0.85204
epoch  890 | train_nll -1.24417 | train_fsce 0.58549 | train_moe 1.25659 | val_dev 0.86615 | test_dev 0.85776
epoch  895 | train_nll -1.24296 | train_fsce 0.57484 | train_moe 1.27064 | val_dev 0.85936 | test_dev 0.85726
epoch  900 | train_nll -1.25047 | train_fsce 0.60727 | train_moe 1.25470 | val_dev 0.80073 | test_dev 0.84139
epoch  905 | train_nll -1.24975 | train_fsce 0.59540 | train_moe 1.26081 | val_dev 0.81819 | test_dev 0.85210
epoch  910 | train_nll -1.24490 | train_fsce 0.64260 | train_moe 1.25455 | val_dev 0.83390 | test_dev 0.88513
epoch  915 | train_nll -1.24257 | train_fsce 0.59505 | train_moe 1.25952 | val_dev 0.86137 | test_dev 0.88478
epoch  920 | train_nll -1.24889 | train_fsce 0.59060 | train_moe 1.25058 | val_dev 0.80788 | test_dev 0.83470
epoch  925 | train_nll -1.23078 | train_fsce 0.61927 | train_moe 1.24506 | val_dev 0.82214 | test_dev 0.87841
epoch  930 | train_nll -1.24843 | train_fsce 0.70107 | train_moe 1.23322 | val_dev 0.80482 | test_dev 0.84308
epoch  935 | train_nll -1.25559 | train_fsce 0.70206 | train_moe 1.23148 | val_dev 0.79481 | test_dev 0.82667
epoch  940 | train_nll -1.26171 | train_fsce 0.73061 | train_moe 1.22817 | val_dev 0.79718 | test_dev 0.82361
epoch  945 | train_nll -1.26005 | train_fsce 0.71603 | train_moe 1.21547 | val_dev 0.78690 | test_dev 0.84497
epoch  950 | train_nll -1.25663 | train_fsce 0.67793 | train_moe 1.21899 | val_dev 0.77145 | test_dev 0.83564
epoch  955 | train_nll -1.27360 | train_fsce 0.72810 | train_moe 1.20927 | val_dev 0.78049 | test_dev 0.79732
epoch  960 | train_nll -1.27475 | train_fsce 0.68609 | train_moe 1.20968 | val_dev 0.78718 | test_dev 0.76866
epoch  965 | train_nll -1.27358 | train_fsce 0.70425 | train_moe 1.20667 | val_dev 0.73572 | test_dev 0.79421
epoch  970 | train_nll -1.27537 | train_fsce 0.67649 | train_moe 1.20078 | val_dev 0.74867 | test_dev 0.78417
epoch  975 | train_nll -1.26987 | train_fsce 0.70264 | train_moe 1.20137 | val_dev 0.77096 | test_dev 0.80290
epoch  980 | train_nll -1.27039 | train_fsce 0.68095 | train_moe 1.20161 | val_dev 0.73903 | test_dev 0.80804
epoch  985 | train_nll -1.26613 | train_fsce 0.65711 | train_moe 1.19511 | val_dev 0.77313 | test_dev 0.78941
epoch  990 | train_nll -1.27538 | train_fsce 0.61311 | train_moe 1.19345 | val_dev 0.76118 | test_dev 0.77728
epoch  995 | train_nll -1.26878 | train_fsce 0.59844 | train_moe 1.19195 | val_dev 0.80449 | test_dev 0.78058
epoch 1000 | train_nll -1.26417 | train_fsce 0.64652 | train_moe 1.17488 | val_dev 0.78672 | test_dev 0.76621
epoch 1005 | train_nll -1.26130 | train_fsce 0.64623 | train_moe 1.17379 | val_dev 0.80882 | test_dev 0.78390
epoch 1010 | train_nll -1.26718 | train_fsce 0.68145 | train_moe 1.17363 | val_dev 0.81505 | test_dev 0.73837
epoch 1015 | train_nll -1.24836 | train_fsce 0.82776 | train_moe 1.19272 | val_dev 0.86691 | test_dev 0.79469
epoch 1020 | train_nll -1.24770 | train_fsce 0.77855 | train_moe 1.19648 | val_dev 0.79862 | test_dev 0.78544
epoch 1025 | train_nll -1.26988 | train_fsce 0.83235 | train_moe 1.18889 | val_dev 0.78616 | test_dev 0.74915
epoch 1030 | train_nll -1.27221 | train_fsce 0.79247 | train_moe 1.18414 | val_dev 0.76207 | test_dev 0.75631
epoch 1035 | train_nll -1.25538 | train_fsce 0.81679 | train_moe 1.19489 | val_dev 0.76226 | test_dev 0.78659
epoch 1040 | train_nll -1.25237 | train_fsce 0.74077 | train_moe 1.20840 | val_dev 0.82270 | test_dev 0.79816
epoch 1045 | train_nll -1.26780 | train_fsce 0.77201 | train_moe 1.21708 | val_dev 0.75821 | test_dev 0.76793
epoch 1050 | train_nll -1.27321 | train_fsce 0.71874 | train_moe 1.21002 | val_dev 0.76239 | test_dev 0.76648
epoch 1055 | train_nll -1.27789 | train_fsce 0.72846 | train_moe 1.20677 | val_dev 0.76531 | test_dev 0.74324
epoch 1060 | train_nll -1.27922 | train_fsce 0.74934 | train_moe 1.21587 | val_dev 0.75816 | test_dev 0.75522
epoch 1065 | train_nll -1.29124 | train_fsce 0.79359 | train_moe 1.21251 | val_dev 0.74670 | test_dev 0.74239
epoch 1070 | train_nll -1.28126 | train_fsce 0.84566 | train_moe 1.22290 | val_dev 0.78574 | test_dev 0.70463
epoch 1075 | train_nll -1.28116 | train_fsce 0.80487 | train_moe 1.22428 | val_dev 0.77247 | test_dev 0.75221
epoch 1080 | train_nll -1.28138 | train_fsce 0.81223 | train_moe 1.21419 | val_dev 0.75795 | test_dev 0.72428
epoch 1085 | train_nll -1.28889 | train_fsce 0.82211 | train_moe 1.21294 | val_dev 0.75156 | test_dev 0.72128
epoch 1090 | train_nll -1.28025 | train_fsce 0.82281 | train_moe 1.21155 | val_dev 0.76358 | test_dev 0.74884
epoch 1095 | train_nll -1.29151 | train_fsce 0.77392 | train_moe 1.20406 | val_dev 0.72854 | test_dev 0.72610
epoch 1100 | train_nll -1.30183 | train_fsce 0.78902 | train_moe 1.20617 | val_dev 0.72367 | test_dev 0.70921
epoch 1105 | train_nll -1.29847 | train_fsce 0.78265 | train_moe 1.20692 | val_dev 0.74145 | test_dev 0.72384
epoch 1110 | train_nll -1.29808 | train_fsce 0.80639 | train_moe 1.20698 | val_dev 0.71756 | test_dev 0.71962
epoch 1115 | train_nll -1.29857 | train_fsce 0.79145 | train_moe 1.20329 | val_dev 0.71952 | test_dev 0.71688
epoch 1120 | train_nll -1.30161 | train_fsce 0.79075 | train_moe 1.21607 | val_dev 0.73891 | test_dev 0.71511
epoch 1125 | train_nll -1.29928 | train_fsce 0.81115 | train_moe 1.21311 | val_dev 0.73169 | test_dev 0.70887
epoch 1130 | train_nll -1.29960 | train_fsce 0.84130 | train_moe 1.22230 | val_dev 0.74531 | test_dev 0.70420
epoch 1135 | train_nll -1.30396 | train_fsce 0.77843 | train_moe 1.21290 | val_dev 0.76750 | test_dev 0.70914
epoch 1140 | train_nll -1.30853 | train_fsce 0.79347 | train_moe 1.21015 | val_dev 0.73101 | test_dev 0.72110
epoch 1145 | train_nll -1.30847 | train_fsce 0.81331 | train_moe 1.21163 | val_dev 0.75635 | test_dev 0.75595
epoch 1150 | train_nll -1.30060 | train_fsce 0.80936 | train_moe 1.21149 | val_dev 0.75653 | test_dev 0.73235
epoch 1155 | train_nll -1.30371 | train_fsce 0.79012 | train_moe 1.20711 | val_dev 0.76118 | test_dev 0.76617
epoch 1160 | train_nll -1.30467 | train_fsce 0.76663 | train_moe 1.20657 | val_dev 0.72979 | test_dev 0.72774
epoch 1165 | train_nll -1.30427 | train_fsce 0.82118 | train_moe 1.20423 | val_dev 0.76545 | test_dev 0.72971
epoch 1170 | train_nll -1.29085 | train_fsce 0.81368 | train_moe 1.21789 | val_dev 0.75193 | test_dev 0.71604
epoch 1175 | train_nll -1.30430 | train_fsce 0.81371 | train_moe 1.21317 | val_dev 0.71064 | test_dev 0.69209
epoch 1180 | train_nll -1.29957 | train_fsce 0.79740 | train_moe 1.22582 | val_dev 0.75154 | test_dev 0.68662
epoch 1185 | train_nll -1.29402 | train_fsce 0.81769 | train_moe 1.20727 | val_dev 0.74826 | test_dev 0.68339
epoch 1190 | train_nll -1.29878 | train_fsce 0.75963 | train_moe 1.20307 | val_dev 0.78345 | test_dev 0.70795
epoch 1195 | train_nll -1.30266 | train_fsce 0.78420 | train_moe 1.20336 | val_dev 0.76093 | test_dev 0.73110
epoch 1200 | train_nll -1.31515 | train_fsce 0.74657 | train_moe 1.20303 | val_dev 0.75302 | test_dev 0.71197
epoch 1205 | train_nll -1.30775 | train_fsce 0.75625 | train_moe 1.21105 | val_dev 0.70280 | test_dev 0.71509
epoch 1210 | train_nll -1.30687 | train_fsce 0.70176 | train_moe 1.20258 | val_dev 0.72862 | test_dev 0.74682
epoch 1215 | train_nll -1.31544 | train_fsce 0.78104 | train_moe 1.20063 | val_dev 0.71164 | test_dev 0.75255
epoch 1220 | train_nll -1.31214 | train_fsce 0.79720 | train_moe 1.20709 | val_dev 0.70276 | test_dev 0.72775
epoch 1225 | train_nll -1.30617 | train_fsce 0.78673 | train_moe 1.20628 | val_dev 0.69390 | test_dev 0.71598
epoch 1230 | train_nll -1.31202 | train_fsce 0.76895 | train_moe 1.20297 | val_dev 0.69153 | test_dev 0.76439
epoch 1235 | train_nll -1.30653 | train_fsce 0.71118 | train_moe 1.20612 | val_dev 0.72165 | test_dev 0.76303
epoch 1240 | train_nll -1.31339 | train_fsce 0.74197 | train_moe 1.20237 | val_dev 0.71715 | test_dev 0.70244
epoch 1245 | train_nll -1.30960 | train_fsce 0.77548 | train_moe 1.20580 | val_dev 0.70440 | test_dev 0.69562
epoch 1250 | train_nll -1.31287 | train_fsce 0.75792 | train_moe 1.20692 | val_dev 0.69985 | test_dev 0.67882
epoch 1255 | train_nll -1.31782 | train_fsce 0.75687 | train_moe 1.20837 | val_dev 0.72173 | test_dev 0.69131
epoch 1260 | train_nll -1.31500 | train_fsce 0.73039 | train_moe 1.21380 | val_dev 0.69718 | test_dev 0.68426
epoch 1265 | train_nll -1.31014 | train_fsce 0.77317 | train_moe 1.21764 | val_dev 0.75864 | test_dev 0.69919
epoch 1270 | train_nll -1.31214 | train_fsce 0.79511 | train_moe 1.21427 | val_dev 0.74461 | test_dev 0.70976
epoch 1275 | train_nll -1.30978 | train_fsce 0.77773 | train_moe 1.21168 | val_dev 0.72034 | test_dev 0.72676
epoch 1280 | train_nll -1.31423 | train_fsce 0.79085 | train_moe 1.21065 | val_dev 0.71472 | test_dev 0.70623
epoch 1285 | train_nll -1.31975 | train_fsce 0.76402 | train_moe 1.20504 | val_dev 0.73047 | test_dev 0.71221
epoch 1290 | train_nll -1.31811 | train_fsce 0.80391 | train_moe 1.21044 | val_dev 0.72473 | test_dev 0.69216
epoch 1295 | train_nll -1.32355 | train_fsce 0.79070 | train_moe 1.21128 | val_dev 0.75018 | test_dev 0.68404
epoch 1300 | train_nll -1.31808 | train_fsce 0.78755 | train_moe 1.21166 | val_dev 0.73181 | test_dev 0.71198
epoch 1305 | train_nll -1.31976 | train_fsce 0.78256 | train_moe 1.20189 | val_dev 0.73593 | test_dev 0.69100
epoch 1310 | train_nll -1.31991 | train_fsce 0.80656 | train_moe 1.19939 | val_dev 0.70116 | test_dev 0.68535
epoch 1315 | train_nll -1.32305 | train_fsce 0.76201 | train_moe 1.19577 | val_dev 0.71219 | test_dev 0.68592
epoch 1320 | train_nll -1.31257 | train_fsce 0.80069 | train_moe 1.19807 | val_dev 0.75292 | test_dev 0.70841
epoch 1325 | train_nll -1.30475 | train_fsce 0.78574 | train_moe 1.18787 | val_dev 0.76297 | test_dev 0.81147
epoch 1330 | train_nll -1.30758 | train_fsce 0.80527 | train_moe 1.17828 | val_dev 0.77788 | test_dev 0.79103
epoch 1335 | train_nll -1.30775 | train_fsce 0.82289 | train_moe 1.18603 | val_dev 0.76318 | test_dev 0.74081
epoch 1340 | train_nll -1.31269 | train_fsce 0.80880 | train_moe 1.18623 | val_dev 0.73639 | test_dev 0.74757
epoch 1345 | train_nll -1.31230 | train_fsce 0.74957 | train_moe 1.19378 | val_dev 0.70032 | test_dev 0.72751
epoch 1350 | train_nll -1.31179 | train_fsce 0.82700 | train_moe 1.18191 | val_dev 0.75365 | test_dev 0.75271
epoch 1355 | train_nll -1.31221 | train_fsce 0.76469 | train_moe 1.19133 | val_dev 0.74127 | test_dev 0.75343
epoch 1360 | train_nll -1.29093 | train_fsce 0.77745 | train_moe 1.18993 | val_dev 0.77264 | test_dev 0.77909
epoch 1365 | train_nll -1.30010 | train_fsce 0.81844 | train_moe 1.19133 | val_dev 0.75366 | test_dev 0.74848
epoch 1370 | train_nll -1.31555 | train_fsce 0.79800 | train_moe 1.19188 | val_dev 0.74612 | test_dev 0.75207
epoch 1375 | train_nll -1.31140 | train_fsce 0.78850 | train_moe 1.18407 | val_dev 0.74839 | test_dev 0.72797
epoch 1380 | train_nll -1.31403 | train_fsce 0.76101 | train_moe 1.18033 | val_dev 0.74008 | test_dev 0.70336
epoch 1385 | train_nll -1.30748 | train_fsce 0.73195 | train_moe 1.18743 | val_dev 0.73418 | test_dev 0.72097
epoch 1390 | train_nll -1.32004 | train_fsce 0.77472 | train_moe 1.19304 | val_dev 0.72580 | test_dev 0.74294
epoch 1395 | train_nll -1.31966 | train_fsce 0.79875 | train_moe 1.19288 | val_dev 0.73832 | test_dev 0.71853
epoch 1400 | train_nll -1.30512 | train_fsce 0.83041 | train_moe 1.20269 | val_dev 0.71578 | test_dev 0.74021
epoch 1405 | train_nll -1.32264 | train_fsce 0.80138 | train_moe 1.18890 | val_dev 0.73061 | test_dev 0.73200
epoch 1410 | train_nll -1.30595 | train_fsce 0.80359 | train_moe 1.18456 | val_dev 0.72679 | test_dev 0.72945
epoch 1415 | train_nll -1.31291 | train_fsce 0.79611 | train_moe 1.18531 | val_dev 0.73364 | test_dev 0.72486
epoch 1420 | train_nll -1.31804 | train_fsce 0.80467 | train_moe 1.18892 | val_dev 0.72492 | test_dev 0.73210
epoch 1425 | train_nll -1.31535 | train_fsce 0.77470 | train_moe 1.18963 | val_dev 0.73219 | test_dev 0.72436
epoch 1430 | train_nll -1.31533 | train_fsce 0.78576 | train_moe 1.19014 | val_dev 0.71556 | test_dev 0.75211
epoch 1435 | train_nll -1.31263 | train_fsce 0.76837 | train_moe 1.18969 | val_dev 0.72171 | test_dev 0.69323
epoch 1440 | train_nll -1.32134 | train_fsce 0.77816 | train_moe 1.18936 | val_dev 0.72715 | test_dev 0.70282
epoch 1445 | train_nll -1.31763 | train_fsce 0.75398 | train_moe 1.18926 | val_dev 0.73114 | test_dev 0.72924
epoch 1450 | train_nll -1.31210 | train_fsce 0.79837 | train_moe 1.19113 | val_dev 0.71909 | test_dev 0.70082
epoch 1455 | train_nll -1.30620 | train_fsce 0.77424 | train_moe 1.19624 | val_dev 0.70608 | test_dev 0.71139
epoch 1460 | train_nll -1.30364 | train_fsce 0.74919 | train_moe 1.19840 | val_dev 0.69332 | test_dev 0.69806
epoch 1465 | train_nll -1.31479 | train_fsce 0.73439 | train_moe 1.19174 | val_dev 0.68822 | test_dev 0.68159
epoch 1470 | train_nll -1.31011 | train_fsce 0.75418 | train_moe 1.19079 | val_dev 0.67958 | test_dev 0.67230
epoch 1475 | train_nll -1.31916 | train_fsce 0.73519 | train_moe 1.19764 | val_dev 0.66844 | test_dev 0.69138
epoch 1480 | train_nll -1.32562 | train_fsce 0.76647 | train_moe 1.19629 | val_dev 0.70367 | test_dev 0.71299
epoch 1485 | train_nll -1.32099 | train_fsce 0.78461 | train_moe 1.20011 | val_dev 0.73321 | test_dev 0.75113
epoch 1490 | train_nll -1.31635 | train_fsce 0.75644 | train_moe 1.19433 | val_dev 0.71742 | test_dev 0.73492
epoch 1495 | train_nll -1.32904 | train_fsce 0.76375 | train_moe 1.19021 | val_dev 0.67207 | test_dev 0.73110
epoch 1500 | train_nll -1.32180 | train_fsce 0.75292 | train_moe 1.19360 | val_dev 0.71438 | test_dev 0.75313
epoch 1505 | train_nll -1.31697 | train_fsce 0.72764 | train_moe 1.19641 | val_dev 0.71000 | test_dev 0.75275
epoch 1510 | train_nll -1.31715 | train_fsce 0.76702 | train_moe 1.19705 | val_dev 0.69980 | test_dev 0.78831
epoch 1515 | train_nll -1.31869 | train_fsce 0.74832 | train_moe 1.19372 | val_dev 0.71533 | test_dev 0.72644
epoch 1520 | train_nll -1.31881 | train_fsce 0.73299 | train_moe 1.19818 | val_dev 0.67565 | test_dev 0.73367
epoch 1525 | train_nll -1.32972 | train_fsce 0.71900 | train_moe 1.19989 | val_dev 0.70505 | test_dev 0.72165
epoch 1530 | train_nll -1.33399 | train_fsce 0.77122 | train_moe 1.20219 | val_dev 0.69153 | test_dev 0.72757
epoch 1535 | train_nll -1.32600 | train_fsce 0.73208 | train_moe 1.20212 | val_dev 0.70194 | test_dev 0.72427
epoch 1540 | train_nll -1.32665 | train_fsce 0.74105 | train_moe 1.20505 | val_dev 0.72264 | test_dev 0.80369
epoch 1545 | train_nll -1.32491 | train_fsce 0.73608 | train_moe 1.20609 | val_dev 0.70861 | test_dev 0.72714
epoch 1550 | train_nll -1.31516 | train_fsce 0.73541 | train_moe 1.20768 | val_dev 0.72831 | test_dev 0.72328
epoch 1555 | train_nll -1.31301 | train_fsce 0.72842 | train_moe 1.20478 | val_dev 0.72182 | test_dev 0.74097
epoch 1560 | train_nll -1.31630 | train_fsce 0.71010 | train_moe 1.20427 | val_dev 0.72187 | test_dev 0.74916
epoch 1565 | train_nll -1.31599 | train_fsce 0.76772 | train_moe 1.21131 | val_dev 0.72493 | test_dev 0.71840
epoch 1570 | train_nll -1.32795 | train_fsce 0.74298 | train_moe 1.20102 | val_dev 0.72940 | test_dev 0.71172
epoch 1575 | train_nll -1.31360 | train_fsce 0.75991 | train_moe 1.20461 | val_dev 0.70180 | test_dev 0.73146
epoch 1580 | train_nll -1.32401 | train_fsce 0.73924 | train_moe 1.19861 | val_dev 0.68661 | test_dev 0.74868
epoch 1585 | train_nll -1.32515 | train_fsce 0.76694 | train_moe 1.20849 | val_dev 0.75821 | test_dev 0.74334
epoch 1590 | train_nll -1.32452 | train_fsce 0.75898 | train_moe 1.20342 | val_dev 0.69339 | test_dev 0.73709
epoch 1595 | train_nll -1.32289 | train_fsce 0.77262 | train_moe 1.21342 | val_dev 0.68772 | test_dev 0.72823
epoch 1600 | train_nll -1.31355 | train_fsce 0.73777 | train_moe 1.21563 | val_dev 0.68702 | test_dev 0.70622
epoch 1605 | train_nll -1.33467 | train_fsce 0.72217 | train_moe 1.20408 | val_dev 0.70115 | test_dev 0.71686
epoch 1610 | train_nll -1.32292 | train_fsce 0.74390 | train_moe 1.20298 | val_dev 0.69943 | test_dev 0.72919
epoch 1615 | train_nll -1.33194 | train_fsce 0.75783 | train_moe 1.20167 | val_dev 0.69401 | test_dev 0.74410
epoch 1620 | train_nll -1.33161 | train_fsce 0.75407 | train_moe 1.20608 | val_dev 0.67885 | test_dev 0.77338
epoch 1625 | train_nll -1.32839 | train_fsce 0.76427 | train_moe 1.20360 | val_dev 0.65779 | test_dev 0.75976
epoch 1630 | train_nll -1.32712 | train_fsce 0.76479 | train_moe 1.21001 | val_dev 0.65188 | test_dev 0.74211
epoch 1635 | train_nll -1.32219 | train_fsce 0.78535 | train_moe 1.21716 | val_dev 0.64692 | test_dev 0.73194
epoch 1640 | train_nll -1.32661 | train_fsce 0.78764 | train_moe 1.21179 | val_dev 0.64486 | test_dev 0.72824
epoch 1645 | train_nll -1.32630 | train_fsce 0.76221 | train_moe 1.20893 | val_dev 0.64615 | test_dev 0.74466
epoch 1650 | train_nll -1.32930 | train_fsce 0.73248 | train_moe 1.21245 | val_dev 0.67016 | test_dev 0.73165
epoch 1655 | train_nll -1.32826 | train_fsce 0.77932 | train_moe 1.21071 | val_dev 0.65108 | test_dev 0.73276
epoch 1660 | train_nll -1.33083 | train_fsce 0.74293 | train_moe 1.20479 | val_dev 0.65966 | test_dev 0.76136
epoch 1665 | train_nll -1.33904 | train_fsce 0.74008 | train_moe 1.20006 | val_dev 0.63966 | test_dev 0.72654
epoch 1670 | train_nll -1.33625 | train_fsce 0.73016 | train_moe 1.20033 | val_dev 0.64640 | test_dev 0.71186
epoch 1675 | train_nll -1.33869 | train_fsce 0.72595 | train_moe 1.20295 | val_dev 0.66153 | test_dev 0.68059
epoch 1680 | train_nll -1.33091 | train_fsce 0.71660 | train_moe 1.20202 | val_dev 0.66780 | test_dev 0.70562
epoch 1685 | train_nll -1.32726 | train_fsce 0.73054 | train_moe 1.20649 | val_dev 0.66385 | test_dev 0.71154
epoch 1690 | train_nll -1.33061 | train_fsce 0.72504 | train_moe 1.20839 | val_dev 0.68155 | test_dev 0.73862
epoch 1695 | train_nll -1.33286 | train_fsce 0.74801 | train_moe 1.20578 | val_dev 0.71562 | test_dev 0.72337
epoch 1700 | train_nll -1.33978 | train_fsce 0.76641 | train_moe 1.20773 | val_dev 0.66679 | test_dev 0.73070
epoch 1705 | train_nll -1.34027 | train_fsce 0.76565 | train_moe 1.20926 | val_dev 0.66312 | test_dev 0.75970
epoch 1710 | train_nll -1.33381 | train_fsce 0.73465 | train_moe 1.21518 | val_dev 0.66154 | test_dev 0.75127
epoch 1715 | train_nll -1.33301 | train_fsce 0.74674 | train_moe 1.21994 | val_dev 0.66477 | test_dev 0.70421
epoch 1720 | train_nll -1.33443 | train_fsce 0.73451 | train_moe 1.21360 | val_dev 0.66257 | test_dev 0.74015
epoch 1725 | train_nll -1.34455 | train_fsce 0.70996 | train_moe 1.21141 | val_dev 0.64282 | test_dev 0.73301
epoch 1730 | train_nll -1.33279 | train_fsce 0.77631 | train_moe 1.21477 | val_dev 0.66007 | test_dev 0.75981
epoch 1735 | train_nll -1.32815 | train_fsce 0.79112 | train_moe 1.20722 | val_dev 0.66797 | test_dev 0.71557
epoch 1740 | train_nll -1.33217 | train_fsce 0.75230 | train_moe 1.20396 | val_dev 0.69100 | test_dev 0.71749
epoch 1745 | train_nll -1.33904 | train_fsce 0.72602 | train_moe 1.19950 | val_dev 0.68184 | test_dev 0.69344
epoch 1750 | train_nll -1.32537 | train_fsce 0.70821 | train_moe 1.20149 | val_dev 0.64210 | test_dev 0.70354
epoch 1755 | train_nll -1.32763 | train_fsce 0.68857 | train_moe 1.19663 | val_dev 0.69380 | test_dev 0.71130
epoch 1760 | train_nll -1.34167 | train_fsce 0.68202 | train_moe 1.19644 | val_dev 0.65340 | test_dev 0.73268
epoch 1765 | train_nll -1.32947 | train_fsce 0.66667 | train_moe 1.19678 | val_dev 0.64234 | test_dev 0.67458
epoch 1770 | train_nll -1.32643 | train_fsce 0.68871 | train_moe 1.20039 | val_dev 0.64187 | test_dev 0.73406
epoch 1775 | train_nll -1.33569 | train_fsce 0.66660 | train_moe 1.19656 | val_dev 0.65299 | test_dev 0.69462
epoch 1780 | train_nll -1.34439 | train_fsce 0.71410 | train_moe 1.19494 | val_dev 0.64503 | test_dev 0.70175
epoch 1785 | train_nll -1.34214 | train_fsce 0.68351 | train_moe 1.19580 | val_dev 0.67861 | test_dev 0.69147
epoch 1790 | train_nll -1.33619 | train_fsce 0.69391 | train_moe 1.20543 | val_dev 0.68796 | test_dev 0.73083
epoch 1795 | train_nll -1.33761 | train_fsce 0.72086 | train_moe 1.19880 | val_dev 0.71830 | test_dev 0.68744
epoch 1800 | train_nll -1.34312 | train_fsce 0.65991 | train_moe 1.19254 | val_dev 0.68231 | test_dev 0.69373
epoch 1805 | train_nll -1.33857 | train_fsce 0.70069 | train_moe 1.19596 | val_dev 0.67891 | test_dev 0.71864
epoch 1810 | train_nll -1.33849 | train_fsce 0.73232 | train_moe 1.19401 | val_dev 0.67370 | test_dev 0.71156
epoch 1815 | train_nll -1.34648 | train_fsce 0.72497 | train_moe 1.19481 | val_dev 0.64586 | test_dev 0.69388
epoch 1820 | train_nll -1.35359 | train_fsce 0.72785 | train_moe 1.19475 | val_dev 0.64583 | test_dev 0.74118
epoch 1825 | train_nll -1.33904 | train_fsce 0.73387 | train_moe 1.19396 | val_dev 0.64404 | test_dev 0.75279
epoch 1830 | train_nll -1.32746 | train_fsce 0.68869 | train_moe 1.19627 | val_dev 0.66280 | test_dev 0.71560
epoch 1835 | train_nll -1.33906 | train_fsce 0.70535 | train_moe 1.19513 | val_dev 0.67955 | test_dev 0.75798
epoch 1840 | train_nll -1.33214 | train_fsce 0.72336 | train_moe 1.19735 | val_dev 0.68521 | test_dev 0.72084
epoch 1845 | train_nll -1.33723 | train_fsce 0.74149 | train_moe 1.20001 | val_dev 0.68588 | test_dev 0.75195
epoch 1850 | train_nll -1.34328 | train_fsce 0.71491 | train_moe 1.19874 | val_dev 0.65925 | test_dev 0.75631
epoch 1855 | train_nll -1.32881 | train_fsce 0.72563 | train_moe 1.20339 | val_dev 0.68163 | test_dev 0.78135
epoch 1860 | train_nll -1.33587 | train_fsce 0.71699 | train_moe 1.20116 | val_dev 0.67787 | test_dev 0.77356
epoch 1865 | train_nll -1.33516 | train_fsce 0.72524 | train_moe 1.19845 | val_dev 0.67060 | test_dev 0.73180
epoch 1870 | train_nll -1.34419 | train_fsce 0.71419 | train_moe 1.19632 | val_dev 0.68983 | test_dev 0.70208
epoch 1875 | train_nll -1.33665 | train_fsce 0.69306 | train_moe 1.19062 | val_dev 0.65250 | test_dev 0.68730
epoch 1880 | train_nll -1.33366 | train_fsce 0.69281 | train_moe 1.19517 | val_dev 0.66997 | test_dev 0.70451
epoch 1885 | train_nll -1.30668 | train_fsce 0.69158 | train_moe 1.20744 | val_dev 0.66290 | test_dev 0.72535
epoch 1890 | train_nll -1.32245 | train_fsce 0.71192 | train_moe 1.20591 | val_dev 0.65590 | test_dev 0.67919
epoch 1895 | train_nll -1.32388 | train_fsce 0.69106 | train_moe 1.20245 | val_dev 0.70251 | test_dev 0.72801
epoch 1900 | train_nll -1.32103 | train_fsce 0.71088 | train_moe 1.19375 | val_dev 0.66981 | test_dev 0.72054
epoch 1905 | train_nll -1.32610 | train_fsce 0.73715 | train_moe 1.21096 | val_dev 0.69029 | test_dev 0.71441
epoch 1910 | train_nll -1.33093 | train_fsce 0.73744 | train_moe 1.21508 | val_dev 0.74547 | test_dev 0.70948
epoch 1915 | train_nll -1.32468 | train_fsce 0.70658 | train_moe 1.21095 | val_dev 0.68998 | test_dev 0.72089
epoch 1920 | train_nll -1.32493 | train_fsce 0.72819 | train_moe 1.20078 | val_dev 0.71706 | test_dev 0.77893
epoch 1925 | train_nll -1.32238 | train_fsce 0.70050 | train_moe 1.20856 | val_dev 0.69140 | test_dev 0.68744
epoch 1930 | train_nll -1.28272 | train_fsce 0.69818 | train_moe 1.21704 | val_dev 0.70658 | test_dev 0.72342
epoch 1935 | train_nll -1.30803 | train_fsce 0.75017 | train_moe 1.22783 | val_dev 0.72230 | test_dev 0.72640
epoch 1940 | train_nll -1.31059 | train_fsce 0.75885 | train_moe 1.22470 | val_dev 0.70765 | test_dev 0.67911
epoch 1945 | train_nll -1.31747 | train_fsce 0.78569 | train_moe 1.21832 | val_dev 0.71285 | test_dev 0.72516
epoch 1950 | train_nll -1.31491 | train_fsce 0.79894 | train_moe 1.22904 | val_dev 0.73261 | test_dev 0.77392
epoch 1955 | train_nll -1.30749 | train_fsce 0.74539 | train_moe 1.23324 | val_dev 0.73714 | test_dev 0.83351
epoch 1960 | train_nll -1.31855 | train_fsce 0.74712 | train_moe 1.22806 | val_dev 0.72379 | test_dev 0.78479
epoch 1965 | train_nll -1.31593 | train_fsce 0.75598 | train_moe 1.22232 | val_dev 0.74373 | test_dev 0.73830
epoch 1970 | train_nll -1.31368 | train_fsce 0.69393 | train_moe 1.21945 | val_dev 0.69713 | test_dev 0.71592
epoch 1975 | train_nll -1.30707 | train_fsce 0.69802 | train_moe 1.22865 | val_dev 0.73129 | test_dev 0.70417
epoch 1980 | train_nll -1.29640 | train_fsce 0.75055 | train_moe 1.23725 | val_dev 0.73592 | test_dev 0.74395
epoch 1985 | train_nll -1.28504 | train_fsce 0.72038 | train_moe 1.24820 | val_dev 0.74331 | test_dev 0.74211
epoch 1990 | train_nll -1.30425 | train_fsce 0.73526 | train_moe 1.24170 | val_dev 0.72655 | test_dev 0.74721
epoch 1995 | train_nll -1.32186 | train_fsce 0.76453 | train_moe 1.23551 | val_dev 0.70110 | test_dev 0.74798
epoch 2000 | train_nll -1.30673 | train_fsce 0.76421 | train_moe 1.23098 | val_dev 0.67920 | test_dev 0.69365
epoch 2005 | train_nll -1.32029 | train_fsce 0.72531 | train_moe 1.22637 | val_dev 0.66876 | test_dev 0.68450
epoch 2010 | train_nll -1.31300 | train_fsce 0.74672 | train_moe 1.22507 | val_dev 0.68161 | test_dev 0.70067
epoch 2015 | train_nll -1.32085 | train_fsce 0.73840 | train_moe 1.22645 | val_dev 0.68448 | test_dev 0.68003
epoch 2020 | train_nll -1.32901 | train_fsce 0.73715 | train_moe 1.22147 | val_dev 0.67995 | test_dev 0.67922
epoch 2025 | train_nll -1.32673 | train_fsce 0.72562 | train_moe 1.22036 | val_dev 0.68873 | test_dev 0.67778
epoch 2030 | train_nll -1.33176 | train_fsce 0.71325 | train_moe 1.22073 | val_dev 0.66991 | test_dev 0.68657
epoch 2035 | train_nll -1.32033 | train_fsce 0.73365 | train_moe 1.21894 | val_dev 0.72481 | test_dev 0.70639
epoch 2040 | train_nll -1.32310 | train_fsce 0.73212 | train_moe 1.22238 | val_dev 0.67503 | test_dev 0.65899
epoch 2045 | train_nll -1.33020 | train_fsce 0.71574 | train_moe 1.21743 | val_dev 0.69919 | test_dev 0.67807
epoch 2050 | train_nll -1.32740 | train_fsce 0.71786 | train_moe 1.22068 | val_dev 0.70166 | test_dev 0.68309
epoch 2055 | train_nll -1.32536 | train_fsce 0.68245 | train_moe 1.22375 | val_dev 0.71640 | test_dev 0.69658
epoch 2060 | train_nll -1.32801 | train_fsce 0.71898 | train_moe 1.21397 | val_dev 0.72726 | test_dev 0.68350
epoch 2065 | train_nll -1.32957 | train_fsce 0.74194 | train_moe 1.21718 | val_dev 0.69956 | test_dev 0.66559
epoch 2070 | train_nll -1.33421 | train_fsce 0.73729 | train_moe 1.21777 | val_dev 0.69346 | test_dev 0.67675
epoch 2075 | train_nll -1.33144 | train_fsce 0.71888 | train_moe 1.22223 | val_dev 0.70536 | test_dev 0.69484
epoch 2080 | train_nll -1.33231 | train_fsce 0.72605 | train_moe 1.22272 | val_dev 0.67867 | test_dev 0.68174
epoch 2085 | train_nll -1.32943 | train_fsce 0.69962 | train_moe 1.21825 | val_dev 0.71059 | test_dev 0.69298
epoch 2090 | train_nll -1.32398 | train_fsce 0.70880 | train_moe 1.21895 | val_dev 0.76913 | test_dev 0.71102
epoch 2095 | train_nll -1.32504 | train_fsce 0.74864 | train_moe 1.22181 | val_dev 0.71523 | test_dev 0.68453
epoch 2100 | train_nll -1.33491 | train_fsce 0.73698 | train_moe 1.23423 | val_dev 0.70823 | test_dev 0.74256
epoch 2105 | train_nll -1.30508 | train_fsce 0.75525 | train_moe 1.24932 | val_dev 0.72275 | test_dev 0.74885
epoch 2110 | train_nll -1.30511 | train_fsce 0.74185 | train_moe 1.24083 | val_dev 0.71122 | test_dev 0.75401
epoch 2115 | train_nll -1.32384 | train_fsce 0.71350 | train_moe 1.23623 | val_dev 0.69218 | test_dev 0.71931
epoch 2120 | train_nll -1.32892 | train_fsce 0.71469 | train_moe 1.23350 | val_dev 0.68733 | test_dev 0.69799
epoch 2125 | train_nll -1.31881 | train_fsce 0.73037 | train_moe 1.23295 | val_dev 0.69317 | test_dev 0.71410
epoch 2130 | train_nll -1.31950 | train_fsce 0.72551 | train_moe 1.22758 | val_dev 0.66998 | test_dev 0.71609
epoch 2135 | train_nll -1.33133 | train_fsce 0.74167 | train_moe 1.22582 | val_dev 0.66196 | test_dev 0.71175
epoch 2140 | train_nll -1.32553 | train_fsce 0.70747 | train_moe 1.22106 | val_dev 0.67895 | test_dev 0.74538
epoch 2145 | train_nll -1.33556 | train_fsce 0.71083 | train_moe 1.22308 | val_dev 0.66205 | test_dev 0.72834
epoch 2150 | train_nll -1.33403 | train_fsce 0.72246 | train_moe 1.21892 | val_dev 0.64959 | test_dev 0.70188
epoch 2155 | train_nll -1.33266 | train_fsce 0.68728 | train_moe 1.22559 | val_dev 0.68024 | test_dev 0.65921
epoch 2160 | train_nll -1.34009 | train_fsce 0.73226 | train_moe 1.21980 | val_dev 0.66681 | test_dev 0.65727
epoch 2165 | train_nll -1.32107 | train_fsce 0.71100 | train_moe 1.22262 | val_dev 0.68629 | test_dev 0.69977
epoch 2170 | train_nll -1.32619 | train_fsce 0.74235 | train_moe 1.22349 | val_dev 0.75858 | test_dev 0.71814
epoch 2175 | train_nll -1.33262 | train_fsce 0.72022 | train_moe 1.23171 | val_dev 0.67442 | test_dev 0.70823
epoch 2180 | train_nll -1.33544 | train_fsce 0.70831 | train_moe 1.22668 | val_dev 0.68513 | test_dev 0.70906
epoch 2185 | train_nll -1.34168 | train_fsce 0.71188 | train_moe 1.21855 | val_dev 0.65271 | test_dev 0.71402
epoch 2190 | train_nll -1.34545 | train_fsce 0.71582 | train_moe 1.21892 | val_dev 0.65150 | test_dev 0.71187
epoch 2195 | train_nll -1.34240 | train_fsce 0.72745 | train_moe 1.22070 | val_dev 0.66436 | test_dev 0.71940
epoch 2200 | train_nll -1.33945 | train_fsce 0.70859 | train_moe 1.22333 | val_dev 0.66395 | test_dev 0.70338
epoch 2205 | train_nll -1.32580 | train_fsce 0.73975 | train_moe 1.22807 | val_dev 0.64482 | test_dev 0.74540
epoch 2210 | train_nll -1.34134 | train_fsce 0.73205 | train_moe 1.21771 | val_dev 0.64976 | test_dev 0.71988
epoch 2215 | train_nll -1.34170 | train_fsce 0.70567 | train_moe 1.21422 | val_dev 0.63143 | test_dev 0.68971
epoch 2220 | train_nll -1.33706 | train_fsce 0.68748 | train_moe 1.20793 | val_dev 0.66411 | test_dev 0.67448
epoch 2225 | train_nll -1.34207 | train_fsce 0.70742 | train_moe 1.20820 | val_dev 0.64481 | test_dev 0.69274
epoch 2230 | train_nll -1.33928 | train_fsce 0.71885 | train_moe 1.21282 | val_dev 0.66976 | test_dev 0.68324
epoch 2235 | train_nll -1.34294 | train_fsce 0.71914 | train_moe 1.21045 | val_dev 0.65393 | test_dev 0.67721
epoch 2240 | train_nll -1.34359 | train_fsce 0.71690 | train_moe 1.20955 | val_dev 0.65108 | test_dev 0.69046
epoch 2245 | train_nll -1.32689 | train_fsce 0.67898 | train_moe 1.20537 | val_dev 0.63519 | test_dev 0.65251
epoch 2250 | train_nll -1.33816 | train_fsce 0.70959 | train_moe 1.20274 | val_dev 0.63559 | test_dev 0.65214
epoch 2255 | train_nll -1.35298 | train_fsce 0.69230 | train_moe 1.20762 | val_dev 0.66033 | test_dev 0.65142
epoch 2260 | train_nll -1.34545 | train_fsce 0.70673 | train_moe 1.20265 | val_dev 0.65848 | test_dev 0.67146
epoch 2265 | train_nll -1.33135 | train_fsce 0.68932 | train_moe 1.20412 | val_dev 0.64245 | test_dev 0.67965
epoch 2270 | train_nll -1.34189 | train_fsce 0.69539 | train_moe 1.20720 | val_dev 0.64287 | test_dev 0.68952
epoch 2275 | train_nll -1.34585 | train_fsce 0.68777 | train_moe 1.20388 | val_dev 0.63087 | test_dev 0.67134
epoch 2280 | train_nll -1.34027 | train_fsce 0.67537 | train_moe 1.20368 | val_dev 0.67327 | test_dev 0.68076
epoch 2285 | train_nll -1.33212 | train_fsce 0.69078 | train_moe 1.21241 | val_dev 0.68355 | test_dev 0.69032
epoch 2290 | train_nll -1.33771 | train_fsce 0.70959 | train_moe 1.21971 | val_dev 0.66744 | test_dev 0.68954
epoch 2295 | train_nll -1.34684 | train_fsce 0.71304 | train_moe 1.21236 | val_dev 0.66069 | test_dev 0.66784
epoch 2300 | train_nll -1.34742 | train_fsce 0.68234 | train_moe 1.20907 | val_dev 0.64026 | test_dev 0.67022
epoch 2305 | train_nll -1.34345 | train_fsce 0.67168 | train_moe 1.21201 | val_dev 0.66623 | test_dev 0.66860
epoch 2310 | train_nll -1.34299 | train_fsce 0.72220 | train_moe 1.20797 | val_dev 0.65377 | test_dev 0.66566
epoch 2315 | train_nll -1.34656 | train_fsce 0.67522 | train_moe 1.20879 | val_dev 0.65953 | test_dev 0.67121
epoch 2320 | train_nll -1.34796 | train_fsce 0.71159 | train_moe 1.20962 | val_dev 0.64012 | test_dev 0.78657
epoch 2325 | train_nll -1.34762 | train_fsce 0.70048 | train_moe 1.21106 | val_dev 0.62258 | test_dev 0.78969
epoch 2330 | train_nll -1.34750 | train_fsce 0.69835 | train_moe 1.20804 | val_dev 0.61702 | test_dev 0.71042
epoch 2335 | train_nll -1.35167 | train_fsce 0.72498 | train_moe 1.20884 | val_dev 0.60599 | test_dev 0.70278
epoch 2340 | train_nll -1.35781 | train_fsce 0.69300 | train_moe 1.20978 | val_dev 0.62483 | test_dev 0.69050
epoch 2345 | train_nll -1.34635 | train_fsce 0.70464 | train_moe 1.20418 | val_dev 0.64270 | test_dev 0.64989
epoch 2350 | train_nll -1.35570 | train_fsce 0.70875 | train_moe 1.20474 | val_dev 0.63661 | test_dev 0.63709
epoch 2355 | train_nll -1.34808 | train_fsce 0.66433 | train_moe 1.20936 | val_dev 0.66502 | test_dev 0.67975
epoch 2360 | train_nll -1.34634 | train_fsce 0.68923 | train_moe 1.20646 | val_dev 0.64141 | test_dev 0.64658
epoch 2365 | train_nll -1.35114 | train_fsce 0.69419 | train_moe 1.20300 | val_dev 0.65733 | test_dev 0.68252
epoch 2370 | train_nll -1.34973 | train_fsce 0.69175 | train_moe 1.20672 | val_dev 0.66790 | test_dev 0.66053
epoch 2375 | train_nll -1.34626 | train_fsce 0.71553 | train_moe 1.21090 | val_dev 0.64545 | test_dev 0.69827
epoch 2380 | train_nll -1.36239 | train_fsce 0.70011 | train_moe 1.21123 | val_dev 0.66621 | test_dev 0.65656
epoch 2385 | train_nll -1.34394 | train_fsce 0.69685 | train_moe 1.20369 | val_dev 0.66789 | test_dev 0.65114
epoch 2390 | train_nll -1.35105 | train_fsce 0.65279 | train_moe 1.20707 | val_dev 0.65044 | test_dev 0.62604
epoch 2395 | train_nll -1.35846 | train_fsce 0.66469 | train_moe 1.20528 | val_dev 0.61864 | test_dev 0.65673
epoch 2400 | train_nll -1.35717 | train_fsce 0.67335 | train_moe 1.20495 | val_dev 0.63968 | test_dev 0.66128
epoch 2405 | train_nll -1.35310 | train_fsce 0.67642 | train_moe 1.20732 | val_dev 0.63890 | test_dev 0.69909
epoch 2410 | train_nll -1.35376 | train_fsce 0.71636 | train_moe 1.20800 | val_dev 0.64364 | test_dev 0.71356
epoch 2415 | train_nll -1.34921 | train_fsce 0.67722 | train_moe 1.20587 | val_dev 0.65139 | test_dev 0.67029
epoch 2420 | train_nll -1.36344 | train_fsce 0.69589 | train_moe 1.20026 | val_dev 0.64822 | test_dev 0.65528
epoch 2425 | train_nll -1.36011 | train_fsce 0.67602 | train_moe 1.19840 | val_dev 0.62590 | test_dev 0.65522
epoch 2430 | train_nll -1.35546 | train_fsce 0.66477 | train_moe 1.19179 | val_dev 0.62606 | test_dev 0.64763
epoch 2435 | train_nll -1.36473 | train_fsce 0.67851 | train_moe 1.19308 | val_dev 0.62762 | test_dev 0.65626
epoch 2440 | train_nll -1.34973 | train_fsce 0.68097 | train_moe 1.18898 | val_dev 0.64790 | test_dev 0.67137
epoch 2445 | train_nll -1.34983 | train_fsce 0.64404 | train_moe 1.19042 | val_dev 0.64952 | test_dev 0.65441
epoch 2450 | train_nll -1.34820 | train_fsce 0.66041 | train_moe 1.19316 | val_dev 0.65983 | test_dev 0.64598
epoch 2455 | train_nll -1.35944 | train_fsce 0.64530 | train_moe 1.19175 | val_dev 0.69350 | test_dev 0.65144
epoch 2460 | train_nll -1.35067 | train_fsce 0.65153 | train_moe 1.19165 | val_dev 0.65295 | test_dev 0.66418
epoch 2465 | train_nll -1.34543 | train_fsce 0.68717 | train_moe 1.19535 | val_dev 0.64182 | test_dev 0.64480
epoch 2470 | train_nll -1.35282 | train_fsce 0.65866 | train_moe 1.19293 | val_dev 0.67843 | test_dev 0.65480
epoch 2475 | train_nll -1.33450 | train_fsce 0.69542 | train_moe 1.20690 | val_dev 0.67959 | test_dev 0.68119
epoch 2480 | train_nll -1.33727 | train_fsce 0.64305 | train_moe 1.20822 | val_dev 0.67642 | test_dev 0.67819
epoch 2485 | train_nll -1.35076 | train_fsce 0.62703 | train_moe 1.20221 | val_dev 0.64348 | test_dev 0.67548
epoch 2490 | train_nll -1.35384 | train_fsce 0.65860 | train_moe 1.19310 | val_dev 0.65169 | test_dev 0.67047
epoch 2495 | train_nll -1.35554 | train_fsce 0.66824 | train_moe 1.19434 | val_dev 0.64657 | test_dev 0.65470
epoch 2500 | train_nll -1.35328 | train_fsce 0.67882 | train_moe 1.19704 | val_dev 0.65211 | test_dev 0.66884
epoch 2505 | train_nll -1.32116 | train_fsce 0.64696 | train_moe 1.21528 | val_dev 0.69684 | test_dev 0.68742
epoch 2510 | train_nll -1.33879 | train_fsce 0.65250 | train_moe 1.22645 | val_dev 0.69028 | test_dev 0.70710
epoch 2515 | train_nll -1.33202 | train_fsce 0.66729 | train_moe 1.22177 | val_dev 0.64698 | test_dev 0.67641
epoch 2520 | train_nll -1.34391 | train_fsce 0.65304 | train_moe 1.21326 | val_dev 0.66532 | test_dev 0.66730
epoch 2525 | train_nll -1.34862 | train_fsce 0.66264 | train_moe 1.20841 | val_dev 0.63818 | test_dev 0.64892
epoch 2530 | train_nll -1.34863 | train_fsce 0.64578 | train_moe 1.21577 | val_dev 0.65209 | test_dev 0.64158
epoch 2535 | train_nll -1.35031 | train_fsce 0.66883 | train_moe 1.21372 | val_dev 0.65007 | test_dev 0.66258
epoch 2540 | train_nll -1.35605 | train_fsce 0.67061 | train_moe 1.20980 | val_dev 0.64555 | test_dev 0.67050
epoch 2545 | train_nll -1.33919 | train_fsce 0.68382 | train_moe 1.20925 | val_dev 0.64799 | test_dev 0.65912
epoch 2550 | train_nll -1.35144 | train_fsce 0.68114 | train_moe 1.21007 | val_dev 0.65037 | test_dev 0.67697
epoch 2555 | train_nll -1.35353 | train_fsce 0.65453 | train_moe 1.20978 | val_dev 0.63724 | test_dev 0.66900
epoch 2560 | train_nll -1.34061 | train_fsce 0.65961 | train_moe 1.21030 | val_dev 0.64049 | test_dev 0.66234
epoch 2565 | train_nll -1.32950 | train_fsce 0.62246 | train_moe 1.20569 | val_dev 0.69804 | test_dev 0.78303
epoch 2570 | train_nll -1.33100 | train_fsce 0.64128 | train_moe 1.20804 | val_dev 0.64474 | test_dev 0.69782
epoch 2575 | train_nll -1.34400 | train_fsce 0.63530 | train_moe 1.21286 | val_dev 0.63302 | test_dev 0.67808
epoch 2580 | train_nll -1.34308 | train_fsce 0.68552 | train_moe 1.20996 | val_dev 0.65106 | test_dev 0.66120
epoch 2585 | train_nll -1.34795 | train_fsce 0.65585 | train_moe 1.20243 | val_dev 0.64729 | test_dev 0.66648
epoch 2590 | train_nll -1.35253 | train_fsce 0.67244 | train_moe 1.20117 | val_dev 0.63521 | test_dev 0.65477
epoch 2595 | train_nll -1.34435 | train_fsce 0.65376 | train_moe 1.20198 | val_dev 0.66563 | test_dev 0.67029
epoch 2600 | train_nll -1.34298 | train_fsce 0.65834 | train_moe 1.20920 | val_dev 0.69148 | test_dev 0.67386
epoch 2605 | train_nll -1.34845 | train_fsce 0.64295 | train_moe 1.20904 | val_dev 0.68114 | test_dev 0.66820
epoch 2610 | train_nll -1.34350 | train_fsce 0.60922 | train_moe 1.20398 | val_dev 0.65952 | test_dev 0.68789
epoch 2615 | train_nll -1.34782 | train_fsce 0.64825 | train_moe 1.20153 | val_dev 0.68200 | test_dev 0.68399
epoch 2620 | train_nll -1.34544 | train_fsce 0.64621 | train_moe 1.21151 | val_dev 0.67416 | test_dev 0.67292
epoch 2625 | train_nll -1.35052 | train_fsce 0.69389 | train_moe 1.21894 | val_dev 0.65896 | test_dev 0.72383
epoch 2630 | train_nll -1.33759 | train_fsce 0.69684 | train_moe 1.22246 | val_dev 0.67465 | test_dev 0.70826
epoch 2635 | train_nll -1.34903 | train_fsce 0.67247 | train_moe 1.21411 | val_dev 0.63862 | test_dev 0.68323
epoch 2640 | train_nll -1.35429 | train_fsce 0.66216 | train_moe 1.21660 | val_dev 0.62280 | test_dev 0.67756
epoch 2645 | train_nll -1.34757 | train_fsce 0.69465 | train_moe 1.21326 | val_dev 0.62454 | test_dev 0.68875
epoch 2650 | train_nll -1.35357 | train_fsce 0.64552 | train_moe 1.21152 | val_dev 0.63382 | test_dev 0.67468
epoch 2655 | train_nll -1.34829 | train_fsce 0.65740 | train_moe 1.20880 | val_dev 0.64431 | test_dev 0.69692
epoch 2660 | train_nll -1.34827 | train_fsce 0.63968 | train_moe 1.20580 | val_dev 0.62677 | test_dev 0.68090
epoch 2665 | train_nll -1.35657 | train_fsce 0.66227 | train_moe 1.20644 | val_dev 0.63171 | test_dev 0.66013
epoch 2670 | train_nll -1.36077 | train_fsce 0.66362 | train_moe 1.20992 | val_dev 0.66162 | test_dev 0.69048
epoch 2675 | train_nll -1.35304 | train_fsce 0.66571 | train_moe 1.21063 | val_dev 0.67423 | test_dev 0.72066
epoch 2680 | train_nll -1.35318 | train_fsce 0.64111 | train_moe 1.20540 | val_dev 0.64611 | test_dev 0.65986
epoch 2685 | train_nll -1.35143 | train_fsce 0.64990 | train_moe 1.20086 | val_dev 0.63068 | test_dev 0.68197
epoch 2690 | train_nll -1.35560 | train_fsce 0.63370 | train_moe 1.20478 | val_dev 0.63917 | test_dev 0.65578
epoch 2695 | train_nll -1.35981 | train_fsce 0.63636 | train_moe 1.20248 | val_dev 0.64263 | test_dev 0.66257
epoch 2700 | train_nll -1.35535 | train_fsce 0.64743 | train_moe 1.20047 | val_dev 0.63998 | test_dev 0.66973
epoch 2705 | train_nll -1.35323 | train_fsce 0.61214 | train_moe 1.20033 | val_dev 0.67210 | test_dev 0.65774
epoch 2710 | train_nll -1.35144 | train_fsce 0.65194 | train_moe 1.19978 | val_dev 0.66356 | test_dev 0.71393
epoch 2715 | train_nll -1.35780 | train_fsce 0.63375 | train_moe 1.20088 | val_dev 0.64186 | test_dev 0.68576
epoch 2720 | train_nll -1.36158 | train_fsce 0.62915 | train_moe 1.20587 | val_dev 0.67160 | test_dev 0.68827
epoch 2725 | train_nll -1.35467 | train_fsce 0.67351 | train_moe 1.20727 | val_dev 0.67099 | test_dev 0.71255
epoch 2730 | train_nll -1.36245 | train_fsce 0.67962 | train_moe 1.21287 | val_dev 0.68024 | test_dev 0.68757
epoch 2735 | train_nll -1.35296 | train_fsce 0.64957 | train_moe 1.20835 | val_dev 0.68660 | test_dev 0.70469
epoch 2740 | train_nll -1.36499 | train_fsce 0.69117 | train_moe 1.20882 | val_dev 0.68678 | test_dev 0.71938
epoch 2745 | train_nll -1.35679 | train_fsce 0.63756 | train_moe 1.20652 | val_dev 0.66477 | test_dev 0.69473
epoch 2750 | train_nll -1.34628 | train_fsce 0.60039 | train_moe 1.20646 | val_dev 0.66050 | test_dev 0.70436
epoch 2755 | train_nll -1.35103 | train_fsce 0.65785 | train_moe 1.20921 | val_dev 0.69151 | test_dev 0.67405
epoch 2760 | train_nll -1.34472 | train_fsce 0.69048 | train_moe 1.21431 | val_dev 0.67337 | test_dev 0.68385
epoch 2765 | train_nll -1.36412 | train_fsce 0.66562 | train_moe 1.21648 | val_dev 0.68470 | test_dev 0.67057
epoch 2770 | train_nll -1.36677 | train_fsce 0.68425 | train_moe 1.21460 | val_dev 0.68601 | test_dev 0.67360
epoch 2775 | train_nll -1.36539 | train_fsce 0.68206 | train_moe 1.21768 | val_dev 0.68276 | test_dev 0.66902
epoch 2780 | train_nll -1.35912 | train_fsce 0.65855 | train_moe 1.21881 | val_dev 0.69089 | test_dev 0.68176
epoch 2785 | train_nll -1.36861 | train_fsce 0.65012 | train_moe 1.21722 | val_dev 0.66811 | test_dev 0.67059
epoch 2790 | train_nll -1.36050 | train_fsce 0.66684 | train_moe 1.21547 | val_dev 0.65969 | test_dev 0.67842
epoch 2795 | train_nll -1.36559 | train_fsce 0.66356 | train_moe 1.21270 | val_dev 0.67405 | test_dev 0.68472
epoch 2800 | train_nll -1.36867 | train_fsce 0.66573 | train_moe 1.21057 | val_dev 0.69280 | test_dev 0.69518
epoch 2805 | train_nll -1.36643 | train_fsce 0.64598 | train_moe 1.21422 | val_dev 0.67643 | test_dev 0.69953
epoch 2810 | train_nll -1.36009 | train_fsce 0.65545 | train_moe 1.21452 | val_dev 0.69659 | test_dev 0.68245
epoch 2815 | train_nll -1.36532 | train_fsce 0.68228 | train_moe 1.20999 | val_dev 0.68404 | test_dev 0.67030
epoch 2820 | train_nll -1.37036 | train_fsce 0.62891 | train_moe 1.21109 | val_dev 0.66123 | test_dev 0.68165
epoch 2825 | train_nll -1.35204 | train_fsce 0.63899 | train_moe 1.21318 | val_dev 0.67609 | test_dev 0.70006
epoch 2830 | train_nll -1.35787 | train_fsce 0.68010 | train_moe 1.21523 | val_dev 0.65345 | test_dev 0.67500
epoch 2835 | train_nll -1.36372 | train_fsce 0.65060 | train_moe 1.21227 | val_dev 0.66061 | test_dev 0.70276
epoch 2840 | train_nll -1.36272 | train_fsce 0.65546 | train_moe 1.21061 | val_dev 0.65702 | test_dev 0.68825
epoch 2845 | train_nll -1.36310 | train_fsce 0.65450 | train_moe 1.21098 | val_dev 0.65022 | test_dev 0.66587
epoch 2850 | train_nll -1.37047 | train_fsce 0.64871 | train_moe 1.20460 | val_dev 0.63491 | test_dev 0.70356
epoch 2855 | train_nll -1.36085 | train_fsce 0.64967 | train_moe 1.21022 | val_dev 0.66212 | test_dev 0.69065
epoch 2860 | train_nll -1.35794 | train_fsce 0.63818 | train_moe 1.20464 | val_dev 0.64151 | test_dev 0.67043
epoch 2865 | train_nll -1.36492 | train_fsce 0.65678 | train_moe 1.20603 | val_dev 0.65217 | test_dev 0.66543
epoch 2870 | train_nll -1.36567 | train_fsce 0.63705 | train_moe 1.21063 | val_dev 0.64437 | test_dev 0.66328
epoch 2875 | train_nll -1.37338 | train_fsce 0.69443 | train_moe 1.21324 | val_dev 0.64391 | test_dev 0.66625
epoch 2880 | train_nll -1.36743 | train_fsce 0.64944 | train_moe 1.20950 | val_dev 0.66745 | test_dev 0.66587
epoch 2885 | train_nll -1.37308 | train_fsce 0.65416 | train_moe 1.20869 | val_dev 0.63774 | test_dev 0.64798
epoch 2890 | train_nll -1.36609 | train_fsce 0.59453 | train_moe 1.21053 | val_dev 0.65778 | test_dev 0.63283
epoch 2895 | train_nll -1.36569 | train_fsce 0.64490 | train_moe 1.21127 | val_dev 0.63903 | test_dev 0.63056
epoch 2900 | train_nll -1.36496 | train_fsce 0.63169 | train_moe 1.20985 | val_dev 0.66219 | test_dev 0.65623
epoch 2905 | train_nll -1.37017 | train_fsce 0.64904 | train_moe 1.20970 | val_dev 0.64934 | test_dev 0.64251
epoch 2910 | train_nll -1.36325 | train_fsce 0.62463 | train_moe 1.20857 | val_dev 0.71672 | test_dev 0.66375
epoch 2915 | train_nll -1.36526 | train_fsce 0.65919 | train_moe 1.20070 | val_dev 0.68858 | test_dev 0.67453
epoch 2920 | train_nll -1.36572 | train_fsce 0.61608 | train_moe 1.20380 | val_dev 0.68287 | test_dev 0.67472
epoch 2925 | train_nll -1.36954 | train_fsce 0.60744 | train_moe 1.20704 | val_dev 0.68010 | test_dev 0.66462
epoch 2930 | train_nll -1.36225 | train_fsce 0.62316 | train_moe 1.20204 | val_dev 0.67178 | test_dev 0.65817
epoch 2935 | train_nll -1.37035 | train_fsce 0.61690 | train_moe 1.20512 | val_dev 0.64327 | test_dev 0.66858
epoch 2940 | train_nll -1.35163 | train_fsce 0.61648 | train_moe 1.20960 | val_dev 0.69618 | test_dev 0.67491
epoch 2945 | train_nll -1.36606 | train_fsce 0.61253 | train_moe 1.21139 | val_dev 0.66978 | test_dev 0.66912
epoch 2950 | train_nll -1.37125 | train_fsce 0.64192 | train_moe 1.21022 | val_dev 0.69521 | test_dev 0.70662
epoch 2955 | train_nll -1.36218 | train_fsce 0.62167 | train_moe 1.20607 | val_dev 0.69220 | test_dev 0.68054
epoch 2960 | train_nll -1.36109 | train_fsce 0.62719 | train_moe 1.20591 | val_dev 0.64931 | test_dev 0.72582
epoch 2965 | train_nll -1.36336 | train_fsce 0.60711 | train_moe 1.20541 | val_dev 0.67281 | test_dev 0.68236
epoch 2970 | train_nll -1.33388 | train_fsce 0.64058 | train_moe 1.21216 | val_dev 0.72289 | test_dev 0.70477
epoch 2975 | train_nll -1.31284 | train_fsce 0.63329 | train_moe 1.22171 | val_dev 0.72293 | test_dev 0.74497
epoch 2980 | train_nll -1.34822 | train_fsce 0.62326 | train_moe 1.21564 | val_dev 0.65876 | test_dev 0.67013
epoch 2985 | train_nll -1.34549 | train_fsce 0.66238 | train_moe 1.23126 | val_dev 0.67231 | test_dev 0.70736
epoch 2990 | train_nll -1.36619 | train_fsce 0.68262 | train_moe 1.22708 | val_dev 0.69440 | test_dev 0.67827
epoch 2995 | train_nll -1.36869 | train_fsce 0.65359 | train_moe 1.21984 | val_dev 0.68298 | test_dev 0.67088
epoch 3000 | train_nll -1.36313 | train_fsce 0.67434 | train_moe 1.21430 | val_dev 0.64167 | test_dev 0.66937

最佳 checkpoint：epoch 2335，val_dev 0.60599
test_dev 0.70278（123 個 patch，全程未參與訓練與選 checkpoint）
done
