[dataset]
  dataset = fsq
  csv = data/tky_clean.csv
  cat_col = category
  categories = ['Dining and Drinking', 'Retail', 'Nightlife Spot', 'Community and Government', 'Travel and Transportation', 'Business and Professional Services', 'Landmarks and Outdoors', 'Arts and Entertainment', 'Health and Medicine', 'Sports and Recreation']
  half_width = 50.0
  cell = 15
  center_step = 100
  min_poi = 10
  crs = EPSG:6677

[hparams]
  EPOCHS = 3000
  SEED = 0
  NOISE_P = 0.3
  N_EXPERTS = 4
  TOP_K = 4
  LAMBDA_MOE = 0.01

split：train 987 / val 123 / test 123

epoch    1 | train_nll 0.28996 | train_fsce 3.85969 | train_moe 1.00000 | val_dev 2.97576
epoch    5 | train_nll -0.65539 | train_fsce 5.97314 | train_moe 1.00000 | val_dev 2.00011
epoch   10 | train_nll -0.77313 | train_fsce 4.37616 | train_moe 1.00000 | val_dev 1.79186
epoch   15 | train_nll -0.85261 | train_fsce 2.13780 | train_moe 1.00000 | val_dev 1.59613
epoch   20 | train_nll -0.97501 | train_fsce 1.38101 | train_moe 1.00000 | val_dev 1.29482
epoch   25 | train_nll -1.05622 | train_fsce 1.28362 | train_moe 1.00000 | val_dev 1.14278
epoch   30 | train_nll -1.11035 | train_fsce 1.21623 | train_moe 1.00000 | val_dev 1.04680
epoch   35 | train_nll -1.14862 | train_fsce 1.33901 | train_moe 1.00000 | val_dev 0.95449
epoch   40 | train_nll -1.16815 | train_fsce 1.38463 | train_moe 1.00000 | val_dev 0.92931
epoch   45 | train_nll -1.17474 | train_fsce 1.29510 | train_moe 1.00000 | val_dev 0.89428
epoch   50 | train_nll -1.19076 | train_fsce 1.33773 | train_moe 1.00000 | val_dev 0.87435
epoch   55 | train_nll -1.19796 | train_fsce 1.23781 | train_moe 1.00000 | val_dev 0.87207
epoch   60 | train_nll -1.20390 | train_fsce 1.31310 | train_moe 1.00000 | val_dev 0.87257
epoch   65 | train_nll -1.21342 | train_fsce 1.23661 | train_moe 1.00000 | val_dev 0.87157
epoch   70 | train_nll -1.21866 | train_fsce 1.30374 | train_moe 1.00000 | val_dev 0.84891
epoch   75 | train_nll -1.22926 | train_fsce 1.25687 | train_moe 1.00000 | val_dev 0.84308
epoch   80 | train_nll -1.22045 | train_fsce 1.17752 | train_moe 1.00000 | val_dev 0.83706
epoch   85 | train_nll -1.21627 | train_fsce 1.23805 | train_moe 1.00000 | val_dev 0.83874
epoch   90 | train_nll -1.22199 | train_fsce 1.25727 | train_moe 1.00000 | val_dev 0.84144
epoch   95 | train_nll -1.22112 | train_fsce 1.18883 | train_moe 1.00000 | val_dev 0.85042
epoch  100 | train_nll -1.22704 | train_fsce 1.17377 | train_moe 1.00000 | val_dev 0.83292
epoch  105 | train_nll -1.23829 | train_fsce 1.22669 | train_moe 1.00000 | val_dev 0.81324
epoch  110 | train_nll -1.23105 | train_fsce 1.16415 | train_moe 1.00000 | val_dev 0.82280
epoch  115 | train_nll -1.23522 | train_fsce 1.18812 | train_moe 1.00000 | val_dev 0.80473
epoch  120 | train_nll -1.24163 | train_fsce 1.10653 | train_moe 1.00000 | val_dev 0.80051
epoch  125 | train_nll -1.25129 | train_fsce 1.11453 | train_moe 1.00000 | val_dev 0.77083
epoch  130 | train_nll -1.25368 | train_fsce 1.13609 | train_moe 1.00000 | val_dev 0.77487
epoch  135 | train_nll -1.25622 | train_fsce 1.07556 | train_moe 1.00000 | val_dev 0.78664
epoch  140 | train_nll -1.25909 | train_fsce 1.02434 | train_moe 1.00000 | val_dev 0.77445
epoch  145 | train_nll -1.24230 | train_fsce 1.06763 | train_moe 1.00000 | val_dev 0.77251
epoch  150 | train_nll -1.25163 | train_fsce 1.03416 | train_moe 1.00000 | val_dev 0.77275
epoch  155 | train_nll -1.25892 | train_fsce 0.99145 | train_moe 1.00000 | val_dev 0.77298
epoch  160 | train_nll -1.21231 | train_fsce 1.22930 | train_moe 1.00000 | val_dev 0.86089
epoch  165 | train_nll -1.23544 | train_fsce 1.09194 | train_moe 1.00000 | val_dev 0.81066
epoch  170 | train_nll -1.23895 | train_fsce 0.98365 | train_moe 1.00000 | val_dev 0.79168
epoch  175 | train_nll -1.24646 | train_fsce 1.00185 | train_moe 1.00000 | val_dev 0.80168
epoch  180 | train_nll -1.21662 | train_fsce 1.05400 | train_moe 1.00000 | val_dev 0.85420
epoch  185 | train_nll -1.24334 | train_fsce 0.94649 | train_moe 1.00000 | val_dev 0.80303
epoch  190 | train_nll -1.24902 | train_fsce 0.95436 | train_moe 1.00000 | val_dev 0.79257
epoch  195 | train_nll -1.25081 | train_fsce 0.92385 | train_moe 1.00000 | val_dev 0.81416
epoch  200 | train_nll -1.25127 | train_fsce 0.98350 | train_moe 1.00000 | val_dev 0.79592
epoch  205 | train_nll -1.25145 | train_fsce 0.92940 | train_moe 1.00000 | val_dev 0.78692
epoch  210 | train_nll -1.24573 | train_fsce 0.99484 | train_moe 1.00000 | val_dev 0.79124
epoch  215 | train_nll -1.25722 | train_fsce 0.87649 | train_moe 1.00000 | val_dev 0.78742
epoch  220 | train_nll -1.25740 | train_fsce 0.85946 | train_moe 1.00000 | val_dev 0.77598
epoch  225 | train_nll -1.25548 | train_fsce 0.85676 | train_moe 1.00000 | val_dev 0.76690
epoch  230 | train_nll -1.23968 | train_fsce 0.87824 | train_moe 1.00000 | val_dev 0.80241
epoch  235 | train_nll -1.23988 | train_fsce 0.94195 | train_moe 1.00000 | val_dev 0.79103
epoch  240 | train_nll -1.24869 | train_fsce 0.91946 | train_moe 1.00000 | val_dev 0.80068
epoch  245 | train_nll -1.24264 | train_fsce 0.81967 | train_moe 1.00000 | val_dev 0.77400
epoch  250 | train_nll -1.23817 | train_fsce 0.93338 | train_moe 1.00000 | val_dev 0.82381
epoch  255 | train_nll -1.24997 | train_fsce 0.90479 | train_moe 1.00000 | val_dev 0.78779
epoch  260 | train_nll -1.26521 | train_fsce 0.83720 | train_moe 1.00000 | val_dev 0.80537
epoch  265 | train_nll -1.25611 | train_fsce 0.87211 | train_moe 1.00000 | val_dev 0.77285
epoch  270 | train_nll -1.26322 | train_fsce 0.82244 | train_moe 1.00000 | val_dev 0.77034
epoch  275 | train_nll -1.25582 | train_fsce 0.83235 | train_moe 1.00000 | val_dev 0.78476
epoch  280 | train_nll -1.26572 | train_fsce 0.83694 | train_moe 1.00000 | val_dev 0.76252
epoch  285 | train_nll -1.25361 | train_fsce 0.89131 | train_moe 1.00000 | val_dev 0.80216
epoch  290 | train_nll -1.24812 | train_fsce 0.90812 | train_moe 1.00000 | val_dev 0.79294
epoch  295 | train_nll -1.24615 | train_fsce 0.93550 | train_moe 1.00000 | val_dev 0.79031
epoch  300 | train_nll -1.25655 | train_fsce 0.88209 | train_moe 1.00000 | val_dev 0.78661
epoch  305 | train_nll -1.25152 | train_fsce 0.86173 | train_moe 1.00000 | val_dev 0.80509
epoch  310 | train_nll -1.26106 | train_fsce 0.86484 | train_moe 1.00000 | val_dev 0.82091
epoch  315 | train_nll -1.25312 | train_fsce 0.90881 | train_moe 1.00000 | val_dev 0.80622
epoch  320 | train_nll -1.26262 | train_fsce 0.87987 | train_moe 1.00000 | val_dev 0.79551
epoch  325 | train_nll -1.25927 | train_fsce 0.84101 | train_moe 1.00000 | val_dev 0.79737
epoch  330 | train_nll -1.26413 | train_fsce 0.86091 | train_moe 1.00000 | val_dev 0.79658
epoch  335 | train_nll -1.26112 | train_fsce 0.83656 | train_moe 1.00000 | val_dev 0.79203
epoch  340 | train_nll -1.26832 | train_fsce 0.82049 | train_moe 1.00000 | val_dev 0.79416
epoch  345 | train_nll -1.26224 | train_fsce 0.84789 | train_moe 1.00000 | val_dev 0.78792
epoch  350 | train_nll -1.25899 | train_fsce 0.81790 | train_moe 1.00000 | val_dev 0.78479
epoch  355 | train_nll -1.26542 | train_fsce 0.89785 | train_moe 1.00000 | val_dev 0.79096
epoch  360 | train_nll -1.27448 | train_fsce 0.82933 | train_moe 1.00000 | val_dev 0.76706
epoch  365 | train_nll -1.27126 | train_fsce 0.82955 | train_moe 1.00000 | val_dev 0.77308
epoch  370 | train_nll -1.27187 | train_fsce 0.81442 | train_moe 1.00000 | val_dev 0.82189
epoch  375 | train_nll -1.25638 | train_fsce 0.73725 | train_moe 1.00000 | val_dev 0.77406
epoch  380 | train_nll -1.26756 | train_fsce 0.72618 | train_moe 1.00000 | val_dev 0.79257
epoch  385 | train_nll -1.25620 | train_fsce 0.73056 | train_moe 1.00000 | val_dev 0.78629
epoch  390 | train_nll -1.27266 | train_fsce 0.76400 | train_moe 1.00000 | val_dev 0.77674
epoch  395 | train_nll -1.27431 | train_fsce 0.82483 | train_moe 1.00000 | val_dev 0.77229
epoch  400 | train_nll -1.26746 | train_fsce 0.83756 | train_moe 1.00000 | val_dev 0.78124
epoch  405 | train_nll -1.27474 | train_fsce 0.81982 | train_moe 1.00000 | val_dev 0.78412
epoch  410 | train_nll -1.27615 | train_fsce 0.80382 | train_moe 1.00000 | val_dev 0.76681
epoch  415 | train_nll -1.27794 | train_fsce 0.81833 | train_moe 1.00000 | val_dev 0.79025
epoch  420 | train_nll -1.27709 | train_fsce 0.77479 | train_moe 1.00000 | val_dev 0.80152
epoch  425 | train_nll -1.27428 | train_fsce 0.79401 | train_moe 1.00000 | val_dev 0.78886
epoch  430 | train_nll -1.26460 | train_fsce 0.74928 | train_moe 1.00000 | val_dev 0.81729
epoch  435 | train_nll -1.25048 | train_fsce 0.79357 | train_moe 1.00000 | val_dev 0.80827
epoch  440 | train_nll -1.26616 | train_fsce 0.84577 | train_moe 1.00000 | val_dev 0.80716
epoch  445 | train_nll -1.26789 | train_fsce 0.81640 | train_moe 1.00000 | val_dev 0.77843
epoch  450 | train_nll -1.26696 | train_fsce 0.77096 | train_moe 1.00000 | val_dev 0.79294
epoch  455 | train_nll -1.27200 | train_fsce 0.76907 | train_moe 1.00000 | val_dev 0.79708
epoch  460 | train_nll -1.28317 | train_fsce 0.76970 | train_moe 1.00000 | val_dev 0.79026
epoch  465 | train_nll -1.27916 | train_fsce 0.75121 | train_moe 1.00000 | val_dev 0.78801
epoch  470 | train_nll -1.27577 | train_fsce 0.75370 | train_moe 1.00000 | val_dev 0.76200
epoch  475 | train_nll -1.27534 | train_fsce 0.72349 | train_moe 1.00000 | val_dev 0.77671
epoch  480 | train_nll -1.27889 | train_fsce 0.70963 | train_moe 1.00000 | val_dev 0.76382
epoch  485 | train_nll -1.27400 | train_fsce 0.72284 | train_moe 1.00000 | val_dev 0.77990
epoch  490 | train_nll -1.28022 | train_fsce 0.71369 | train_moe 1.00000 | val_dev 0.73673
epoch  495 | train_nll -1.27887 | train_fsce 0.71807 | train_moe 1.00000 | val_dev 0.75153
epoch  500 | train_nll -1.28046 | train_fsce 0.75472 | train_moe 1.00000 | val_dev 0.76463
epoch  505 | train_nll -1.28435 | train_fsce 0.70318 | train_moe 1.00000 | val_dev 0.76586
epoch  510 | train_nll -1.28116 | train_fsce 0.71539 | train_moe 1.00000 | val_dev 0.76469
epoch  515 | train_nll -1.27232 | train_fsce 0.67935 | train_moe 1.00000 | val_dev 0.75187
epoch  520 | train_nll -1.27742 | train_fsce 0.66639 | train_moe 1.00000 | val_dev 0.75228
epoch  525 | train_nll -1.27916 | train_fsce 0.74241 | train_moe 1.00000 | val_dev 0.74482
epoch  530 | train_nll -1.28803 | train_fsce 0.69990 | train_moe 1.00000 | val_dev 0.74189
epoch  535 | train_nll -1.28048 | train_fsce 0.76739 | train_moe 1.00000 | val_dev 0.74967
epoch  540 | train_nll -1.29019 | train_fsce 0.71756 | train_moe 1.00000 | val_dev 0.75118
epoch  545 | train_nll -1.28012 | train_fsce 0.71406 | train_moe 1.00000 | val_dev 0.76079
epoch  550 | train_nll -1.28320 | train_fsce 0.71253 | train_moe 1.00000 | val_dev 0.77245
epoch  555 | train_nll -1.28466 | train_fsce 0.70184 | train_moe 1.00000 | val_dev 0.75287
epoch  560 | train_nll -1.26768 | train_fsce 0.75600 | train_moe 1.00000 | val_dev 0.78704
epoch  565 | train_nll -1.27334 | train_fsce 0.76633 | train_moe 1.00000 | val_dev 0.77931
epoch  570 | train_nll -1.27421 | train_fsce 0.76275 | train_moe 1.00000 | val_dev 0.76079
epoch  575 | train_nll -1.28348 | train_fsce 0.73508 | train_moe 1.00000 | val_dev 0.78280
epoch  580 | train_nll -1.28569 | train_fsce 0.72059 | train_moe 1.00000 | val_dev 0.76145
epoch  585 | train_nll -1.28125 | train_fsce 0.76326 | train_moe 1.00000 | val_dev 0.77806
epoch  590 | train_nll -1.28191 | train_fsce 0.69556 | train_moe 1.00000 | val_dev 0.76118
epoch  595 | train_nll -1.28296 | train_fsce 0.70649 | train_moe 1.00000 | val_dev 0.78416
epoch  600 | train_nll -1.28238 | train_fsce 0.71040 | train_moe 1.00000 | val_dev 0.77502
epoch  605 | train_nll -1.28477 | train_fsce 0.70953 | train_moe 1.00000 | val_dev 0.74696
epoch  610 | train_nll -1.28675 | train_fsce 0.74106 | train_moe 1.00000 | val_dev 0.76867
epoch  615 | train_nll -1.27898 | train_fsce 0.72201 | train_moe 1.00000 | val_dev 0.78198
epoch  620 | train_nll -1.27174 | train_fsce 0.73584 | train_moe 1.00000 | val_dev 0.79038
epoch  625 | train_nll -1.28652 | train_fsce 0.65298 | train_moe 1.00000 | val_dev 0.75331
epoch  630 | train_nll -1.29021 | train_fsce 0.67849 | train_moe 1.00000 | val_dev 0.75032
epoch  635 | train_nll -1.27786 | train_fsce 0.69599 | train_moe 1.00000 | val_dev 0.75150
epoch  640 | train_nll -1.26386 | train_fsce 0.66327 | train_moe 1.00000 | val_dev 0.74822
epoch  645 | train_nll -1.28150 | train_fsce 0.67511 | train_moe 1.00000 | val_dev 0.73829
epoch  650 | train_nll -1.28275 | train_fsce 0.69472 | train_moe 1.00000 | val_dev 0.74140
epoch  655 | train_nll -1.29011 | train_fsce 0.66682 | train_moe 1.00000 | val_dev 0.74805
epoch  660 | train_nll -1.29691 | train_fsce 0.65399 | train_moe 1.00000 | val_dev 0.74683
epoch  665 | train_nll -1.28813 | train_fsce 0.66325 | train_moe 1.00000 | val_dev 0.74418
epoch  670 | train_nll -1.28610 | train_fsce 0.71878 | train_moe 1.00000 | val_dev 0.77467
epoch  675 | train_nll -1.29615 | train_fsce 0.71376 | train_moe 1.00000 | val_dev 0.75036
epoch  680 | train_nll -1.30007 | train_fsce 0.69258 | train_moe 1.00000 | val_dev 0.74141
epoch  685 | train_nll -1.29755 | train_fsce 0.65930 | train_moe 1.00000 | val_dev 0.73290
epoch  690 | train_nll -1.29235 | train_fsce 0.64023 | train_moe 1.00000 | val_dev 0.72173
epoch  695 | train_nll -1.29276 | train_fsce 0.64885 | train_moe 1.00000 | val_dev 0.73966
epoch  700 | train_nll -1.30126 | train_fsce 0.66075 | train_moe 1.00000 | val_dev 0.73437
epoch  705 | train_nll -1.29376 | train_fsce 0.69116 | train_moe 1.00000 | val_dev 0.73138
epoch  710 | train_nll -1.29446 | train_fsce 0.69110 | train_moe 1.00000 | val_dev 0.74197
epoch  715 | train_nll -1.30016 | train_fsce 0.67341 | train_moe 1.00000 | val_dev 0.73574
epoch  720 | train_nll -1.28787 | train_fsce 0.64903 | train_moe 1.00000 | val_dev 0.72836
epoch  725 | train_nll -1.29425 | train_fsce 0.66335 | train_moe 1.00000 | val_dev 0.72889
epoch  730 | train_nll -1.29763 | train_fsce 0.64230 | train_moe 1.00000 | val_dev 0.71783
epoch  735 | train_nll -1.30314 | train_fsce 0.67386 | train_moe 1.00000 | val_dev 0.73199
epoch  740 | train_nll -1.29779 | train_fsce 0.65025 | train_moe 1.00000 | val_dev 0.72546
epoch  745 | train_nll -1.27189 | train_fsce 0.68855 | train_moe 1.00000 | val_dev 0.73343
epoch  750 | train_nll -1.28401 | train_fsce 0.68532 | train_moe 1.00000 | val_dev 0.73371
epoch  755 | train_nll -1.29732 | train_fsce 0.68689 | train_moe 1.00000 | val_dev 0.73179
epoch  760 | train_nll -1.29749 | train_fsce 0.67733 | train_moe 1.00000 | val_dev 0.72697
epoch  765 | train_nll -1.28785 | train_fsce 0.72498 | train_moe 1.00000 | val_dev 0.72752
epoch  770 | train_nll -1.28805 | train_fsce 0.72262 | train_moe 1.00000 | val_dev 0.73648
epoch  775 | train_nll -1.27571 | train_fsce 0.69592 | train_moe 1.00000 | val_dev 0.76844
epoch  780 | train_nll -1.28745 | train_fsce 0.73068 | train_moe 1.00000 | val_dev 0.74245
epoch  785 | train_nll -1.28825 | train_fsce 0.69130 | train_moe 1.00000 | val_dev 0.72467
epoch  790 | train_nll -1.29473 | train_fsce 0.69473 | train_moe 1.00000 | val_dev 0.75087
epoch  795 | train_nll -1.28595 | train_fsce 0.75247 | train_moe 1.00000 | val_dev 0.73361
epoch  800 | train_nll -1.29054 | train_fsce 0.70166 | train_moe 1.00000 | val_dev 0.74254
epoch  805 | train_nll -1.28727 | train_fsce 0.65831 | train_moe 1.00000 | val_dev 0.73808
epoch  810 | train_nll -1.29996 | train_fsce 0.64750 | train_moe 1.00000 | val_dev 0.75422
epoch  815 | train_nll -1.29391 | train_fsce 0.68551 | train_moe 1.00000 | val_dev 0.73499
epoch  820 | train_nll -1.28727 | train_fsce 0.70074 | train_moe 1.00000 | val_dev 0.73953
epoch  825 | train_nll -1.29085 | train_fsce 0.65288 | train_moe 1.00000 | val_dev 0.74178
epoch  830 | train_nll -1.27945 | train_fsce 0.69680 | train_moe 1.00000 | val_dev 0.77001
epoch  835 | train_nll -1.24865 | train_fsce 0.81255 | train_moe 1.00000 | val_dev 0.81385
epoch  840 | train_nll -1.25908 | train_fsce 0.77706 | train_moe 1.00000 | val_dev 0.75617
epoch  845 | train_nll -1.26183 | train_fsce 0.75081 | train_moe 1.00000 | val_dev 0.76914
epoch  850 | train_nll -1.25503 | train_fsce 0.70731 | train_moe 1.00000 | val_dev 0.79850
epoch  855 | train_nll -1.26669 | train_fsce 0.77643 | train_moe 1.00000 | val_dev 0.75024
epoch  860 | train_nll -1.28161 | train_fsce 0.75440 | train_moe 1.00000 | val_dev 0.75132
epoch  865 | train_nll -1.28020 | train_fsce 0.71421 | train_moe 1.00000 | val_dev 0.75051
epoch  870 | train_nll -1.28370 | train_fsce 0.69408 | train_moe 1.00000 | val_dev 0.78137
epoch  875 | train_nll -1.28400 | train_fsce 0.73473 | train_moe 1.00000 | val_dev 0.76139
epoch  880 | train_nll -1.27810 | train_fsce 0.72873 | train_moe 1.00000 | val_dev 0.77081
epoch  885 | train_nll -1.28870 | train_fsce 0.70060 | train_moe 1.00000 | val_dev 0.74753
epoch  890 | train_nll -1.29730 | train_fsce 0.67799 | train_moe 1.00000 | val_dev 0.76744
epoch  895 | train_nll -1.29144 | train_fsce 0.62981 | train_moe 1.00000 | val_dev 0.76603
epoch  900 | train_nll -1.29734 | train_fsce 0.63604 | train_moe 1.00000 | val_dev 0.78710
epoch  905 | train_nll -1.30142 | train_fsce 0.66698 | train_moe 1.00000 | val_dev 0.75363
epoch  910 | train_nll -1.29370 | train_fsce 0.67047 | train_moe 1.00000 | val_dev 0.78620
epoch  915 | train_nll -1.29260 | train_fsce 0.70260 | train_moe 1.00000 | val_dev 0.77046
epoch  920 | train_nll -1.29818 | train_fsce 0.67242 | train_moe 1.00000 | val_dev 0.73633
epoch  925 | train_nll -1.29689 | train_fsce 0.65059 | train_moe 1.00000 | val_dev 0.74281
epoch  930 | train_nll -1.28618 | train_fsce 0.66827 | train_moe 1.00000 | val_dev 0.74607
epoch  935 | train_nll -1.29706 | train_fsce 0.65884 | train_moe 1.00000 | val_dev 0.77764
epoch  940 | train_nll -1.29435 | train_fsce 0.62494 | train_moe 1.00000 | val_dev 0.75416
epoch  945 | train_nll -1.29761 | train_fsce 0.65117 | train_moe 1.00000 | val_dev 0.75628
epoch  950 | train_nll -1.30049 | train_fsce 0.63275 | train_moe 1.00000 | val_dev 0.74324
epoch  955 | train_nll -1.29847 | train_fsce 0.65234 | train_moe 1.00000 | val_dev 0.74019
epoch  960 | train_nll -1.29514 | train_fsce 0.67078 | train_moe 1.00000 | val_dev 0.74727
epoch  965 | train_nll -1.30366 | train_fsce 0.64183 | train_moe 1.00000 | val_dev 0.73274
epoch  970 | train_nll -1.27501 | train_fsce 0.66721 | train_moe 1.00000 | val_dev 0.74913
epoch  975 | train_nll -1.28298 | train_fsce 0.67816 | train_moe 1.00000 | val_dev 0.74904
epoch  980 | train_nll -1.28533 | train_fsce 0.67213 | train_moe 1.00000 | val_dev 0.77024
epoch  985 | train_nll -1.29491 | train_fsce 0.66861 | train_moe 1.00000 | val_dev 0.74050
epoch  990 | train_nll -1.29740 | train_fsce 0.67483 | train_moe 1.00000 | val_dev 0.76066
epoch  995 | train_nll -1.28441 | train_fsce 0.68065 | train_moe 1.00000 | val_dev 0.74742
epoch 1000 | train_nll -1.29624 | train_fsce 0.71075 | train_moe 1.00000 | val_dev 0.73275
epoch 1005 | train_nll -1.28442 | train_fsce 0.68247 | train_moe 1.00000 | val_dev 0.75757
epoch 1010 | train_nll -1.29878 | train_fsce 0.66652 | train_moe 1.00000 | val_dev 0.73837
epoch 1015 | train_nll -1.29016 | train_fsce 0.67549 | train_moe 1.00000 | val_dev 0.76226
epoch 1020 | train_nll -1.28685 | train_fsce 0.68610 | train_moe 1.00000 | val_dev 0.74866
epoch 1025 | train_nll -1.28897 | train_fsce 0.70338 | train_moe 1.00000 | val_dev 0.70879
epoch 1030 | train_nll -1.29951 | train_fsce 0.65929 | train_moe 1.00000 | val_dev 0.73295
epoch 1035 | train_nll -1.28414 | train_fsce 0.64690 | train_moe 1.00000 | val_dev 0.72714
epoch 1040 | train_nll -1.29702 | train_fsce 0.68939 | train_moe 1.00000 | val_dev 0.75481
epoch 1045 | train_nll -1.29825 | train_fsce 0.66962 | train_moe 1.00000 | val_dev 0.76006
epoch 1050 | train_nll -1.29383 | train_fsce 0.67154 | train_moe 1.00000 | val_dev 0.76426
epoch 1055 | train_nll -1.30074 | train_fsce 0.70549 | train_moe 1.00000 | val_dev 0.73756
epoch 1060 | train_nll -1.29720 | train_fsce 0.64517 | train_moe 1.00000 | val_dev 0.74644
epoch 1065 | train_nll -1.29469 | train_fsce 0.66576 | train_moe 1.00000 | val_dev 0.76342
epoch 1070 | train_nll -1.29984 | train_fsce 0.69572 | train_moe 1.00000 | val_dev 0.73808
epoch 1075 | train_nll -1.29726 | train_fsce 0.69215 | train_moe 1.00000 | val_dev 0.74259
epoch 1080 | train_nll -1.29251 | train_fsce 0.70984 | train_moe 1.00000 | val_dev 0.74046
epoch 1085 | train_nll -1.29418 | train_fsce 0.71636 | train_moe 1.00000 | val_dev 0.78257
epoch 1090 | train_nll -1.30126 | train_fsce 0.69930 | train_moe 1.00000 | val_dev 0.76303
epoch 1095 | train_nll -1.30139 | train_fsce 0.68872 | train_moe 1.00000 | val_dev 0.76710
epoch 1100 | train_nll -1.30696 | train_fsce 0.69929 | train_moe 1.00000 | val_dev 0.75581
epoch 1105 | train_nll -1.30075 | train_fsce 0.73955 | train_moe 1.00000 | val_dev 0.75961
epoch 1110 | train_nll -1.28185 | train_fsce 0.73252 | train_moe 1.00000 | val_dev 0.74410
epoch 1115 | train_nll -1.29146 | train_fsce 0.74654 | train_moe 1.00000 | val_dev 0.74938
epoch 1120 | train_nll -1.29446 | train_fsce 0.74221 | train_moe 1.00000 | val_dev 0.74413
epoch 1125 | train_nll -1.30121 | train_fsce 0.68711 | train_moe 1.00000 | val_dev 0.73645
epoch 1130 | train_nll -1.30643 | train_fsce 0.68739 | train_moe 1.00000 | val_dev 0.74570
epoch 1135 | train_nll -1.30272 | train_fsce 0.68043 | train_moe 1.00000 | val_dev 0.74876
epoch 1140 | train_nll -1.30005 | train_fsce 0.68946 | train_moe 1.00000 | val_dev 0.74101
epoch 1145 | train_nll -1.31171 | train_fsce 0.64808 | train_moe 1.00000 | val_dev 0.75309
epoch 1150 | train_nll -1.30027 | train_fsce 0.68631 | train_moe 1.00000 | val_dev 0.73463
epoch 1155 | train_nll -1.30190 | train_fsce 0.68048 | train_moe 1.00000 | val_dev 0.72949
epoch 1160 | train_nll -1.29990 | train_fsce 0.67188 | train_moe 1.00000 | val_dev 0.72763
epoch 1165 | train_nll -1.29926 | train_fsce 0.70760 | train_moe 1.00000 | val_dev 0.72571
epoch 1170 | train_nll -1.30344 | train_fsce 0.66450 | train_moe 1.00000 | val_dev 0.72522
epoch 1175 | train_nll -1.30628 | train_fsce 0.67470 | train_moe 1.00000 | val_dev 0.74654
epoch 1180 | train_nll -1.29311 | train_fsce 0.72339 | train_moe 1.00000 | val_dev 0.74665
epoch 1185 | train_nll -1.29658 | train_fsce 0.70556 | train_moe 1.00000 | val_dev 0.74628
epoch 1190 | train_nll -1.30320 | train_fsce 0.71108 | train_moe 1.00000 | val_dev 0.73966
epoch 1195 | train_nll -1.30387 | train_fsce 0.66878 | train_moe 1.00000 | val_dev 0.75350
epoch 1200 | train_nll -1.30342 | train_fsce 0.69427 | train_moe 1.00000 | val_dev 0.76265
epoch 1205 | train_nll -1.29937 | train_fsce 0.66886 | train_moe 1.00000 | val_dev 0.76516
epoch 1210 | train_nll -1.30017 | train_fsce 0.66884 | train_moe 1.00000 | val_dev 0.76963
epoch 1215 | train_nll -1.30873 | train_fsce 0.67940 | train_moe 1.00000 | val_dev 0.74795
epoch 1220 | train_nll -1.30534 | train_fsce 0.68525 | train_moe 1.00000 | val_dev 0.75320
epoch 1225 | train_nll -1.30188 | train_fsce 0.66614 | train_moe 1.00000 | val_dev 0.75889
epoch 1230 | train_nll -1.30347 | train_fsce 0.66647 | train_moe 1.00000 | val_dev 0.74404
epoch 1235 | train_nll -1.30630 | train_fsce 0.64012 | train_moe 1.00000 | val_dev 0.73875
epoch 1240 | train_nll -1.30917 | train_fsce 0.68276 | train_moe 1.00000 | val_dev 0.73634
epoch 1245 | train_nll -1.30424 | train_fsce 0.65353 | train_moe 1.00000 | val_dev 0.75036
epoch 1250 | train_nll -1.30201 | train_fsce 0.64221 | train_moe 1.00000 | val_dev 0.75895
epoch 1255 | train_nll -1.30744 | train_fsce 0.67531 | train_moe 1.00000 | val_dev 0.74460
epoch 1260 | train_nll -1.30432 | train_fsce 0.68591 | train_moe 1.00000 | val_dev 0.75131
epoch 1265 | train_nll -1.30582 | train_fsce 0.65165 | train_moe 1.00000 | val_dev 0.73329
epoch 1270 | train_nll -1.31244 | train_fsce 0.68766 | train_moe 1.00000 | val_dev 0.73570
epoch 1275 | train_nll -1.29964 | train_fsce 0.63245 | train_moe 1.00000 | val_dev 0.75798
epoch 1280 | train_nll -1.30072 | train_fsce 0.65784 | train_moe 1.00000 | val_dev 0.73899
epoch 1285 | train_nll -1.31091 | train_fsce 0.62836 | train_moe 1.00000 | val_dev 0.76915
epoch 1290 | train_nll -1.30720 | train_fsce 0.65187 | train_moe 1.00000 | val_dev 0.76153
epoch 1295 | train_nll -1.31325 | train_fsce 0.63023 | train_moe 1.00000 | val_dev 0.73918
epoch 1300 | train_nll -1.30431 | train_fsce 0.64995 | train_moe 1.00000 | val_dev 0.75520
epoch 1305 | train_nll -1.30909 | train_fsce 0.67002 | train_moe 1.00000 | val_dev 0.74714
epoch 1310 | train_nll -1.30894 | train_fsce 0.63828 | train_moe 1.00000 | val_dev 0.75452
epoch 1315 | train_nll -1.30777 | train_fsce 0.64094 | train_moe 1.00000 | val_dev 0.74268
epoch 1320 | train_nll -1.30217 | train_fsce 0.66713 | train_moe 1.00000 | val_dev 0.72648
epoch 1325 | train_nll -1.31502 | train_fsce 0.65603 | train_moe 1.00000 | val_dev 0.74258
epoch 1330 | train_nll -1.30316 | train_fsce 0.67844 | train_moe 1.00000 | val_dev 0.73998
epoch 1335 | train_nll -1.29718 | train_fsce 0.64496 | train_moe 1.00000 | val_dev 0.76387
epoch 1340 | train_nll -1.30224 | train_fsce 0.63853 | train_moe 1.00000 | val_dev 0.75451
epoch 1345 | train_nll -1.30575 | train_fsce 0.63726 | train_moe 1.00000 | val_dev 0.75061
epoch 1350 | train_nll -1.31284 | train_fsce 0.65297 | train_moe 1.00000 | val_dev 0.76164
epoch 1355 | train_nll -1.31578 | train_fsce 0.66840 | train_moe 1.00000 | val_dev 0.74501
epoch 1360 | train_nll -1.30514 | train_fsce 0.67262 | train_moe 1.00000 | val_dev 0.76283
epoch 1365 | train_nll -1.29806 | train_fsce 0.66701 | train_moe 1.00000 | val_dev 0.78070
epoch 1370 | train_nll -1.30746 | train_fsce 0.65150 | train_moe 1.00000 | val_dev 0.77733
epoch 1375 | train_nll -1.30427 | train_fsce 0.64176 | train_moe 1.00000 | val_dev 0.77615
epoch 1380 | train_nll -1.30779 | train_fsce 0.66370 | train_moe 1.00000 | val_dev 0.79617
epoch 1385 | train_nll -1.30329 | train_fsce 0.67084 | train_moe 1.00000 | val_dev 0.77098
epoch 1390 | train_nll -1.30811 | train_fsce 0.64927 | train_moe 1.00000 | val_dev 0.76812
epoch 1395 | train_nll -1.31411 | train_fsce 0.64553 | train_moe 1.00000 | val_dev 0.77550
epoch 1400 | train_nll -1.30432 | train_fsce 0.69374 | train_moe 1.00000 | val_dev 0.75142
epoch 1405 | train_nll -1.31163 | train_fsce 0.69195 | train_moe 1.00000 | val_dev 0.77296
epoch 1410 | train_nll -1.29794 | train_fsce 0.67183 | train_moe 1.00000 | val_dev 0.77657
epoch 1415 | train_nll -1.30349 | train_fsce 0.63546 | train_moe 1.00000 | val_dev 0.76924
epoch 1420 | train_nll -1.31016 | train_fsce 0.62617 | train_moe 1.00000 | val_dev 0.76291
epoch 1425 | train_nll -1.30547 | train_fsce 0.65999 | train_moe 1.00000 | val_dev 0.75088
epoch 1430 | train_nll -1.30706 | train_fsce 0.64485 | train_moe 1.00000 | val_dev 0.76222
epoch 1435 | train_nll -1.31779 | train_fsce 0.69912 | train_moe 1.00000 | val_dev 0.75330
epoch 1440 | train_nll -1.30894 | train_fsce 0.70394 | train_moe 1.00000 | val_dev 0.78000
epoch 1445 | train_nll -1.30685 | train_fsce 0.67297 | train_moe 1.00000 | val_dev 0.74631
epoch 1450 | train_nll -1.31560 | train_fsce 0.66352 | train_moe 1.00000 | val_dev 0.77958
epoch 1455 | train_nll -1.29691 | train_fsce 0.66406 | train_moe 1.00000 | val_dev 0.78769
epoch 1460 | train_nll -1.30795 | train_fsce 0.64971 | train_moe 1.00000 | val_dev 0.77138
epoch 1465 | train_nll -1.31264 | train_fsce 0.67086 | train_moe 1.00000 | val_dev 0.77479
epoch 1470 | train_nll -1.30162 | train_fsce 0.65252 | train_moe 1.00000 | val_dev 0.80339
epoch 1475 | train_nll -1.31230 | train_fsce 0.64530 | train_moe 1.00000 | val_dev 0.77846
epoch 1480 | train_nll -1.31068 | train_fsce 0.67756 | train_moe 1.00000 | val_dev 0.77045
epoch 1485 | train_nll -1.30974 | train_fsce 0.64210 | train_moe 1.00000 | val_dev 0.78093
epoch 1490 | train_nll -1.30903 | train_fsce 0.63304 | train_moe 1.00000 | val_dev 0.77508
epoch 1495 | train_nll -1.30019 | train_fsce 0.65992 | train_moe 1.00000 | val_dev 0.78147
epoch 1500 | train_nll -1.30785 | train_fsce 0.62791 | train_moe 1.00000 | val_dev 0.77551
epoch 1505 | train_nll -1.31286 | train_fsce 0.66076 | train_moe 1.00000 | val_dev 0.76622
epoch 1510 | train_nll -1.30755 | train_fsce 0.71934 | train_moe 1.00000 | val_dev 0.78131
epoch 1515 | train_nll -1.30054 | train_fsce 0.62820 | train_moe 1.00000 | val_dev 0.79531
epoch 1520 | train_nll -1.29789 | train_fsce 0.64905 | train_moe 1.00000 | val_dev 0.77359
epoch 1525 | train_nll -1.31388 | train_fsce 0.65741 | train_moe 1.00000 | val_dev 0.79248
epoch 1530 | train_nll -1.31228 | train_fsce 0.65305 | train_moe 1.00000 | val_dev 0.76228
epoch 1535 | train_nll -1.30734 | train_fsce 0.63014 | train_moe 1.00000 | val_dev 0.75392
epoch 1540 | train_nll -1.31627 | train_fsce 0.64772 | train_moe 1.00000 | val_dev 0.77688
epoch 1545 | train_nll -1.31551 | train_fsce 0.64811 | train_moe 1.00000 | val_dev 0.77474
epoch 1550 | train_nll -1.32008 | train_fsce 0.64168 | train_moe 1.00000 | val_dev 0.78509
epoch 1555 | train_nll -1.31510 | train_fsce 0.62988 | train_moe 1.00000 | val_dev 0.83075
epoch 1560 | train_nll -1.31409 | train_fsce 0.66986 | train_moe 1.00000 | val_dev 0.80052
epoch 1565 | train_nll -1.30686 | train_fsce 0.66174 | train_moe 1.00000 | val_dev 0.79105
epoch 1570 | train_nll -1.31346 | train_fsce 0.68581 | train_moe 1.00000 | val_dev 0.76928
epoch 1575 | train_nll -1.31170 | train_fsce 0.66342 | train_moe 1.00000 | val_dev 0.76365
epoch 1580 | train_nll -1.30656 | train_fsce 0.63871 | train_moe 1.00000 | val_dev 0.76800
epoch 1585 | train_nll -1.31656 | train_fsce 0.64846 | train_moe 1.00000 | val_dev 0.76886
epoch 1590 | train_nll -1.30638 | train_fsce 0.63205 | train_moe 1.00000 | val_dev 0.76647
epoch 1595 | train_nll -1.31108 | train_fsce 0.65267 | train_moe 1.00000 | val_dev 0.77269
epoch 1600 | train_nll -1.31230 | train_fsce 0.64350 | train_moe 1.00000 | val_dev 0.77098
epoch 1605 | train_nll -1.32457 | train_fsce 0.62130 | train_moe 1.00000 | val_dev 0.76927
epoch 1610 | train_nll -1.30225 | train_fsce 0.65126 | train_moe 1.00000 | val_dev 0.77687
epoch 1615 | train_nll -1.32391 | train_fsce 0.65407 | train_moe 1.00000 | val_dev 0.76056
epoch 1620 | train_nll -1.32091 | train_fsce 0.65156 | train_moe 1.00000 | val_dev 0.78305
epoch 1625 | train_nll -1.30835 | train_fsce 0.59613 | train_moe 1.00000 | val_dev 0.76184
epoch 1630 | train_nll -1.31401 | train_fsce 0.68154 | train_moe 1.00000 | val_dev 0.76436
epoch 1635 | train_nll -1.31759 | train_fsce 0.63558 | train_moe 1.00000 | val_dev 0.78608
epoch 1640 | train_nll -1.32203 | train_fsce 0.61867 | train_moe 1.00000 | val_dev 0.76964
epoch 1645 | train_nll -1.31619 | train_fsce 0.66378 | train_moe 1.00000 | val_dev 0.78564
epoch 1650 | train_nll -1.33142 | train_fsce 0.60558 | train_moe 1.00000 | val_dev 0.77821
epoch 1655 | train_nll -1.30863 | train_fsce 0.66084 | train_moe 1.00000 | val_dev 0.76571
epoch 1660 | train_nll -1.30538 | train_fsce 0.66738 | train_moe 1.00000 | val_dev 0.76272
epoch 1665 | train_nll -1.31414 | train_fsce 0.66383 | train_moe 1.00000 | val_dev 0.76792
epoch 1670 | train_nll -1.31784 | train_fsce 0.66549 | train_moe 1.00000 | val_dev 0.75572
epoch 1675 | train_nll -1.32492 | train_fsce 0.63655 | train_moe 1.00000 | val_dev 0.74944
epoch 1680 | train_nll -1.31373 | train_fsce 0.64292 | train_moe 1.00000 | val_dev 0.76335
epoch 1685 | train_nll -1.31588 | train_fsce 0.65307 | train_moe 1.00000 | val_dev 0.75679
epoch 1690 | train_nll -1.32409 | train_fsce 0.62983 | train_moe 1.00000 | val_dev 0.75297
epoch 1695 | train_nll -1.31256 | train_fsce 0.64511 | train_moe 1.00000 | val_dev 0.77420
epoch 1700 | train_nll -1.30511 | train_fsce 0.62802 | train_moe 1.00000 | val_dev 0.82813
epoch 1705 | train_nll -1.31021 | train_fsce 0.66135 | train_moe 1.00000 | val_dev 0.78286
epoch 1710 | train_nll -1.31038 | train_fsce 0.66844 | train_moe 1.00000 | val_dev 0.79246
epoch 1715 | train_nll -1.31073 | train_fsce 0.63212 | train_moe 1.00000 | val_dev 0.77435
epoch 1720 | train_nll -1.31207 | train_fsce 0.67141 | train_moe 1.00000 | val_dev 0.80045
epoch 1725 | train_nll -1.31488 | train_fsce 0.65215 | train_moe 1.00000 | val_dev 0.77934
epoch 1730 | train_nll -1.30159 | train_fsce 0.64462 | train_moe 1.00000 | val_dev 0.75564
epoch 1735 | train_nll -1.31128 | train_fsce 0.65919 | train_moe 1.00000 | val_dev 0.75988
epoch 1740 | train_nll -1.31096 | train_fsce 0.64416 | train_moe 1.00000 | val_dev 0.75323
epoch 1745 | train_nll -1.31946 | train_fsce 0.64268 | train_moe 1.00000 | val_dev 0.76096
epoch 1750 | train_nll -1.30797 | train_fsce 0.63857 | train_moe 1.00000 | val_dev 0.77109
epoch 1755 | train_nll -1.31539 | train_fsce 0.64913 | train_moe 1.00000 | val_dev 0.75200
epoch 1760 | train_nll -1.32166 | train_fsce 0.62546 | train_moe 1.00000 | val_dev 0.75940
epoch 1765 | train_nll -1.30088 | train_fsce 0.61620 | train_moe 1.00000 | val_dev 0.75416
epoch 1770 | train_nll -1.31058 | train_fsce 0.66331 | train_moe 1.00000 | val_dev 0.76742
epoch 1775 | train_nll -1.31787 | train_fsce 0.61439 | train_moe 1.00000 | val_dev 0.75177
epoch 1780 | train_nll -1.31911 | train_fsce 0.60690 | train_moe 1.00000 | val_dev 0.74189
epoch 1785 | train_nll -1.32098 | train_fsce 0.63650 | train_moe 1.00000 | val_dev 0.73427
epoch 1790 | train_nll -1.32189 | train_fsce 0.60426 | train_moe 1.00000 | val_dev 0.73925
epoch 1795 | train_nll -1.31486 | train_fsce 0.63255 | train_moe 1.00000 | val_dev 0.74885
epoch 1800 | train_nll -1.32515 | train_fsce 0.57260 | train_moe 1.00000 | val_dev 0.72872
epoch 1805 | train_nll -1.31142 | train_fsce 0.60459 | train_moe 1.00000 | val_dev 0.73768
epoch 1810 | train_nll -1.30875 | train_fsce 0.62829 | train_moe 1.00000 | val_dev 0.75122
epoch 1815 | train_nll -1.30640 | train_fsce 0.61456 | train_moe 1.00000 | val_dev 0.74585
epoch 1820 | train_nll -1.31295 | train_fsce 0.63638 | train_moe 1.00000 | val_dev 0.72545
epoch 1825 | train_nll -1.31329 | train_fsce 0.62731 | train_moe 1.00000 | val_dev 0.73359
epoch 1830 | train_nll -1.30818 | train_fsce 0.63897 | train_moe 1.00000 | val_dev 0.76309
epoch 1835 | train_nll -1.32615 | train_fsce 0.61438 | train_moe 1.00000 | val_dev 0.76005
epoch 1840 | train_nll -1.31943 | train_fsce 0.62403 | train_moe 1.00000 | val_dev 0.74639
epoch 1845 | train_nll -1.27999 | train_fsce 0.62105 | train_moe 1.00000 | val_dev 0.76416
epoch 1850 | train_nll -1.30757 | train_fsce 0.63953 | train_moe 1.00000 | val_dev 0.73720
epoch 1855 | train_nll -1.31660 | train_fsce 0.63694 | train_moe 1.00000 | val_dev 0.74457
epoch 1860 | train_nll -1.30407 | train_fsce 0.63736 | train_moe 1.00000 | val_dev 0.74021
epoch 1865 | train_nll -1.31663 | train_fsce 0.62212 | train_moe 1.00000 | val_dev 0.72303
epoch 1870 | train_nll -1.29957 | train_fsce 0.58437 | train_moe 1.00000 | val_dev 0.75892
epoch 1875 | train_nll -1.31216 | train_fsce 0.62830 | train_moe 1.00000 | val_dev 0.73915
epoch 1880 | train_nll -1.31590 | train_fsce 0.60974 | train_moe 1.00000 | val_dev 0.73508
epoch 1885 | train_nll -1.31793 | train_fsce 0.60742 | train_moe 1.00000 | val_dev 0.74097
epoch 1890 | train_nll -1.31447 | train_fsce 0.64841 | train_moe 1.00000 | val_dev 0.75787
epoch 1895 | train_nll -1.31298 | train_fsce 0.62000 | train_moe 1.00000 | val_dev 0.75055
epoch 1900 | train_nll -1.31818 | train_fsce 0.63731 | train_moe 1.00000 | val_dev 0.76959
epoch 1905 | train_nll -1.32757 | train_fsce 0.62302 | train_moe 1.00000 | val_dev 0.75001
epoch 1910 | train_nll -1.32182 | train_fsce 0.61665 | train_moe 1.00000 | val_dev 0.75230
epoch 1915 | train_nll -1.31725 | train_fsce 0.58634 | train_moe 1.00000 | val_dev 0.74810
epoch 1920 | train_nll -1.32276 | train_fsce 0.62164 | train_moe 1.00000 | val_dev 0.74013
epoch 1925 | train_nll -1.31341 | train_fsce 0.61672 | train_moe 1.00000 | val_dev 0.73942
epoch 1930 | train_nll -1.31861 | train_fsce 0.63760 | train_moe 1.00000 | val_dev 0.74375
epoch 1935 | train_nll -1.32404 | train_fsce 0.59433 | train_moe 1.00000 | val_dev 0.75886
epoch 1940 | train_nll -1.32661 | train_fsce 0.59792 | train_moe 1.00000 | val_dev 0.74864
epoch 1945 | train_nll -1.33057 | train_fsce 0.60951 | train_moe 1.00000 | val_dev 0.75010
epoch 1950 | train_nll -1.32984 | train_fsce 0.59933 | train_moe 1.00000 | val_dev 0.76098
epoch 1955 | train_nll -1.32390 | train_fsce 0.58609 | train_moe 1.00000 | val_dev 0.77697
epoch 1960 | train_nll -1.32039 | train_fsce 0.61114 | train_moe 1.00000 | val_dev 0.73929
epoch 1965 | train_nll -1.30828 | train_fsce 0.60581 | train_moe 1.00000 | val_dev 0.72828
epoch 1970 | train_nll -1.31525 | train_fsce 0.62842 | train_moe 1.00000 | val_dev 0.71436
epoch 1975 | train_nll -1.31432 | train_fsce 0.63301 | train_moe 1.00000 | val_dev 0.72824
epoch 1980 | train_nll -1.32638 | train_fsce 0.60384 | train_moe 1.00000 | val_dev 0.73054
epoch 1985 | train_nll -1.32073 | train_fsce 0.60765 | train_moe 1.00000 | val_dev 0.74302
epoch 1990 | train_nll -1.33024 | train_fsce 0.62779 | train_moe 1.00000 | val_dev 0.77158
epoch 1995 | train_nll -1.31736 | train_fsce 0.61604 | train_moe 1.00000 | val_dev 0.76317
epoch 2000 | train_nll -1.31677 | train_fsce 0.62334 | train_moe 1.00000 | val_dev 0.76096
epoch 2005 | train_nll -1.30840 | train_fsce 0.58316 | train_moe 1.00000 | val_dev 0.82248
epoch 2010 | train_nll -1.31083 | train_fsce 0.66117 | train_moe 1.00000 | val_dev 0.76315
epoch 2015 | train_nll -1.30465 | train_fsce 0.63221 | train_moe 1.00000 | val_dev 0.77503
epoch 2020 | train_nll -1.32090 | train_fsce 0.63571 | train_moe 1.00000 | val_dev 0.75778
epoch 2025 | train_nll -1.30727 | train_fsce 0.64447 | train_moe 1.00000 | val_dev 0.77040
epoch 2030 | train_nll -1.31347 | train_fsce 0.60485 | train_moe 1.00000 | val_dev 0.78235
epoch 2035 | train_nll -1.29896 | train_fsce 0.62909 | train_moe 1.00000 | val_dev 0.76049
epoch 2040 | train_nll -1.30946 | train_fsce 0.62467 | train_moe 1.00000 | val_dev 0.76255
epoch 2045 | train_nll -1.32068 | train_fsce 0.62238 | train_moe 1.00000 | val_dev 0.78607
epoch 2050 | train_nll -1.32398 | train_fsce 0.65346 | train_moe 1.00000 | val_dev 0.78388
epoch 2055 | train_nll -1.32445 | train_fsce 0.61335 | train_moe 1.00000 | val_dev 0.78153
epoch 2060 | train_nll -1.32130 | train_fsce 0.63785 | train_moe 1.00000 | val_dev 0.78904
epoch 2065 | train_nll -1.31102 | train_fsce 0.66902 | train_moe 1.00000 | val_dev 0.78310
epoch 2070 | train_nll -1.32557 | train_fsce 0.64187 | train_moe 1.00000 | val_dev 0.77912
epoch 2075 | train_nll -1.32916 | train_fsce 0.61230 | train_moe 1.00000 | val_dev 0.72941
epoch 2080 | train_nll -1.33067 | train_fsce 0.62269 | train_moe 1.00000 | val_dev 0.74920
epoch 2085 | train_nll -1.33038 | train_fsce 0.62761 | train_moe 1.00000 | val_dev 0.74213
epoch 2090 | train_nll -1.31931 | train_fsce 0.60238 | train_moe 1.00000 | val_dev 0.76298
epoch 2095 | train_nll -1.31034 | train_fsce 0.62762 | train_moe 1.00000 | val_dev 0.78232
epoch 2100 | train_nll -1.32221 | train_fsce 0.61115 | train_moe 1.00000 | val_dev 0.76853
epoch 2105 | train_nll -1.32216 | train_fsce 0.60912 | train_moe 1.00000 | val_dev 0.74661
epoch 2110 | train_nll -1.32717 | train_fsce 0.62369 | train_moe 1.00000 | val_dev 0.74388
epoch 2115 | train_nll -1.33080 | train_fsce 0.60767 | train_moe 1.00000 | val_dev 0.75509
epoch 2120 | train_nll -1.33703 | train_fsce 0.59421 | train_moe 1.00000 | val_dev 0.76245
epoch 2125 | train_nll -1.30309 | train_fsce 0.64178 | train_moe 1.00000 | val_dev 0.77330
epoch 2130 | train_nll -1.31763 | train_fsce 0.61815 | train_moe 1.00000 | val_dev 0.79379
epoch 2135 | train_nll -1.30556 | train_fsce 0.66167 | train_moe 1.00000 | val_dev 0.81088
epoch 2140 | train_nll -1.30711 | train_fsce 0.64635 | train_moe 1.00000 | val_dev 0.84671
epoch 2145 | train_nll -1.30787 | train_fsce 0.64669 | train_moe 1.00000 | val_dev 0.79224
epoch 2150 | train_nll -1.31147 | train_fsce 0.67120 | train_moe 1.00000 | val_dev 0.76567
epoch 2155 | train_nll -1.30908 | train_fsce 0.65537 | train_moe 1.00000 | val_dev 0.75315
epoch 2160 | train_nll -1.31102 | train_fsce 0.66164 | train_moe 1.00000 | val_dev 0.75628
epoch 2165 | train_nll -1.30812 | train_fsce 0.65962 | train_moe 1.00000 | val_dev 0.82504
epoch 2170 | train_nll -1.30813 | train_fsce 0.70160 | train_moe 1.00000 | val_dev 0.77235
epoch 2175 | train_nll -1.32251 | train_fsce 0.62916 | train_moe 1.00000 | val_dev 0.73943
epoch 2180 | train_nll -1.32447 | train_fsce 0.61673 | train_moe 1.00000 | val_dev 0.74834
epoch 2185 | train_nll -1.30163 | train_fsce 0.67572 | train_moe 1.00000 | val_dev 0.76850
epoch 2190 | train_nll -1.31395 | train_fsce 0.66351 | train_moe 1.00000 | val_dev 0.75843
epoch 2195 | train_nll -1.32327 | train_fsce 0.64729 | train_moe 1.00000 | val_dev 0.72670
epoch 2200 | train_nll -1.32055 | train_fsce 0.65872 | train_moe 1.00000 | val_dev 0.75686
epoch 2205 | train_nll -1.32021 | train_fsce 0.61490 | train_moe 1.00000 | val_dev 0.72619
epoch 2210 | train_nll -1.32629 | train_fsce 0.59476 | train_moe 1.00000 | val_dev 0.74002
epoch 2215 | train_nll -1.30880 | train_fsce 0.59599 | train_moe 1.00000 | val_dev 0.74553
epoch 2220 | train_nll -1.31047 | train_fsce 0.62537 | train_moe 1.00000 | val_dev 0.72985
epoch 2225 | train_nll -1.32189 | train_fsce 0.61431 | train_moe 1.00000 | val_dev 0.74261
epoch 2230 | train_nll -1.30926 | train_fsce 0.62382 | train_moe 1.00000 | val_dev 0.74869
epoch 2235 | train_nll -1.32332 | train_fsce 0.62837 | train_moe 1.00000 | val_dev 0.74730
epoch 2240 | train_nll -1.31656 | train_fsce 0.64213 | train_moe 1.00000 | val_dev 0.75455
epoch 2245 | train_nll -1.32241 | train_fsce 0.64335 | train_moe 1.00000 | val_dev 0.73218
epoch 2250 | train_nll -1.32864 | train_fsce 0.61648 | train_moe 1.00000 | val_dev 0.74603
epoch 2255 | train_nll -1.32343 | train_fsce 0.59449 | train_moe 1.00000 | val_dev 0.76199
epoch 2260 | train_nll -1.32850 | train_fsce 0.64814 | train_moe 1.00000 | val_dev 0.74861
epoch 2265 | train_nll -1.31305 | train_fsce 0.64203 | train_moe 1.00000 | val_dev 0.73677
epoch 2270 | train_nll -1.32632 | train_fsce 0.64271 | train_moe 1.00000 | val_dev 0.73749
epoch 2275 | train_nll -1.32405 | train_fsce 0.58890 | train_moe 1.00000 | val_dev 0.75607
epoch 2280 | train_nll -1.32537 | train_fsce 0.61535 | train_moe 1.00000 | val_dev 0.74206
epoch 2285 | train_nll -1.32045 | train_fsce 0.60395 | train_moe 1.00000 | val_dev 0.78259
epoch 2290 | train_nll -1.32198 | train_fsce 0.65706 | train_moe 1.00000 | val_dev 0.75840
epoch 2295 | train_nll -1.32575 | train_fsce 0.64297 | train_moe 1.00000 | val_dev 0.76599
epoch 2300 | train_nll -1.31930 | train_fsce 0.64653 | train_moe 1.00000 | val_dev 0.77057
epoch 2305 | train_nll -1.31201 | train_fsce 0.63125 | train_moe 1.00000 | val_dev 0.74092
epoch 2310 | train_nll -1.30383 | train_fsce 0.64075 | train_moe 1.00000 | val_dev 0.75500
epoch 2315 | train_nll -1.32007 | train_fsce 0.62775 | train_moe 1.00000 | val_dev 0.79150
epoch 2320 | train_nll -1.32033 | train_fsce 0.64316 | train_moe 1.00000 | val_dev 0.77373
epoch 2325 | train_nll -1.33027 | train_fsce 0.60159 | train_moe 1.00000 | val_dev 0.74322
epoch 2330 | train_nll -1.32694 | train_fsce 0.61785 | train_moe 1.00000 | val_dev 0.73403
epoch 2335 | train_nll -1.32316 | train_fsce 0.60847 | train_moe 1.00000 | val_dev 0.74898
epoch 2340 | train_nll -1.32754 | train_fsce 0.57865 | train_moe 1.00000 | val_dev 0.73338
epoch 2345 | train_nll -1.33695 | train_fsce 0.59897 | train_moe 1.00000 | val_dev 0.73023
epoch 2350 | train_nll -1.33552 | train_fsce 0.63320 | train_moe 1.00000 | val_dev 0.76966
epoch 2355 | train_nll -1.32075 | train_fsce 0.62214 | train_moe 1.00000 | val_dev 0.77015
epoch 2360 | train_nll -1.32927 | train_fsce 0.62870 | train_moe 1.00000 | val_dev 0.77287
epoch 2365 | train_nll -1.33159 | train_fsce 0.62607 | train_moe 1.00000 | val_dev 0.75026
epoch 2370 | train_nll -1.33160 | train_fsce 0.64420 | train_moe 1.00000 | val_dev 0.74907
epoch 2375 | train_nll -1.32886 | train_fsce 0.60930 | train_moe 1.00000 | val_dev 0.74473
epoch 2380 | train_nll -1.33020 | train_fsce 0.62008 | train_moe 1.00000 | val_dev 0.76032
epoch 2385 | train_nll -1.32444 | train_fsce 0.59486 | train_moe 1.00000 | val_dev 0.77369
epoch 2390 | train_nll -1.33265 | train_fsce 0.60987 | train_moe 1.00000 | val_dev 0.75137
epoch 2395 | train_nll -1.32315 | train_fsce 0.62465 | train_moe 1.00000 | val_dev 0.76900
epoch 2400 | train_nll -1.33005 | train_fsce 0.60977 | train_moe 1.00000 | val_dev 0.73411
epoch 2405 | train_nll -1.33108 | train_fsce 0.61289 | train_moe 1.00000 | val_dev 0.74455
epoch 2410 | train_nll -1.32831 | train_fsce 0.60937 | train_moe 1.00000 | val_dev 0.76784
epoch 2415 | train_nll -1.33166 | train_fsce 0.60825 | train_moe 1.00000 | val_dev 0.76768
epoch 2420 | train_nll -1.32726 | train_fsce 0.61610 | train_moe 1.00000 | val_dev 0.76355
epoch 2425 | train_nll -1.31628 | train_fsce 0.62225 | train_moe 1.00000 | val_dev 0.76613
epoch 2430 | train_nll -1.32053 | train_fsce 0.61017 | train_moe 1.00000 | val_dev 0.76144
epoch 2435 | train_nll -1.32462 | train_fsce 0.60421 | train_moe 1.00000 | val_dev 0.73745
epoch 2440 | train_nll -1.32639 | train_fsce 0.60140 | train_moe 1.00000 | val_dev 0.72664
epoch 2445 | train_nll -1.32977 | train_fsce 0.63572 | train_moe 1.00000 | val_dev 0.75693
epoch 2450 | train_nll -1.32778 | train_fsce 0.64669 | train_moe 1.00000 | val_dev 0.77763
epoch 2455 | train_nll -1.31820 | train_fsce 0.63157 | train_moe 1.00000 | val_dev 0.76208
epoch 2460 | train_nll -1.32167 | train_fsce 0.63338 | train_moe 1.00000 | val_dev 0.75623
epoch 2465 | train_nll -1.31985 | train_fsce 0.60689 | train_moe 1.00000 | val_dev 0.77042
epoch 2470 | train_nll -1.31039 | train_fsce 0.62251 | train_moe 1.00000 | val_dev 0.76187
epoch 2475 | train_nll -1.30093 | train_fsce 0.64776 | train_moe 1.00000 | val_dev 0.76913
epoch 2480 | train_nll -1.32087 | train_fsce 0.62304 | train_moe 1.00000 | val_dev 0.75807
epoch 2485 | train_nll -1.32177 | train_fsce 0.62318 | train_moe 1.00000 | val_dev 0.74398
epoch 2490 | train_nll -1.32119 | train_fsce 0.62172 | train_moe 1.00000 | val_dev 0.76152
epoch 2495 | train_nll -1.32326 | train_fsce 0.61765 | train_moe 1.00000 | val_dev 0.74149
epoch 2500 | train_nll -1.32943 | train_fsce 0.57765 | train_moe 1.00000 | val_dev 0.72467
epoch 2505 | train_nll -1.32190 | train_fsce 0.60070 | train_moe 1.00000 | val_dev 0.73391
epoch 2510 | train_nll -1.32378 | train_fsce 0.61205 | train_moe 1.00000 | val_dev 0.75679
epoch 2515 | train_nll -1.31619 | train_fsce 0.61271 | train_moe 1.00000 | val_dev 0.74840
epoch 2520 | train_nll -1.32064 | train_fsce 0.58146 | train_moe 1.00000 | val_dev 0.75529
epoch 2525 | train_nll -1.31767 | train_fsce 0.60356 | train_moe 1.00000 | val_dev 0.74976
epoch 2530 | train_nll -1.32097 | train_fsce 0.60031 | train_moe 1.00000 | val_dev 0.74822
epoch 2535 | train_nll -1.32638 | train_fsce 0.59656 | train_moe 1.00000 | val_dev 0.77962
epoch 2540 | train_nll -1.32746 | train_fsce 0.61858 | train_moe 1.00000 | val_dev 0.75575
epoch 2545 | train_nll -1.31201 | train_fsce 0.65241 | train_moe 1.00000 | val_dev 0.76753
epoch 2550 | train_nll -1.32011 | train_fsce 0.64201 | train_moe 1.00000 | val_dev 0.77387
epoch 2555 | train_nll -1.32567 | train_fsce 0.61659 | train_moe 1.00000 | val_dev 0.78067
epoch 2560 | train_nll -1.31639 | train_fsce 0.61591 | train_moe 1.00000 | val_dev 0.76717
epoch 2565 | train_nll -1.32248 | train_fsce 0.63519 | train_moe 1.00000 | val_dev 0.75460
epoch 2570 | train_nll -1.31086 | train_fsce 0.65962 | train_moe 1.00000 | val_dev 0.75985
epoch 2575 | train_nll -1.32657 | train_fsce 0.59517 | train_moe 1.00000 | val_dev 0.73427
epoch 2580 | train_nll -1.32871 | train_fsce 0.64122 | train_moe 1.00000 | val_dev 0.75651
epoch 2585 | train_nll -1.32886 | train_fsce 0.61908 | train_moe 1.00000 | val_dev 0.76888
epoch 2590 | train_nll -1.32264 | train_fsce 0.62516 | train_moe 1.00000 | val_dev 0.79538
epoch 2595 | train_nll -1.30270 | train_fsce 0.61990 | train_moe 1.00000 | val_dev 0.75358
epoch 2600 | train_nll -1.31300 | train_fsce 0.64767 | train_moe 1.00000 | val_dev 0.77499
epoch 2605 | train_nll -1.31104 | train_fsce 0.64346 | train_moe 1.00000 | val_dev 0.77870
epoch 2610 | train_nll -1.30965 | train_fsce 0.63763 | train_moe 1.00000 | val_dev 0.78513
epoch 2615 | train_nll -1.29961 | train_fsce 0.61821 | train_moe 1.00000 | val_dev 0.79734
epoch 2620 | train_nll -1.31634 | train_fsce 0.64293 | train_moe 1.00000 | val_dev 0.73800
epoch 2625 | train_nll -1.32787 | train_fsce 0.60228 | train_moe 1.00000 | val_dev 0.73725
epoch 2630 | train_nll -1.32584 | train_fsce 0.61408 | train_moe 1.00000 | val_dev 0.73403
epoch 2635 | train_nll -1.32930 | train_fsce 0.62472 | train_moe 1.00000 | val_dev 0.75150
epoch 2640 | train_nll -1.32617 | train_fsce 0.63162 | train_moe 1.00000 | val_dev 0.75507
epoch 2645 | train_nll -1.32926 | train_fsce 0.61589 | train_moe 1.00000 | val_dev 0.74676
epoch 2650 | train_nll -1.33097 | train_fsce 0.61137 | train_moe 1.00000 | val_dev 0.73946
epoch 2655 | train_nll -1.30470 | train_fsce 0.61577 | train_moe 1.00000 | val_dev 0.74435
epoch 2660 | train_nll -1.31322 | train_fsce 0.61207 | train_moe 1.00000 | val_dev 0.76202
epoch 2665 | train_nll -1.32412 | train_fsce 0.61160 | train_moe 1.00000 | val_dev 0.76075
epoch 2670 | train_nll -1.31139 | train_fsce 0.57721 | train_moe 1.00000 | val_dev 0.75603
epoch 2675 | train_nll -1.32531 | train_fsce 0.61572 | train_moe 1.00000 | val_dev 0.73949
epoch 2680 | train_nll -1.30957 | train_fsce 0.59816 | train_moe 1.00000 | val_dev 0.76794
epoch 2685 | train_nll -1.32659 | train_fsce 0.60397 | train_moe 1.00000 | val_dev 0.75308
epoch 2690 | train_nll -1.32828 | train_fsce 0.58519 | train_moe 1.00000 | val_dev 0.74842
epoch 2695 | train_nll -1.32998 | train_fsce 0.60200 | train_moe 1.00000 | val_dev 0.75024
epoch 2700 | train_nll -1.33002 | train_fsce 0.59211 | train_moe 1.00000 | val_dev 0.74578
epoch 2705 | train_nll -1.32533 | train_fsce 0.60934 | train_moe 1.00000 | val_dev 0.74854
epoch 2710 | train_nll -1.32027 | train_fsce 0.60542 | train_moe 1.00000 | val_dev 0.73344
epoch 2715 | train_nll -1.34479 | train_fsce 0.61482 | train_moe 1.00000 | val_dev 0.72756
epoch 2720 | train_nll -1.33600 | train_fsce 0.61190 | train_moe 1.00000 | val_dev 0.72406
epoch 2725 | train_nll -1.33528 | train_fsce 0.59698 | train_moe 1.00000 | val_dev 0.73480
epoch 2730 | train_nll -1.31725 | train_fsce 0.59414 | train_moe 1.00000 | val_dev 0.76032
epoch 2735 | train_nll -1.33078 | train_fsce 0.59782 | train_moe 1.00000 | val_dev 0.79255
epoch 2740 | train_nll -1.31873 | train_fsce 0.61336 | train_moe 1.00000 | val_dev 0.77705
epoch 2745 | train_nll -1.32364 | train_fsce 0.57896 | train_moe 1.00000 | val_dev 0.77291
epoch 2750 | train_nll -1.32948 | train_fsce 0.60030 | train_moe 1.00000 | val_dev 0.76578
epoch 2755 | train_nll -1.32229 | train_fsce 0.60071 | train_moe 1.00000 | val_dev 0.75951
epoch 2760 | train_nll -1.31773 | train_fsce 0.61677 | train_moe 1.00000 | val_dev 0.76238
epoch 2765 | train_nll -1.32572 | train_fsce 0.57722 | train_moe 1.00000 | val_dev 0.75264
epoch 2770 | train_nll -1.32277 | train_fsce 0.59302 | train_moe 1.00000 | val_dev 0.77980
epoch 2775 | train_nll -1.32730 | train_fsce 0.60832 | train_moe 1.00000 | val_dev 0.78369
epoch 2780 | train_nll -1.32789 | train_fsce 0.63105 | train_moe 1.00000 | val_dev 0.78277
epoch 2785 | train_nll -1.32930 | train_fsce 0.58136 | train_moe 1.00000 | val_dev 0.76950
epoch 2790 | train_nll -1.33369 | train_fsce 0.59007 | train_moe 1.00000 | val_dev 0.74093
epoch 2795 | train_nll -1.32899 | train_fsce 0.58973 | train_moe 1.00000 | val_dev 0.73273
epoch 2800 | train_nll -1.33007 | train_fsce 0.61317 | train_moe 1.00000 | val_dev 0.76052
epoch 2805 | train_nll -1.32888 | train_fsce 0.60402 | train_moe 1.00000 | val_dev 0.76327
epoch 2810 | train_nll -1.31792 | train_fsce 0.61616 | train_moe 1.00000 | val_dev 0.76950
epoch 2815 | train_nll -1.32141 | train_fsce 0.62456 | train_moe 1.00000 | val_dev 0.75463
epoch 2820 | train_nll -1.32618 | train_fsce 0.62786 | train_moe 1.00000 | val_dev 0.77218
epoch 2825 | train_nll -1.30650 | train_fsce 0.60706 | train_moe 1.00000 | val_dev 0.78852
epoch 2830 | train_nll -1.31522 | train_fsce 0.65459 | train_moe 1.00000 | val_dev 0.77655
epoch 2835 | train_nll -1.30683 | train_fsce 0.61872 | train_moe 1.00000 | val_dev 0.76722
epoch 2840 | train_nll -1.32030 | train_fsce 0.62806 | train_moe 1.00000 | val_dev 0.77000
epoch 2845 | train_nll -1.32104 | train_fsce 0.60869 | train_moe 1.00000 | val_dev 0.73696
epoch 2850 | train_nll -1.32730 | train_fsce 0.59962 | train_moe 1.00000 | val_dev 0.72010
epoch 2855 | train_nll -1.32563 | train_fsce 0.59387 | train_moe 1.00000 | val_dev 0.71747
epoch 2860 | train_nll -1.33171 | train_fsce 0.59304 | train_moe 1.00000 | val_dev 0.74916
epoch 2865 | train_nll -1.33196 | train_fsce 0.59915 | train_moe 1.00000 | val_dev 0.73241
epoch 2870 | train_nll -1.32770 | train_fsce 0.57650 | train_moe 1.00000 | val_dev 0.73356
epoch 2875 | train_nll -1.33002 | train_fsce 0.63062 | train_moe 1.00000 | val_dev 0.73564
epoch 2880 | train_nll -1.33959 | train_fsce 0.58678 | train_moe 1.00000 | val_dev 0.76075
epoch 2885 | train_nll -1.33435 | train_fsce 0.57401 | train_moe 1.00000 | val_dev 0.75850
epoch 2890 | train_nll -1.33730 | train_fsce 0.58457 | train_moe 1.00000 | val_dev 0.76222
epoch 2895 | train_nll -1.32432 | train_fsce 0.58879 | train_moe 1.00000 | val_dev 0.76177
epoch 2900 | train_nll -1.32248 | train_fsce 0.59898 | train_moe 1.00000 | val_dev 0.74366
epoch 2905 | train_nll -1.33214 | train_fsce 0.61479 | train_moe 1.00000 | val_dev 0.76130
epoch 2910 | train_nll -1.33641 | train_fsce 0.61409 | train_moe 1.00000 | val_dev 0.73742
epoch 2915 | train_nll -1.33241 | train_fsce 0.57699 | train_moe 1.00000 | val_dev 0.74422
epoch 2920 | train_nll -1.33313 | train_fsce 0.59187 | train_moe 1.00000 | val_dev 0.73165
epoch 2925 | train_nll -1.33233 | train_fsce 0.60722 | train_moe 1.00000 | val_dev 0.74432
epoch 2930 | train_nll -1.33538 | train_fsce 0.59153 | train_moe 1.00000 | val_dev 0.76501
epoch 2935 | train_nll -1.34015 | train_fsce 0.61338 | train_moe 1.00000 | val_dev 0.73012
epoch 2940 | train_nll -1.33360 | train_fsce 0.60956 | train_moe 1.00000 | val_dev 0.73556
epoch 2945 | train_nll -1.33194 | train_fsce 0.58032 | train_moe 1.00000 | val_dev 0.76535
epoch 2950 | train_nll -1.32546 | train_fsce 0.59651 | train_moe 1.00000 | val_dev 0.76312
epoch 2955 | train_nll -1.32806 | train_fsce 0.61347 | train_moe 1.00000 | val_dev 0.75693
epoch 2960 | train_nll -1.32748 | train_fsce 0.60295 | train_moe 1.00000 | val_dev 0.75352
epoch 2965 | train_nll -1.31980 | train_fsce 0.62665 | train_moe 1.00000 | val_dev 0.75586
epoch 2970 | train_nll -1.32431 | train_fsce 0.64191 | train_moe 1.00000 | val_dev 0.74235
epoch 2975 | train_nll -1.33109 | train_fsce 0.63875 | train_moe 1.00000 | val_dev 0.74856
epoch 2980 | train_nll -1.32838 | train_fsce 0.60860 | train_moe 1.00000 | val_dev 0.75709
epoch 2985 | train_nll -1.32294 | train_fsce 0.60577 | train_moe 1.00000 | val_dev 0.78486
epoch 2990 | train_nll -1.33312 | train_fsce 0.59995 | train_moe 1.00000 | val_dev 0.76093
epoch 2995 | train_nll -1.33459 | train_fsce 0.59686 | train_moe 1.00000 | val_dev 0.77550
epoch 3000 | train_nll -1.32554 | train_fsce 0.63240 | train_moe 1.00000 | val_dev 0.77508

最佳 checkpoint：epoch 1025，val_dev 0.70879
test_dev 0.72789（123 個 patch，全程未參與訓練與選 checkpoint）
done
