[dataset]
  dataset = fsq
  csv = data/tky_clean.csv
  cat_col = category
  categories = ['Dining and Drinking', 'Retail', 'Nightlife Spot', 'Community and Government', 'Travel and Transportation', 'Business and Professional Services', 'Landmarks and Outdoors', 'Arts and Entertainment', 'Health and Medicine', 'Sports and Recreation']
  half_width = 50.0
  cell = 15
  center_step = 100
  min_poi = 10
  crs = EPSG:6677

[hparams]
  LATENT_DIM = 2
  EPOCHS = 3000
  BATCH = 256
  LR = 0.001
  WEIGHT_DECAY = 1e-06
  VAL_FRAC = 0.1
  SEED = 0
  N_NEIGHBORS = 15
  GRAPH_METRIC = euclidean
  EDGE_BATCH = 256
  LAMBDA_FSCE = 0.01
  WARMUP_EPOCHS = 200
  NOISE_P = 0.3
  NOISE_MODE = thinning

1233 個 patch，device=mps，噪聲 thinning p=0.3
FSCE graph：24900 條邊，a=1.5769 b=0.8951
epoch    1 | train_nll 0.57714 | train_fsce 3.14380 | val_dev 2.62980 | expl_dev -0.77822
epoch    5 | train_nll -0.80793 | train_fsce 2.24317 | val_dev 1.43233 | expl_dev 0.03149
epoch   10 | train_nll -0.99335 | train_fsce 1.18822 | val_dev 1.09613 | expl_dev 0.25882
epoch   15 | train_nll -1.09944 | train_fsce 1.22334 | val_dev 0.95442 | expl_dev 0.35464
epoch   20 | train_nll -1.17577 | train_fsce 1.30865 | val_dev 0.86774 | expl_dev 0.41325
epoch   25 | train_nll -1.20474 | train_fsce 1.30820 | val_dev 0.83716 | expl_dev 0.43393
epoch   30 | train_nll -1.21925 | train_fsce 1.34320 | val_dev 0.81365 | expl_dev 0.44983
epoch   35 | train_nll -1.21848 | train_fsce 1.34543 | val_dev 0.80671 | expl_dev 0.45452
epoch   40 | train_nll -1.23422 | train_fsce 1.25484 | val_dev 0.78483 | expl_dev 0.46931
epoch   45 | train_nll -1.23887 | train_fsce 1.24066 | val_dev 0.77335 | expl_dev 0.47708
epoch   50 | train_nll -1.24447 | train_fsce 1.21347 | val_dev 0.76890 | expl_dev 0.48009
epoch   55 | train_nll -1.24790 | train_fsce 1.19574 | val_dev 0.77845 | expl_dev 0.47363
epoch   60 | train_nll -1.25065 | train_fsce 1.16292 | val_dev 0.76943 | expl_dev 0.47973
epoch   65 | train_nll -1.25862 | train_fsce 1.17044 | val_dev 0.75510 | expl_dev 0.48942
epoch   70 | train_nll -1.25707 | train_fsce 1.10635 | val_dev 0.75449 | expl_dev 0.48983
epoch   75 | train_nll -1.26370 | train_fsce 1.08742 | val_dev 0.73787 | expl_dev 0.50107
epoch   80 | train_nll -1.27049 | train_fsce 1.07311 | val_dev 0.75706 | expl_dev 0.48809
epoch   85 | train_nll -1.26969 | train_fsce 1.06612 | val_dev 0.74225 | expl_dev 0.49811
epoch   90 | train_nll -1.27467 | train_fsce 1.02571 | val_dev 0.73341 | expl_dev 0.50409
epoch   95 | train_nll -1.27552 | train_fsce 1.05265 | val_dev 0.72518 | expl_dev 0.50965
epoch  100 | train_nll -1.27766 | train_fsce 1.00869 | val_dev 0.73770 | expl_dev 0.50118
epoch  105 | train_nll -1.27862 | train_fsce 0.96676 | val_dev 0.73032 | expl_dev 0.50617
epoch  110 | train_nll -1.27137 | train_fsce 0.94546 | val_dev 0.75691 | expl_dev 0.48819
epoch  115 | train_nll -1.28072 | train_fsce 0.91864 | val_dev 0.72057 | expl_dev 0.51276
epoch  120 | train_nll -1.28149 | train_fsce 0.92379 | val_dev 0.72835 | expl_dev 0.50750
epoch  125 | train_nll -1.29013 | train_fsce 0.93957 | val_dev 0.70356 | expl_dev 0.52427
epoch  130 | train_nll -1.29097 | train_fsce 0.87953 | val_dev 0.71656 | expl_dev 0.51548
epoch  135 | train_nll -1.29134 | train_fsce 0.91742 | val_dev 0.70442 | expl_dev 0.52369
epoch  140 | train_nll -1.29335 | train_fsce 0.90969 | val_dev 0.70557 | expl_dev 0.52291
epoch  145 | train_nll -1.29091 | train_fsce 0.82364 | val_dev 0.72895 | expl_dev 0.50710
epoch  150 | train_nll -1.28517 | train_fsce 0.84571 | val_dev 0.72422 | expl_dev 0.51029
epoch  155 | train_nll -1.28596 | train_fsce 0.88919 | val_dev 0.70181 | expl_dev 0.52545
epoch  160 | train_nll -1.28958 | train_fsce 0.87169 | val_dev 0.68953 | expl_dev 0.53375
epoch  165 | train_nll -1.29658 | train_fsce 0.85375 | val_dev 0.69923 | expl_dev 0.52719
epoch  170 | train_nll -1.29942 | train_fsce 0.84744 | val_dev 0.71811 | expl_dev 0.51443
epoch  175 | train_nll -1.29326 | train_fsce 0.82867 | val_dev 0.72252 | expl_dev 0.51144
epoch  180 | train_nll -1.29567 | train_fsce 0.81955 | val_dev 0.70518 | expl_dev 0.52317
epoch  185 | train_nll -1.29700 | train_fsce 0.82114 | val_dev 0.69173 | expl_dev 0.53226
epoch  190 | train_nll -1.30247 | train_fsce 0.82417 | val_dev 0.70306 | expl_dev 0.52460
epoch  195 | train_nll -1.30387 | train_fsce 0.80973 | val_dev 0.71900 | expl_dev 0.51383
epoch  200 | train_nll -1.30799 | train_fsce 0.74734 | val_dev 0.70297 | expl_dev 0.52467
epoch  205 | train_nll -1.30578 | train_fsce 0.75247 | val_dev 0.71122 | expl_dev 0.51909
epoch  210 | train_nll -1.30050 | train_fsce 0.79399 | val_dev 0.70281 | expl_dev 0.52478
epoch  215 | train_nll -1.30666 | train_fsce 0.76377 | val_dev 0.68338 | expl_dev 0.53791
epoch  220 | train_nll -1.30062 | train_fsce 0.74775 | val_dev 0.69900 | expl_dev 0.52735
epoch  225 | train_nll -1.30648 | train_fsce 0.77719 | val_dev 0.70013 | expl_dev 0.52658
epoch  230 | train_nll -1.31295 | train_fsce 0.83372 | val_dev 0.70439 | expl_dev 0.52371
epoch  235 | train_nll -1.30399 | train_fsce 0.72910 | val_dev 0.70624 | expl_dev 0.52245
epoch  240 | train_nll -1.30332 | train_fsce 0.78596 | val_dev 0.68349 | expl_dev 0.53784
epoch  245 | train_nll -1.30441 | train_fsce 0.76739 | val_dev 0.70369 | expl_dev 0.52418
epoch  250 | train_nll -1.30846 | train_fsce 0.75178 | val_dev 0.70916 | expl_dev 0.52048
epoch  255 | train_nll -1.29822 | train_fsce 0.74228 | val_dev 0.72043 | expl_dev 0.51286
epoch  260 | train_nll -1.31352 | train_fsce 0.73086 | val_dev 0.69354 | expl_dev 0.53104
epoch  265 | train_nll -1.31707 | train_fsce 0.72669 | val_dev 0.68984 | expl_dev 0.53354
epoch  270 | train_nll -1.31381 | train_fsce 0.70578 | val_dev 0.70448 | expl_dev 0.52364
epoch  275 | train_nll -1.31338 | train_fsce 0.67615 | val_dev 0.68239 | expl_dev 0.53858
epoch  280 | train_nll -1.31046 | train_fsce 0.69889 | val_dev 0.68973 | expl_dev 0.53362
epoch  285 | train_nll -1.31466 | train_fsce 0.71767 | val_dev 0.68725 | expl_dev 0.53530
epoch  290 | train_nll -1.31764 | train_fsce 0.72384 | val_dev 0.66581 | expl_dev 0.54979
epoch  295 | train_nll -1.31991 | train_fsce 0.71754 | val_dev 0.68691 | expl_dev 0.53552
epoch  300 | train_nll -1.31949 | train_fsce 0.70583 | val_dev 0.68121 | expl_dev 0.53938
epoch  305 | train_nll -1.30831 | train_fsce 0.71033 | val_dev 0.71765 | expl_dev 0.51474
epoch  310 | train_nll -1.31639 | train_fsce 0.69851 | val_dev 0.71222 | expl_dev 0.51841
epoch  315 | train_nll -1.31223 | train_fsce 0.68587 | val_dev 0.71126 | expl_dev 0.51906
epoch  320 | train_nll -1.30817 | train_fsce 0.71061 | val_dev 0.69762 | expl_dev 0.52828
epoch  325 | train_nll -1.31895 | train_fsce 0.68697 | val_dev 0.72161 | expl_dev 0.51206
epoch  330 | train_nll -1.31519 | train_fsce 0.69555 | val_dev 0.70035 | expl_dev 0.52643
epoch  335 | train_nll -1.31816 | train_fsce 0.70050 | val_dev 0.69035 | expl_dev 0.53320
epoch  340 | train_nll -1.31964 | train_fsce 0.66373 | val_dev 0.69267 | expl_dev 0.53163
epoch  345 | train_nll -1.32276 | train_fsce 0.72825 | val_dev 0.69768 | expl_dev 0.52824
epoch  350 | train_nll -1.33082 | train_fsce 0.67568 | val_dev 0.68563 | expl_dev 0.53639
epoch  355 | train_nll -1.32919 | train_fsce 0.70819 | val_dev 0.69351 | expl_dev 0.53106
epoch  360 | train_nll -1.30863 | train_fsce 0.66583 | val_dev 0.69326 | expl_dev 0.53123
epoch  365 | train_nll -1.32445 | train_fsce 0.69263 | val_dev 0.67668 | expl_dev 0.54245
epoch  370 | train_nll -1.32208 | train_fsce 0.66309 | val_dev 0.65264 | expl_dev 0.55870
epoch  375 | train_nll -1.32180 | train_fsce 0.70018 | val_dev 0.66357 | expl_dev 0.55130
epoch  380 | train_nll -1.32716 | train_fsce 0.67063 | val_dev 0.68246 | expl_dev 0.53853
epoch  385 | train_nll -1.31938 | train_fsce 0.69834 | val_dev 0.70247 | expl_dev 0.52500
epoch  390 | train_nll -1.32140 | train_fsce 0.68186 | val_dev 0.69143 | expl_dev 0.53247
epoch  395 | train_nll -1.31866 | train_fsce 0.70058 | val_dev 0.69294 | expl_dev 0.53144
epoch  400 | train_nll -1.32058 | train_fsce 0.64157 | val_dev 0.69376 | expl_dev 0.53089
epoch  405 | train_nll -1.32596 | train_fsce 0.70431 | val_dev 0.68023 | expl_dev 0.54004
epoch  410 | train_nll -1.32426 | train_fsce 0.68255 | val_dev 0.71247 | expl_dev 0.51824
epoch  415 | train_nll -1.32709 | train_fsce 0.66428 | val_dev 0.71595 | expl_dev 0.51589
epoch  420 | train_nll -1.33177 | train_fsce 0.65441 | val_dev 0.68517 | expl_dev 0.53670
epoch  425 | train_nll -1.33502 | train_fsce 0.67028 | val_dev 0.65837 | expl_dev 0.55482
epoch  430 | train_nll -1.32815 | train_fsce 0.68108 | val_dev 0.65188 | expl_dev 0.55921
epoch  435 | train_nll -1.33838 | train_fsce 0.68024 | val_dev 0.65211 | expl_dev 0.55906
epoch  440 | train_nll -1.32331 | train_fsce 0.65889 | val_dev 0.68350 | expl_dev 0.53783
epoch  445 | train_nll -1.32839 | train_fsce 0.69034 | val_dev 0.67725 | expl_dev 0.54206
epoch  450 | train_nll -1.32257 | train_fsce 0.67234 | val_dev 0.67712 | expl_dev 0.54214
epoch  455 | train_nll -1.32675 | train_fsce 0.63118 | val_dev 0.67386 | expl_dev 0.54435
epoch  460 | train_nll -1.33528 | train_fsce 0.63530 | val_dev 0.67043 | expl_dev 0.54667
epoch  465 | train_nll -1.33357 | train_fsce 0.68750 | val_dev 0.65408 | expl_dev 0.55772
epoch  470 | train_nll -1.33890 | train_fsce 0.64985 | val_dev 0.65421 | expl_dev 0.55764
epoch  475 | train_nll -1.33516 | train_fsce 0.65453 | val_dev 0.67192 | expl_dev 0.54566
epoch  480 | train_nll -1.32190 | train_fsce 0.67351 | val_dev 0.66648 | expl_dev 0.54934
epoch  485 | train_nll -1.33779 | train_fsce 0.66916 | val_dev 0.67867 | expl_dev 0.54109
epoch  490 | train_nll -1.32757 | train_fsce 0.65945 | val_dev 0.66338 | expl_dev 0.55143
epoch  495 | train_nll -1.33323 | train_fsce 0.63320 | val_dev 0.65974 | expl_dev 0.55390
epoch  500 | train_nll -1.34032 | train_fsce 0.62679 | val_dev 0.65242 | expl_dev 0.55885
epoch  505 | train_nll -1.34597 | train_fsce 0.63313 | val_dev 0.70656 | expl_dev 0.52224
epoch  510 | train_nll -1.33155 | train_fsce 0.64776 | val_dev 0.69770 | expl_dev 0.52823
epoch  515 | train_nll -1.34423 | train_fsce 0.62576 | val_dev 0.70546 | expl_dev 0.52298
epoch  520 | train_nll -1.34082 | train_fsce 0.61253 | val_dev 0.66763 | expl_dev 0.54856
epoch  525 | train_nll -1.33309 | train_fsce 0.65909 | val_dev 0.66506 | expl_dev 0.55030
epoch  530 | train_nll -1.34263 | train_fsce 0.63608 | val_dev 0.67579 | expl_dev 0.54304
epoch  535 | train_nll -1.33563 | train_fsce 0.63876 | val_dev 0.68046 | expl_dev 0.53988
epoch  540 | train_nll -1.34583 | train_fsce 0.63318 | val_dev 0.69200 | expl_dev 0.53208
epoch  545 | train_nll -1.33204 | train_fsce 0.65281 | val_dev 0.66104 | expl_dev 0.55302
epoch  550 | train_nll -1.32531 | train_fsce 0.65927 | val_dev 0.71569 | expl_dev 0.51606
epoch  555 | train_nll -1.32621 | train_fsce 0.68836 | val_dev 0.75285 | expl_dev 0.49094
epoch  560 | train_nll -1.32282 | train_fsce 0.65145 | val_dev 0.72628 | expl_dev 0.50891
epoch  565 | train_nll -1.32945 | train_fsce 0.66222 | val_dev 0.69846 | expl_dev 0.52771
epoch  570 | train_nll -1.32307 | train_fsce 0.65283 | val_dev 0.72026 | expl_dev 0.51297
epoch  575 | train_nll -1.33919 | train_fsce 0.63817 | val_dev 0.70154 | expl_dev 0.52563
epoch  580 | train_nll -1.33591 | train_fsce 0.65638 | val_dev 0.71135 | expl_dev 0.51900
epoch  585 | train_nll -1.33669 | train_fsce 0.63032 | val_dev 0.69373 | expl_dev 0.53091
epoch  590 | train_nll -1.34210 | train_fsce 0.61572 | val_dev 0.66765 | expl_dev 0.54855
epoch  595 | train_nll -1.33471 | train_fsce 0.64452 | val_dev 0.68153 | expl_dev 0.53916
epoch  600 | train_nll -1.34290 | train_fsce 0.61069 | val_dev 0.66806 | expl_dev 0.54827
epoch  605 | train_nll -1.34473 | train_fsce 0.63583 | val_dev 0.65075 | expl_dev 0.55997
epoch  610 | train_nll -1.33670 | train_fsce 0.64252 | val_dev 0.69174 | expl_dev 0.53226
epoch  615 | train_nll -1.33382 | train_fsce 0.60348 | val_dev 0.68189 | expl_dev 0.53892
epoch  620 | train_nll -1.33365 | train_fsce 0.62596 | val_dev 0.68221 | expl_dev 0.53870
epoch  625 | train_nll -1.34284 | train_fsce 0.63872 | val_dev 0.71553 | expl_dev 0.51617
epoch  630 | train_nll -1.34759 | train_fsce 0.64973 | val_dev 0.68554 | expl_dev 0.53645
epoch  635 | train_nll -1.33889 | train_fsce 0.63093 | val_dev 0.69031 | expl_dev 0.53323
epoch  640 | train_nll -1.34491 | train_fsce 0.65750 | val_dev 0.68773 | expl_dev 0.53497
epoch  645 | train_nll -1.34426 | train_fsce 0.63756 | val_dev 0.66834 | expl_dev 0.54808
epoch  650 | train_nll -1.33045 | train_fsce 0.62882 | val_dev 0.70948 | expl_dev 0.52026
epoch  655 | train_nll -1.33459 | train_fsce 0.61945 | val_dev 0.67050 | expl_dev 0.54662
epoch  660 | train_nll -1.34221 | train_fsce 0.63771 | val_dev 0.68882 | expl_dev 0.53424
epoch  665 | train_nll -1.34871 | train_fsce 0.62049 | val_dev 0.66958 | expl_dev 0.54724
epoch  670 | train_nll -1.35040 | train_fsce 0.62022 | val_dev 0.71580 | expl_dev 0.51599
epoch  675 | train_nll -1.32730 | train_fsce 0.59524 | val_dev 0.69893 | expl_dev 0.52740
epoch  680 | train_nll -1.32899 | train_fsce 0.61493 | val_dev 0.68296 | expl_dev 0.53820
epoch  685 | train_nll -1.33822 | train_fsce 0.64053 | val_dev 0.70176 | expl_dev 0.52548
epoch  690 | train_nll -1.34897 | train_fsce 0.60707 | val_dev 0.66716 | expl_dev 0.54888
epoch  695 | train_nll -1.34174 | train_fsce 0.62578 | val_dev 0.69111 | expl_dev 0.53268
epoch  700 | train_nll -1.34348 | train_fsce 0.64024 | val_dev 0.64833 | expl_dev 0.56161
epoch  705 | train_nll -1.33925 | train_fsce 0.66022 | val_dev 0.66785 | expl_dev 0.54841
epoch  710 | train_nll -1.34947 | train_fsce 0.64274 | val_dev 0.66847 | expl_dev 0.54799
epoch  715 | train_nll -1.33541 | train_fsce 0.61715 | val_dev 0.72087 | expl_dev 0.51256
epoch  720 | train_nll -1.34133 | train_fsce 0.62984 | val_dev 0.69031 | expl_dev 0.53323
epoch  725 | train_nll -1.34776 | train_fsce 0.59936 | val_dev 0.66917 | expl_dev 0.54752
epoch  730 | train_nll -1.34879 | train_fsce 0.61518 | val_dev 0.65822 | expl_dev 0.55493
epoch  735 | train_nll -1.34915 | train_fsce 0.59767 | val_dev 0.67623 | expl_dev 0.54274
epoch  740 | train_nll -1.35732 | train_fsce 0.61799 | val_dev 0.66108 | expl_dev 0.55299
epoch  745 | train_nll -1.35597 | train_fsce 0.60272 | val_dev 0.65809 | expl_dev 0.55501
epoch  750 | train_nll -1.35725 | train_fsce 0.58763 | val_dev 0.64516 | expl_dev 0.56376
epoch  755 | train_nll -1.35448 | train_fsce 0.58656 | val_dev 0.67487 | expl_dev 0.54366
epoch  760 | train_nll -1.35822 | train_fsce 0.63598 | val_dev 0.68477 | expl_dev 0.53697
epoch  765 | train_nll -1.35177 | train_fsce 0.62311 | val_dev 0.66891 | expl_dev 0.54770
epoch  770 | train_nll -1.35117 | train_fsce 0.62029 | val_dev 0.67553 | expl_dev 0.54322
epoch  775 | train_nll -1.33994 | train_fsce 0.62520 | val_dev 0.68372 | expl_dev 0.53768
epoch  780 | train_nll -1.34867 | train_fsce 0.59383 | val_dev 0.66645 | expl_dev 0.54936
epoch  785 | train_nll -1.35784 | train_fsce 0.60955 | val_dev 0.65644 | expl_dev 0.55613
epoch  790 | train_nll -1.35074 | train_fsce 0.60777 | val_dev 0.64499 | expl_dev 0.56387
epoch  795 | train_nll -1.35837 | train_fsce 0.56714 | val_dev 0.65155 | expl_dev 0.55944
epoch  800 | train_nll -1.34306 | train_fsce 0.58709 | val_dev 0.65609 | expl_dev 0.55637
epoch  805 | train_nll -1.35770 | train_fsce 0.60045 | val_dev 0.67226 | expl_dev 0.54543
epoch  810 | train_nll -1.34657 | train_fsce 0.61538 | val_dev 0.65874 | expl_dev 0.55458
epoch  815 | train_nll -1.35873 | train_fsce 0.60532 | val_dev 0.65469 | expl_dev 0.55732
epoch  820 | train_nll -1.35944 | train_fsce 0.61147 | val_dev 0.64821 | expl_dev 0.56169
epoch  825 | train_nll -1.34929 | train_fsce 0.58611 | val_dev 0.65007 | expl_dev 0.56044
epoch  830 | train_nll -1.35770 | train_fsce 0.61646 | val_dev 0.66771 | expl_dev 0.54851
epoch  835 | train_nll -1.34564 | train_fsce 0.61204 | val_dev 0.66403 | expl_dev 0.55100
epoch  840 | train_nll -1.35325 | train_fsce 0.60136 | val_dev 0.63894 | expl_dev 0.56796
epoch  845 | train_nll -1.35594 | train_fsce 0.56842 | val_dev 0.67293 | expl_dev 0.54498
epoch  850 | train_nll -1.35875 | train_fsce 0.60340 | val_dev 0.66271 | expl_dev 0.55189
epoch  855 | train_nll -1.35206 | train_fsce 0.61684 | val_dev 0.64598 | expl_dev 0.56320
epoch  860 | train_nll -1.35459 | train_fsce 0.60113 | val_dev 0.65511 | expl_dev 0.55703
epoch  865 | train_nll -1.35041 | train_fsce 0.59188 | val_dev 0.67684 | expl_dev 0.54234
epoch  870 | train_nll -1.35392 | train_fsce 0.62457 | val_dev 0.62841 | expl_dev 0.57508
epoch  875 | train_nll -1.36019 | train_fsce 0.59437 | val_dev 0.65684 | expl_dev 0.55586
epoch  880 | train_nll -1.36069 | train_fsce 0.59076 | val_dev 0.63848 | expl_dev 0.56828
epoch  885 | train_nll -1.36149 | train_fsce 0.60304 | val_dev 0.62345 | expl_dev 0.57844
epoch  890 | train_nll -1.34840 | train_fsce 0.59023 | val_dev 0.61926 | expl_dev 0.58127
epoch  895 | train_nll -1.34646 | train_fsce 0.62189 | val_dev 0.67464 | expl_dev 0.54383
epoch  900 | train_nll -1.35460 | train_fsce 0.59381 | val_dev 0.65014 | expl_dev 0.56039
epoch  905 | train_nll -1.35229 | train_fsce 0.64058 | val_dev 0.66963 | expl_dev 0.54721
epoch  910 | train_nll -1.33589 | train_fsce 0.64541 | val_dev 0.70288 | expl_dev 0.52472
epoch  915 | train_nll -1.35536 | train_fsce 0.60582 | val_dev 0.65079 | expl_dev 0.55995
epoch  920 | train_nll -1.33907 | train_fsce 0.60141 | val_dev 0.66352 | expl_dev 0.55134
epoch  925 | train_nll -1.33950 | train_fsce 0.60466 | val_dev 0.64514 | expl_dev 0.56377
epoch  930 | train_nll -1.35111 | train_fsce 0.57689 | val_dev 0.64665 | expl_dev 0.56275
epoch  935 | train_nll -1.35251 | train_fsce 0.59866 | val_dev 0.63848 | expl_dev 0.56828
epoch  940 | train_nll -1.35737 | train_fsce 0.60484 | val_dev 0.65374 | expl_dev 0.55795
epoch  945 | train_nll -1.36834 | train_fsce 0.58697 | val_dev 0.65445 | expl_dev 0.55747
epoch  950 | train_nll -1.36281 | train_fsce 0.58098 | val_dev 0.64465 | expl_dev 0.56410
epoch  955 | train_nll -1.35808 | train_fsce 0.60065 | val_dev 0.63766 | expl_dev 0.56883
epoch  960 | train_nll -1.34942 | train_fsce 0.57547 | val_dev 0.64813 | expl_dev 0.56175
epoch  965 | train_nll -1.34991 | train_fsce 0.63318 | val_dev 0.67168 | expl_dev 0.54582
epoch  970 | train_nll -1.35870 | train_fsce 0.62058 | val_dev 0.65468 | expl_dev 0.55732
epoch  975 | train_nll -1.35529 | train_fsce 0.58669 | val_dev 0.63198 | expl_dev 0.57267
epoch  980 | train_nll -1.34906 | train_fsce 0.60021 | val_dev 0.63310 | expl_dev 0.57191
epoch  985 | train_nll -1.36449 | train_fsce 0.58669 | val_dev 0.63127 | expl_dev 0.57315
epoch  990 | train_nll -1.35885 | train_fsce 0.60807 | val_dev 0.62867 | expl_dev 0.57491
epoch  995 | train_nll -1.36023 | train_fsce 0.59554 | val_dev 0.66858 | expl_dev 0.54792
epoch 1000 | train_nll -1.36284 | train_fsce 0.58388 | val_dev 0.61387 | expl_dev 0.58491
epoch 1005 | train_nll -1.34008 | train_fsce 0.63948 | val_dev 0.66858 | expl_dev 0.54792
epoch 1010 | train_nll -1.35433 | train_fsce 0.60427 | val_dev 0.69642 | expl_dev 0.52910
epoch 1015 | train_nll -1.35030 | train_fsce 0.63611 | val_dev 0.68365 | expl_dev 0.53773
epoch 1020 | train_nll -1.36192 | train_fsce 0.60207 | val_dev 0.67120 | expl_dev 0.54615
epoch 1025 | train_nll -1.35444 | train_fsce 0.59929 | val_dev 0.64536 | expl_dev 0.56362
epoch 1030 | train_nll -1.36916 | train_fsce 0.57566 | val_dev 0.63502 | expl_dev 0.57061
epoch 1035 | train_nll -1.36294 | train_fsce 0.60004 | val_dev 0.62669 | expl_dev 0.57624
epoch 1040 | train_nll -1.36347 | train_fsce 0.56319 | val_dev 0.63041 | expl_dev 0.57373
epoch 1045 | train_nll -1.35417 | train_fsce 0.59183 | val_dev 0.66367 | expl_dev 0.55124
epoch 1050 | train_nll -1.36686 | train_fsce 0.58268 | val_dev 0.66039 | expl_dev 0.55346
epoch 1055 | train_nll -1.35122 | train_fsce 0.62907 | val_dev 0.65338 | expl_dev 0.55820
epoch 1060 | train_nll -1.35887 | train_fsce 0.59499 | val_dev 0.64252 | expl_dev 0.56554
epoch 1065 | train_nll -1.35608 | train_fsce 0.57455 | val_dev 0.61575 | expl_dev 0.58364
epoch 1070 | train_nll -1.35671 | train_fsce 0.60666 | val_dev 0.63641 | expl_dev 0.56968
epoch 1075 | train_nll -1.36039 | train_fsce 0.59867 | val_dev 0.62635 | expl_dev 0.57648
epoch 1080 | train_nll -1.36510 | train_fsce 0.59765 | val_dev 0.64409 | expl_dev 0.56448
epoch 1085 | train_nll -1.35739 | train_fsce 0.57514 | val_dev 0.66005 | expl_dev 0.55369
epoch 1090 | train_nll -1.36473 | train_fsce 0.58281 | val_dev 0.65811 | expl_dev 0.55500
epoch 1095 | train_nll -1.35239 | train_fsce 0.63243 | val_dev 0.66139 | expl_dev 0.55278
epoch 1100 | train_nll -1.35781 | train_fsce 0.62456 | val_dev 0.63583 | expl_dev 0.57007
epoch 1105 | train_nll -1.35461 | train_fsce 0.60804 | val_dev 0.65615 | expl_dev 0.55632
epoch 1110 | train_nll -1.35254 | train_fsce 0.57941 | val_dev 0.66325 | expl_dev 0.55152
epoch 1115 | train_nll -1.36097 | train_fsce 0.60896 | val_dev 0.63765 | expl_dev 0.56883
epoch 1120 | train_nll -1.36489 | train_fsce 0.57409 | val_dev 0.63742 | expl_dev 0.56899
epoch 1125 | train_nll -1.35045 | train_fsce 0.60608 | val_dev 0.70998 | expl_dev 0.51992
epoch 1130 | train_nll -1.35661 | train_fsce 0.53321 | val_dev 0.65406 | expl_dev 0.55774
epoch 1135 | train_nll -1.36214 | train_fsce 0.57707 | val_dev 0.63191 | expl_dev 0.57271
epoch 1140 | train_nll -1.36421 | train_fsce 0.57205 | val_dev 0.62761 | expl_dev 0.57562
epoch 1145 | train_nll -1.36251 | train_fsce 0.59885 | val_dev 0.65677 | expl_dev 0.55591
epoch 1150 | train_nll -1.36322 | train_fsce 0.57079 | val_dev 0.64350 | expl_dev 0.56488
epoch 1155 | train_nll -1.37389 | train_fsce 0.59043 | val_dev 0.63870 | expl_dev 0.56813
epoch 1160 | train_nll -1.34274 | train_fsce 0.61590 | val_dev 0.66491 | expl_dev 0.55040
epoch 1165 | train_nll -1.36036 | train_fsce 0.56958 | val_dev 0.63845 | expl_dev 0.56829
epoch 1170 | train_nll -1.36646 | train_fsce 0.61060 | val_dev 0.66554 | expl_dev 0.54998
epoch 1175 | train_nll -1.36116 | train_fsce 0.57155 | val_dev 0.60887 | expl_dev 0.58829
epoch 1180 | train_nll -1.35575 | train_fsce 0.59413 | val_dev 0.63367 | expl_dev 0.57152
epoch 1185 | train_nll -1.35940 | train_fsce 0.59346 | val_dev 0.66722 | expl_dev 0.54884
epoch 1190 | train_nll -1.35638 | train_fsce 0.59152 | val_dev 0.64732 | expl_dev 0.56230
epoch 1195 | train_nll -1.36640 | train_fsce 0.55946 | val_dev 0.62810 | expl_dev 0.57529
epoch 1200 | train_nll -1.35432 | train_fsce 0.62160 | val_dev 0.65706 | expl_dev 0.55571
epoch 1205 | train_nll -1.36967 | train_fsce 0.56921 | val_dev 0.65231 | expl_dev 0.55892
epoch 1210 | train_nll -1.36854 | train_fsce 0.57714 | val_dev 0.65303 | expl_dev 0.55844
epoch 1215 | train_nll -1.36979 | train_fsce 0.58118 | val_dev 0.61667 | expl_dev 0.58302
epoch 1220 | train_nll -1.36954 | train_fsce 0.56753 | val_dev 0.61401 | expl_dev 0.58482
epoch 1225 | train_nll -1.36342 | train_fsce 0.60440 | val_dev 0.62943 | expl_dev 0.57439
epoch 1230 | train_nll -1.37244 | train_fsce 0.59790 | val_dev 0.63780 | expl_dev 0.56873
epoch 1235 | train_nll -1.37000 | train_fsce 0.59056 | val_dev 0.61317 | expl_dev 0.58539
epoch 1240 | train_nll -1.37306 | train_fsce 0.55422 | val_dev 0.61058 | expl_dev 0.58714
epoch 1245 | train_nll -1.36682 | train_fsce 0.61760 | val_dev 0.61472 | expl_dev 0.58434
epoch 1250 | train_nll -1.37298 | train_fsce 0.58154 | val_dev 0.64231 | expl_dev 0.56569
epoch 1255 | train_nll -1.36998 | train_fsce 0.59193 | val_dev 0.64888 | expl_dev 0.56124
epoch 1260 | train_nll -1.36546 | train_fsce 0.56948 | val_dev 0.63699 | expl_dev 0.56928
epoch 1265 | train_nll -1.36504 | train_fsce 0.60676 | val_dev 0.63528 | expl_dev 0.57044
epoch 1270 | train_nll -1.36880 | train_fsce 0.61767 | val_dev 0.63922 | expl_dev 0.56777
epoch 1275 | train_nll -1.36663 | train_fsce 0.60193 | val_dev 0.65505 | expl_dev 0.55707
epoch 1280 | train_nll -1.37754 | train_fsce 0.59748 | val_dev 0.65848 | expl_dev 0.55475
epoch 1285 | train_nll -1.35523 | train_fsce 0.60963 | val_dev 0.66369 | expl_dev 0.55122
epoch 1290 | train_nll -1.37572 | train_fsce 0.59573 | val_dev 0.62233 | expl_dev 0.57919
epoch 1295 | train_nll -1.37819 | train_fsce 0.59800 | val_dev 0.63872 | expl_dev 0.56811
epoch 1300 | train_nll -1.36666 | train_fsce 0.57283 | val_dev 0.63887 | expl_dev 0.56801
epoch 1305 | train_nll -1.37128 | train_fsce 0.60520 | val_dev 0.62222 | expl_dev 0.57927
epoch 1310 | train_nll -1.36894 | train_fsce 0.56858 | val_dev 0.67198 | expl_dev 0.54562
epoch 1315 | train_nll -1.37138 | train_fsce 0.59712 | val_dev 0.62379 | expl_dev 0.57821
epoch 1320 | train_nll -1.37218 | train_fsce 0.60553 | val_dev 0.62718 | expl_dev 0.57592
epoch 1325 | train_nll -1.36717 | train_fsce 0.62271 | val_dev 0.63528 | expl_dev 0.57044
epoch 1330 | train_nll -1.37124 | train_fsce 0.62074 | val_dev 0.63797 | expl_dev 0.56862
epoch 1335 | train_nll -1.36872 | train_fsce 0.56647 | val_dev 0.60831 | expl_dev 0.58867
epoch 1340 | train_nll -1.36611 | train_fsce 0.57310 | val_dev 0.64133 | expl_dev 0.56634
epoch 1345 | train_nll -1.37262 | train_fsce 0.58829 | val_dev 0.63042 | expl_dev 0.57372
epoch 1350 | train_nll -1.37335 | train_fsce 0.59306 | val_dev 0.64781 | expl_dev 0.56196
epoch 1355 | train_nll -1.36855 | train_fsce 0.55984 | val_dev 0.62365 | expl_dev 0.57830
epoch 1360 | train_nll -1.36344 | train_fsce 0.56890 | val_dev 0.62806 | expl_dev 0.57532
epoch 1365 | train_nll -1.35983 | train_fsce 0.57557 | val_dev 0.66063 | expl_dev 0.55329
epoch 1370 | train_nll -1.35912 | train_fsce 0.59843 | val_dev 0.64775 | expl_dev 0.56201
epoch 1375 | train_nll -1.36150 | train_fsce 0.56060 | val_dev 0.66064 | expl_dev 0.55329
epoch 1380 | train_nll -1.36557 | train_fsce 0.59823 | val_dev 0.63564 | expl_dev 0.57019
epoch 1385 | train_nll -1.37252 | train_fsce 0.57259 | val_dev 0.65087 | expl_dev 0.55990
epoch 1390 | train_nll -1.37760 | train_fsce 0.58691 | val_dev 0.66908 | expl_dev 0.54758
epoch 1395 | train_nll -1.37014 | train_fsce 0.61592 | val_dev 0.62111 | expl_dev 0.58002
epoch 1400 | train_nll -1.36940 | train_fsce 0.60778 | val_dev 0.61163 | expl_dev 0.58643
epoch 1405 | train_nll -1.37046 | train_fsce 0.64383 | val_dev 0.64933 | expl_dev 0.56093
epoch 1410 | train_nll -1.36235 | train_fsce 0.59347 | val_dev 0.67141 | expl_dev 0.54601
epoch 1415 | train_nll -1.37249 | train_fsce 0.61876 | val_dev 0.64180 | expl_dev 0.56603
epoch 1420 | train_nll -1.36998 | train_fsce 0.58922 | val_dev 0.65225 | expl_dev 0.55896
epoch 1425 | train_nll -1.37452 | train_fsce 0.60936 | val_dev 0.66128 | expl_dev 0.55286
epoch 1430 | train_nll -1.37417 | train_fsce 0.57968 | val_dev 0.65350 | expl_dev 0.55812
epoch 1435 | train_nll -1.38059 | train_fsce 0.57726 | val_dev 0.63035 | expl_dev 0.57377
epoch 1440 | train_nll -1.36973 | train_fsce 0.58045 | val_dev 0.63851 | expl_dev 0.56825
epoch 1445 | train_nll -1.37899 | train_fsce 0.58102 | val_dev 0.65806 | expl_dev 0.55503
epoch 1450 | train_nll -1.37350 | train_fsce 0.60622 | val_dev 0.64211 | expl_dev 0.56582
epoch 1455 | train_nll -1.37595 | train_fsce 0.58925 | val_dev 0.66024 | expl_dev 0.55356
epoch 1460 | train_nll -1.37239 | train_fsce 0.59072 | val_dev 0.63398 | expl_dev 0.57131
epoch 1465 | train_nll -1.38195 | train_fsce 0.59430 | val_dev 0.63724 | expl_dev 0.56911
epoch 1470 | train_nll -1.37113 | train_fsce 0.61286 | val_dev 0.63464 | expl_dev 0.57087
epoch 1475 | train_nll -1.37840 | train_fsce 0.58939 | val_dev 0.68623 | expl_dev 0.53599
epoch 1480 | train_nll -1.37374 | train_fsce 0.55668 | val_dev 0.63826 | expl_dev 0.56842
epoch 1485 | train_nll -1.36849 | train_fsce 0.59266 | val_dev 0.62609 | expl_dev 0.57665
epoch 1490 | train_nll -1.35646 | train_fsce 0.58401 | val_dev 0.63522 | expl_dev 0.57047
epoch 1495 | train_nll -1.36228 | train_fsce 0.59482 | val_dev 0.61968 | expl_dev 0.58098
epoch 1500 | train_nll -1.36885 | train_fsce 0.60361 | val_dev 0.61354 | expl_dev 0.58514
epoch 1505 | train_nll -1.36772 | train_fsce 0.59466 | val_dev 0.64431 | expl_dev 0.56433
epoch 1510 | train_nll -1.36402 | train_fsce 0.57148 | val_dev 0.64759 | expl_dev 0.56211
epoch 1515 | train_nll -1.37841 | train_fsce 0.59782 | val_dev 0.62977 | expl_dev 0.57416
epoch 1520 | train_nll -1.33604 | train_fsce 0.59217 | val_dev 0.63483 | expl_dev 0.57074
epoch 1525 | train_nll -1.36681 | train_fsce 0.60049 | val_dev 0.66077 | expl_dev 0.55320
epoch 1530 | train_nll -1.37545 | train_fsce 0.58420 | val_dev 0.64801 | expl_dev 0.56183
epoch 1535 | train_nll -1.35569 | train_fsce 0.56380 | val_dev 0.65074 | expl_dev 0.55998
epoch 1540 | train_nll -1.37646 | train_fsce 0.58725 | val_dev 0.65224 | expl_dev 0.55897
epoch 1545 | train_nll -1.37348 | train_fsce 0.59754 | val_dev 0.63784 | expl_dev 0.56870
epoch 1550 | train_nll -1.37224 | train_fsce 0.55895 | val_dev 0.62405 | expl_dev 0.57803
epoch 1555 | train_nll -1.37792 | train_fsce 0.60090 | val_dev 0.63499 | expl_dev 0.57063
epoch 1560 | train_nll -1.36591 | train_fsce 0.59999 | val_dev 0.62615 | expl_dev 0.57661
epoch 1565 | train_nll -1.37670 | train_fsce 0.57202 | val_dev 0.63056 | expl_dev 0.57363
epoch 1570 | train_nll -1.37084 | train_fsce 0.56473 | val_dev 0.63374 | expl_dev 0.57148
epoch 1575 | train_nll -1.37201 | train_fsce 0.58036 | val_dev 0.63306 | expl_dev 0.57194
epoch 1580 | train_nll -1.37216 | train_fsce 0.57552 | val_dev 0.65443 | expl_dev 0.55749
epoch 1585 | train_nll -1.37553 | train_fsce 0.55700 | val_dev 0.63372 | expl_dev 0.57149
epoch 1590 | train_nll -1.37224 | train_fsce 0.59943 | val_dev 0.63235 | expl_dev 0.57242
epoch 1595 | train_nll -1.38183 | train_fsce 0.59818 | val_dev 0.63956 | expl_dev 0.56754
epoch 1600 | train_nll -1.38054 | train_fsce 0.58408 | val_dev 0.64388 | expl_dev 0.56462
epoch 1605 | train_nll -1.37858 | train_fsce 0.58704 | val_dev 0.64123 | expl_dev 0.56642
epoch 1610 | train_nll -1.38329 | train_fsce 0.57564 | val_dev 0.61188 | expl_dev 0.58626
epoch 1615 | train_nll -1.38970 | train_fsce 0.56824 | val_dev 0.64035 | expl_dev 0.56701
epoch 1620 | train_nll -1.37930 | train_fsce 0.58275 | val_dev 0.63539 | expl_dev 0.57037
epoch 1625 | train_nll -1.36851 | train_fsce 0.62064 | val_dev 0.65631 | expl_dev 0.55622
epoch 1630 | train_nll -1.36778 | train_fsce 0.59222 | val_dev 0.64391 | expl_dev 0.56460
epoch 1635 | train_nll -1.37493 | train_fsce 0.59836 | val_dev 0.69176 | expl_dev 0.53224
epoch 1640 | train_nll -1.37977 | train_fsce 0.56298 | val_dev 0.64154 | expl_dev 0.56620
epoch 1645 | train_nll -1.36843 | train_fsce 0.60001 | val_dev 0.64631 | expl_dev 0.56298
epoch 1650 | train_nll -1.37970 | train_fsce 0.56876 | val_dev 0.61479 | expl_dev 0.58429
epoch 1655 | train_nll -1.37382 | train_fsce 0.59840 | val_dev 0.61395 | expl_dev 0.58486
epoch 1660 | train_nll -1.38349 | train_fsce 0.59385 | val_dev 0.61475 | expl_dev 0.58432
epoch 1665 | train_nll -1.37566 | train_fsce 0.56454 | val_dev 0.61467 | expl_dev 0.58437
epoch 1670 | train_nll -1.37426 | train_fsce 0.56086 | val_dev 0.64849 | expl_dev 0.56151
epoch 1675 | train_nll -1.38430 | train_fsce 0.59153 | val_dev 0.61962 | expl_dev 0.58102
epoch 1680 | train_nll -1.38142 | train_fsce 0.58231 | val_dev 0.61509 | expl_dev 0.58409
epoch 1685 | train_nll -1.37935 | train_fsce 0.59026 | val_dev 0.60127 | expl_dev 0.59343
epoch 1690 | train_nll -1.36926 | train_fsce 0.60832 | val_dev 0.63030 | expl_dev 0.57381
epoch 1695 | train_nll -1.37993 | train_fsce 0.60729 | val_dev 0.61388 | expl_dev 0.58491
epoch 1700 | train_nll -1.37259 | train_fsce 0.59402 | val_dev 0.62338 | expl_dev 0.57848
epoch 1705 | train_nll -1.37246 | train_fsce 0.58757 | val_dev 0.63977 | expl_dev 0.56740
epoch 1710 | train_nll -1.36162 | train_fsce 0.55236 | val_dev 0.64121 | expl_dev 0.56642
epoch 1715 | train_nll -1.37638 | train_fsce 0.59532 | val_dev 0.63063 | expl_dev 0.57358
epoch 1720 | train_nll -1.37371 | train_fsce 0.56995 | val_dev 0.61116 | expl_dev 0.58675
epoch 1725 | train_nll -1.36945 | train_fsce 0.61284 | val_dev 0.59954 | expl_dev 0.59460
epoch 1730 | train_nll -1.36925 | train_fsce 0.55786 | val_dev 0.59174 | expl_dev 0.59988
epoch 1735 | train_nll -1.37486 | train_fsce 0.57668 | val_dev 0.62915 | expl_dev 0.57458
epoch 1740 | train_nll -1.37556 | train_fsce 0.61557 | val_dev 0.62267 | expl_dev 0.57897
epoch 1745 | train_nll -1.37063 | train_fsce 0.58416 | val_dev 0.61109 | expl_dev 0.58679
epoch 1750 | train_nll -1.37645 | train_fsce 0.57726 | val_dev 0.59492 | expl_dev 0.59772
epoch 1755 | train_nll -1.37693 | train_fsce 0.57229 | val_dev 0.59595 | expl_dev 0.59703
epoch 1760 | train_nll -1.38180 | train_fsce 0.56966 | val_dev 0.59508 | expl_dev 0.59762
epoch 1765 | train_nll -1.37843 | train_fsce 0.59898 | val_dev 0.63588 | expl_dev 0.57003
epoch 1770 | train_nll -1.36212 | train_fsce 0.62595 | val_dev 0.63835 | expl_dev 0.56836
epoch 1775 | train_nll -1.38676 | train_fsce 0.56552 | val_dev 0.64857 | expl_dev 0.56145
epoch 1780 | train_nll -1.37121 | train_fsce 0.59194 | val_dev 0.61075 | expl_dev 0.58703
epoch 1785 | train_nll -1.37738 | train_fsce 0.56284 | val_dev 0.61839 | expl_dev 0.58186
epoch 1790 | train_nll -1.37848 | train_fsce 0.59562 | val_dev 0.62811 | expl_dev 0.57529
epoch 1795 | train_nll -1.37314 | train_fsce 0.58688 | val_dev 0.60967 | expl_dev 0.58776
epoch 1800 | train_nll -1.37035 | train_fsce 0.57995 | val_dev 0.64533 | expl_dev 0.56364
epoch 1805 | train_nll -1.37824 | train_fsce 0.58076 | val_dev 0.65094 | expl_dev 0.55985
epoch 1810 | train_nll -1.38405 | train_fsce 0.56527 | val_dev 0.58627 | expl_dev 0.60358
epoch 1815 | train_nll -1.37909 | train_fsce 0.60494 | val_dev 0.61281 | expl_dev 0.58563
epoch 1820 | train_nll -1.36925 | train_fsce 0.57665 | val_dev 0.61289 | expl_dev 0.58557
epoch 1825 | train_nll -1.38479 | train_fsce 0.55768 | val_dev 0.59437 | expl_dev 0.59810
epoch 1830 | train_nll -1.38689 | train_fsce 0.58696 | val_dev 0.60380 | expl_dev 0.59172
epoch 1835 | train_nll -1.37940 | train_fsce 0.56104 | val_dev 0.60948 | expl_dev 0.58788
epoch 1840 | train_nll -1.37960 | train_fsce 0.57952 | val_dev 0.63665 | expl_dev 0.56951
epoch 1845 | train_nll -1.38203 | train_fsce 0.57340 | val_dev 0.61993 | expl_dev 0.58081
epoch 1850 | train_nll -1.37336 | train_fsce 0.56057 | val_dev 0.60752 | expl_dev 0.58921
epoch 1855 | train_nll -1.38012 | train_fsce 0.56627 | val_dev 0.62329 | expl_dev 0.57855
epoch 1860 | train_nll -1.38114 | train_fsce 0.57048 | val_dev 0.60275 | expl_dev 0.59243
epoch 1865 | train_nll -1.37822 | train_fsce 0.58642 | val_dev 0.62064 | expl_dev 0.58033
epoch 1870 | train_nll -1.38592 | train_fsce 0.55942 | val_dev 0.59159 | expl_dev 0.59998
epoch 1875 | train_nll -1.37683 | train_fsce 0.57178 | val_dev 0.59350 | expl_dev 0.59869
epoch 1880 | train_nll -1.37882 | train_fsce 0.57266 | val_dev 0.64203 | expl_dev 0.56587
epoch 1885 | train_nll -1.37495 | train_fsce 0.56174 | val_dev 0.60075 | expl_dev 0.59378
epoch 1890 | train_nll -1.38484 | train_fsce 0.54433 | val_dev 0.59080 | expl_dev 0.60051
epoch 1895 | train_nll -1.38086 | train_fsce 0.58057 | val_dev 0.60650 | expl_dev 0.58989
epoch 1900 | train_nll -1.37778 | train_fsce 0.54535 | val_dev 0.61865 | expl_dev 0.58168
epoch 1905 | train_nll -1.37492 | train_fsce 0.55561 | val_dev 0.62478 | expl_dev 0.57753
epoch 1910 | train_nll -1.38050 | train_fsce 0.59620 | val_dev 0.59880 | expl_dev 0.59511
epoch 1915 | train_nll -1.37862 | train_fsce 0.57585 | val_dev 0.61715 | expl_dev 0.58270
epoch 1920 | train_nll -1.38303 | train_fsce 0.57153 | val_dev 0.61855 | expl_dev 0.58175
epoch 1925 | train_nll -1.38020 | train_fsce 0.58040 | val_dev 0.59840 | expl_dev 0.59537
epoch 1930 | train_nll -1.37488 | train_fsce 0.59228 | val_dev 0.62939 | expl_dev 0.57442
epoch 1935 | train_nll -1.37467 | train_fsce 0.60494 | val_dev 0.61475 | expl_dev 0.58432
epoch 1940 | train_nll -1.37865 | train_fsce 0.60772 | val_dev 0.58979 | expl_dev 0.60119
epoch 1945 | train_nll -1.37815 | train_fsce 0.56637 | val_dev 0.59601 | expl_dev 0.59699
epoch 1950 | train_nll -1.38680 | train_fsce 0.55494 | val_dev 0.60594 | expl_dev 0.59027
epoch 1955 | train_nll -1.37827 | train_fsce 0.57636 | val_dev 0.60739 | expl_dev 0.58930
epoch 1960 | train_nll -1.38622 | train_fsce 0.57134 | val_dev 0.63524 | expl_dev 0.57046
epoch 1965 | train_nll -1.37662 | train_fsce 0.61839 | val_dev 0.59094 | expl_dev 0.60042
epoch 1970 | train_nll -1.37112 | train_fsce 0.58488 | val_dev 0.62677 | expl_dev 0.57619
epoch 1975 | train_nll -1.38573 | train_fsce 0.59234 | val_dev 0.61690 | expl_dev 0.58286
epoch 1980 | train_nll -1.38940 | train_fsce 0.58779 | val_dev 0.60691 | expl_dev 0.58962
epoch 1985 | train_nll -1.37184 | train_fsce 0.61507 | val_dev 0.61326 | expl_dev 0.58533
epoch 1990 | train_nll -1.37476 | train_fsce 0.57743 | val_dev 0.59958 | expl_dev 0.59457
epoch 1995 | train_nll -1.37130 | train_fsce 0.58426 | val_dev 0.57421 | expl_dev 0.61173
epoch 2000 | train_nll -1.37560 | train_fsce 0.62886 | val_dev 0.62090 | expl_dev 0.58016
epoch 2005 | train_nll -1.37739 | train_fsce 0.55906 | val_dev 0.62604 | expl_dev 0.57668
epoch 2010 | train_nll -1.37197 | train_fsce 0.58466 | val_dev 0.62156 | expl_dev 0.57972
epoch 2015 | train_nll -1.37915 | train_fsce 0.55384 | val_dev 0.58769 | expl_dev 0.60261
epoch 2020 | train_nll -1.37916 | train_fsce 0.57676 | val_dev 0.61010 | expl_dev 0.58747
epoch 2025 | train_nll -1.38014 | train_fsce 0.55207 | val_dev 0.62158 | expl_dev 0.57970
epoch 2030 | train_nll -1.38314 | train_fsce 0.58255 | val_dev 0.59071 | expl_dev 0.60057
epoch 2035 | train_nll -1.37889 | train_fsce 0.57308 | val_dev 0.59651 | expl_dev 0.59665
epoch 2040 | train_nll -1.38757 | train_fsce 0.57172 | val_dev 0.59624 | expl_dev 0.59684
epoch 2045 | train_nll -1.38459 | train_fsce 0.58895 | val_dev 0.59515 | expl_dev 0.59757
epoch 2050 | train_nll -1.37257 | train_fsce 0.59764 | val_dev 0.62421 | expl_dev 0.57792
epoch 2055 | train_nll -1.38498 | train_fsce 0.57265 | val_dev 0.57921 | expl_dev 0.60835
epoch 2060 | train_nll -1.38247 | train_fsce 0.56839 | val_dev 0.61531 | expl_dev 0.58394
epoch 2065 | train_nll -1.36708 | train_fsce 0.55299 | val_dev 0.63428 | expl_dev 0.57112
epoch 2070 | train_nll -1.38414 | train_fsce 0.56046 | val_dev 0.62836 | expl_dev 0.57511
epoch 2075 | train_nll -1.38199 | train_fsce 0.57932 | val_dev 0.62439 | expl_dev 0.57780
epoch 2080 | train_nll -1.38524 | train_fsce 0.54570 | val_dev 0.60434 | expl_dev 0.59136
epoch 2085 | train_nll -1.38766 | train_fsce 0.55772 | val_dev 0.59464 | expl_dev 0.59792
epoch 2090 | train_nll -1.37629 | train_fsce 0.57882 | val_dev 0.59547 | expl_dev 0.59736
epoch 2095 | train_nll -1.38280 | train_fsce 0.53962 | val_dev 0.59809 | expl_dev 0.59559
epoch 2100 | train_nll -1.38233 | train_fsce 0.55587 | val_dev 0.59757 | expl_dev 0.59594
epoch 2105 | train_nll -1.37954 | train_fsce 0.58563 | val_dev 0.60247 | expl_dev 0.59262
epoch 2110 | train_nll -1.37394 | train_fsce 0.52010 | val_dev 0.64871 | expl_dev 0.56135
epoch 2115 | train_nll -1.37706 | train_fsce 0.54210 | val_dev 0.65906 | expl_dev 0.55436
epoch 2120 | train_nll -1.37370 | train_fsce 0.55748 | val_dev 0.64685 | expl_dev 0.56261
epoch 2125 | train_nll -1.38383 | train_fsce 0.53102 | val_dev 0.62896 | expl_dev 0.57471
epoch 2130 | train_nll -1.37688 | train_fsce 0.56058 | val_dev 0.62272 | expl_dev 0.57893
epoch 2135 | train_nll -1.37787 | train_fsce 0.55513 | val_dev 0.61574 | expl_dev 0.58365
epoch 2140 | train_nll -1.38144 | train_fsce 0.55987 | val_dev 0.64759 | expl_dev 0.56211
epoch 2145 | train_nll -1.39447 | train_fsce 0.59801 | val_dev 0.60284 | expl_dev 0.59237
epoch 2150 | train_nll -1.38208 | train_fsce 0.56768 | val_dev 0.62540 | expl_dev 0.57712
epoch 2155 | train_nll -1.37610 | train_fsce 0.55773 | val_dev 0.62840 | expl_dev 0.57509
epoch 2160 | train_nll -1.37876 | train_fsce 0.54227 | val_dev 0.62298 | expl_dev 0.57875
epoch 2165 | train_nll -1.35943 | train_fsce 0.54514 | val_dev 0.62307 | expl_dev 0.57869
epoch 2170 | train_nll -1.37432 | train_fsce 0.57744 | val_dev 0.64135 | expl_dev 0.56633
epoch 2175 | train_nll -1.38331 | train_fsce 0.55326 | val_dev 0.67318 | expl_dev 0.54481
epoch 2180 | train_nll -1.37682 | train_fsce 0.59181 | val_dev 0.62834 | expl_dev 0.57513
epoch 2185 | train_nll -1.36201 | train_fsce 0.61090 | val_dev 0.66768 | expl_dev 0.54853
epoch 2190 | train_nll -1.37615 | train_fsce 0.59235 | val_dev 0.67878 | expl_dev 0.54102
epoch 2195 | train_nll -1.37135 | train_fsce 0.60582 | val_dev 0.63371 | expl_dev 0.57150
epoch 2200 | train_nll -1.37981 | train_fsce 0.59175 | val_dev 0.61668 | expl_dev 0.58301
epoch 2205 | train_nll -1.38282 | train_fsce 0.59215 | val_dev 0.66319 | expl_dev 0.55156
epoch 2210 | train_nll -1.39146 | train_fsce 0.58764 | val_dev 0.62769 | expl_dev 0.57557
epoch 2215 | train_nll -1.37675 | train_fsce 0.60079 | val_dev 0.60687 | expl_dev 0.58965
epoch 2220 | train_nll -1.38082 | train_fsce 0.58470 | val_dev 0.63512 | expl_dev 0.57055
epoch 2225 | train_nll -1.38690 | train_fsce 0.57405 | val_dev 0.62645 | expl_dev 0.57641
epoch 2230 | train_nll -1.38351 | train_fsce 0.58234 | val_dev 0.62376 | expl_dev 0.57822
epoch 2235 | train_nll -1.37442 | train_fsce 0.59180 | val_dev 0.63286 | expl_dev 0.57207
epoch 2240 | train_nll -1.37555 | train_fsce 0.57870 | val_dev 0.59878 | expl_dev 0.59512
epoch 2245 | train_nll -1.38640 | train_fsce 0.59788 | val_dev 0.61051 | expl_dev 0.58719
epoch 2250 | train_nll -1.38855 | train_fsce 0.58070 | val_dev 0.62517 | expl_dev 0.57727
epoch 2255 | train_nll -1.37145 | train_fsce 0.56859 | val_dev 0.63284 | expl_dev 0.57209
epoch 2260 | train_nll -1.38199 | train_fsce 0.57086 | val_dev 0.66623 | expl_dev 0.54951
epoch 2265 | train_nll -1.38206 | train_fsce 0.59754 | val_dev 0.66918 | expl_dev 0.54751
epoch 2270 | train_nll -1.37538 | train_fsce 0.55604 | val_dev 0.65034 | expl_dev 0.56025
epoch 2275 | train_nll -1.38513 | train_fsce 0.57141 | val_dev 0.64680 | expl_dev 0.56265
epoch 2280 | train_nll -1.39118 | train_fsce 0.58180 | val_dev 0.65800 | expl_dev 0.55508
epoch 2285 | train_nll -1.38441 | train_fsce 0.55468 | val_dev 0.64581 | expl_dev 0.56331
epoch 2290 | train_nll -1.37892 | train_fsce 0.58714 | val_dev 0.62442 | expl_dev 0.57778
epoch 2295 | train_nll -1.37235 | train_fsce 0.57911 | val_dev 0.63427 | expl_dev 0.57112
epoch 2300 | train_nll -1.38035 | train_fsce 0.55594 | val_dev 0.59886 | expl_dev 0.59506
epoch 2305 | train_nll -1.38832 | train_fsce 0.57521 | val_dev 0.57961 | expl_dev 0.60808
epoch 2310 | train_nll -1.38035 | train_fsce 0.58738 | val_dev 0.63345 | expl_dev 0.57167
epoch 2315 | train_nll -1.38435 | train_fsce 0.59053 | val_dev 0.62425 | expl_dev 0.57789
epoch 2320 | train_nll -1.37361 | train_fsce 0.55814 | val_dev 0.62085 | expl_dev 0.58019
epoch 2325 | train_nll -1.38369 | train_fsce 0.56591 | val_dev 0.63156 | expl_dev 0.57295
epoch 2330 | train_nll -1.35921 | train_fsce 0.58124 | val_dev 0.66448 | expl_dev 0.55069
epoch 2335 | train_nll -1.37238 | train_fsce 0.56836 | val_dev 0.66579 | expl_dev 0.54980
epoch 2340 | train_nll -1.37302 | train_fsce 0.54698 | val_dev 0.63243 | expl_dev 0.57237
epoch 2345 | train_nll -1.38029 | train_fsce 0.58002 | val_dev 0.62229 | expl_dev 0.57922
epoch 2350 | train_nll -1.38099 | train_fsce 0.59276 | val_dev 0.63434 | expl_dev 0.57107
epoch 2355 | train_nll -1.37668 | train_fsce 0.56302 | val_dev 0.63767 | expl_dev 0.56882
epoch 2360 | train_nll -1.38192 | train_fsce 0.56471 | val_dev 0.63629 | expl_dev 0.56975
epoch 2365 | train_nll -1.34266 | train_fsce 0.58167 | val_dev 0.64618 | expl_dev 0.56307
epoch 2370 | train_nll -1.35379 | train_fsce 0.59677 | val_dev 0.64698 | expl_dev 0.56252
epoch 2375 | train_nll -1.35428 | train_fsce 0.58538 | val_dev 0.60837 | expl_dev 0.58863
epoch 2380 | train_nll -1.36942 | train_fsce 0.59235 | val_dev 0.63639 | expl_dev 0.56969
epoch 2385 | train_nll -1.37620 | train_fsce 0.58649 | val_dev 0.61103 | expl_dev 0.58683
epoch 2390 | train_nll -1.38683 | train_fsce 0.57989 | val_dev 0.62971 | expl_dev 0.57420
epoch 2395 | train_nll -1.38048 | train_fsce 0.57415 | val_dev 0.61542 | expl_dev 0.58387
epoch 2400 | train_nll -1.37984 | train_fsce 0.61866 | val_dev 0.57820 | expl_dev 0.60903
epoch 2405 | train_nll -1.38147 | train_fsce 0.60195 | val_dev 0.58518 | expl_dev 0.60432
epoch 2410 | train_nll -1.37992 | train_fsce 0.56893 | val_dev 0.59575 | expl_dev 0.59717
epoch 2415 | train_nll -1.38161 | train_fsce 0.56058 | val_dev 0.61072 | expl_dev 0.58704
epoch 2420 | train_nll -1.37337 | train_fsce 0.56778 | val_dev 0.64886 | expl_dev 0.56125
epoch 2425 | train_nll -1.37104 | train_fsce 0.56888 | val_dev 0.64711 | expl_dev 0.56244
epoch 2430 | train_nll -1.36858 | train_fsce 0.56685 | val_dev 0.62309 | expl_dev 0.57868
epoch 2435 | train_nll -1.37789 | train_fsce 0.57247 | val_dev 0.62564 | expl_dev 0.57696
epoch 2440 | train_nll -1.38316 | train_fsce 0.60349 | val_dev 0.62397 | expl_dev 0.57809
epoch 2445 | train_nll -1.38441 | train_fsce 0.56121 | val_dev 0.64750 | expl_dev 0.56217
epoch 2450 | train_nll -1.38301 | train_fsce 0.57479 | val_dev 0.64460 | expl_dev 0.56413
epoch 2455 | train_nll -1.38852 | train_fsce 0.55540 | val_dev 0.62375 | expl_dev 0.57824
epoch 2460 | train_nll -1.37665 | train_fsce 0.57069 | val_dev 0.62985 | expl_dev 0.57411
epoch 2465 | train_nll -1.37582 | train_fsce 0.58776 | val_dev 0.63052 | expl_dev 0.57365
epoch 2470 | train_nll -1.36345 | train_fsce 0.55399 | val_dev 0.65073 | expl_dev 0.55999
epoch 2475 | train_nll -1.36609 | train_fsce 0.58862 | val_dev 0.65079 | expl_dev 0.55995
epoch 2480 | train_nll -1.37356 | train_fsce 0.58471 | val_dev 0.64744 | expl_dev 0.56221
epoch 2485 | train_nll -1.38134 | train_fsce 0.58168 | val_dev 0.64410 | expl_dev 0.56447
epoch 2490 | train_nll -1.38209 | train_fsce 0.57272 | val_dev 0.62903 | expl_dev 0.57466
epoch 2495 | train_nll -1.38729 | train_fsce 0.57237 | val_dev 0.63298 | expl_dev 0.57199
epoch 2500 | train_nll -1.38613 | train_fsce 0.55270 | val_dev 0.65166 | expl_dev 0.55936
epoch 2505 | train_nll -1.38211 | train_fsce 0.55468 | val_dev 0.64143 | expl_dev 0.56628
epoch 2510 | train_nll -1.38025 | train_fsce 0.56213 | val_dev 0.61609 | expl_dev 0.58341
epoch 2515 | train_nll -1.38135 | train_fsce 0.59338 | val_dev 0.62405 | expl_dev 0.57803
epoch 2520 | train_nll -1.37780 | train_fsce 0.53049 | val_dev 0.62397 | expl_dev 0.57809
epoch 2525 | train_nll -1.37660 | train_fsce 0.60095 | val_dev 0.70029 | expl_dev 0.52648
epoch 2530 | train_nll -1.38160 | train_fsce 0.55399 | val_dev 0.65061 | expl_dev 0.56007
epoch 2535 | train_nll -1.37624 | train_fsce 0.58114 | val_dev 0.64094 | expl_dev 0.56661
epoch 2540 | train_nll -1.38344 | train_fsce 0.55870 | val_dev 0.62475 | expl_dev 0.57756
epoch 2545 | train_nll -1.38637 | train_fsce 0.57076 | val_dev 0.65332 | expl_dev 0.55824
epoch 2550 | train_nll -1.36556 | train_fsce 0.56486 | val_dev 0.63561 | expl_dev 0.57021
epoch 2555 | train_nll -1.37712 | train_fsce 0.55830 | val_dev 0.64528 | expl_dev 0.56367
epoch 2560 | train_nll -1.38526 | train_fsce 0.54932 | val_dev 0.62779 | expl_dev 0.57550
epoch 2565 | train_nll -1.37606 | train_fsce 0.56642 | val_dev 0.62497 | expl_dev 0.57741
epoch 2570 | train_nll -1.38344 | train_fsce 0.58414 | val_dev 0.65602 | expl_dev 0.55642
epoch 2575 | train_nll -1.39011 | train_fsce 0.57667 | val_dev 0.66541 | expl_dev 0.55006
epoch 2580 | train_nll -1.38454 | train_fsce 0.58863 | val_dev 0.65601 | expl_dev 0.55642
epoch 2585 | train_nll -1.39541 | train_fsce 0.55682 | val_dev 0.63323 | expl_dev 0.57183
epoch 2590 | train_nll -1.38623 | train_fsce 0.56486 | val_dev 0.61587 | expl_dev 0.58356
epoch 2595 | train_nll -1.39322 | train_fsce 0.56751 | val_dev 0.65787 | expl_dev 0.55516
epoch 2600 | train_nll -1.38792 | train_fsce 0.55206 | val_dev 0.61787 | expl_dev 0.58221
epoch 2605 | train_nll -1.38992 | train_fsce 0.54672 | val_dev 0.61624 | expl_dev 0.58331
epoch 2610 | train_nll -1.38796 | train_fsce 0.55621 | val_dev 0.60885 | expl_dev 0.58831
epoch 2615 | train_nll -1.38919 | train_fsce 0.56313 | val_dev 0.66208 | expl_dev 0.55231
epoch 2620 | train_nll -1.37961 | train_fsce 0.55638 | val_dev 0.65050 | expl_dev 0.56015
epoch 2625 | train_nll -1.37671 | train_fsce 0.55876 | val_dev 0.63531 | expl_dev 0.57042
epoch 2630 | train_nll -1.38169 | train_fsce 0.54513 | val_dev 0.62924 | expl_dev 0.57452
epoch 2635 | train_nll -1.39058 | train_fsce 0.57226 | val_dev 0.64913 | expl_dev 0.56107
epoch 2640 | train_nll -1.39206 | train_fsce 0.54707 | val_dev 0.64429 | expl_dev 0.56434
epoch 2645 | train_nll -1.38526 | train_fsce 0.55544 | val_dev 0.62062 | expl_dev 0.58035
epoch 2650 | train_nll -1.39250 | train_fsce 0.53076 | val_dev 0.62921 | expl_dev 0.57454
epoch 2655 | train_nll -1.38790 | train_fsce 0.58029 | val_dev 0.62609 | expl_dev 0.57665
epoch 2660 | train_nll -1.38716 | train_fsce 0.57998 | val_dev 0.62612 | expl_dev 0.57663
epoch 2665 | train_nll -1.38769 | train_fsce 0.54888 | val_dev 0.63571 | expl_dev 0.57015
epoch 2670 | train_nll -1.37790 | train_fsce 0.57410 | val_dev 0.62318 | expl_dev 0.57862
epoch 2675 | train_nll -1.39308 | train_fsce 0.55363 | val_dev 0.61434 | expl_dev 0.58459
epoch 2680 | train_nll -1.39504 | train_fsce 0.53999 | val_dev 0.60763 | expl_dev 0.58913
epoch 2685 | train_nll -1.39208 | train_fsce 0.55934 | val_dev 0.59478 | expl_dev 0.59782
epoch 2690 | train_nll -1.39215 | train_fsce 0.55810 | val_dev 0.59775 | expl_dev 0.59582
epoch 2695 | train_nll -1.40060 | train_fsce 0.56915 | val_dev 0.62654 | expl_dev 0.57635
epoch 2700 | train_nll -1.39124 | train_fsce 0.56938 | val_dev 0.59454 | expl_dev 0.59799
epoch 2705 | train_nll -1.38604 | train_fsce 0.54560 | val_dev 0.59356 | expl_dev 0.59865
epoch 2710 | train_nll -1.38995 | train_fsce 0.59286 | val_dev 0.59347 | expl_dev 0.59871
epoch 2715 | train_nll -1.38978 | train_fsce 0.55753 | val_dev 0.60787 | expl_dev 0.58897
epoch 2720 | train_nll -1.38929 | train_fsce 0.56274 | val_dev 0.64182 | expl_dev 0.56602
epoch 2725 | train_nll -1.39269 | train_fsce 0.54484 | val_dev 0.62063 | expl_dev 0.58034
epoch 2730 | train_nll -1.38590 | train_fsce 0.54335 | val_dev 0.60540 | expl_dev 0.59064
epoch 2735 | train_nll -1.38784 | train_fsce 0.54663 | val_dev 0.59612 | expl_dev 0.59691
epoch 2740 | train_nll -1.39204 | train_fsce 0.55063 | val_dev 0.60607 | expl_dev 0.59019
epoch 2745 | train_nll -1.39551 | train_fsce 0.53805 | val_dev 0.61898 | expl_dev 0.58146
epoch 2750 | train_nll -1.38422 | train_fsce 0.57473 | val_dev 0.66437 | expl_dev 0.55077
epoch 2755 | train_nll -1.37510 | train_fsce 0.54166 | val_dev 0.66562 | expl_dev 0.54992
epoch 2760 | train_nll -1.39100 | train_fsce 0.55840 | val_dev 0.60046 | expl_dev 0.59398
epoch 2765 | train_nll -1.38779 | train_fsce 0.56351 | val_dev 0.58391 | expl_dev 0.60517
epoch 2770 | train_nll -1.39544 | train_fsce 0.55574 | val_dev 0.61898 | expl_dev 0.58146
epoch 2775 | train_nll -1.38446 | train_fsce 0.55681 | val_dev 0.60081 | expl_dev 0.59375
epoch 2780 | train_nll -1.39355 | train_fsce 0.55278 | val_dev 0.61688 | expl_dev 0.58288
epoch 2785 | train_nll -1.38886 | train_fsce 0.55329 | val_dev 0.59647 | expl_dev 0.59668
epoch 2790 | train_nll -1.39572 | train_fsce 0.55582 | val_dev 0.63789 | expl_dev 0.56867
epoch 2795 | train_nll -1.38384 | train_fsce 0.53984 | val_dev 0.64418 | expl_dev 0.56442
epoch 2800 | train_nll -1.38197 | train_fsce 0.55881 | val_dev 0.65531 | expl_dev 0.55689
epoch 2805 | train_nll -1.38498 | train_fsce 0.57013 | val_dev 0.63370 | expl_dev 0.57150
epoch 2810 | train_nll -1.37823 | train_fsce 0.56300 | val_dev 0.66079 | expl_dev 0.55319
epoch 2815 | train_nll -1.38744 | train_fsce 0.56807 | val_dev 0.62119 | expl_dev 0.57996
epoch 2820 | train_nll -1.38736 | train_fsce 0.55288 | val_dev 0.68710 | expl_dev 0.53540
epoch 2825 | train_nll -1.38111 | train_fsce 0.55792 | val_dev 0.64443 | expl_dev 0.56425
epoch 2830 | train_nll -1.38685 | train_fsce 0.53657 | val_dev 0.62680 | expl_dev 0.57617
epoch 2835 | train_nll -1.38901 | train_fsce 0.56935 | val_dev 0.64236 | expl_dev 0.56565
epoch 2840 | train_nll -1.38404 | train_fsce 0.58933 | val_dev 0.65419 | expl_dev 0.55765
epoch 2845 | train_nll -1.38948 | train_fsce 0.58650 | val_dev 0.62588 | expl_dev 0.57679
epoch 2850 | train_nll -1.38344 | train_fsce 0.54999 | val_dev 0.70218 | expl_dev 0.52520
epoch 2855 | train_nll -1.39386 | train_fsce 0.55848 | val_dev 0.70615 | expl_dev 0.52251
epoch 2860 | train_nll -1.38723 | train_fsce 0.55296 | val_dev 0.65006 | expl_dev 0.56044
epoch 2865 | train_nll -1.39143 | train_fsce 0.55746 | val_dev 0.64215 | expl_dev 0.56579
epoch 2870 | train_nll -1.39611 | train_fsce 0.55862 | val_dev 0.63651 | expl_dev 0.56960
epoch 2875 | train_nll -1.39551 | train_fsce 0.57287 | val_dev 0.63278 | expl_dev 0.57213
epoch 2880 | train_nll -1.38937 | train_fsce 0.58867 | val_dev 0.61480 | expl_dev 0.58428
epoch 2885 | train_nll -1.39095 | train_fsce 0.59086 | val_dev 0.60011 | expl_dev 0.59422
epoch 2890 | train_nll -1.39454 | train_fsce 0.58003 | val_dev 0.58415 | expl_dev 0.60501
epoch 2895 | train_nll -1.38551 | train_fsce 0.57669 | val_dev 0.59007 | expl_dev 0.60101
epoch 2900 | train_nll -1.38842 | train_fsce 0.57102 | val_dev 0.61291 | expl_dev 0.58556
epoch 2905 | train_nll -1.40099 | train_fsce 0.59071 | val_dev 0.61367 | expl_dev 0.58505
epoch 2910 | train_nll -1.38232 | train_fsce 0.58527 | val_dev 0.59762 | expl_dev 0.59590
epoch 2915 | train_nll -1.39754 | train_fsce 0.58129 | val_dev 0.59791 | expl_dev 0.59570
epoch 2920 | train_nll -1.40114 | train_fsce 0.57023 | val_dev 0.59764 | expl_dev 0.59589
epoch 2925 | train_nll -1.38827 | train_fsce 0.54911 | val_dev 0.63201 | expl_dev 0.57265
epoch 2930 | train_nll -1.39436 | train_fsce 0.55969 | val_dev 0.59693 | expl_dev 0.59637
epoch 2935 | train_nll -1.38052 | train_fsce 0.57257 | val_dev 0.58668 | expl_dev 0.60330
epoch 2940 | train_nll -1.38715 | train_fsce 0.56693 | val_dev 0.60523 | expl_dev 0.59076
epoch 2945 | train_nll -1.39614 | train_fsce 0.54891 | val_dev 0.60495 | expl_dev 0.59094
epoch 2950 | train_nll -1.39588 | train_fsce 0.54890 | val_dev 0.59651 | expl_dev 0.59665
epoch 2955 | train_nll -1.39126 | train_fsce 0.56859 | val_dev 0.58346 | expl_dev 0.60548
epoch 2960 | train_nll -1.39278 | train_fsce 0.57918 | val_dev 0.60934 | expl_dev 0.58797
epoch 2965 | train_nll -1.39833 | train_fsce 0.55205 | val_dev 0.58827 | expl_dev 0.60222
epoch 2970 | train_nll -1.39028 | train_fsce 0.57167 | val_dev 0.59376 | expl_dev 0.59851
epoch 2975 | train_nll -1.38644 | train_fsce 0.56854 | val_dev 0.61774 | expl_dev 0.58230
epoch 2980 | train_nll -1.38750 | train_fsce 0.58075 | val_dev 0.63190 | expl_dev 0.57272
epoch 2985 | train_nll -1.39524 | train_fsce 0.57598 | val_dev 0.59852 | expl_dev 0.59529
epoch 2990 | train_nll -1.39398 | train_fsce 0.60426 | val_dev 0.63238 | expl_dev 0.57240
epoch 2995 | train_nll -1.39076 | train_fsce 0.56705 | val_dev 0.57272 | expl_dev 0.61274
epoch 3000 | train_nll -1.39843 | train_fsce 0.56770 | val_dev 0.60390 | expl_dev 0.59165
已存 /Users/yentso/developer/StartOver/model/v2_ddae_fsce/result/latents.npz
