[dataset]
  dataset = fsq
  csv = data/tky_clean.csv
  cat_col = category
  categories = ['Dining and Drinking', 'Retail', 'Nightlife Spot', 'Community and Government', 'Travel and Transportation', 'Business and Professional Services', 'Landmarks and Outdoors', 'Arts and Entertainment', 'Health and Medicine', 'Sports and Recreation']
  half_width = 50.0
  cell = 15
  center_step = 100
  min_poi = 10
  crs = EPSG:6677

[hparams]
  LATENT_DIM = 2
  EPOCHS = 3000
  BATCH = 256
  LR = 0.001
  WEIGHT_DECAY = 1e-06
  VAL_FRAC = 0.1
  SEED = 0
  N_NEIGHBORS = 15
  GRAPH_METRIC = euclidean
  EDGE_BATCH = 256
  LAMBDA_FSCE = 0.01
  WARMUP_EPOCHS = 200
  NOISE_P = 0.3
  NOISE_MODE = thinning

1233 個 patch，device=mps，噪聲 thinning p=0.3
FSCE graph：24900 條邊，a=1.5769 b=0.8951
epoch    1 | train_nll 0.40955 | train_fsce 2.76110 | val_dev 2.66973 | expl_dev -0.80522
epoch    5 | train_nll -0.77684 | train_fsce 2.38221 | val_dev 1.53140 | expl_dev -0.03550
epoch   10 | train_nll -0.87754 | train_fsce 1.96274 | val_dev 1.30085 | expl_dev 0.12039
epoch   15 | train_nll -0.93408 | train_fsce 1.95717 | val_dev 1.22657 | expl_dev 0.17062
epoch   20 | train_nll -0.96198 | train_fsce 2.16785 | val_dev 1.19702 | expl_dev 0.19060
epoch   25 | train_nll -0.98001 | train_fsce 2.13093 | val_dev 1.17904 | expl_dev 0.20276
epoch   30 | train_nll -1.02173 | train_fsce 1.64242 | val_dev 1.10864 | expl_dev 0.25036
epoch   35 | train_nll -1.05518 | train_fsce 1.71705 | val_dev 1.10910 | expl_dev 0.25005
epoch   40 | train_nll -1.08610 | train_fsce 1.78813 | val_dev 1.06418 | expl_dev 0.28042
epoch   45 | train_nll -1.13179 | train_fsce 1.92858 | val_dev 0.98754 | expl_dev 0.33224
epoch   50 | train_nll -1.15004 | train_fsce 1.98476 | val_dev 0.93607 | expl_dev 0.36705
epoch   55 | train_nll -1.16861 | train_fsce 2.05769 | val_dev 0.89845 | expl_dev 0.39249
epoch   60 | train_nll -1.18705 | train_fsce 2.04784 | val_dev 0.88790 | expl_dev 0.39962
epoch   65 | train_nll -1.19850 | train_fsce 2.12787 | val_dev 0.86676 | expl_dev 0.41391
epoch   70 | train_nll -1.19348 | train_fsce 2.13819 | val_dev 0.87160 | expl_dev 0.41064
epoch   75 | train_nll -1.20651 | train_fsce 2.08047 | val_dev 0.86516 | expl_dev 0.41499
epoch   80 | train_nll -1.21612 | train_fsce 2.12093 | val_dev 0.84426 | expl_dev 0.42913
epoch   85 | train_nll -1.22005 | train_fsce 2.06148 | val_dev 0.84853 | expl_dev 0.42624
epoch   90 | train_nll -1.22245 | train_fsce 2.05155 | val_dev 0.84178 | expl_dev 0.43081
epoch   95 | train_nll -1.22425 | train_fsce 2.03309 | val_dev 0.82823 | expl_dev 0.43997
epoch  100 | train_nll -1.23051 | train_fsce 2.00043 | val_dev 0.82562 | expl_dev 0.44173
epoch  105 | train_nll -1.23513 | train_fsce 1.94652 | val_dev 0.82399 | expl_dev 0.44284
epoch  110 | train_nll -1.23909 | train_fsce 1.90029 | val_dev 0.82434 | expl_dev 0.44260
epoch  115 | train_nll -1.24003 | train_fsce 1.85431 | val_dev 0.80705 | expl_dev 0.45429
epoch  120 | train_nll -1.23984 | train_fsce 1.84447 | val_dev 0.83815 | expl_dev 0.43326
epoch  125 | train_nll -1.23950 | train_fsce 1.82593 | val_dev 0.81481 | expl_dev 0.44904
epoch  130 | train_nll -1.24473 | train_fsce 1.74389 | val_dev 0.80994 | expl_dev 0.45234
epoch  135 | train_nll -1.24499 | train_fsce 1.75789 | val_dev 0.81480 | expl_dev 0.44905
epoch  140 | train_nll -1.23932 | train_fsce 1.62906 | val_dev 0.81376 | expl_dev 0.44975
epoch  145 | train_nll -1.25069 | train_fsce 1.61951 | val_dev 0.81167 | expl_dev 0.45116
epoch  150 | train_nll -1.25142 | train_fsce 1.61520 | val_dev 0.80381 | expl_dev 0.45648
epoch  155 | train_nll -1.25018 | train_fsce 1.65119 | val_dev 0.80551 | expl_dev 0.45533
epoch  160 | train_nll -1.25149 | train_fsce 1.57402 | val_dev 0.81676 | expl_dev 0.44772
epoch  165 | train_nll -1.24908 | train_fsce 1.52958 | val_dev 0.80421 | expl_dev 0.45621
epoch  170 | train_nll -1.24827 | train_fsce 1.52305 | val_dev 0.81329 | expl_dev 0.45007
epoch  175 | train_nll -1.25387 | train_fsce 1.48110 | val_dev 0.80293 | expl_dev 0.45708
epoch  180 | train_nll -1.25396 | train_fsce 1.42812 | val_dev 0.79900 | expl_dev 0.45973
epoch  185 | train_nll -1.24934 | train_fsce 1.41916 | val_dev 0.80780 | expl_dev 0.45378
epoch  190 | train_nll -1.25087 | train_fsce 1.44235 | val_dev 0.79919 | expl_dev 0.45960
epoch  195 | train_nll -1.25890 | train_fsce 1.39697 | val_dev 0.79786 | expl_dev 0.46051
epoch  200 | train_nll -1.25861 | train_fsce 1.36878 | val_dev 0.79612 | expl_dev 0.46168
epoch  205 | train_nll -1.26137 | train_fsce 1.31335 | val_dev 0.79287 | expl_dev 0.46388
epoch  210 | train_nll -1.25256 | train_fsce 1.37709 | val_dev 0.78876 | expl_dev 0.46666
epoch  215 | train_nll -1.25406 | train_fsce 1.27757 | val_dev 0.79966 | expl_dev 0.45929
epoch  220 | train_nll -1.25244 | train_fsce 1.28884 | val_dev 0.78776 | expl_dev 0.46734
epoch  225 | train_nll -1.25917 | train_fsce 1.27550 | val_dev 0.79169 | expl_dev 0.46468
epoch  230 | train_nll -1.26032 | train_fsce 1.30620 | val_dev 0.77880 | expl_dev 0.47339
epoch  235 | train_nll -1.25849 | train_fsce 1.22809 | val_dev 0.79006 | expl_dev 0.46578
epoch  240 | train_nll -1.25892 | train_fsce 1.20261 | val_dev 0.78247 | expl_dev 0.47091
epoch  245 | train_nll -1.26106 | train_fsce 1.25063 | val_dev 0.78773 | expl_dev 0.46735
epoch  250 | train_nll -1.26181 | train_fsce 1.20622 | val_dev 0.77918 | expl_dev 0.47314
epoch  255 | train_nll -1.25887 | train_fsce 1.19280 | val_dev 0.78157 | expl_dev 0.47152
epoch  260 | train_nll -1.26865 | train_fsce 1.18314 | val_dev 0.77917 | expl_dev 0.47314
epoch  265 | train_nll -1.27040 | train_fsce 1.19269 | val_dev 0.76055 | expl_dev 0.48573
epoch  270 | train_nll -1.26668 | train_fsce 1.15958 | val_dev 0.76533 | expl_dev 0.48250
epoch  275 | train_nll -1.25819 | train_fsce 1.13140 | val_dev 0.77705 | expl_dev 0.47458
epoch  280 | train_nll -1.27027 | train_fsce 1.17762 | val_dev 0.76334 | expl_dev 0.48385
epoch  285 | train_nll -1.26980 | train_fsce 1.12420 | val_dev 0.75443 | expl_dev 0.48987
epoch  290 | train_nll -1.26952 | train_fsce 1.13201 | val_dev 0.75966 | expl_dev 0.48633
epoch  295 | train_nll -1.26764 | train_fsce 1.17058 | val_dev 0.75593 | expl_dev 0.48886
epoch  300 | train_nll -1.27250 | train_fsce 1.14302 | val_dev 0.75476 | expl_dev 0.48965
epoch  305 | train_nll -1.27108 | train_fsce 1.11175 | val_dev 0.75470 | expl_dev 0.48969
epoch  310 | train_nll -1.27225 | train_fsce 1.09734 | val_dev 0.76016 | expl_dev 0.48599
epoch  315 | train_nll -1.27673 | train_fsce 1.10772 | val_dev 0.74609 | expl_dev 0.49551
epoch  320 | train_nll -1.27231 | train_fsce 1.12220 | val_dev 0.75428 | expl_dev 0.48997
epoch  325 | train_nll -1.27508 | train_fsce 1.10948 | val_dev 0.74622 | expl_dev 0.49542
epoch  330 | train_nll -1.27169 | train_fsce 1.07886 | val_dev 0.75410 | expl_dev 0.49009
epoch  335 | train_nll -1.27077 | train_fsce 1.12941 | val_dev 0.75772 | expl_dev 0.48765
epoch  340 | train_nll -1.27425 | train_fsce 1.09648 | val_dev 0.74318 | expl_dev 0.49747
epoch  345 | train_nll -1.27601 | train_fsce 1.07833 | val_dev 0.75366 | expl_dev 0.49039
epoch  350 | train_nll -1.27521 | train_fsce 1.04004 | val_dev 0.75340 | expl_dev 0.49057
epoch  355 | train_nll -1.27313 | train_fsce 1.09675 | val_dev 0.75732 | expl_dev 0.48791
epoch  360 | train_nll -1.27889 | train_fsce 1.09695 | val_dev 0.74138 | expl_dev 0.49870
epoch  365 | train_nll -1.28063 | train_fsce 1.07392 | val_dev 0.74455 | expl_dev 0.49655
epoch  370 | train_nll -1.27418 | train_fsce 1.04057 | val_dev 0.75336 | expl_dev 0.49060
epoch  375 | train_nll -1.27789 | train_fsce 1.09563 | val_dev 0.73892 | expl_dev 0.50035
epoch  380 | train_nll -1.27956 | train_fsce 1.02043 | val_dev 0.74412 | expl_dev 0.49684
epoch  385 | train_nll -1.27976 | train_fsce 1.03957 | val_dev 0.73606 | expl_dev 0.50229
epoch  390 | train_nll -1.27885 | train_fsce 1.08447 | val_dev 0.74413 | expl_dev 0.49684
epoch  395 | train_nll -1.28088 | train_fsce 1.05773 | val_dev 0.72796 | expl_dev 0.50777
epoch  400 | train_nll -1.28101 | train_fsce 1.00781 | val_dev 0.73830 | expl_dev 0.50078
epoch  405 | train_nll -1.28194 | train_fsce 1.03214 | val_dev 0.72861 | expl_dev 0.50733
epoch  410 | train_nll -1.28955 | train_fsce 1.02104 | val_dev 0.74463 | expl_dev 0.49650
epoch  415 | train_nll -1.28131 | train_fsce 1.03539 | val_dev 0.73764 | expl_dev 0.50122
epoch  420 | train_nll -1.28433 | train_fsce 1.02629 | val_dev 0.73208 | expl_dev 0.50498
epoch  425 | train_nll -1.28412 | train_fsce 1.00789 | val_dev 0.74131 | expl_dev 0.49874
epoch  430 | train_nll -1.27686 | train_fsce 1.04814 | val_dev 0.74441 | expl_dev 0.49664
epoch  435 | train_nll -1.28531 | train_fsce 1.04087 | val_dev 0.74189 | expl_dev 0.49835
epoch  440 | train_nll -1.28685 | train_fsce 1.02511 | val_dev 0.72403 | expl_dev 0.51043
epoch  445 | train_nll -1.29016 | train_fsce 1.05508 | val_dev 0.72468 | expl_dev 0.50999
epoch  450 | train_nll -1.29263 | train_fsce 1.02937 | val_dev 0.71776 | expl_dev 0.51466
epoch  455 | train_nll -1.27780 | train_fsce 1.00596 | val_dev 0.72362 | expl_dev 0.51070
epoch  460 | train_nll -1.29494 | train_fsce 1.01466 | val_dev 0.71723 | expl_dev 0.51502
epoch  465 | train_nll -1.29167 | train_fsce 1.03231 | val_dev 0.71371 | expl_dev 0.51740
epoch  470 | train_nll -1.29597 | train_fsce 1.02975 | val_dev 0.73659 | expl_dev 0.50193
epoch  475 | train_nll -1.29603 | train_fsce 0.97911 | val_dev 0.71650 | expl_dev 0.51551
epoch  480 | train_nll -1.28425 | train_fsce 1.01877 | val_dev 0.71946 | expl_dev 0.51352
epoch  485 | train_nll -1.29345 | train_fsce 0.98687 | val_dev 0.72626 | expl_dev 0.50892
epoch  490 | train_nll -1.28878 | train_fsce 1.00506 | val_dev 0.75748 | expl_dev 0.48780
epoch  495 | train_nll -1.28971 | train_fsce 0.99248 | val_dev 0.73323 | expl_dev 0.50421
epoch  500 | train_nll -1.29554 | train_fsce 0.99656 | val_dev 0.72349 | expl_dev 0.51079
epoch  505 | train_nll -1.29568 | train_fsce 0.97299 | val_dev 0.72200 | expl_dev 0.51180
epoch  510 | train_nll -1.29175 | train_fsce 1.00298 | val_dev 0.73500 | expl_dev 0.50301
epoch  515 | train_nll -1.29455 | train_fsce 0.95491 | val_dev 0.72664 | expl_dev 0.50866
epoch  520 | train_nll -1.29783 | train_fsce 0.96425 | val_dev 0.74063 | expl_dev 0.49920
epoch  525 | train_nll -1.29640 | train_fsce 1.01334 | val_dev 0.72510 | expl_dev 0.50970
epoch  530 | train_nll -1.29713 | train_fsce 0.99420 | val_dev 0.74899 | expl_dev 0.49355
epoch  535 | train_nll -1.29540 | train_fsce 1.00232 | val_dev 0.74338 | expl_dev 0.49734
epoch  540 | train_nll -1.30043 | train_fsce 0.97580 | val_dev 0.72628 | expl_dev 0.50890
epoch  545 | train_nll -1.29950 | train_fsce 0.97593 | val_dev 0.75475 | expl_dev 0.48965
epoch  550 | train_nll -1.30065 | train_fsce 0.96071 | val_dev 0.75015 | expl_dev 0.49276
epoch  555 | train_nll -1.30041 | train_fsce 0.94876 | val_dev 0.73827 | expl_dev 0.50080
epoch  560 | train_nll -1.30145 | train_fsce 0.93011 | val_dev 0.72690 | expl_dev 0.50849
epoch  565 | train_nll -1.29610 | train_fsce 0.92024 | val_dev 0.72357 | expl_dev 0.51074
epoch  570 | train_nll -1.30420 | train_fsce 0.93420 | val_dev 0.72881 | expl_dev 0.50719
epoch  575 | train_nll -1.30400 | train_fsce 0.98859 | val_dev 0.72346 | expl_dev 0.51081
epoch  580 | train_nll -1.30965 | train_fsce 0.98104 | val_dev 0.72513 | expl_dev 0.50968
epoch  585 | train_nll -1.30329 | train_fsce 0.90175 | val_dev 0.71225 | expl_dev 0.51839
epoch  590 | train_nll -1.30569 | train_fsce 0.94502 | val_dev 0.71987 | expl_dev 0.51324
epoch  595 | train_nll -1.30196 | train_fsce 0.95040 | val_dev 0.72864 | expl_dev 0.50731
epoch  600 | train_nll -1.30638 | train_fsce 0.93417 | val_dev 0.71428 | expl_dev 0.51702
epoch  605 | train_nll -1.30278 | train_fsce 0.93608 | val_dev 0.71689 | expl_dev 0.51526
epoch  610 | train_nll -1.30186 | train_fsce 0.93953 | val_dev 0.71818 | expl_dev 0.51438
epoch  615 | train_nll -1.27092 | train_fsce 0.88820 | val_dev 0.74750 | expl_dev 0.49456
epoch  620 | train_nll -1.28968 | train_fsce 0.93712 | val_dev 0.72386 | expl_dev 0.51054
epoch  625 | train_nll -1.30275 | train_fsce 0.93743 | val_dev 0.72151 | expl_dev 0.51213
epoch  630 | train_nll -1.30403 | train_fsce 0.92752 | val_dev 0.72073 | expl_dev 0.51266
epoch  635 | train_nll -1.30392 | train_fsce 0.90332 | val_dev 0.70716 | expl_dev 0.52183
epoch  640 | train_nll -1.30691 | train_fsce 0.95925 | val_dev 0.69956 | expl_dev 0.52698
epoch  645 | train_nll -1.30572 | train_fsce 0.94243 | val_dev 0.71391 | expl_dev 0.51727
epoch  650 | train_nll -1.30462 | train_fsce 0.90004 | val_dev 0.69895 | expl_dev 0.52739
epoch  655 | train_nll -1.31028 | train_fsce 0.89925 | val_dev 0.69963 | expl_dev 0.52693
epoch  660 | train_nll -1.30476 | train_fsce 0.91541 | val_dev 0.70294 | expl_dev 0.52469
epoch  665 | train_nll -1.31454 | train_fsce 0.91882 | val_dev 0.70037 | expl_dev 0.52643
epoch  670 | train_nll -1.31647 | train_fsce 0.90741 | val_dev 0.69578 | expl_dev 0.52953
epoch  675 | train_nll -1.30664 | train_fsce 0.90442 | val_dev 0.69713 | expl_dev 0.52861
epoch  680 | train_nll -1.31193 | train_fsce 0.92368 | val_dev 0.69660 | expl_dev 0.52897
epoch  685 | train_nll -1.31141 | train_fsce 0.89849 | val_dev 0.69450 | expl_dev 0.53039
epoch  690 | train_nll -1.31602 | train_fsce 0.89119 | val_dev 0.70427 | expl_dev 0.52379
epoch  695 | train_nll -1.31534 | train_fsce 0.90970 | val_dev 0.70788 | expl_dev 0.52134
epoch  700 | train_nll -1.31360 | train_fsce 0.90617 | val_dev 0.71198 | expl_dev 0.51858
epoch  705 | train_nll -1.30484 | train_fsce 0.93376 | val_dev 0.70458 | expl_dev 0.52357
epoch  710 | train_nll -1.31595 | train_fsce 0.91188 | val_dev 0.72277 | expl_dev 0.51128
epoch  715 | train_nll -1.31359 | train_fsce 0.88535 | val_dev 0.70683 | expl_dev 0.52206
epoch  720 | train_nll -1.30540 | train_fsce 0.90236 | val_dev 0.71810 | expl_dev 0.51444
epoch  725 | train_nll -1.30762 | train_fsce 0.87052 | val_dev 0.70267 | expl_dev 0.52487
epoch  730 | train_nll -1.29836 | train_fsce 0.91814 | val_dev 0.69978 | expl_dev 0.52682
epoch  735 | train_nll -1.30967 | train_fsce 0.89447 | val_dev 0.72696 | expl_dev 0.50845
epoch  740 | train_nll -1.31162 | train_fsce 0.89322 | val_dev 0.72648 | expl_dev 0.50877
epoch  745 | train_nll -1.31702 | train_fsce 0.90992 | val_dev 0.69871 | expl_dev 0.52755
epoch  750 | train_nll -1.32022 | train_fsce 0.87018 | val_dev 0.69895 | expl_dev 0.52738
epoch  755 | train_nll -1.31346 | train_fsce 0.84410 | val_dev 0.70799 | expl_dev 0.52127
epoch  760 | train_nll -1.31709 | train_fsce 0.90223 | val_dev 0.72534 | expl_dev 0.50954
epoch  765 | train_nll -1.30977 | train_fsce 0.86986 | val_dev 0.70679 | expl_dev 0.52208
epoch  770 | train_nll -1.31562 | train_fsce 0.87650 | val_dev 0.69515 | expl_dev 0.52996
epoch  775 | train_nll -1.31589 | train_fsce 0.84954 | val_dev 0.70436 | expl_dev 0.52372
epoch  780 | train_nll -1.30454 | train_fsce 0.90561 | val_dev 0.73535 | expl_dev 0.50277
epoch  785 | train_nll -1.30646 | train_fsce 0.86010 | val_dev 0.70481 | expl_dev 0.52342
epoch  790 | train_nll -1.31560 | train_fsce 0.87315 | val_dev 0.71169 | expl_dev 0.51877
epoch  795 | train_nll -1.32119 | train_fsce 0.88386 | val_dev 0.70223 | expl_dev 0.52516
epoch  800 | train_nll -1.31047 | train_fsce 0.85326 | val_dev 0.71466 | expl_dev 0.51676
epoch  805 | train_nll -1.31713 | train_fsce 0.87207 | val_dev 0.71087 | expl_dev 0.51933
epoch  810 | train_nll -1.31271 | train_fsce 0.88180 | val_dev 0.71229 | expl_dev 0.51837
epoch  815 | train_nll -1.31986 | train_fsce 0.88818 | val_dev 0.70399 | expl_dev 0.52398
epoch  820 | train_nll -1.31769 | train_fsce 0.88376 | val_dev 0.71112 | expl_dev 0.51916
epoch  825 | train_nll -1.31498 | train_fsce 0.84777 | val_dev 0.69755 | expl_dev 0.52833
epoch  830 | train_nll -1.32037 | train_fsce 0.88481 | val_dev 0.71097 | expl_dev 0.51926
epoch  835 | train_nll -1.31639 | train_fsce 0.86032 | val_dev 0.70031 | expl_dev 0.52647
epoch  840 | train_nll -1.32125 | train_fsce 0.86588 | val_dev 0.68720 | expl_dev 0.53533
epoch  845 | train_nll -1.31720 | train_fsce 0.83350 | val_dev 0.67960 | expl_dev 0.54047
epoch  850 | train_nll -1.32088 | train_fsce 0.82300 | val_dev 0.67972 | expl_dev 0.54038
epoch  855 | train_nll -1.32341 | train_fsce 0.85557 | val_dev 0.69915 | expl_dev 0.52725
epoch  860 | train_nll -1.32150 | train_fsce 0.85475 | val_dev 0.70330 | expl_dev 0.52444
epoch  865 | train_nll -1.32008 | train_fsce 0.85732 | val_dev 0.69010 | expl_dev 0.53337
epoch  870 | train_nll -1.32031 | train_fsce 0.86069 | val_dev 0.68663 | expl_dev 0.53572
epoch  875 | train_nll -1.32302 | train_fsce 0.86495 | val_dev 0.70429 | expl_dev 0.52378
epoch  880 | train_nll -1.32564 | train_fsce 0.84670 | val_dev 0.69101 | expl_dev 0.53275
epoch  885 | train_nll -1.31535 | train_fsce 0.85726 | val_dev 0.69087 | expl_dev 0.53285
epoch  890 | train_nll -1.31579 | train_fsce 0.82293 | val_dev 0.69059 | expl_dev 0.53303
epoch  895 | train_nll -1.32320 | train_fsce 0.87630 | val_dev 0.70318 | expl_dev 0.52452
epoch  900 | train_nll -1.32032 | train_fsce 0.85578 | val_dev 0.68956 | expl_dev 0.53373
epoch  905 | train_nll -1.31652 | train_fsce 0.85869 | val_dev 0.69245 | expl_dev 0.53178
epoch  910 | train_nll -1.31891 | train_fsce 0.88799 | val_dev 0.69463 | expl_dev 0.53031
epoch  915 | train_nll -1.32948 | train_fsce 0.82319 | val_dev 0.69887 | expl_dev 0.52744
epoch  920 | train_nll -1.31823 | train_fsce 0.82648 | val_dev 0.69072 | expl_dev 0.53295
epoch  925 | train_nll -1.31918 | train_fsce 0.85259 | val_dev 0.71314 | expl_dev 0.51779
epoch  930 | train_nll -1.31619 | train_fsce 0.84921 | val_dev 0.70224 | expl_dev 0.52516
epoch  935 | train_nll -1.32461 | train_fsce 0.84879 | val_dev 0.70188 | expl_dev 0.52540
epoch  940 | train_nll -1.32087 | train_fsce 0.87462 | val_dev 0.70278 | expl_dev 0.52479
epoch  945 | train_nll -1.32875 | train_fsce 0.84573 | val_dev 0.70508 | expl_dev 0.52324
epoch  950 | train_nll -1.32200 | train_fsce 0.85295 | val_dev 0.69746 | expl_dev 0.52839
epoch  955 | train_nll -1.31598 | train_fsce 0.82733 | val_dev 0.69209 | expl_dev 0.53202
epoch  960 | train_nll -1.31029 | train_fsce 0.82699 | val_dev 0.72192 | expl_dev 0.51185
epoch  965 | train_nll -1.31680 | train_fsce 0.84960 | val_dev 0.72775 | expl_dev 0.50791
epoch  970 | train_nll -1.31929 | train_fsce 0.84512 | val_dev 0.71515 | expl_dev 0.51643
epoch  975 | train_nll -1.31414 | train_fsce 0.82211 | val_dev 0.72521 | expl_dev 0.50963
epoch  980 | train_nll -1.31912 | train_fsce 0.80725 | val_dev 0.72797 | expl_dev 0.50776
epoch  985 | train_nll -1.32825 | train_fsce 0.80984 | val_dev 0.72083 | expl_dev 0.51259
epoch  990 | train_nll -1.31443 | train_fsce 0.84674 | val_dev 0.71518 | expl_dev 0.51641
epoch  995 | train_nll -1.32146 | train_fsce 0.82038 | val_dev 0.69598 | expl_dev 0.52939
epoch 1000 | train_nll -1.32719 | train_fsce 0.84327 | val_dev 0.72186 | expl_dev 0.51189
epoch 1005 | train_nll -1.31903 | train_fsce 0.85425 | val_dev 0.71272 | expl_dev 0.51807
epoch 1010 | train_nll -1.32141 | train_fsce 0.82616 | val_dev 0.73976 | expl_dev 0.49979
epoch 1015 | train_nll -1.32239 | train_fsce 0.85438 | val_dev 0.72542 | expl_dev 0.50949
epoch 1020 | train_nll -1.32850 | train_fsce 0.83367 | val_dev 0.70474 | expl_dev 0.52347
epoch 1025 | train_nll -1.32534 | train_fsce 0.82801 | val_dev 0.71932 | expl_dev 0.51361
epoch 1030 | train_nll -1.32986 | train_fsce 0.81018 | val_dev 0.71350 | expl_dev 0.51754
epoch 1035 | train_nll -1.32594 | train_fsce 0.83864 | val_dev 0.71185 | expl_dev 0.51866
epoch 1040 | train_nll -1.32352 | train_fsce 0.80227 | val_dev 0.70635 | expl_dev 0.52238
epoch 1045 | train_nll -1.32170 | train_fsce 0.83295 | val_dev 0.70753 | expl_dev 0.52158
epoch 1050 | train_nll -1.32358 | train_fsce 0.81121 | val_dev 0.72129 | expl_dev 0.51228
epoch 1055 | train_nll -1.32754 | train_fsce 0.83321 | val_dev 0.70554 | expl_dev 0.52293
epoch 1060 | train_nll -1.32521 | train_fsce 0.83694 | val_dev 0.70787 | expl_dev 0.52135
epoch 1065 | train_nll -1.32165 | train_fsce 0.84712 | val_dev 0.71359 | expl_dev 0.51749
epoch 1070 | train_nll -1.32235 | train_fsce 0.83774 | val_dev 0.72243 | expl_dev 0.51151
epoch 1075 | train_nll -1.32125 | train_fsce 0.81951 | val_dev 0.71271 | expl_dev 0.51808
epoch 1080 | train_nll -1.32368 | train_fsce 0.84799 | val_dev 0.75372 | expl_dev 0.49035
epoch 1085 | train_nll -1.32647 | train_fsce 0.82999 | val_dev 0.71180 | expl_dev 0.51870
epoch 1090 | train_nll -1.33184 | train_fsce 0.78981 | val_dev 0.73523 | expl_dev 0.50285
epoch 1095 | train_nll -1.32849 | train_fsce 0.84386 | val_dev 0.73763 | expl_dev 0.50123
epoch 1100 | train_nll -1.33266 | train_fsce 0.83530 | val_dev 0.71253 | expl_dev 0.51820
epoch 1105 | train_nll -1.32769 | train_fsce 0.81139 | val_dev 0.71633 | expl_dev 0.51563
epoch 1110 | train_nll -1.33190 | train_fsce 0.81828 | val_dev 0.72768 | expl_dev 0.50796
epoch 1115 | train_nll -1.33272 | train_fsce 0.82913 | val_dev 0.72522 | expl_dev 0.50962
epoch 1120 | train_nll -1.32727 | train_fsce 0.82127 | val_dev 0.72045 | expl_dev 0.51284
epoch 1125 | train_nll -1.32905 | train_fsce 0.82235 | val_dev 0.72079 | expl_dev 0.51262
epoch 1130 | train_nll -1.33053 | train_fsce 0.78941 | val_dev 0.73186 | expl_dev 0.50513
epoch 1135 | train_nll -1.31857 | train_fsce 0.80877 | val_dev 0.70999 | expl_dev 0.51992
epoch 1140 | train_nll -1.32838 | train_fsce 0.82647 | val_dev 0.73135 | expl_dev 0.50548
epoch 1145 | train_nll -1.33479 | train_fsce 0.79841 | val_dev 0.74311 | expl_dev 0.49753
epoch 1150 | train_nll -1.32518 | train_fsce 0.84022 | val_dev 0.73392 | expl_dev 0.50374
epoch 1155 | train_nll -1.33572 | train_fsce 0.79791 | val_dev 0.73136 | expl_dev 0.50547
epoch 1160 | train_nll -1.33030 | train_fsce 0.82216 | val_dev 0.71654 | expl_dev 0.51549
epoch 1165 | train_nll -1.32718 | train_fsce 0.79507 | val_dev 0.72262 | expl_dev 0.51138
epoch 1170 | train_nll -1.32527 | train_fsce 0.81333 | val_dev 0.72282 | expl_dev 0.51124
epoch 1175 | train_nll -1.33143 | train_fsce 0.78418 | val_dev 0.71901 | expl_dev 0.51382
epoch 1180 | train_nll -1.32223 | train_fsce 0.79098 | val_dev 0.71880 | expl_dev 0.51396
epoch 1185 | train_nll -1.33324 | train_fsce 0.77178 | val_dev 0.72230 | expl_dev 0.51160
epoch 1190 | train_nll -1.32002 | train_fsce 0.79704 | val_dev 0.71739 | expl_dev 0.51492
epoch 1195 | train_nll -1.32670 | train_fsce 0.78514 | val_dev 0.71547 | expl_dev 0.51621
epoch 1200 | train_nll -1.33544 | train_fsce 0.83636 | val_dev 0.71175 | expl_dev 0.51873
epoch 1205 | train_nll -1.34104 | train_fsce 0.79227 | val_dev 0.72231 | expl_dev 0.51159
epoch 1210 | train_nll -1.32750 | train_fsce 0.79988 | val_dev 0.71472 | expl_dev 0.51672
epoch 1215 | train_nll -1.33177 | train_fsce 0.78848 | val_dev 0.70624 | expl_dev 0.52245
epoch 1220 | train_nll -1.33093 | train_fsce 0.79566 | val_dev 0.74340 | expl_dev 0.49733
epoch 1225 | train_nll -1.33541 | train_fsce 0.82045 | val_dev 0.72309 | expl_dev 0.51106
epoch 1230 | train_nll -1.33453 | train_fsce 0.76664 | val_dev 0.73225 | expl_dev 0.50487
epoch 1235 | train_nll -1.32691 | train_fsce 0.78242 | val_dev 0.71712 | expl_dev 0.51510
epoch 1240 | train_nll -1.34114 | train_fsce 0.76379 | val_dev 0.71962 | expl_dev 0.51341
epoch 1245 | train_nll -1.33510 | train_fsce 0.82309 | val_dev 0.72473 | expl_dev 0.50995
epoch 1250 | train_nll -1.33737 | train_fsce 0.78043 | val_dev 0.74001 | expl_dev 0.49962
epoch 1255 | train_nll -1.34035 | train_fsce 0.78594 | val_dev 0.72477 | expl_dev 0.50992
epoch 1260 | train_nll -1.33593 | train_fsce 0.77955 | val_dev 0.72952 | expl_dev 0.50672
epoch 1265 | train_nll -1.33462 | train_fsce 0.78167 | val_dev 0.71795 | expl_dev 0.51454
epoch 1270 | train_nll -1.32880 | train_fsce 0.76803 | val_dev 0.72477 | expl_dev 0.50992
epoch 1275 | train_nll -1.33316 | train_fsce 0.79479 | val_dev 0.72924 | expl_dev 0.50690
epoch 1280 | train_nll -1.34553 | train_fsce 0.78173 | val_dev 0.71145 | expl_dev 0.51893
epoch 1285 | train_nll -1.32715 | train_fsce 0.81538 | val_dev 0.73187 | expl_dev 0.50512
epoch 1290 | train_nll -1.33430 | train_fsce 0.78531 | val_dev 0.71362 | expl_dev 0.51747
epoch 1295 | train_nll -1.34631 | train_fsce 0.77625 | val_dev 0.72443 | expl_dev 0.51015
epoch 1300 | train_nll -1.34047 | train_fsce 0.80126 | val_dev 0.72535 | expl_dev 0.50953
epoch 1305 | train_nll -1.33222 | train_fsce 0.80500 | val_dev 0.72746 | expl_dev 0.50811
epoch 1310 | train_nll -1.33395 | train_fsce 0.78443 | val_dev 0.72346 | expl_dev 0.51081
epoch 1315 | train_nll -1.33495 | train_fsce 0.77054 | val_dev 0.72655 | expl_dev 0.50872
epoch 1320 | train_nll -1.33559 | train_fsce 0.81893 | val_dev 0.74348 | expl_dev 0.49727
epoch 1325 | train_nll -1.33648 | train_fsce 0.78981 | val_dev 0.71811 | expl_dev 0.51443
epoch 1330 | train_nll -1.33566 | train_fsce 0.82872 | val_dev 0.71626 | expl_dev 0.51568
epoch 1335 | train_nll -1.33716 | train_fsce 0.77646 | val_dev 0.71367 | expl_dev 0.51743
epoch 1340 | train_nll -1.33324 | train_fsce 0.80466 | val_dev 0.71092 | expl_dev 0.51929
epoch 1345 | train_nll -1.33756 | train_fsce 0.80866 | val_dev 0.72645 | expl_dev 0.50879
epoch 1350 | train_nll -1.34436 | train_fsce 0.78789 | val_dev 0.70516 | expl_dev 0.52319
epoch 1355 | train_nll -1.33600 | train_fsce 0.77327 | val_dev 0.73067 | expl_dev 0.50594
epoch 1360 | train_nll -1.33371 | train_fsce 0.76202 | val_dev 0.72000 | expl_dev 0.51315
epoch 1365 | train_nll -1.34292 | train_fsce 0.77141 | val_dev 0.72230 | expl_dev 0.51159
epoch 1370 | train_nll -1.33558 | train_fsce 0.81343 | val_dev 0.71143 | expl_dev 0.51894
epoch 1375 | train_nll -1.33843 | train_fsce 0.78689 | val_dev 0.71894 | expl_dev 0.51387
epoch 1380 | train_nll -1.33949 | train_fsce 0.79889 | val_dev 0.72173 | expl_dev 0.51198
epoch 1385 | train_nll -1.33763 | train_fsce 0.76684 | val_dev 0.70964 | expl_dev 0.52016
epoch 1390 | train_nll -1.34303 | train_fsce 0.77399 | val_dev 0.70581 | expl_dev 0.52274
epoch 1395 | train_nll -1.33805 | train_fsce 0.77841 | val_dev 0.69353 | expl_dev 0.53105
epoch 1400 | train_nll -1.33521 | train_fsce 0.78039 | val_dev 0.70178 | expl_dev 0.52547
epoch 1405 | train_nll -1.34329 | train_fsce 0.78079 | val_dev 0.71821 | expl_dev 0.51436
epoch 1410 | train_nll -1.33914 | train_fsce 0.79327 | val_dev 0.70246 | expl_dev 0.52501
epoch 1415 | train_nll -1.33474 | train_fsce 0.77667 | val_dev 0.71358 | expl_dev 0.51749
epoch 1420 | train_nll -1.34043 | train_fsce 0.76057 | val_dev 0.71740 | expl_dev 0.51491
epoch 1425 | train_nll -1.33875 | train_fsce 0.76335 | val_dev 0.70992 | expl_dev 0.51997
epoch 1430 | train_nll -1.34563 | train_fsce 0.75175 | val_dev 0.70051 | expl_dev 0.52633
epoch 1435 | train_nll -1.33804 | train_fsce 0.75255 | val_dev 0.71137 | expl_dev 0.51899
epoch 1440 | train_nll -1.33406 | train_fsce 0.80498 | val_dev 0.71309 | expl_dev 0.51783
epoch 1445 | train_nll -1.33654 | train_fsce 0.81662 | val_dev 0.71292 | expl_dev 0.51794
epoch 1450 | train_nll -1.33312 | train_fsce 0.79613 | val_dev 0.71870 | expl_dev 0.51403
epoch 1455 | train_nll -1.34082 | train_fsce 0.78308 | val_dev 0.72982 | expl_dev 0.50651
epoch 1460 | train_nll -1.33371 | train_fsce 0.76942 | val_dev 0.71239 | expl_dev 0.51830
epoch 1465 | train_nll -1.34199 | train_fsce 0.77845 | val_dev 0.71043 | expl_dev 0.51962
epoch 1470 | train_nll -1.33835 | train_fsce 0.76896 | val_dev 0.71851 | expl_dev 0.51416
epoch 1475 | train_nll -1.33411 | train_fsce 0.77162 | val_dev 0.69990 | expl_dev 0.52674
epoch 1480 | train_nll -1.34002 | train_fsce 0.77542 | val_dev 0.72406 | expl_dev 0.51040
epoch 1485 | train_nll -1.32755 | train_fsce 0.80744 | val_dev 0.72250 | expl_dev 0.51146
epoch 1490 | train_nll -1.33531 | train_fsce 0.80021 | val_dev 0.70991 | expl_dev 0.51997
epoch 1495 | train_nll -1.33182 | train_fsce 0.78234 | val_dev 0.70419 | expl_dev 0.52384
epoch 1500 | train_nll -1.33280 | train_fsce 0.79552 | val_dev 0.72452 | expl_dev 0.51009
epoch 1505 | train_nll -1.33273 | train_fsce 0.77397 | val_dev 0.72791 | expl_dev 0.50780
epoch 1510 | train_nll -1.33401 | train_fsce 0.77689 | val_dev 0.71543 | expl_dev 0.51624
epoch 1515 | train_nll -1.34155 | train_fsce 0.78191 | val_dev 0.72010 | expl_dev 0.51309
epoch 1520 | train_nll -1.33868 | train_fsce 0.79262 | val_dev 0.70609 | expl_dev 0.52256
epoch 1525 | train_nll -1.34065 | train_fsce 0.77067 | val_dev 0.69096 | expl_dev 0.53279
epoch 1530 | train_nll -1.34484 | train_fsce 0.77471 | val_dev 0.71144 | expl_dev 0.51894
epoch 1535 | train_nll -1.33484 | train_fsce 0.77798 | val_dev 0.71359 | expl_dev 0.51749
epoch 1540 | train_nll -1.33522 | train_fsce 0.77724 | val_dev 0.73484 | expl_dev 0.50312
epoch 1545 | train_nll -1.34626 | train_fsce 0.77085 | val_dev 0.70359 | expl_dev 0.52425
epoch 1550 | train_nll -1.33957 | train_fsce 0.76011 | val_dev 0.70853 | expl_dev 0.52090
epoch 1555 | train_nll -1.33959 | train_fsce 0.80594 | val_dev 0.71504 | expl_dev 0.51650
epoch 1560 | train_nll -1.34485 | train_fsce 0.77346 | val_dev 0.69671 | expl_dev 0.52890
epoch 1565 | train_nll -1.34670 | train_fsce 0.77532 | val_dev 0.69544 | expl_dev 0.52976
epoch 1570 | train_nll -1.34375 | train_fsce 0.79075 | val_dev 0.68872 | expl_dev 0.53430
epoch 1575 | train_nll -1.34226 | train_fsce 0.76984 | val_dev 0.69870 | expl_dev 0.52755
epoch 1580 | train_nll -1.34065 | train_fsce 0.78190 | val_dev 0.69766 | expl_dev 0.52826
epoch 1585 | train_nll -1.34091 | train_fsce 0.75028 | val_dev 0.68994 | expl_dev 0.53348
epoch 1590 | train_nll -1.34884 | train_fsce 0.77781 | val_dev 0.70454 | expl_dev 0.52361
epoch 1595 | train_nll -1.34840 | train_fsce 0.76769 | val_dev 0.69501 | expl_dev 0.53005
epoch 1600 | train_nll -1.34860 | train_fsce 0.77613 | val_dev 0.71162 | expl_dev 0.51882
epoch 1605 | train_nll -1.34026 | train_fsce 0.76416 | val_dev 0.72516 | expl_dev 0.50966
epoch 1610 | train_nll -1.34612 | train_fsce 0.76343 | val_dev 0.69663 | expl_dev 0.52896
epoch 1615 | train_nll -1.35053 | train_fsce 0.73758 | val_dev 0.70281 | expl_dev 0.52477
epoch 1620 | train_nll -1.34471 | train_fsce 0.78308 | val_dev 0.70458 | expl_dev 0.52358
epoch 1625 | train_nll -1.34173 | train_fsce 0.78328 | val_dev 0.69860 | expl_dev 0.52762
epoch 1630 | train_nll -1.34398 | train_fsce 0.76593 | val_dev 0.71347 | expl_dev 0.51757
epoch 1635 | train_nll -1.34210 | train_fsce 0.77683 | val_dev 0.69812 | expl_dev 0.52794
epoch 1640 | train_nll -1.34521 | train_fsce 0.75892 | val_dev 0.69834 | expl_dev 0.52780
epoch 1645 | train_nll -1.34288 | train_fsce 0.78561 | val_dev 0.71777 | expl_dev 0.51466
epoch 1650 | train_nll -1.28308 | train_fsce 0.73478 | val_dev 0.81634 | expl_dev 0.44801
epoch 1655 | train_nll -1.30531 | train_fsce 0.74904 | val_dev 0.77651 | expl_dev 0.47494
epoch 1660 | train_nll -1.32398 | train_fsce 0.75516 | val_dev 0.73368 | expl_dev 0.50390
epoch 1665 | train_nll -1.33890 | train_fsce 0.73239 | val_dev 0.71668 | expl_dev 0.51540
epoch 1670 | train_nll -1.33430 | train_fsce 0.74698 | val_dev 0.73220 | expl_dev 0.50490
epoch 1675 | train_nll -1.33906 | train_fsce 0.74490 | val_dev 0.73582 | expl_dev 0.50246
epoch 1680 | train_nll -1.34094 | train_fsce 0.73743 | val_dev 0.71386 | expl_dev 0.51730
epoch 1685 | train_nll -1.32833 | train_fsce 0.71970 | val_dev 0.75124 | expl_dev 0.49203
epoch 1690 | train_nll -1.33465 | train_fsce 0.75167 | val_dev 0.73275 | expl_dev 0.50453
epoch 1695 | train_nll -1.33973 | train_fsce 0.74878 | val_dev 0.71890 | expl_dev 0.51390
epoch 1700 | train_nll -1.33508 | train_fsce 0.71938 | val_dev 0.75277 | expl_dev 0.49100
epoch 1705 | train_nll -1.34065 | train_fsce 0.73353 | val_dev 0.71906 | expl_dev 0.51379
epoch 1710 | train_nll -1.33659 | train_fsce 0.71396 | val_dev 0.72408 | expl_dev 0.51039
epoch 1715 | train_nll -1.34228 | train_fsce 0.75119 | val_dev 0.72066 | expl_dev 0.51270
epoch 1720 | train_nll -1.34444 | train_fsce 0.72196 | val_dev 0.71560 | expl_dev 0.51612
epoch 1725 | train_nll -1.33814 | train_fsce 0.73660 | val_dev 0.72503 | expl_dev 0.50975
epoch 1730 | train_nll -1.33343 | train_fsce 0.71195 | val_dev 0.70805 | expl_dev 0.52123
epoch 1735 | train_nll -1.33876 | train_fsce 0.72844 | val_dev 0.72027 | expl_dev 0.51297
epoch 1740 | train_nll -1.35066 | train_fsce 0.72342 | val_dev 0.72037 | expl_dev 0.51290
epoch 1745 | train_nll -1.34659 | train_fsce 0.73394 | val_dev 0.71814 | expl_dev 0.51441
epoch 1750 | train_nll -1.34161 | train_fsce 0.73997 | val_dev 0.70916 | expl_dev 0.52048
epoch 1755 | train_nll -1.34555 | train_fsce 0.71041 | val_dev 0.69179 | expl_dev 0.53223
epoch 1760 | train_nll -1.34468 | train_fsce 0.70821 | val_dev 0.71594 | expl_dev 0.51590
epoch 1765 | train_nll -1.34203 | train_fsce 0.76769 | val_dev 0.70333 | expl_dev 0.52442
epoch 1770 | train_nll -1.33234 | train_fsce 0.78329 | val_dev 0.71087 | expl_dev 0.51933
epoch 1775 | train_nll -1.34289 | train_fsce 0.69270 | val_dev 0.69251 | expl_dev 0.53174
epoch 1780 | train_nll -1.34102 | train_fsce 0.76890 | val_dev 0.71123 | expl_dev 0.51908
epoch 1785 | train_nll -1.34430 | train_fsce 0.73224 | val_dev 0.70430 | expl_dev 0.52377
epoch 1790 | train_nll -1.34550 | train_fsce 0.74386 | val_dev 0.69360 | expl_dev 0.53100
epoch 1795 | train_nll -1.34587 | train_fsce 0.73590 | val_dev 0.68467 | expl_dev 0.53704
epoch 1800 | train_nll -1.34620 | train_fsce 0.73809 | val_dev 0.69245 | expl_dev 0.53178
epoch 1805 | train_nll -1.34922 | train_fsce 0.74952 | val_dev 0.69432 | expl_dev 0.53052
epoch 1810 | train_nll -1.34222 | train_fsce 0.70119 | val_dev 0.69566 | expl_dev 0.52961
epoch 1815 | train_nll -1.34523 | train_fsce 0.76501 | val_dev 0.68648 | expl_dev 0.53582
epoch 1820 | train_nll -1.34299 | train_fsce 0.70740 | val_dev 0.69769 | expl_dev 0.52823
epoch 1825 | train_nll -1.34420 | train_fsce 0.71297 | val_dev 0.71137 | expl_dev 0.51899
epoch 1830 | train_nll -1.34641 | train_fsce 0.72363 | val_dev 0.70497 | expl_dev 0.52331
epoch 1835 | train_nll -1.34691 | train_fsce 0.69880 | val_dev 0.70545 | expl_dev 0.52299
epoch 1840 | train_nll -1.35346 | train_fsce 0.73043 | val_dev 0.69075 | expl_dev 0.53293
epoch 1845 | train_nll -1.34591 | train_fsce 0.74217 | val_dev 0.69877 | expl_dev 0.52751
epoch 1850 | train_nll -1.34641 | train_fsce 0.72263 | val_dev 0.69903 | expl_dev 0.52733
epoch 1855 | train_nll -1.34816 | train_fsce 0.74856 | val_dev 0.69960 | expl_dev 0.52694
epoch 1860 | train_nll -1.34455 | train_fsce 0.73637 | val_dev 0.70493 | expl_dev 0.52334
epoch 1865 | train_nll -1.33290 | train_fsce 0.73576 | val_dev 0.70496 | expl_dev 0.52332
epoch 1870 | train_nll -1.34700 | train_fsce 0.71832 | val_dev 0.69337 | expl_dev 0.53116
epoch 1875 | train_nll -1.34598 | train_fsce 0.73467 | val_dev 0.69191 | expl_dev 0.53214
epoch 1880 | train_nll -1.34845 | train_fsce 0.73447 | val_dev 0.70864 | expl_dev 0.52083
epoch 1885 | train_nll -1.35557 | train_fsce 0.73829 | val_dev 0.69881 | expl_dev 0.52748
epoch 1890 | train_nll -1.35111 | train_fsce 0.70768 | val_dev 0.68906 | expl_dev 0.53407
epoch 1895 | train_nll -1.35166 | train_fsce 0.73164 | val_dev 0.69000 | expl_dev 0.53344
epoch 1900 | train_nll -1.34051 | train_fsce 0.70518 | val_dev 0.70668 | expl_dev 0.52216
epoch 1905 | train_nll -1.34113 | train_fsce 0.70910 | val_dev 0.69729 | expl_dev 0.52851
epoch 1910 | train_nll -1.34722 | train_fsce 0.74488 | val_dev 0.70454 | expl_dev 0.52360
epoch 1915 | train_nll -1.34388 | train_fsce 0.69983 | val_dev 0.68245 | expl_dev 0.53854
epoch 1920 | train_nll -1.34286 | train_fsce 0.72637 | val_dev 0.69102 | expl_dev 0.53275
epoch 1925 | train_nll -1.35278 | train_fsce 0.74883 | val_dev 0.70577 | expl_dev 0.52277
epoch 1930 | train_nll -1.34939 | train_fsce 0.72337 | val_dev 0.69687 | expl_dev 0.52879
epoch 1935 | train_nll -1.34518 | train_fsce 0.73088 | val_dev 0.69295 | expl_dev 0.53144
epoch 1940 | train_nll -1.34922 | train_fsce 0.74083 | val_dev 0.70637 | expl_dev 0.52237
epoch 1945 | train_nll -1.33941 | train_fsce 0.73702 | val_dev 0.70107 | expl_dev 0.52595
epoch 1950 | train_nll -1.34875 | train_fsce 0.70678 | val_dev 0.72069 | expl_dev 0.51268
epoch 1955 | train_nll -1.33840 | train_fsce 0.73441 | val_dev 0.72162 | expl_dev 0.51206
epoch 1960 | train_nll -1.34948 | train_fsce 0.71821 | val_dev 0.71153 | expl_dev 0.51888
epoch 1965 | train_nll -1.35461 | train_fsce 0.72755 | val_dev 0.72750 | expl_dev 0.50808
epoch 1970 | train_nll -1.34410 | train_fsce 0.71266 | val_dev 0.72222 | expl_dev 0.51165
epoch 1975 | train_nll -1.34849 | train_fsce 0.73269 | val_dev 0.71321 | expl_dev 0.51774
epoch 1980 | train_nll -1.34872 | train_fsce 0.73910 | val_dev 0.70253 | expl_dev 0.52497
epoch 1985 | train_nll -1.34655 | train_fsce 0.75385 | val_dev 0.70522 | expl_dev 0.52315
epoch 1990 | train_nll -1.34741 | train_fsce 0.70133 | val_dev 0.68723 | expl_dev 0.53531
epoch 1995 | train_nll -1.34780 | train_fsce 0.72420 | val_dev 0.68734 | expl_dev 0.53523
epoch 2000 | train_nll -1.34419 | train_fsce 0.71557 | val_dev 0.69367 | expl_dev 0.53096
epoch 2005 | train_nll -1.34909 | train_fsce 0.73051 | val_dev 0.67740 | expl_dev 0.54195
epoch 2010 | train_nll -1.34337 | train_fsce 0.75393 | val_dev 0.70143 | expl_dev 0.52571
epoch 2015 | train_nll -1.34433 | train_fsce 0.73186 | val_dev 0.70053 | expl_dev 0.52631
epoch 2020 | train_nll -1.34793 | train_fsce 0.74512 | val_dev 0.71460 | expl_dev 0.51680
epoch 2025 | train_nll -1.35111 | train_fsce 0.72130 | val_dev 0.72717 | expl_dev 0.50830
epoch 2030 | train_nll -1.34947 | train_fsce 0.72186 | val_dev 0.72759 | expl_dev 0.50802
epoch 2035 | train_nll -1.35280 | train_fsce 0.71814 | val_dev 0.72717 | expl_dev 0.50830
epoch 2040 | train_nll -1.35346 | train_fsce 0.70692 | val_dev 0.71770 | expl_dev 0.51471
epoch 2045 | train_nll -1.34781 | train_fsce 0.70832 | val_dev 0.72028 | expl_dev 0.51296
epoch 2050 | train_nll -1.34734 | train_fsce 0.73806 | val_dev 0.73389 | expl_dev 0.50376
epoch 2055 | train_nll -1.34859 | train_fsce 0.72200 | val_dev 0.72039 | expl_dev 0.51289
epoch 2060 | train_nll -1.35285 | train_fsce 0.70020 | val_dev 0.71897 | expl_dev 0.51384
epoch 2065 | train_nll -1.35257 | train_fsce 0.71894 | val_dev 0.71682 | expl_dev 0.51530
epoch 2070 | train_nll -1.35051 | train_fsce 0.71241 | val_dev 0.70804 | expl_dev 0.52124
epoch 2075 | train_nll -1.35151 | train_fsce 0.72562 | val_dev 0.74150 | expl_dev 0.49861
epoch 2080 | train_nll -1.35349 | train_fsce 0.70886 | val_dev 0.70264 | expl_dev 0.52489
epoch 2085 | train_nll -1.35090 | train_fsce 0.70783 | val_dev 0.70577 | expl_dev 0.52277
epoch 2090 | train_nll -1.35020 | train_fsce 0.73488 | val_dev 0.72855 | expl_dev 0.50737
epoch 2095 | train_nll -1.35142 | train_fsce 0.69734 | val_dev 0.73925 | expl_dev 0.50014
epoch 2100 | train_nll -1.35448 | train_fsce 0.71728 | val_dev 0.70639 | expl_dev 0.52236
epoch 2105 | train_nll -1.34686 | train_fsce 0.73788 | val_dev 0.73094 | expl_dev 0.50575
epoch 2110 | train_nll -1.35229 | train_fsce 0.70578 | val_dev 0.69170 | expl_dev 0.53229
epoch 2115 | train_nll -1.35432 | train_fsce 0.72237 | val_dev 0.74426 | expl_dev 0.49674
epoch 2120 | train_nll -1.35828 | train_fsce 0.73211 | val_dev 0.71112 | expl_dev 0.51916
epoch 2125 | train_nll -1.35669 | train_fsce 0.70300 | val_dev 0.73507 | expl_dev 0.50296
epoch 2130 | train_nll -1.35232 | train_fsce 0.70844 | val_dev 0.72933 | expl_dev 0.50684
epoch 2135 | train_nll -1.34349 | train_fsce 0.68011 | val_dev 0.72525 | expl_dev 0.50960
epoch 2140 | train_nll -1.35575 | train_fsce 0.69892 | val_dev 0.72768 | expl_dev 0.50796
epoch 2145 | train_nll -1.35918 | train_fsce 0.70324 | val_dev 0.71566 | expl_dev 0.51608
epoch 2150 | train_nll -1.35047 | train_fsce 0.72476 | val_dev 0.71720 | expl_dev 0.51505
epoch 2155 | train_nll -1.34447 | train_fsce 0.67984 | val_dev 0.68698 | expl_dev 0.53548
epoch 2160 | train_nll -1.34226 | train_fsce 0.71780 | val_dev 0.74341 | expl_dev 0.49732
epoch 2165 | train_nll -1.34331 | train_fsce 0.68468 | val_dev 0.72377 | expl_dev 0.51060
epoch 2170 | train_nll -1.35024 | train_fsce 0.69220 | val_dev 0.69558 | expl_dev 0.52966
epoch 2175 | train_nll -1.35350 | train_fsce 0.67991 | val_dev 0.69798 | expl_dev 0.52804
epoch 2180 | train_nll -1.35398 | train_fsce 0.69919 | val_dev 0.70377 | expl_dev 0.52412
epoch 2185 | train_nll -1.35495 | train_fsce 0.69202 | val_dev 0.70101 | expl_dev 0.52599
epoch 2190 | train_nll -1.35186 | train_fsce 0.68652 | val_dev 0.70061 | expl_dev 0.52626
epoch 2195 | train_nll -1.35563 | train_fsce 0.72493 | val_dev 0.69831 | expl_dev 0.52782
epoch 2200 | train_nll -1.34893 | train_fsce 0.67913 | val_dev 0.71070 | expl_dev 0.51944
epoch 2205 | train_nll -1.34520 | train_fsce 0.73665 | val_dev 0.69857 | expl_dev 0.52764
epoch 2210 | train_nll -1.35074 | train_fsce 0.71684 | val_dev 0.69794 | expl_dev 0.52807
epoch 2215 | train_nll -1.34917 | train_fsce 0.70616 | val_dev 0.69579 | expl_dev 0.52952
epoch 2220 | train_nll -1.35246 | train_fsce 0.69221 | val_dev 0.70162 | expl_dev 0.52558
epoch 2225 | train_nll -1.34736 | train_fsce 0.66818 | val_dev 0.69971 | expl_dev 0.52687
epoch 2230 | train_nll -1.35187 | train_fsce 0.71200 | val_dev 0.69712 | expl_dev 0.52862
epoch 2235 | train_nll -1.35129 | train_fsce 0.70346 | val_dev 0.71251 | expl_dev 0.51822
epoch 2240 | train_nll -1.35686 | train_fsce 0.71289 | val_dev 0.71873 | expl_dev 0.51401
epoch 2245 | train_nll -1.34982 | train_fsce 0.68511 | val_dev 0.67630 | expl_dev 0.54270
epoch 2250 | train_nll -1.35539 | train_fsce 0.70855 | val_dev 0.68786 | expl_dev 0.53488

[中斷] epoch 2254 收到 Ctrl-C，用目前模型存 checkpoint 跟 latent
已存 /Users/yentso/developer/StartOver/model/v2_ddae_simple_fsce/result/latents.npz
