[dataset]
  csv = /Users/yentso/developer/StartOver/data/tky_clean.csv
  cat_col = category
  categories = ['Dining and Drinking', 'Retail', 'Nightlife Spot', 'Community and Government', 'Travel and Transportation', 'Business and Professional Services', 'Landmarks and Outdoors', 'Arts and Entertainment', 'Health and Medicine', 'Sports and Recreation']
  half_width = 50.0
  cell = 15
  center_step = 100
  min_poi = 10
  crs = EPSG:6677

[hparams]
  EPOCHS = 300
  SEED = 0
  USE_FSCE = True
  LAMBDA_FSCE = 0.01
  WARMUP_EPOCHS = 200

split：train 801 / val 185 / test 247

epoch    1 | train_nll 0.76619 | train_fsce 3.14590 | val_dev 3.46598
epoch    5 | train_nll -0.76271 | train_fsce 2.58673 | val_dev 1.87584
epoch   10 | train_nll -0.95232 | train_fsce 1.35517 | val_dev 1.49816
epoch   15 | train_nll -1.06828 | train_fsce 1.32209 | val_dev 1.29593
epoch   20 | train_nll -1.13502 | train_fsce 1.25673 | val_dev 1.16232
epoch   25 | train_nll -1.19700 | train_fsce 1.36274 | val_dev 1.07780
epoch   30 | train_nll -1.23026 | train_fsce 1.32245 | val_dev 1.04432
epoch   35 | train_nll -1.25478 | train_fsce 1.27897 | val_dev 0.96879
epoch   40 | train_nll -1.26834 | train_fsce 1.28316 | val_dev 0.95545
epoch   45 | train_nll -1.26996 | train_fsce 1.31655 | val_dev 0.97038
epoch   50 | train_nll -1.28032 | train_fsce 1.24686 | val_dev 0.96328
epoch   55 | train_nll -1.29179 | train_fsce 1.23778 | val_dev 0.92710
epoch   60 | train_nll -1.29781 | train_fsce 1.25636 | val_dev 0.95909
epoch   65 | train_nll -1.30198 | train_fsce 1.24130 | val_dev 0.93599
epoch   70 | train_nll -1.30458 | train_fsce 1.18253 | val_dev 0.93595
epoch   75 | train_nll -1.30666 | train_fsce 1.13752 | val_dev 0.92523
epoch   80 | train_nll -1.31222 | train_fsce 1.17280 | val_dev 0.92139
epoch   85 | train_nll -1.31787 | train_fsce 1.14415 | val_dev 0.92121
epoch   90 | train_nll -1.31778 | train_fsce 1.09024 | val_dev 0.93620
epoch   95 | train_nll -1.32550 | train_fsce 1.10018 | val_dev 0.91593
epoch  100 | train_nll -1.33166 | train_fsce 1.10605 | val_dev 0.91015
epoch  105 | train_nll -1.33200 | train_fsce 1.02684 | val_dev 0.91389
epoch  110 | train_nll -1.34018 | train_fsce 0.99617 | val_dev 0.89297
epoch  115 | train_nll -1.34359 | train_fsce 1.00339 | val_dev 0.91340
epoch  120 | train_nll -1.34925 | train_fsce 0.98595 | val_dev 0.90380
epoch  125 | train_nll -1.35082 | train_fsce 0.98958 | val_dev 0.88418
epoch  130 | train_nll -1.35019 | train_fsce 0.99615 | val_dev 0.90538
epoch  135 | train_nll -1.35080 | train_fsce 0.98962 | val_dev 0.88160
epoch  140 | train_nll -1.34336 | train_fsce 0.96681 | val_dev 0.91206
epoch  145 | train_nll -1.35605 | train_fsce 0.90696 | val_dev 0.88989
epoch  150 | train_nll -1.36375 | train_fsce 0.93128 | val_dev 0.90167
epoch  155 | train_nll -1.36845 | train_fsce 0.89746 | val_dev 0.89211
epoch  160 | train_nll -1.35845 | train_fsce 0.91470 | val_dev 0.91590
epoch  165 | train_nll -1.37376 | train_fsce 0.92745 | val_dev 0.88356
epoch  170 | train_nll -1.37142 | train_fsce 0.90370 | val_dev 0.89610
epoch  175 | train_nll -1.37439 | train_fsce 0.88995 | val_dev 0.89995
epoch  180 | train_nll -1.37715 | train_fsce 0.87348 | val_dev 0.90407
epoch  185 | train_nll -1.37926 | train_fsce 0.89365 | val_dev 0.90167
epoch  190 | train_nll -1.38279 | train_fsce 0.86934 | val_dev 0.89928
epoch  195 | train_nll -1.38237 | train_fsce 0.85236 | val_dev 0.89881
epoch  200 | train_nll -1.38412 | train_fsce 0.85695 | val_dev 0.91072
epoch  205 | train_nll -1.37792 | train_fsce 0.82819 | val_dev 0.94792
epoch  210 | train_nll -1.38448 | train_fsce 0.78952 | val_dev 0.93607
epoch  215 | train_nll -1.38259 | train_fsce 0.78964 | val_dev 0.89919
epoch  220 | train_nll -1.39020 | train_fsce 0.83344 | val_dev 0.90885
epoch  225 | train_nll -1.39570 | train_fsce 0.83191 | val_dev 0.90452
epoch  230 | train_nll -1.39096 | train_fsce 0.81567 | val_dev 0.92402
epoch  235 | train_nll -1.39556 | train_fsce 0.81258 | val_dev 0.92284
epoch  240 | train_nll -1.40099 | train_fsce 0.76656 | val_dev 0.90822
epoch  245 | train_nll -1.40405 | train_fsce 0.80294 | val_dev 0.91109
epoch  250 | train_nll -1.40642 | train_fsce 0.80229 | val_dev 0.91855
epoch  255 | train_nll -1.40514 | train_fsce 0.77520 | val_dev 0.91377
epoch  260 | train_nll -1.40324 | train_fsce 0.75025 | val_dev 0.96126
epoch  265 | train_nll -1.40516 | train_fsce 0.77365 | val_dev 0.93825
epoch  270 | train_nll -1.37639 | train_fsce 0.71760 | val_dev 0.99994
epoch  275 | train_nll -1.39065 | train_fsce 0.78407 | val_dev 0.94267
epoch  280 | train_nll -1.40888 | train_fsce 0.77819 | val_dev 0.93111
epoch  285 | train_nll -1.40474 | train_fsce 0.79259 | val_dev 0.91770
epoch  290 | train_nll -1.40862 | train_fsce 0.79012 | val_dev 0.93434
epoch  295 | train_nll -1.41624 | train_fsce 0.78859 | val_dev 0.90064
epoch  300 | train_nll -1.41605 | train_fsce 0.78046 | val_dev 0.94676

最佳 checkpoint：epoch 135，val_dev 0.88160
test_dev 0.78887（247 個 patch，全程未參與訓練與選 checkpoint）
done
