[dataset]
  csv = /Users/yentso/developer/StartOver/data/tky_clean.csv
  cat_col = category
  categories = ['Dining and Drinking', 'Retail', 'Nightlife Spot', 'Community and Government', 'Travel and Transportation', 'Business and Professional Services', 'Landmarks and Outdoors', 'Arts and Entertainment', 'Health and Medicine', 'Sports and Recreation']
  half_width = 50.0
  cell = 15
  center_step = 100
  min_poi = 10
  crs = EPSG:6677

[hparams]
  EPOCHS = 3000
  SEED = 0
  USE_FSCE = True
  LAMBDA_FSCE = 0.01
  WARMUP_EPOCHS = 200

split：train 801 / val 185 / test 247

epoch    1 | train_nll 0.76619 | train_fsce 3.14590 | val_dev 3.46598
epoch    5 | train_nll -0.76271 | train_fsce 2.58673 | val_dev 1.87584
epoch   10 | train_nll -0.95232 | train_fsce 1.35517 | val_dev 1.49816
epoch   15 | train_nll -1.06828 | train_fsce 1.32209 | val_dev 1.29593
epoch   20 | train_nll -1.13502 | train_fsce 1.25673 | val_dev 1.16232
epoch   25 | train_nll -1.19700 | train_fsce 1.36274 | val_dev 1.07780
epoch   30 | train_nll -1.23026 | train_fsce 1.32245 | val_dev 1.04432
epoch   35 | train_nll -1.25478 | train_fsce 1.27897 | val_dev 0.96879
epoch   40 | train_nll -1.26834 | train_fsce 1.28316 | val_dev 0.95545
epoch   45 | train_nll -1.26996 | train_fsce 1.31655 | val_dev 0.97038
epoch   50 | train_nll -1.28032 | train_fsce 1.24686 | val_dev 0.96328
epoch   55 | train_nll -1.29179 | train_fsce 1.23778 | val_dev 0.92710
epoch   60 | train_nll -1.29781 | train_fsce 1.25636 | val_dev 0.95909
epoch   65 | train_nll -1.30198 | train_fsce 1.24130 | val_dev 0.93599
epoch   70 | train_nll -1.30458 | train_fsce 1.18253 | val_dev 0.93595
epoch   75 | train_nll -1.30666 | train_fsce 1.13752 | val_dev 0.92523
epoch   80 | train_nll -1.31222 | train_fsce 1.17280 | val_dev 0.92139
epoch   85 | train_nll -1.31787 | train_fsce 1.14415 | val_dev 0.92121
epoch   90 | train_nll -1.31778 | train_fsce 1.09024 | val_dev 0.93620
epoch   95 | train_nll -1.32550 | train_fsce 1.10018 | val_dev 0.91593
epoch  100 | train_nll -1.33166 | train_fsce 1.10605 | val_dev 0.91015
epoch  105 | train_nll -1.33200 | train_fsce 1.02684 | val_dev 0.91389
epoch  110 | train_nll -1.34018 | train_fsce 0.99617 | val_dev 0.89297
epoch  115 | train_nll -1.34359 | train_fsce 1.00339 | val_dev 0.91340
epoch  120 | train_nll -1.34925 | train_fsce 0.98595 | val_dev 0.90380
epoch  125 | train_nll -1.35082 | train_fsce 0.98958 | val_dev 0.88418
epoch  130 | train_nll -1.35019 | train_fsce 0.99615 | val_dev 0.90538
epoch  135 | train_nll -1.35080 | train_fsce 0.98962 | val_dev 0.88160
epoch  140 | train_nll -1.34336 | train_fsce 0.96681 | val_dev 0.91206
epoch  145 | train_nll -1.35605 | train_fsce 0.90696 | val_dev 0.88989
epoch  150 | train_nll -1.36375 | train_fsce 0.93128 | val_dev 0.90167
epoch  155 | train_nll -1.36845 | train_fsce 0.89746 | val_dev 0.89211
epoch  160 | train_nll -1.35845 | train_fsce 0.91470 | val_dev 0.91590
epoch  165 | train_nll -1.37376 | train_fsce 0.92745 | val_dev 0.88356
epoch  170 | train_nll -1.37142 | train_fsce 0.90370 | val_dev 0.89610
epoch  175 | train_nll -1.37439 | train_fsce 0.88995 | val_dev 0.89995
epoch  180 | train_nll -1.37715 | train_fsce 0.87348 | val_dev 0.90407
epoch  185 | train_nll -1.37926 | train_fsce 0.89365 | val_dev 0.90167
epoch  190 | train_nll -1.38279 | train_fsce 0.86934 | val_dev 0.89928
epoch  195 | train_nll -1.38237 | train_fsce 0.85236 | val_dev 0.89881
epoch  200 | train_nll -1.38412 | train_fsce 0.85695 | val_dev 0.91072
epoch  205 | train_nll -1.37792 | train_fsce 0.82819 | val_dev 0.94792
epoch  210 | train_nll -1.38448 | train_fsce 0.78952 | val_dev 0.93607
epoch  215 | train_nll -1.38259 | train_fsce 0.78964 | val_dev 0.89919
epoch  220 | train_nll -1.39020 | train_fsce 0.83344 | val_dev 0.90885
epoch  225 | train_nll -1.39570 | train_fsce 0.83191 | val_dev 0.90452
epoch  230 | train_nll -1.39096 | train_fsce 0.81567 | val_dev 0.92402
epoch  235 | train_nll -1.39556 | train_fsce 0.81258 | val_dev 0.92284
epoch  240 | train_nll -1.40099 | train_fsce 0.76656 | val_dev 0.90822
epoch  245 | train_nll -1.40405 | train_fsce 0.80294 | val_dev 0.91109
epoch  250 | train_nll -1.40642 | train_fsce 0.80229 | val_dev 0.91855
epoch  255 | train_nll -1.40514 | train_fsce 0.77520 | val_dev 0.91377
epoch  260 | train_nll -1.40324 | train_fsce 0.75025 | val_dev 0.96126
epoch  265 | train_nll -1.40516 | train_fsce 0.77365 | val_dev 0.93825
epoch  270 | train_nll -1.37639 | train_fsce 0.71760 | val_dev 0.99994
epoch  275 | train_nll -1.39065 | train_fsce 0.78407 | val_dev 0.94267
epoch  280 | train_nll -1.40888 | train_fsce 0.77819 | val_dev 0.93111
epoch  285 | train_nll -1.40474 | train_fsce 0.79259 | val_dev 0.91770
epoch  290 | train_nll -1.40862 | train_fsce 0.79012 | val_dev 0.93434
epoch  295 | train_nll -1.41624 | train_fsce 0.78859 | val_dev 0.90064
epoch  300 | train_nll -1.41605 | train_fsce 0.78046 | val_dev 0.94676
epoch  305 | train_nll -1.41424 | train_fsce 0.79710 | val_dev 0.93412
epoch  310 | train_nll -1.41910 | train_fsce 0.76797 | val_dev 0.95763
epoch  315 | train_nll -1.42154 | train_fsce 0.75119 | val_dev 0.93759
epoch  320 | train_nll -1.41957 | train_fsce 0.76078 | val_dev 0.97266
epoch  325 | train_nll -1.42677 | train_fsce 0.76075 | val_dev 0.92267
epoch  330 | train_nll -1.42724 | train_fsce 0.76277 | val_dev 0.95927
epoch  335 | train_nll -1.42413 | train_fsce 0.73608 | val_dev 0.96774
epoch  340 | train_nll -1.43035 | train_fsce 0.73701 | val_dev 0.93568
epoch  345 | train_nll -1.43556 | train_fsce 0.77090 | val_dev 0.94703
epoch  350 | train_nll -1.43430 | train_fsce 0.73878 | val_dev 0.94792
epoch  355 | train_nll -1.43344 | train_fsce 0.76093 | val_dev 0.96827
epoch  360 | train_nll -1.42920 | train_fsce 0.75475 | val_dev 0.95330
epoch  365 | train_nll -1.42846 | train_fsce 0.71502 | val_dev 0.97572
epoch  370 | train_nll -1.43190 | train_fsce 0.72779 | val_dev 0.96847
epoch  375 | train_nll -1.43165 | train_fsce 0.74763 | val_dev 0.93137
epoch  380 | train_nll -1.43914 | train_fsce 0.74291 | val_dev 0.95952
epoch  385 | train_nll -1.42732 | train_fsce 0.71931 | val_dev 0.97485
epoch  390 | train_nll -1.44398 | train_fsce 0.71192 | val_dev 0.97129
epoch  395 | train_nll -1.44272 | train_fsce 0.72471 | val_dev 0.96212
epoch  400 | train_nll -1.43825 | train_fsce 0.69406 | val_dev 0.97274
epoch  405 | train_nll -1.44196 | train_fsce 0.71950 | val_dev 0.97422
epoch  410 | train_nll -1.44497 | train_fsce 0.72727 | val_dev 0.96002
epoch  415 | train_nll -1.45051 | train_fsce 0.70902 | val_dev 0.97470
epoch  420 | train_nll -1.45263 | train_fsce 0.71261 | val_dev 0.97137
epoch  425 | train_nll -1.44884 | train_fsce 0.70969 | val_dev 0.99357
epoch  430 | train_nll -1.45259 | train_fsce 0.68197 | val_dev 0.98768
epoch  435 | train_nll -1.45786 | train_fsce 0.69262 | val_dev 0.96182
epoch  440 | train_nll -1.45907 | train_fsce 0.72476 | val_dev 0.98480
epoch  445 | train_nll -1.45718 | train_fsce 0.70681 | val_dev 0.99960
epoch  450 | train_nll -1.46201 | train_fsce 0.72030 | val_dev 1.00418
epoch  455 | train_nll -1.45943 | train_fsce 0.70903 | val_dev 1.01181
epoch  460 | train_nll -1.45463 | train_fsce 0.69159 | val_dev 1.01860
epoch  465 | train_nll -1.45419 | train_fsce 0.70323 | val_dev 1.02123
epoch  470 | train_nll -1.44700 | train_fsce 0.73146 | val_dev 1.02249
epoch  475 | train_nll -1.44413 | train_fsce 0.67644 | val_dev 1.06443
epoch  480 | train_nll -1.45755 | train_fsce 0.71285 | val_dev 1.03576
epoch  485 | train_nll -1.46098 | train_fsce 0.67613 | val_dev 1.00842
epoch  490 | train_nll -1.45152 | train_fsce 0.68512 | val_dev 1.04229
epoch  495 | train_nll -1.45616 | train_fsce 0.66657 | val_dev 1.03922
epoch  500 | train_nll -1.46717 | train_fsce 0.68841 | val_dev 1.02530
epoch  505 | train_nll -1.46794 | train_fsce 0.69296 | val_dev 1.01337
epoch  510 | train_nll -1.47641 | train_fsce 0.68914 | val_dev 1.03268
epoch  515 | train_nll -1.47775 | train_fsce 0.69106 | val_dev 1.06449
epoch  520 | train_nll -1.45065 | train_fsce 0.62228 | val_dev 1.03571
epoch  525 | train_nll -1.46040 | train_fsce 0.67753 | val_dev 1.06034
epoch  530 | train_nll -1.46849 | train_fsce 0.66929 | val_dev 1.07198
epoch  535 | train_nll -1.47041 | train_fsce 0.67186 | val_dev 1.07001
epoch  540 | train_nll -1.45467 | train_fsce 0.66765 | val_dev 1.07093
epoch  545 | train_nll -1.46417 | train_fsce 0.66791 | val_dev 1.03449
epoch  550 | train_nll -1.46813 | train_fsce 0.69805 | val_dev 1.03300
epoch  555 | train_nll -1.47201 | train_fsce 0.66002 | val_dev 1.03497
epoch  560 | train_nll -1.46161 | train_fsce 0.66462 | val_dev 1.05126
epoch  565 | train_nll -1.47743 | train_fsce 0.68251 | val_dev 1.05820
epoch  570 | train_nll -1.48318 | train_fsce 0.68226 | val_dev 1.03901
epoch  575 | train_nll -1.47525 | train_fsce 0.67169 | val_dev 1.05885
epoch  580 | train_nll -1.47549 | train_fsce 0.65303 | val_dev 1.05741
epoch  585 | train_nll -1.47130 | train_fsce 0.67223 | val_dev 1.09764
epoch  590 | train_nll -1.48109 | train_fsce 0.67489 | val_dev 1.06207
epoch  595 | train_nll -1.48403 | train_fsce 0.67069 | val_dev 1.05600
epoch  600 | train_nll -1.49131 | train_fsce 0.68702 | val_dev 1.09081
epoch  605 | train_nll -1.49213 | train_fsce 0.69674 | val_dev 1.05841
epoch  610 | train_nll -1.49251 | train_fsce 0.66103 | val_dev 1.07048
epoch  615 | train_nll -1.49485 | train_fsce 0.65051 | val_dev 1.05049
epoch  620 | train_nll -1.49130 | train_fsce 0.66138 | val_dev 1.04004
epoch  625 | train_nll -1.48852 | train_fsce 0.67213 | val_dev 1.07901
epoch  630 | train_nll -1.49124 | train_fsce 0.64133 | val_dev 1.04736
epoch  635 | train_nll -1.47882 | train_fsce 0.67077 | val_dev 1.08752
epoch  640 | train_nll -1.48623 | train_fsce 0.65821 | val_dev 1.05770
epoch  645 | train_nll -1.48766 | train_fsce 0.65295 | val_dev 1.04398
epoch  650 | train_nll -1.49783 | train_fsce 0.65162 | val_dev 1.04534
epoch  655 | train_nll -1.50182 | train_fsce 0.64071 | val_dev 1.04502
epoch  660 | train_nll -1.50078 | train_fsce 0.62280 | val_dev 1.10466
epoch  665 | train_nll -1.49600 | train_fsce 0.66744 | val_dev 1.07602
epoch  670 | train_nll -1.48053 | train_fsce 0.63946 | val_dev 1.12214
epoch  675 | train_nll -1.47928 | train_fsce 0.68743 | val_dev 1.07444
epoch  680 | train_nll -1.47291 | train_fsce 0.64018 | val_dev 1.09632
epoch  685 | train_nll -1.47623 | train_fsce 0.65897 | val_dev 1.09936
epoch  690 | train_nll -1.49098 | train_fsce 0.61664 | val_dev 1.07586
epoch  695 | train_nll -1.50593 | train_fsce 0.63691 | val_dev 1.05733
epoch  700 | train_nll -1.51084 | train_fsce 0.66208 | val_dev 1.07141
epoch  705 | train_nll -1.47600 | train_fsce 0.63173 | val_dev 1.10929
epoch  710 | train_nll -1.50110 | train_fsce 0.66524 | val_dev 1.10313
epoch  715 | train_nll -1.50169 | train_fsce 0.64185 | val_dev 1.13115
epoch  720 | train_nll -1.51068 | train_fsce 0.64067 | val_dev 1.10130
epoch  725 | train_nll -1.51366 | train_fsce 0.63262 | val_dev 1.10413
epoch  730 | train_nll -1.51048 | train_fsce 0.62410 | val_dev 1.14339
epoch  735 | train_nll -1.51430 | train_fsce 0.66748 | val_dev 1.11199
epoch  740 | train_nll -1.52001 | train_fsce 0.67431 | val_dev 1.13485
epoch  745 | train_nll -1.51058 | train_fsce 0.64434 | val_dev 1.11087
epoch  750 | train_nll -1.51039 | train_fsce 0.65336 | val_dev 1.15872
epoch  755 | train_nll -1.49998 | train_fsce 0.65075 | val_dev 1.16334
epoch  760 | train_nll -1.51081 | train_fsce 0.66397 | val_dev 1.13432
epoch  765 | train_nll -1.51513 | train_fsce 0.64109 | val_dev 1.14597
epoch  770 | train_nll -1.51852 | train_fsce 0.64906 | val_dev 1.16981
epoch  775 | train_nll -1.51317 | train_fsce 0.63578 | val_dev 1.15879
epoch  780 | train_nll -1.51676 | train_fsce 0.65777 | val_dev 1.11417
epoch  785 | train_nll -1.51083 | train_fsce 0.63437 | val_dev 1.15411
epoch  790 | train_nll -1.49403 | train_fsce 0.66085 | val_dev 1.18292
epoch  795 | train_nll -1.48328 | train_fsce 0.66542 | val_dev 1.15306
epoch  800 | train_nll -1.51198 | train_fsce 0.66821 | val_dev 1.10564
epoch  805 | train_nll -1.51297 | train_fsce 0.61480 | val_dev 1.16060
epoch  810 | train_nll -1.50828 | train_fsce 0.62594 | val_dev 1.15880
epoch  815 | train_nll -1.52198 | train_fsce 0.64774 | val_dev 1.16972
epoch  820 | train_nll -1.52240 | train_fsce 0.63734 | val_dev 1.12836

[中斷] epoch 823 收到 Ctrl-C，用目前最佳模型存 checkpoint 跟 latent

最佳 checkpoint：epoch 135，val_dev 0.88160
test_dev 0.78887（247 個 patch，全程未參與訓練與選 checkpoint）
done
