23700 個 patch，device=mps
每 patch 佔用格數 中位數 53  （POI 數中位數 60，重疊而被丟掉 23.1%）
  epoch   1  train 0.01552  val 0.00693
  epoch   5  train 0.00635  val 0.00611
  epoch  10  train 0.00584  val 0.00571
  epoch  15  train 0.00568  val 0.00559
  epoch  20  train 0.00558  val 0.00548
  epoch  25  train 0.00552  val 0.00544
  epoch  30  train 0.00550  val 0.00542

類別 embedding 兩兩 cosine：平均 +0.996  最小 +0.975  最大 +1.000
          餐飲    零售    夜生    社區    交通    商業    地標    藝文    醫療    運動
    餐飲  1.00  1.00  1.00  1.00  1.00  1.00  1.00  1.00  0.99  1.00
    零售  1.00  1.00  1.00  1.00  1.00  1.00  1.00  1.00  0.99  1.00
    夜生  1.00  1.00  1.00  1.00  1.00  0.99  1.00  0.99  0.98  0.99
    社區  1.00  1.00  1.00  1.00  1.00  1.00  1.00  1.00  0.99  1.00
    交通  1.00  1.00  1.00  1.00  1.00  1.00  1.00  1.00  0.99  1.00
    商業  1.00  1.00  0.99  1.00  1.00  1.00  1.00  1.00  0.99  1.00
    地標  1.00  1.00  1.00  1.00  1.00  1.00  1.00  1.00  0.99  1.00
    藝文  1.00  1.00  0.99  1.00  1.00  1.00  1.00  1.00  0.99  1.00
    醫療  0.99  0.99  0.98  0.99  0.99  0.99  0.99  0.99  1.00  0.99
    運動  1.00  1.00  0.99  1.00  1.00  1.00  1.00  1.00  0.99  1.00

已存 /Users/yentso/developer/StartOver/model/v1_embeding/result/latents.npz
