[dataset]
  dataset = fsq
  csv = data/tky_clean.csv
  cat_col = category
  categories = ['Dining and Drinking', 'Retail', 'Nightlife Spot', 'Community and Government', 'Travel and Transportation', 'Business and Professional Services', 'Landmarks and Outdoors', 'Arts and Entertainment', 'Health and Medicine', 'Sports and Recreation']
  half_width = 50.0
  cell = 15
  center_step = 100
  min_poi = 10
  crs = EPSG:6677

[hparams]
  LATENT_DIM = 2
  EPOCHS = 1000
  BATCH = 256
  LR = 0.001
  WEIGHT_DECAY = 1e-06
  VAL_FRAC = 0.1
  SEED = 0
  N_NEIGHBORS = 15
  GRAPH_METRIC = euclidean
  EDGE_BATCH = 256
  LAMBDA_FSCE = 0.01
  WARMUP_EPOCHS = 200
  NOISE_P = 0.3
  NOISE_MODE = thinning

1233 個 patch，device=mps，噪聲 thinning p=0.3
FSCE graph：24900 條邊，a=1.5769 b=0.8951
epoch    1 | train_nll 1.08611 | train_fsce 4.34318 | val_dev 4.85745 | expl_dev -2.28451
epoch    5 | train_nll -0.55114 | train_fsce 0.80139 | val_dev 1.73508 | expl_dev -0.17323
epoch   10 | train_nll -0.95346 | train_fsce 0.86728 | val_dev 1.18823 | expl_dev 0.19654
epoch   15 | train_nll -0.99167 | train_fsce 0.90345 | val_dev 1.14331 | expl_dev 0.22691
epoch   20 | train_nll -1.00850 | train_fsce 0.88863 | val_dev 1.13921 | expl_dev 0.22969
epoch   25 | train_nll -1.02063 | train_fsce 0.91393 | val_dev 1.12885 | expl_dev 0.23670
epoch   30 | train_nll -1.02844 | train_fsce 0.84126 | val_dev 1.11577 | expl_dev 0.24554
epoch   35 | train_nll -1.07069 | train_fsce 0.67001 | val_dev 1.04791 | expl_dev 0.29142
epoch   40 | train_nll -1.12055 | train_fsce 0.56016 | val_dev 0.96790 | expl_dev 0.34552
epoch   45 | train_nll -1.16031 | train_fsce 0.54281 | val_dev 0.88605 | expl_dev 0.40087
epoch   50 | train_nll -1.18451 | train_fsce 0.53944 | val_dev 0.85251 | expl_dev 0.42355
epoch   55 | train_nll -1.19585 | train_fsce 0.54577 | val_dev 0.83247 | expl_dev 0.43710
epoch   60 | train_nll -1.20419 | train_fsce 0.54142 | val_dev 0.82415 | expl_dev 0.44272
epoch   65 | train_nll -1.21391 | train_fsce 0.56339 | val_dev 0.82301 | expl_dev 0.44349
epoch   70 | train_nll -1.21950 | train_fsce 0.56693 | val_dev 0.83733 | expl_dev 0.43381
epoch   75 | train_nll -1.22463 | train_fsce 0.55877 | val_dev 0.82392 | expl_dev 0.44288
epoch   80 | train_nll -1.23204 | train_fsce 0.54503 | val_dev 0.81440 | expl_dev 0.44932
epoch   85 | train_nll -1.23202 | train_fsce 0.54688 | val_dev 0.82240 | expl_dev 0.44391
epoch   90 | train_nll -1.23791 | train_fsce 0.54817 | val_dev 0.81381 | expl_dev 0.44972
epoch   95 | train_nll -1.24019 | train_fsce 0.54517 | val_dev 0.81632 | expl_dev 0.44802
epoch  100 | train_nll -1.24187 | train_fsce 0.52880 | val_dev 0.81128 | expl_dev 0.45143
epoch  105 | train_nll -1.24572 | train_fsce 0.52011 | val_dev 0.80803 | expl_dev 0.45363
epoch  110 | train_nll -1.24653 | train_fsce 0.53762 | val_dev 0.81607 | expl_dev 0.44819
epoch  115 | train_nll -1.25173 | train_fsce 0.52959 | val_dev 0.80988 | expl_dev 0.45237
epoch  120 | train_nll -1.24981 | train_fsce 0.52816 | val_dev 0.80918 | expl_dev 0.45285
epoch  125 | train_nll -1.25240 | train_fsce 0.50812 | val_dev 0.79901 | expl_dev 0.45973
epoch  130 | train_nll -1.25441 | train_fsce 0.50157 | val_dev 0.79969 | expl_dev 0.45927
epoch  135 | train_nll -1.25911 | train_fsce 0.54715 | val_dev 0.79396 | expl_dev 0.46314
epoch  140 | train_nll -1.25996 | train_fsce 0.50421 | val_dev 0.79374 | expl_dev 0.46329
epoch  145 | train_nll -1.26548 | train_fsce 0.49080 | val_dev 0.78967 | expl_dev 0.46604
epoch  150 | train_nll -1.26634 | train_fsce 0.49670 | val_dev 0.79046 | expl_dev 0.46551
epoch  155 | train_nll -1.26669 | train_fsce 0.50462 | val_dev 0.78803 | expl_dev 0.46715
epoch  160 | train_nll -1.26601 | train_fsce 0.52546 | val_dev 0.78491 | expl_dev 0.46926
epoch  165 | train_nll -1.26448 | train_fsce 0.50388 | val_dev 0.78695 | expl_dev 0.46788
epoch  170 | train_nll -1.26902 | train_fsce 0.51199 | val_dev 0.77965 | expl_dev 0.47282
epoch  175 | train_nll -1.27081 | train_fsce 0.49115 | val_dev 0.78334 | expl_dev 0.47032
epoch  180 | train_nll -1.27100 | train_fsce 0.50704 | val_dev 0.77746 | expl_dev 0.47430
epoch  185 | train_nll -1.26883 | train_fsce 0.51052 | val_dev 0.76802 | expl_dev 0.48068
epoch  190 | train_nll -1.27356 | train_fsce 0.50513 | val_dev 0.77592 | expl_dev 0.47534
epoch  195 | train_nll -1.27619 | train_fsce 0.52580 | val_dev 0.77989 | expl_dev 0.47266
epoch  200 | train_nll -1.27708 | train_fsce 0.51353 | val_dev 0.77293 | expl_dev 0.47736
epoch  205 | train_nll -1.28157 | train_fsce 0.48590 | val_dev 0.77839 | expl_dev 0.47367
epoch  210 | train_nll -1.27859 | train_fsce 0.52406 | val_dev 0.78246 | expl_dev 0.47092
epoch  215 | train_nll -1.27831 | train_fsce 0.49544 | val_dev 0.77646 | expl_dev 0.47497
epoch  220 | train_nll -1.27950 | train_fsce 0.46529 | val_dev 0.76349 | expl_dev 0.48374
epoch  225 | train_nll -1.28083 | train_fsce 0.48224 | val_dev 0.76425 | expl_dev 0.48323
epoch  230 | train_nll -1.28288 | train_fsce 0.50173 | val_dev 0.75831 | expl_dev 0.48724
epoch  235 | train_nll -1.28019 | train_fsce 0.50049 | val_dev 0.75947 | expl_dev 0.48646
epoch  240 | train_nll -1.27975 | train_fsce 0.50256 | val_dev 0.76114 | expl_dev 0.48533
epoch  245 | train_nll -1.27946 | train_fsce 0.48813 | val_dev 0.75608 | expl_dev 0.48875
epoch  250 | train_nll -1.28432 | train_fsce 0.50023 | val_dev 0.75629 | expl_dev 0.48861
epoch  255 | train_nll -1.27152 | train_fsce 0.50870 | val_dev 0.75988 | expl_dev 0.48618
epoch  260 | train_nll -1.28046 | train_fsce 0.47098 | val_dev 0.76001 | expl_dev 0.48610
epoch  265 | train_nll -1.28953 | train_fsce 0.48693 | val_dev 0.75586 | expl_dev 0.48890
epoch  270 | train_nll -1.28863 | train_fsce 0.47896 | val_dev 0.75369 | expl_dev 0.49037
epoch  275 | train_nll -1.28329 | train_fsce 0.47054 | val_dev 0.74193 | expl_dev 0.49832
epoch  280 | train_nll -1.28312 | train_fsce 0.48460 | val_dev 0.75426 | expl_dev 0.48999
epoch  285 | train_nll -1.28435 | train_fsce 0.48360 | val_dev 0.74273 | expl_dev 0.49778
epoch  290 | train_nll -1.28392 | train_fsce 0.47305 | val_dev 0.75728 | expl_dev 0.48794
epoch  295 | train_nll -1.29214 | train_fsce 0.49676 | val_dev 0.75361 | expl_dev 0.49042
epoch  300 | train_nll -1.29028 | train_fsce 0.50481 | val_dev 0.75367 | expl_dev 0.49038
epoch  305 | train_nll -1.29213 | train_fsce 0.48129 | val_dev 0.75025 | expl_dev 0.49269
epoch  310 | train_nll -1.29264 | train_fsce 0.49723 | val_dev 0.76028 | expl_dev 0.48592
epoch  315 | train_nll -1.29207 | train_fsce 0.50562 | val_dev 0.75225 | expl_dev 0.49135
epoch  320 | train_nll -1.28939 | train_fsce 0.50325 | val_dev 0.73072 | expl_dev 0.50590
epoch  325 | train_nll -1.29451 | train_fsce 0.48624 | val_dev 0.73254 | expl_dev 0.50467
epoch  330 | train_nll -1.29508 | train_fsce 0.47645 | val_dev 0.74349 | expl_dev 0.49727
epoch  335 | train_nll -1.29676 | train_fsce 0.48490 | val_dev 0.73163 | expl_dev 0.50528
epoch  340 | train_nll -1.29422 | train_fsce 0.49047 | val_dev 0.74205 | expl_dev 0.49824
epoch  345 | train_nll -1.29726 | train_fsce 0.49732 | val_dev 0.77350 | expl_dev 0.47698
epoch  350 | train_nll -1.27769 | train_fsce 0.52618 | val_dev 0.79671 | expl_dev 0.46128
epoch  355 | train_nll -1.29494 | train_fsce 0.48781 | val_dev 0.75939 | expl_dev 0.48651
epoch  360 | train_nll -1.29883 | train_fsce 0.48507 | val_dev 0.74521 | expl_dev 0.49610
epoch  365 | train_nll -1.29538 | train_fsce 0.50445 | val_dev 0.74896 | expl_dev 0.49357
epoch  370 | train_nll -1.30060 | train_fsce 0.49344 | val_dev 0.73280 | expl_dev 0.50450
epoch  375 | train_nll -1.28946 | train_fsce 0.51286 | val_dev 0.78416 | expl_dev 0.46977
epoch  380 | train_nll -1.29589 | train_fsce 0.47641 | val_dev 0.74204 | expl_dev 0.49825
epoch  385 | train_nll -1.29641 | train_fsce 0.48925 | val_dev 0.72898 | expl_dev 0.50708
epoch  390 | train_nll -1.30227 | train_fsce 0.49903 | val_dev 0.73653 | expl_dev 0.50197
epoch  395 | train_nll -1.29589 | train_fsce 0.49946 | val_dev 0.72923 | expl_dev 0.50691
epoch  400 | train_nll -1.29973 | train_fsce 0.49543 | val_dev 0.74471 | expl_dev 0.49644
epoch  405 | train_nll -1.30274 | train_fsce 0.50117 | val_dev 0.74661 | expl_dev 0.49516
epoch  410 | train_nll -1.30607 | train_fsce 0.49715 | val_dev 0.72588 | expl_dev 0.50918
epoch  415 | train_nll -1.29990 | train_fsce 0.51048 | val_dev 0.73374 | expl_dev 0.50386
epoch  420 | train_nll -1.30487 | train_fsce 0.49044 | val_dev 0.73413 | expl_dev 0.50360
epoch  425 | train_nll -1.31304 | train_fsce 0.52104 | val_dev 0.72195 | expl_dev 0.51183
epoch  430 | train_nll -1.30161 | train_fsce 0.49527 | val_dev 0.74490 | expl_dev 0.49632
epoch  435 | train_nll -1.30746 | train_fsce 0.49878 | val_dev 0.72510 | expl_dev 0.50970
epoch  440 | train_nll -1.30455 | train_fsce 0.48224 | val_dev 0.72596 | expl_dev 0.50912
epoch  445 | train_nll -1.30531 | train_fsce 0.51286 | val_dev 0.73483 | expl_dev 0.50313
epoch  450 | train_nll -1.30632 | train_fsce 0.50812 | val_dev 0.74384 | expl_dev 0.49703
epoch  455 | train_nll -1.30095 | train_fsce 0.50531 | val_dev 0.75403 | expl_dev 0.49014
epoch  460 | train_nll -1.30660 | train_fsce 0.49704 | val_dev 0.75010 | expl_dev 0.49280
epoch  465 | train_nll -1.31241 | train_fsce 0.52638 | val_dev 0.72945 | expl_dev 0.50676
epoch  470 | train_nll -1.31353 | train_fsce 0.50686 | val_dev 0.72074 | expl_dev 0.51265
epoch  475 | train_nll -1.31430 | train_fsce 0.51882 | val_dev 0.72121 | expl_dev 0.51234
epoch  480 | train_nll -1.31270 | train_fsce 0.49911 | val_dev 0.71452 | expl_dev 0.51686
epoch  485 | train_nll -1.32049 | train_fsce 0.49133 | val_dev 0.72494 | expl_dev 0.50981
epoch  490 | train_nll -1.31122 | train_fsce 0.49677 | val_dev 0.72585 | expl_dev 0.50919
epoch  495 | train_nll -1.30140 | train_fsce 0.51106 | val_dev 0.73178 | expl_dev 0.50518
epoch  500 | train_nll -1.30112 | train_fsce 0.49896 | val_dev 0.73559 | expl_dev 0.50261
epoch  505 | train_nll -1.31223 | train_fsce 0.51171 | val_dev 0.75465 | expl_dev 0.48972
epoch  510 | train_nll -1.30950 | train_fsce 0.50428 | val_dev 0.76269 | expl_dev 0.48429
epoch  515 | train_nll -1.31364 | train_fsce 0.49110 | val_dev 0.72737 | expl_dev 0.50817
epoch  520 | train_nll -1.31584 | train_fsce 0.47527 | val_dev 0.72101 | expl_dev 0.51247
epoch  525 | train_nll -1.31067 | train_fsce 0.51319 | val_dev 0.69455 | expl_dev 0.53036
epoch  530 | train_nll -1.31459 | train_fsce 0.50835 | val_dev 0.69447 | expl_dev 0.53041
epoch  535 | train_nll -1.31540 | train_fsce 0.52282 | val_dev 0.74488 | expl_dev 0.49633
epoch  540 | train_nll -1.32047 | train_fsce 0.49139 | val_dev 0.71451 | expl_dev 0.51686
epoch  545 | train_nll -1.31502 | train_fsce 0.50678 | val_dev 0.70579 | expl_dev 0.52276
epoch  550 | train_nll -1.31397 | train_fsce 0.48713 | val_dev 0.69515 | expl_dev 0.52996
epoch  555 | train_nll -1.32049 | train_fsce 0.50290 | val_dev 0.69453 | expl_dev 0.53038
epoch  560 | train_nll -1.31133 | train_fsce 0.46951 | val_dev 0.69641 | expl_dev 0.52910
epoch  565 | train_nll -1.31372 | train_fsce 0.50493 | val_dev 0.70261 | expl_dev 0.52491
epoch  570 | train_nll -1.31610 | train_fsce 0.49687 | val_dev 0.70507 | expl_dev 0.52324
epoch  575 | train_nll -1.32084 | train_fsce 0.50830 | val_dev 0.70491 | expl_dev 0.52335
epoch  580 | train_nll -1.31565 | train_fsce 0.50680 | val_dev 0.68009 | expl_dev 0.54014
epoch  585 | train_nll -1.31994 | train_fsce 0.50093 | val_dev 0.71414 | expl_dev 0.51711
epoch  590 | train_nll -1.31391 | train_fsce 0.49758 | val_dev 0.71533 | expl_dev 0.51631
epoch  595 | train_nll -1.31716 | train_fsce 0.51714 | val_dev 0.70273 | expl_dev 0.52483
epoch  600 | train_nll -1.32194 | train_fsce 0.51382 | val_dev 0.69505 | expl_dev 0.53002
epoch  605 | train_nll -1.32460 | train_fsce 0.51069 | val_dev 0.71606 | expl_dev 0.51582
epoch  610 | train_nll -1.31857 | train_fsce 0.51322 | val_dev 0.72329 | expl_dev 0.51093
epoch  615 | train_nll -1.31945 | train_fsce 0.49779 | val_dev 0.69542 | expl_dev 0.52977
epoch  620 | train_nll -1.31605 | train_fsce 0.52126 | val_dev 0.72154 | expl_dev 0.51211
epoch  625 | train_nll -1.29952 | train_fsce 0.49343 | val_dev 0.73199 | expl_dev 0.50504
epoch  630 | train_nll -1.31348 | train_fsce 0.53912 | val_dev 0.71012 | expl_dev 0.51983
epoch  635 | train_nll -1.32400 | train_fsce 0.51180 | val_dev 0.73146 | expl_dev 0.50540
epoch  640 | train_nll -1.32723 | train_fsce 0.51438 | val_dev 0.70920 | expl_dev 0.52046
epoch  645 | train_nll -1.32643 | train_fsce 0.53047 | val_dev 0.70203 | expl_dev 0.52530
epoch  650 | train_nll -1.31999 | train_fsce 0.51906 | val_dev 0.69564 | expl_dev 0.52963
epoch  655 | train_nll -1.32358 | train_fsce 0.51474 | val_dev 0.71118 | expl_dev 0.51912
epoch  660 | train_nll -1.32205 | train_fsce 0.49888 | val_dev 0.70050 | expl_dev 0.52634
epoch  665 | train_nll -1.32275 | train_fsce 0.53320 | val_dev 0.71079 | expl_dev 0.51938
epoch  670 | train_nll -1.32842 | train_fsce 0.51795 | val_dev 0.69904 | expl_dev 0.52733
epoch  675 | train_nll -1.32817 | train_fsce 0.51256 | val_dev 0.68416 | expl_dev 0.53739
epoch  680 | train_nll -1.32991 | train_fsce 0.51706 | val_dev 0.68637 | expl_dev 0.53589
epoch  685 | train_nll -1.32487 | train_fsce 0.50063 | val_dev 0.67752 | expl_dev 0.54187
epoch  690 | train_nll -1.32634 | train_fsce 0.52048 | val_dev 0.69235 | expl_dev 0.53185
epoch  695 | train_nll -1.32734 | train_fsce 0.52149 | val_dev 0.69776 | expl_dev 0.52819
epoch  700 | train_nll -1.33088 | train_fsce 0.52152 | val_dev 0.69029 | expl_dev 0.53324
epoch  705 | train_nll -1.32962 | train_fsce 0.52426 | val_dev 0.68552 | expl_dev 0.53647
epoch  710 | train_nll -1.31756 | train_fsce 0.53806 | val_dev 0.72493 | expl_dev 0.50982
epoch  715 | train_nll -1.31824 | train_fsce 0.50783 | val_dev 0.67943 | expl_dev 0.54059
epoch  720 | train_nll -1.31735 | train_fsce 0.50444 | val_dev 0.65082 | expl_dev 0.55993
epoch  725 | train_nll -1.31994 | train_fsce 0.51082 | val_dev 0.66059 | expl_dev 0.55332
epoch  730 | train_nll -1.31851 | train_fsce 0.52113 | val_dev 0.68712 | expl_dev 0.53538
epoch  735 | train_nll -1.31804 | train_fsce 0.50957 | val_dev 0.67214 | expl_dev 0.54552
epoch  740 | train_nll -1.32710 | train_fsce 0.53055 | val_dev 0.66547 | expl_dev 0.55002
epoch  745 | train_nll -1.33161 | train_fsce 0.51210 | val_dev 0.65746 | expl_dev 0.55544
epoch  750 | train_nll -1.33037 | train_fsce 0.50462 | val_dev 0.67511 | expl_dev 0.54350
epoch  755 | train_nll -1.32856 | train_fsce 0.49062 | val_dev 0.66184 | expl_dev 0.55248
epoch  760 | train_nll -1.32824 | train_fsce 0.50165 | val_dev 0.65831 | expl_dev 0.55487
epoch  765 | train_nll -1.32751 | train_fsce 0.51788 | val_dev 0.66014 | expl_dev 0.55363
epoch  770 | train_nll -1.32116 | train_fsce 0.54147 | val_dev 0.67618 | expl_dev 0.54278
epoch  775 | train_nll -1.33006 | train_fsce 0.54572 | val_dev 0.70987 | expl_dev 0.52000
epoch  780 | train_nll -1.33356 | train_fsce 0.52359 | val_dev 0.67756 | expl_dev 0.54185
epoch  785 | train_nll -1.32925 | train_fsce 0.54059 | val_dev 0.68341 | expl_dev 0.53789
epoch  790 | train_nll -1.33495 | train_fsce 0.52473 | val_dev 0.68196 | expl_dev 0.53887
epoch  795 | train_nll -1.33766 | train_fsce 0.52447 | val_dev 0.68631 | expl_dev 0.53593
epoch  800 | train_nll -1.33772 | train_fsce 0.49329 | val_dev 0.68297 | expl_dev 0.53819
epoch  805 | train_nll -1.33639 | train_fsce 0.51958 | val_dev 0.69646 | expl_dev 0.52907
epoch  810 | train_nll -1.33175 | train_fsce 0.54511 | val_dev 0.67819 | expl_dev 0.54142
epoch  815 | train_nll -1.33880 | train_fsce 0.55130 | val_dev 0.67461 | expl_dev 0.54384
epoch  820 | train_nll -1.34003 | train_fsce 0.51249 | val_dev 0.66255 | expl_dev 0.55200
epoch  825 | train_nll -1.34107 | train_fsce 0.53352 | val_dev 0.68900 | expl_dev 0.53411
epoch  830 | train_nll -1.33714 | train_fsce 0.54379 | val_dev 0.67632 | expl_dev 0.54268
epoch  835 | train_nll -1.32815 | train_fsce 0.51349 | val_dev 0.69919 | expl_dev 0.52722
epoch  840 | train_nll -1.33429 | train_fsce 0.54349 | val_dev 0.68847 | expl_dev 0.53447
epoch  845 | train_nll -1.32961 | train_fsce 0.51524 | val_dev 0.66112 | expl_dev 0.55296
epoch  850 | train_nll -1.33516 | train_fsce 0.51904 | val_dev 0.70848 | expl_dev 0.52094
epoch  855 | train_nll -1.34139 | train_fsce 0.52431 | val_dev 0.68437 | expl_dev 0.53724
epoch  860 | train_nll -1.33305 | train_fsce 0.52983 | val_dev 0.66766 | expl_dev 0.54854
epoch  865 | train_nll -1.33329 | train_fsce 0.51320 | val_dev 0.67698 | expl_dev 0.54224
epoch  870 | train_nll -1.33591 | train_fsce 0.51055 | val_dev 0.67520 | expl_dev 0.54344
epoch  875 | train_nll -1.34403 | train_fsce 0.52386 | val_dev 0.67685 | expl_dev 0.54233
epoch  880 | train_nll -1.33762 | train_fsce 0.53102 | val_dev 0.67614 | expl_dev 0.54281
epoch  885 | train_nll -1.34070 | train_fsce 0.52327 | val_dev 0.65734 | expl_dev 0.55552
epoch  890 | train_nll -1.33534 | train_fsce 0.52118 | val_dev 0.67500 | expl_dev 0.54358
epoch  895 | train_nll -1.33600 | train_fsce 0.55213 | val_dev 0.65094 | expl_dev 0.55985
epoch  900 | train_nll -1.33704 | train_fsce 0.53483 | val_dev 0.66191 | expl_dev 0.55243
epoch  905 | train_nll -1.34361 | train_fsce 0.53152 | val_dev 0.65145 | expl_dev 0.55950
epoch  910 | train_nll -1.32817 | train_fsce 0.51330 | val_dev 0.65072 | expl_dev 0.56000
epoch  915 | train_nll -1.34061 | train_fsce 0.51843 | val_dev 0.64698 | expl_dev 0.56253
epoch  920 | train_nll -1.32783 | train_fsce 0.50535 | val_dev 0.65095 | expl_dev 0.55984
epoch  925 | train_nll -1.32496 | train_fsce 0.52768 | val_dev 0.67072 | expl_dev 0.54647
epoch  930 | train_nll -1.33091 | train_fsce 0.49973 | val_dev 0.66930 | expl_dev 0.54743
epoch  935 | train_nll -1.33529 | train_fsce 0.50378 | val_dev 0.65173 | expl_dev 0.55931
epoch  940 | train_nll -1.34154 | train_fsce 0.51817 | val_dev 0.66874 | expl_dev 0.54781
epoch  945 | train_nll -1.33885 | train_fsce 0.51647 | val_dev 0.64639 | expl_dev 0.56293
epoch  950 | train_nll -1.34018 | train_fsce 0.52077 | val_dev 0.65820 | expl_dev 0.55494
epoch  955 | train_nll -1.33907 | train_fsce 0.52432 | val_dev 0.66853 | expl_dev 0.54795
epoch  960 | train_nll -1.33467 | train_fsce 0.51530 | val_dev 0.63982 | expl_dev 0.56736
epoch  965 | train_nll -1.33216 | train_fsce 0.53855 | val_dev 0.65964 | expl_dev 0.55396
epoch  970 | train_nll -1.33665 | train_fsce 0.54635 | val_dev 0.65363 | expl_dev 0.55803
epoch  975 | train_nll -1.33409 | train_fsce 0.51922 | val_dev 0.63849 | expl_dev 0.56827
epoch  980 | train_nll -1.34222 | train_fsce 0.51950 | val_dev 0.64359 | expl_dev 0.56482
epoch  985 | train_nll -1.34552 | train_fsce 0.51355 | val_dev 0.65342 | expl_dev 0.55817
epoch  990 | train_nll -1.33892 | train_fsce 0.52138 | val_dev 0.65896 | expl_dev 0.55443
epoch  995 | train_nll -1.34097 | train_fsce 0.53885 | val_dev 0.65389 | expl_dev 0.55785
epoch 1000 | train_nll -1.34357 | train_fsce 0.49791 | val_dev 0.63803 | expl_dev 0.56858
已存 /Users/yentso/developer/StartOver/model/v2_ddae_fsce/result/latents.npz
